*** Booting Zephyr OS build c0689b16ff12 ***
[00:00:00.004,302] [0m<inf> remapper: main: HID Remapper Bluetooth[0m
[00:00:00.009,368] [0m<inf> fs_nvs: nvs_mount: 8 Sectors of 4096 bytes[0m
[00:00:00.009,399] [0m<inf> fs_nvs: nvs_mount: alloc wra: 0, fa0[0m
[00:00:00.009,399] [0m<inf> fs_nvs: nvs_mount: data wra: 0, 5b4[0m
[00:00:00.009,674] [0m<inf> sdc_hci_driver: hci_driver_open: SoftDevice Controller build revision: 
                                         6d 90 41 2a 38 e8 ad 17  29 a5 03 38 39 27 d7 85 |m.A*8... )..89'..
                                         1f 85 d8 e1                                      |....             [0m
[00:00:00.012,054] [0m<inf> bt_hci_core: hci_vs_init: HW Platform: Nordic Semiconductor (0x0002)[0m
[00:00:00.012,084] [0m<inf> bt_hci_core: hci_vs_init: HW Variant: nRF52x (0x0002)[0m
[00:00:00.012,115] [0m<inf> bt_hci_core: hci_vs_init: Firmware: Standard Bluetooth controller (0x00) Version 109.16784 Build 2917677098[0m
[00:00:00.012,664] [0m<inf> bt_hci_core: bt_init: No ID address. App must call settings_load()[0m
[00:00:00.012,939] [0m<inf> remapper: remapper_settings_set: switch2_flight len=1292[0m
[00:00:00.013,793] [0m<inf> bt_hci_core: bt_dev_show_info: Identity: C6:5F:36:95:D7:F9 (random)[0m
[00:00:00.013,824] [0m<inf> bt_hci_core: bt_dev_show_info: HCI: version 5.3 (0x0c) revision 0x11fa, manufacturer 0x0059[0m
[00:00:00.013,854] [0m<inf> bt_hci_core: bt_dev_show_info: LMP: version 5.3 (0x0c) subver 0x11fa[0m
[00:00:00.013,885] [0m<inf> remapper: switch2_flight_dump_saved: switch2_flight dump count=1 next_seq=1 wrapped=0[0m
[00:00:00.013,946] [0m<inf> remapper: switch2_flight_dump_saved: switch2_flight seq=0 ms=15 event=boot(1) a=00 b=00 c=00 d=00 len=0 data=00 00 00 00 00 00 00 00[0m
[00:00:00.015,106] [0m<inf> usb_hid: hid_do_status_cb: Device connected[0m
[00:00:00.015,136] [0m<inf> usb_hid: hid_do_status_cb: Device connected[0m
[00:00:00.018,218] [0m<inf> usb_hid: hid_do_status_cb: Device suspended[0m
[00:00:00.018,249] [0m<inf> usb_hid: hid_do_status_cb: Device suspended[0m
[00:00:00.119,628] [0m<inf> usb_hid: hid_do_status_cb: Device resumed[0m
[00:00:00.119,628] [0m<inf> usb_hid: hid_do_status_cb: from suspend[0m
[00:00:00.119,659] [0m<inf> usb_hid: hid_do_status_cb: Device resumed[0m
[00:00:00.119,659] [0m<inf> usb_hid: hid_do_status_cb: from suspend[0m
[00:00:00.119,720] [0m<inf> usb_hid: hid_do_status_cb: Device reset detected[0m
[00:00:00.119,720] [0m<inf> usb_hid: hid_do_status_cb: Device reset detected[0m
[00:00:00.194,274] [0m<inf> usb_hid: hid_do_status_cb: Device configured[0m
[00:00:00.194,274] [0m<inf> usb_hid: hid_do_status_cb: Device configured[0m
[00:00:01.074,523] [0m<inf> remapper: scan_start: Scanning started.[0m
[00:00:01.575,317] [0m<inf> remapper: scan_filter_match: scan_filter_match address: 98:7A:14:E5:94:5F (public) connectable: yes[0m
[00:00:01.576,171] [0m<inf> remapper: scan_connecting: [0m
[00:00:01.599,792] [0m<inf> remapper: connected: 98:7A:14:E5:94:5F (public)[0m
[00:00:01.638,275] [1;31m<err> remapper: security_changed: security failed: 98:7A:14:E5:94:5F (public), level=1, err=9[0m
[00:00:01.639,434] [0m<inf> remapper: disconnected: 98:7A:14:E5:94:5F (public) (reason=62)[0m
[00:00:01.639,678] [0m<inf> remapper: main: device_disconnected_callback conn_idx=0[0m
[00:00:02.640,502] [0m<inf> remapper: scan_start: Scanning started.[0m
[00:00:02.648,315] [0m<inf> remapper: scan_filter_match: scan_filter_match address: 98:7A:14:E5:94:5F (public) connectable: yes[0m
[00:00:02.649,169] [0m<inf> remapper: scan_connecting: [0m
[00:00:02.682,434] [0m<inf> remapper: connected: 98:7A:14:E5:94:5F (public)[0m
[00:00:03.051,025] [0m<inf> remapper: security_changed: 98:7A:14:E5:94:5F (public), level=2.[0m
[00:00:03.058,624] [0m<inf> remapper: le_param_req: interval_min=6, interval_max=6, latency=0, timeout=300[0m
[00:00:03.283,447] [0m<inf> remapper: discovery_completed_cb: [0m
[00:00:03.283,660] [0m<inf> remapper: patch_broken_uuids: 00002a4a-0000-0000-0000-000000000000 -> 2a4a[0m
[00:00:03.283,874] [0m<inf> remapper: patch_broken_uuids: 00002a4c-0000-0000-0000-000000000000 -> 2a4c[0m
[00:00:03.284,088] [0m<inf> remapper: patch_broken_uuids: 00002a4b-0000-0000-0000-000000000000 -> 2a4b[0m
[00:00:03.284,271] [0m<inf> remapper: patch_broken_uuids: 00002a4d-0000-0000-0000-000000000000 -> 2a4d[0m
[00:00:03.284,515] [0m<inf> remapper: patch_broken_uuids: 00002a4d-0000-0000-0000-000000000000 -> 2a4d[0m
[00:00:03.328,521] [0m<inf> remapper: hogp_ready_work_fn: hogp_ready[0m
[00:00:03.441,345] [0m<inf> remapper: le_param_updated: interval=6, latency=0, timeout=300[0m
