*** Booting Zephyr OS build c0689b16ff12 ***
[usbdesc 000: 12 01 00 02 ef 02 01 40 7e 05 69 20 01 02 01 02
00:usbdesc 010: 03 01 09 02 ba 00 05 01 00 a0 32 08 0b 00 01 03
usbdesc 020: 00 00 00 09 04 00 00 02 03 00 00 00 09 21 10 01
usbdesc 030: 00 01 22 73 00 07 05 81 03 40 00 04 07 05 01 03
usbdesc 040: 40 00 04 08 0b 01 01 ff 00 00 00 09 04 01 00 02
usbdesc 050: ff 00 00 00 07 05 02 02 40 00 00 07 05 82 02 40
00:00.004,27usbdesc 060: 00 00 08 0b 02 03 01 01 00 00 09 04 02 00 00 01
2] [0m<inf> remapper: main: HID Remapper Bluetooth[0musbdesc 070: 01 00 00 0a 24 01 00 01 47 00 02 03 04 0c 24 02

[00:00:00.011,962] [0m<inf> fs_nvs: nvs_mount: 8 Secusbdesc 080: 01 01 01 00 02 03 00 00 00 0a 24 06 02 01 01 03
tors of 4096 bytes[0m
[00:00:00.011,993] [0m<inf> fsusbdesc 090: 00 00 00 09 24 03 03 02 03 00 02 00 0c 24 02 04
_nvs: nvs_mount: alloc wra: 0, fe8[0m
[00:00:00.011,9usbdesc 0a0: 01 02 00 01 00 00 00 00 09 24 06 05 04 01 03 00
93] [0m<inf> fs_nvs: nvs_mount: data wra: 0, 0[0m
usbdesc 0b0: 00 09 24 03 06 01 01 00 05 00 09 04 03 00 00 01
[00:00:00.012,207] [0m<inf> sdc_hci_driver: husbdesc 0c0: 02 00 00 09 04 04 00 00 01 02 00 00 04 03 09 04
ci_driver_open: SoftDevice Controller build revision: 
 usbdesc 0d0: 12 03 4e 00 69 00 6e 00 74 00 65 00 6e 00 64 00
                                        6d 90 41 2a 38 e8usbdesc 0e0: 6f 00 30 03 53 00 77 00 69 00 74 00 63 00 68 00
 ad 17  29 a5 03 38 39 27 d7 85 |m.A*8... )..89'..
     usbdesc 0f0: 20 00 32 00 20 00 50 00 72 00 6f 00 20 00 43 00
                                    1f 85 d8 e1        usbdesc 100: 6f 00 6e 00 74 00 72 00 6f 00 6c 00 6c 00 65 00
                              |....             [0musbdesc 110: 72 00 22 03 31 00 44 00 33 00 4USB_SETUP bm=0xc0 req=0x03 status=identity_ACK
6 00 3USB_SETUP bm=0xc0 req=0x02 status=proto_ACK
2 0USB_SETUP bm=0x40 req=0x04 val=0x0276 status=set_ACK
0 30 00

[00:00:00.014,617] [0m<inf> bt_hci_core: hci_vs_USB_EP_OUT ep=0x02 len=16 data=0391000d
init: HW Platform: NordUSB_EP_OUT ep=0x02 len=8 data=07910001
ic Semiconductor (0x0002)[0m
[00:00:00.014,648] [0m<inf> bt_hci_core: hci_vs_init: HW Variant: nRF52x (0x0002)[0m
[00:00:00.01USB_EP_OUT ep=0x02 len=8 data=16910001
4,678] [0m<inf> bt_hci_core: hci_vs_init: Firmware: Standard Bluetooth controller (0x00) Version 109.16784 Build 2917677098[0m
[00:00:00.015,228] [0m<inf> bt_hci_core: bt_init: No ID address. App must call settings_load()[0m
USB_EP_OUT ep=0x02 len=12 data=0b910007
[00:00:00.015,747] [0m<inf> bt_hci_core: bt_dev_show_info: Identity: C6:5F:36:95:D7:F9 (random)[0m
[00:00:00.015,777] [0m<inf> bt_hci_core: bt_dev_show_info: HCI: version 5.3 (0x0c) revision 0x11fa, manufacturer 0USB_EP_OUT ep=0x02 len=22 data=15910001
USB_INIT bt_mac_resp sub=0x01 mac=c6:5f:36:95:d7:f9
x0059[0m
[00:00:00.015,808] [0m<inf> bt_hci_core: bt_dev_show_info: LMP: version 5.3 (0x0c) subver 0x11fa[0m
[00:00:00.USB_EP_OUT ep=0x02 len=12 data=0c910002
015,838] [0m<inf> remapper: switch2_flight_dump_saved: switch2_flight dump count=0 next_seq=0 wrapped=0[0m
[00:00:00.015,869] [0m<inf> remapper: main: SwitUSB_EP_OUT ep=0x02 len=16 data=02910004
ch 2 console USB build: forcing Switch 2 Pro descriptor[0m
[00:00:00.017,028] [0m<inf> usb_hid: hid_do_status_cb: Device connected[0m
[00:00:00.020,USB_EP_OUT ep=0x02 len=16 data=02910004
141] [0m<inf> usb_hid: hid_do_status_cb: Device suspended[0m
[00:00:00.121,459] [0m<inf> usb_hid: hid_do_status_cb: Device resumed[0m
[00:00:00.121,490]USB_EP_OUT ep=0x02 len=16 data=02910004
 [0m<inf> usb_hid: hid_do_status_cb: from suspend[0m
[00:00:00.121,520] [0m<inf> usb_hid: hid_do_status_cb: Device reset detected[0m
[00:00:00.196,105]USB_EP_OUT ep=0x02 len=16 data=02910004
 [0m<inf> usb_hid: hid_do_status_cb: Device configured[0m
[00:00:00.214,691] [0m<inf> remapper: switch_pro_handle_output_report: pro out_report desc=7 len=64: 0USB_EP_OUT ep=0x02 len=16 data=02910004
0 00 00 00[0m
[00:00:00.214,721] [0m<inf> remapper: switch2_pro_handle_output_report: sw2 host_cmd len=64: 00 00 00 00 00 00 00 00[0m
[00:00:00.2USB_EP_OUT ep=0x02 len=8 data=11910003
22,229] [0m<inf> remapper: switch2_pro_handle_output_report: sw2 host_cmd len=16: 03 91 00 0d 00 08 00 00[0m
[00:00:00.232,177] [0m<inf> remapper: switch_pro_handle_output_report: pro out_report desc=7 len=64: 00 00 00 00[0m
[00:00:00.232,208] [0m<inf> remapper: switch2_pro_handle_output_report: sw2 host_cmd len=64: 00 00 00 00 00 00 00 00[0m
[00:00:00.232,696] [0m<inf> remapper: switch_pro_log_stats: switch_pro_stats enabled=1 report_q=0/5 response_q=1/1 out_q=0 out_overflows=0 ble=0 ble_drop=0 host=6 host_drop=0 set=0 translated=0 mapped=0/0 heartbeat=0/0 response=0/0 response_drop=0 rumble=0/0 fail=0 busy=0 buttons=00 00 00[0m
[00:00:00.254,882] [0m<inf> remapper: switch2_pro_handle_output_report: sw2 host_cmd len=8: 07 91 00 01 00 00 00 00[0m
[00:00:00.282,073] [0m<inf> remapper: switch2_pro_handle_output_report: sw2 host_cmd len=8: 16 91 00 01 00 00 00 00[0m
[00:00:00.342,193] [0m<inf> remapper: switch2_pro_handle_output_report: sw2 host_cmd len=12: 0b 91 00 07 00 04 00 00[0m
[00:00:00.402,160] [0m<inf> remapper: switch2_pro_handle_output_report: sw2 host_cmd len=22: 15 91 00 01 00 0e 00 00[0m
[00:00:00.432,159] [0m<inf> remapper: switch2_pro_handle_output_report: sw2 host_cmd len=12: 0c 91 00 02 00 04 00 00[0m
[00:00:00.462,249] [0m<inf> remapper: switch2_pro_handle_output_report: sw2 host_cmd len=16: 02 91 00 04 00 08 00 00[0m
[00:00:00.492,187] [0m<inf> remapper: switch2_pro_handle_output_report: sw2 host_cmd len=16: 02 91 00 04 00 08 00 00[0m
[00:00:00.522,155] [0m<inf> remapper: switch2_pro_handle_output_report: sw2 host_cmd len=16: 02 91 00 04 00 08 00 00[0m
[00:00:00.552,154] [0m<inf> remapper: switch2_pro_handle_output_report: sw2 host_cmd len=16: 02 91 00 04 00 08 00 00[0m
[00:00:00.582,244] [0m<inf> remapper: switch2_pro_handle_output_report: sw2 host_cmd len=16: 02 91 00 04 00 08 00 00[0m
[00:00:00.612,121] [0m<inf> remapper: switch2_pro_handle_output_report: sw2 host_cmd len=8: 11 91 00 03 00 00 00 00[0m
[00:00:01.002,593] [0m<inf> remapper: int_in_ready_cb0: sw2 IN endpoint polled by console: count=92[0m
[00:00:01.006,164] [0m<inf> remapper: switch_pro_send_input_heartbeat: sw2 heartbeat: writes=92 fails=0 enabled=1 rep0=09 rep2=20[0m
[00:00:01.232,269] [0m<inf> remapper: scan_setup_filters: scanning for Switch 2 Pro Controller manufacturer data[0m
[00:00:01.233,001] [0m<inf> remapper: scan_start: Scanning started.[0m
[00:00:01.233,215] [0m<inf> remapper: switch_pro_log_stats: switch_pro_stats enabled=1 report_q=0/5 response_q=0/2 out_q=0 out_overflows=0 ble=0 ble_drop=0 host=17 host_drop=0 set=0 translated=0 mapped=1/0 heartbeat=120/0 response=15/0 response_drop=0 rumble=0/0 fail=0 busy=0 buttons=00 00 00[0m
[00:00:02.002,624] [0m<inf> remapper: int_in_ready_cb0: sw2 IN endpoint polled by console: count=214[0m
[00:00:02.008,117] [0m<inf> remapper: switch_pro_send_input_heartbeat: sw2 heartbeat: writes=214 fails=0 enabled=1 rep0=09 rep2=20[0m
[00:00:02.233,764] [0m<inf> remapper: switch_pro_log_stats: switch_pro_stats enabled=1 report_q=0/5 response_q=0/2 out_q=0 out_overflows=0 ble=0 ble_drop=0 host=17 host_drop=0 set=0 translated=0 mapped=1/0 heartbeat=242/0 response=15/0 response_drop=0 rumble=0/0 fail=0 busy=0 buttons=00 00 00[0m
[00:00:03.002,593] [0m<inf> remapper: int_in_ready_cb0: sw2 IN endpoint polled by console: count=322[0m
[00:00:03.010,162] [0m<inf> remapper: switch_pro_send_input_heartbeat: sw2 heartbeat: writes=322 fails=0 enabled=1 rep0=09 rep2=20[0m
[00:00:03.233,734] [0m<inf> remapper: switch_pro_log_stats: switch_pro_stats enabled=1 report_q=0/5 response_q=0/2 out_q=0 out_overflows=0 ble=0 ble_drop=0 host=17 host_drop=0 set=0 translated=0 mapped=1/0 heartbeat=349/0 response=15/0 response_drop=0 rumble=0/0 fail=0 busy=0 buttons=00 00 00[0m
[00:00:04.002,593] [0m<inf> remapper: int_in_ready_cb0: sw2 IN endpoint polled by console: count=441[0m
[00:00:04.016,143] [0m<inf> remapper: switch_pro_send_input_heartbeat: sw2 heartbeat: writes=442 fails=0 enabled=1 rep0=09 rep2=20[0m
[00:00:04.233,764] [0m<inf> remapper: switch_pro_log_stats: switch_pro_stats enabled=1 report_q=0/5 response_q=0/2 out_q=0 out_overflows=0 ble=0 ble_drop=0 host=17 host_drop=0 set=0 translated=0 mapped=1/0 heartbeat=469/0 response=15/0 response_drop=0 rumble=0/0 fail=0 busy=0 buttons=00 00 00[0m
[00:00:05.002,624] [0m<inf> remapper: int_in_ready_cb0: sw2 IN endpoint polled by console: count=565[0m
[00:00:05.016,143] [0m<inf> remapper: switch_pro_send_input_heartbeat: sw2 heartbeat: writes=566 fails=0 enabled=1 rep0=09 rep2=20[0m
[00:00:05.233,764] [0m<inf> remapper: switch_pro_log_stats: switch_pro_stats enabled=1 report_q=0/5 response_q=0/2 out_q=0 out_overflows=0 ble=0 ble_drop=0 host=17 host_drop=0 set=0 translated=0 mapped=1/0 heartbeat=593/0 response=15/0 response_drop=0 rumble=0/0 fail=0 busy=0 buttons=00 00 00[0m
[00:00:06.006,591] [0m<inf> remapper: int_in_ready_cb0: sw2 IN endpoint polled by console: count=669[0m
[00:00:06.022,155] [0m<inf> remapper: switch_pro_send_input_heartbeat: sw2 heartbeat: writes=670 fails=0 enabled=1 rep0=09 rep2=20[0m
[00:00:06.233,734] [0m<inf> remapper: switch_pro_log_stats: switch_pro_stats enabled=1 report_q=0/5 response_q=0/2 out_q=0 out_overflows=0 ble=0 ble_drop=0 host=17 host_drop=0 set=0 translated=0 mapped=1/0 heartbeat=696/0 response=15/0 response_drop=0 rumble=0/0 fail=0 busy=0 buttons=00 00 00[0m
[00:00:07.010,589] [0m<inf> remapper: int_in_ready_cb0: sw2 IN endpoint polled by console: count=789[0m
[00:00:07.024,139] [0m<inf> remapper: switch_pro_send_input_heartbeat: sw2 heartbeat: writes=790 fails=0 enabled=1 rep0=09 rep2=20[0m
[00:00:07.233,764] [0m<inf> remapper: switch_pro_log_stats: switch_pro_stats enabled=1 report_q=0/5 response_q=0/2 out_q=0 out_overflows=0 ble=0 ble_drop=0 host=17 host_drop=0 set=0 translated=0 mapped=1/0 heartbeat=816/0 response=15/0 response_drop=0 rumble=0/0 fail=0 busy=0 buttons=00 00 00[0m
[00:00:08.014,587] [0m<inf> remapper: int_in_ready_cb0: sw2 IN endpoint polled by console: count=909[0m
[00:00:08.028,137] [0m<inf> remapper: switch_pro_send_input_heartbeat: sw2 heartbeat: writes=910 fails=0 enabled=1 rep0=09 rep2=20[0m
[00:00:08.233,764] [0m<inf> remapper: switch_pro_log_stats: switch_pro_stats enabled=1 report_q=0/5 response_q=0/2 out_q=0 out_overflows=0 ble=0 ble_drop=0 host=17 host_drop=0 set=0 translated=0 mapped=1/0 heartbeat=935/0 response=15/0 response_drop=0 rumble=0/0 fail=0 busy=0 buttons=00 00 00[0m
[00:00:09.014,587] [0m<inf> remapper: int_in_ready_cb0: sw2 IN endpoint polled by console: count=1014[0m
[00:00:09.030,181] [0m<inf> remapper: switch_pro_send_input_heartbeat: sw2 heartbeat: writes=1015 fails=0 enabled=1 rep0=09 rep2=20[0m
[00:00:09.233,795] [0m<inf> remapper: switch_pro_log_stats: switch_pro_stats enabled=1 report_q=0/5 response_q=0/2 out_q=0 out_overflows=0 ble=0 ble_drop=0 host=17 host_drop=0 set=0 translated=0 mapped=1/0 heartbeat=1040/0 response=15/0 response_drop=0 rumble=0/0 fail=0 busy=0 buttons=00 00 00[0m
[00:00:10.018,585] [0m<inf> remapper: int_in_ready_cb0: sw2 IN endpoint polled by console: count=1135[0m
[00:00:10.032,196] [0m<inf> remapper: switch_pro_send_input_heartbeat: sw2 heartbeat: writes=1136 fails=0 enabled=1 rep0=09 rep2=20[0m
[00:00:10.233,764] [0m<inf> remapper: switch_pro_log_stats: switch_pro_stats enabled=1 report_q=0/5 response_q=0/2 out_q=0 out_overflows=0 ble=0 ble_drop=0 host=17 host_drop=0 set=0 translated=0 mapped=1/0 heartbeat=1161/0 response=15/0 response_drop=0 rumble=0/0 fail=0 busy=0 buttons=00 00 00[0m
[00:00:11.022,583] [0m<inf> remapper: int_in_ready_cb0: sw2 IN endpoint polled by console: count=1255[0m
[00:00:11.036,132] [0m<inf> remapper: switch_pro_send_input_heartbeat: sw2 heartbeat: writes=1256 fails=0 enabled=1 rep0=09 rep2=20[0m
[00:00:11.233,764] [0m<inf> remapper: switch_pro_log_stats: switch_pro_stats enabled=1 report_q=0/5 response_q=0/2 out_q=0 out_overflows=0 ble=0 ble_drop=0 host=17 host_drop=0 set=0 translated=0 mapped=1/0 heartbeat=1280/0 response=15/0 response_drop=0 rumble=0/0 fail=0 busy=0 buttons=00 00 00[0m
[00:00:12.022,613] [0m<inf> remapper: int_in_ready_cb0: sw2 IN endpoint polled by console: count=1361[0m
[00:00:12.038,146] [0m<inf> remapper: switch_pro_send_input_heartbeat: sw2 heartbeat: writes=1362 fails=0 enabled=1 rep0=09 rep2=20[0m
[00:00:12.233,795] [0m<inf> remapper: switch_pro_log_stats: switch_pro_stats enabled=1 report_q=0/5 response_q=0/2 out_q=0 out_overflows=0 ble=0 ble_drop=0 host=17 host_drop=0 set=0 translated=0 mapped=1/0 heartbeat=1386/0 response=15/0 response_drop=0 rumble=0/0 fail=0 busy=0 buttons=00 00 00[0m
[00:00:13.026,611] [0m<inf> remapper: int_in_ready_cb0: sw2 IN endpoint polled by console: count=1483[0m
[00:00:13.040,161] [0m<inf> remapper: switch_pro_send_input_heartbeat: sw2 heartbeat: writes=1484 fails=0 enabled=1 rep0=09 rep2=20[0m
[00:00:13.233,764] [0m<inf> remapper: switch_pro_log_stats: switch_pro_stats enabled=1 report_q=0/5 response_q=0/2 out_q=0 out_overflows=0 ble=0 ble_drop=0 host=17 host_drop=0 set=0 translated=0 mapped=1/0 heartbeat=1508/0 response=15/0 response_drop=0 rumble=0/0 fail=0 busy=0 buttons=00 00 00[0m
[00:00:14.030,609] [0m<inf> remapper: int_in_ready_cb0: sw2 IN endpoint polled by console: count=1603[0m
[00:00:14.044,128] [0m<inf> remapper: switch_pro_send_input_heartbeat: sw2 heartbeat: writes=1604 fails=0 enabled=1 rep0=09 rep2=20[0m
[00:00:14.233,764] [0m<inf> remapper: switch_pro_log_stats: switch_pro_stats enabled=1 report_q=0/5 response_q=0/2 out_q=0 out_overflows=0 ble=0 ble_drop=0 host=17 host_drop=0 set=0 translated=0 mapped=1/0 heartbeat=1627/0 response=15/0 response_drop=0 rumble=0/0 fail=0 busy=0 buttons=00 00 00[0m
[00:00:15.030,609] [0m<inf> remapper: int_in_ready_cb0: sw2 IN endpoint polled by console: count=1710[0m
[00:00:15.046,142] [0m<inf> remapper: switch_pro_send_input_heartbeat: sw2 heartbeat: writes=1711 fails=0 enabled=1 rep0=09 rep2=20[0m
[00:00:15.233,795] [0m<inf> remapper: switch_pro_log_stats: switch_pro_stats enabled=1 report_q=0/5 response_q=0/2 out_q=0 out_overflows=0 ble=0 ble_drop=0 host=17 host_drop=0 set=0 translated=0 mapped=1/0 heartbeat=1734/0 response=15/0 response_drop=0 rumble=0/0 fail=0 busy=0 buttons=00 00 00[0m
[00:00:16.034,606] [0m<inf> remapper: int_in_ready_cb0: sw2 IN endpoint polled by console: count=1833[0m
[00:00:16.048,156] [0m<inf> remapper: switch_pro_send_input_heartbeat: sw2 heartbeat: writes=1834 fails=0 enabled=1 rep0=09 rep2=20[0m
[00:00:16.233,764] [0m<inf> remapper: switch_pro_log_stats: switch_pro_stats enabled=1 report_q=0/5 response_q=0/2 out_q=0 out_overflows=0 ble=0 ble_drop=0 host=17 host_drop=0 set=0 translated=0 mapped=1/0 heartbeat=1857/0 response=15/0 response_drop=0 rumble=0/0 fail=0 busy=0 buttons=00 00 00[0m
[00:00:17.038,757] [0m<inf> remapper: int_in_ready_cb0: sw2 IN endpoint polled by console: count=1954[0m
[00:00:17.052,154] [0m<inf> remapper: switch_pro_send_input_heartbeat: sw2 heartbeat: writes=1955 fails=0 enabled=1 rep0=09 rep2=20[0m
[00:00:17.233,764] [0m<inf> remapper: switch_pro_log_stats: switch_pro_stats enabled=1 report_q=0/5 response_q=0/2 out_q=0 out_overflows=0 ble=0 ble_drop=0 host=17 host_drop=0 set=0 translated=0 mapped=1/0 heartbeat=1977/0 response=15/0 response_drop=0 rumble=0/0 fail=0 busy=0 buttons=00 00 00[0m
[00:00:18.042,602] [0m<inf> remapper: int_in_ready_cb0: sw2 IN endpoint polled by console: count=2058[0m
[00:00:18.056,152] [0m<inf> remapper: switch_pro_send_input_heartbeat: sw2 heartbeat: writes=2059 fails=0 enabled=1 rep0=09 rep2=20[0m
[00:00:18.233,825] [0m<inf> remapper: switch_pro_log_stats: switch_pro_stats enabled=1 report_q=0/5 response_q=0/2 out_q=0 out_overflows=0 ble=0 ble_drop=0 host=17 host_drop=0 set=0 translated=0 mapped=1/0 heartbeat=2081/0 response=15/0 response_drop=0 rumble=0/0 fail=0 busy=0 buttons=00 00 00[0m
[00:00:19.042,633] [0m<inf> remapper: int_in_ready_cb0: sw2 IN endpoint polled by console: count=2182[0m
[00:00:19.056,152] [0m<inf> remapper: switch_pro_send_input_heartbeat: sw2 heartbeat: writes=2183 fails=0 enabled=1 rep0=09 rep2=20[0m
[00:00:19.233,764] [0m<inf> remapper: switch_pro_log_stats: switch_pro_stats enabled=1 report_q=0/5 response_q=0/2 out_q=0 out_overflows=0 ble=0 ble_drop=0 host=17 host_drop=0 set=0 translated=0 mapped=1/0 heartbeat=2205/0 response=15/0 response_drop=0 rumble=0/0 fail=0 busy=0 buttons=00 00 00[0m
[00:00:20.046,600] [0m<inf> remapper: int_in_ready_cb0: sw2 IN endpoint polled by console: count=2304[0m
[00:00:20.060,150] [0m<inf> remapper: switch_pro_send_input_heartbeat: sw2 heartbeat: writes=2305 fails=0 enabled=1 rep0=09 rep2=20[0m
[00:00:20.233,764] [0m<inf> remapper: switch_pro_log_stats: switch_pro_stats enabled=1 report_q=0/5 response_q=0/2 out_q=0 out_overflows=0 ble=0 ble_drop=0 host=17 host_drop=0 set=0 translated=0 mapped=1/0 heartbeat=2326/0 response=15/0 response_drop=0 rumble=0/0 fail=0 busy=0 buttons=00 00 00[0m
[00:00:21.050,628] [0m<inf> remapper: int_in_ready_cb0: sw2 IN endpoint polled by console: count=2406[0m
[00:00:21.066,162] [0m<inf> remapper: switch_pro_send_input_heartbeat: sw2 heartbeat: writes=2407 fails=0 enabled=1 rep0=09 rep2=20[0m
[00:00:21.233,795] [0m<inf> remapper: switch_pro_log_stats: switch_pro_stats enabled=1 report_q=0/5 response_q=0/2 out_q=0 out_overflows=0 ble=0 ble_drop=0 host=17 host_drop=0 set=0 translated=0 mapped=1/0 heartbeat=2427/0 response=15/0 response_drop=0 rumble=0/0 fail=0 busy=0 buttons=00 00 00[0m
[00:00:22.054,626] [0m<inf> remapper: int_in_ready_cb0: sw2 IN endpoint polled by console: count=2526[0m
[00:00:22.068,145] [0m<inf> remapper: switch_pro_send_input_heartbeat: sw2 heartbeat: writes=2527 fails=0 enabled=1 rep0=09 rep2=20[0m
[00:00:22.233,764] [0m<inf> remapper: switch_pro_log_stats: switch_pro_stats enabled=1 report_q=0/5 response_q=0/2 out_q=0 out_overflows=0 ble=0 ble_drop=0 host=17 host_drop=0 set=0 translated=0 mapped=1/0 heartbeat=2547/0 response=15/0 response_drop=0 rumble=0/0 fail=0 busy=0 buttons=00 00 00[0m
[00:00:23.054,656] [0m<inf> remapper: int_in_ready_cb0: sw2 IN endpoint polled by console: count=2649[0m
[00:00:23.068,145] [0m<inf> remapper: switch_pro_send_input_heartbeat: sw2 heartbeat: writes=2650 fails=0 enabled=1 rep0=09 rep2=20[0m
[00:00:23.233,764] [0m<inf> remapper: switch_pro_log_stats: switch_pro_stats enabled=1 report_q=0/5 response_q=0/2 out_q=0 out_overflows=0 ble=0 ble_drop=0 host=17 host_drop=0 set=0 translated=0 mapped=1/0 heartbeat=2670/0 response=15/0 response_drop=0 rumble=0/0 fail=0 busy=0 buttons=00 00 00[0m
[00:00:24.058,624] [0m<inf> remapper: int_in_ready_cb0: sw2 IN endpoint polled by console: count=2752[0m
[00:00:24.074,127] [0m<inf> remapper: switch_pro_send_input_heartbeat: sw2 heartbeat: writes=2753 fails=0 enabled=1 rep0=09 rep2=20[0m
[00:00:24.233,795] [0m<inf> remapper: switch_pro_log_stats: switch_pro_stats enabled=1 report_q=0/5 response_q=0/2 out_q=0 out_overflows=0 ble=0 ble_drop=0 host=17 host_drop=0 set=0 translated=0 mapped=1/0 heartbeat=2772/0 response=15/0 response_drop=0 rumble=0/0 fail=0 busy=0 buttons=00 00 00[0m
[00:00:25.062,622] [0m<inf> remapper: int_in_ready_cb0: sw2 IN endpoint polled by console: count=2872[0m
[00:00:25.076,171] [0m<inf> remapper: switch_pro_send_input_heartbeat: sw2 heartbeat: writes=2873 fails=0 enabled=1 rep0=09 rep2=20[0m
[00:00:25.233,764] [0m<inf> remapper: switch_pro_log_stats: switch_pro_stats enabled=1 report_q=0/5 response_q=0/2 out_q=0 out_overflows=0 ble=0 ble_drop=0 host=17 host_drop=0 set=0 translated=0 mapped=1/0 heartbeat=2892/0 response=15/0 response_drop=0 rumble=0/0 fail=0 busy=0 buttons=00 00 00[0m
[00:00:26.062,652] [0m<inf> remapper: int_in_ready_cb0: sw2 IN endpoint polled by console: count=2996[0m
[00:00:26.076,171] [0m<inf> remapper: switch_pro_send_input_heartbeat: sw2 heartbeat: writes=2997 fails=0 enabled=1 rep0=09 rep2=20[0m
[00:00:26.233,795] [0m<inf> remapper: switch_pro_log_stats: switch_pro_stats enabled=1 report_q=0/5 response_q=0/2 out_q=0 out_overflows=0 ble=0 ble_drop=0 host=17 host_drop=0 set=0 translated=0 mapped=1/0 heartbeat=3016/0 response=15/0 response_drop=0 rumble=0/0 fail=0 busy=0 buttons=00 00 00[0m
[00:00:27.066,619] [0m<inf> remapper: int_in_ready_cb0: sw2 IN endpoint polled by console: count=3100[0m
[00:00:27.082,183] [0m<inf> remapper: switch_pro_send_input_heartbeat: sw2 heartbeat: writes=3101 fails=0 enabled=1 rep0=09 rep2=20[0m
[00:00:27.233,764] [0m<inf> remapper: switch_pro_log_stats: switch_pro_stats enabled=1 report_q=0/5 response_q=0/2 out_q=0 out_overflows=0 ble=0 ble_drop=0 host=17 host_drop=0 set=0 translated=0 mapped=1/0 heartbeat=3119/0 response=15/0 response_drop=0 rumble=0/0 fail=0 busy=0 buttons=00 00 00[0m
[00:00:28.070,617] [0m<inf> remapper: int_in_ready_cb0: sw2 IN endpoint polled by console: count=3220[0m
[00:00:28.084,167] [0m<inf> remapper: switch_pro_send_input_heartbeat: sw2 heartbeat: writes=3221 fails=0 enabled=1 rep0=09 rep2=20[0m
[00:00:28.233,795] [0m<inf> remapper: switch_pro_log_stats: switch_pro_stats enabled=1 report_q=0/5 response_q=0/2 out_q=0 out_overflows=0 ble=0 ble_drop=0 host=17 host_drop=0 set=0 translated=0 mapped=1/0 heartbeat=3239/0 response=15/0 response_drop=0 rumble=0/0 fail=0 busy=0 buttons=00 00 00[0m
[00:00:29.074,615] [0m<inf> remapper: int_in_ready_cb0: sw2 IN endpoint polled by console: count=3340[0m
[00:00:29.088,165] [0m<inf> remapper: switch_pro_send_input_heartbeat: sw2 heartbeat: writes=3341 fails=0 enabled=1 rep0=09 rep2=20[0m
[00:00:29.233,795] [0m<inf> remapper: switch_pro_log_stats: switch_pro_stats enabled=1 report_q=0/5 response_q=0/2 out_q=0 out_overflows=0 ble=0 ble_drop=0 host=17 host_drop=0 set=0 translated=0 mapped=1/0 heartbeat=3359/0 response=15/0 response_drop=0 rumble=0/0 fail=0 busy=0 buttons=00 00 00[0m
[00:00:30.074,645] [0m<inf> remapper: int_in_ready_cb0: sw2 IN endpoint polled by console: count=3445[0m
[00:00:30.090,179] [0m<inf> remapper: switch_pro_send_input_heartbeat: sw2 heartbeat: writes=3446 fails=0 enabled=1 rep0=09 rep2=20[0m
[00:00:30.233,764] [0m<inf> remapper: switch_pro_log_stats: switch_pro_stats enabled=1 report_q=0/5 response_q=0/2 out_q=0 out_overflows=0 ble=0 ble_drop=0 host=17 host_drop=0 set=0 translated=0 mapped=1/0 heartbeat=3463/0 response=15/0 response_drop=0 rumble=0/0 fail=0 busy=0 buttons=00 00 00[0m
[00:00:31.078,613] [0m<inf> remapper: int_in_ready_cb0: sw2 IN endpoint polled by console: count=3566[0m
[00:00:31.092,193] [0m<inf> remapper: switch_pro_send_input_heartbeat: sw2 heartbeat: writes=3567 fails=0 enabled=1 rep0=09 rep2=20[0m
[00:00:31.233,795] [0m<inf> remapper: switch_pro_log_stats: switch_pro_stats enabled=1 report_q=0/5 response_q=0/2 out_q=0 out_overflows=0 ble=0 ble_drop=0 host=17 host_drop=0 set=0 translated=0 mapped=1/0 heartbeat=3584/0 response=15/0 response_drop=0 rumble=0/0 fail=0 busy=0 buttons=00 00 00[0m
[00:00:32.082,641] [0m<inf> remapper: int_in_ready_cb0: sw2 IN endpoint polled by console: count=3686[0m
[00:00:32.096,160] [0m<inf> remapper: switch_pro_send_input_heartbeat: sw2 heartbeat: writes=3687 fails=0 enabled=1 rep0=09 rep2=20[0m
[00:00:32.233,764] [0m<inf> remapper: switch_pro_log_stats: switch_pro_stats enabled=1 report_q=0/5 response_q=0/2 out_q=0 out_overflows=0 ble=0 ble_drop=0 host=17 host_drop=0 set=0 translated=0 mapped=1/0 heartbeat=3704/0 response=15/0 response_drop=0 rumble=0/0 fail=0 busy=0 buttons=00 00 00[0m
[00:00:33.082,611] [0m<inf> remapper: int_in_ready_cb0: sw2 IN endpoint polled by console: count=3792[0m
[00:00:33.098,175] [0m<inf> remapper: switch_pro_send_input_heartbeat: sw2 heartbeat: writes=3793 fails=0 enabled=1 rep0=09 rep2=20[0m
[00:00:33.233,764] [0m<inf> remapper: switch_pro_log_stats: switch_pro_stats enabled=1 report_q=0/5 response_q=0/2 out_q=0 out_overflows=0 ble=0 ble_drop=0 host=17 host_drop=0 set=0 translated=0 mapped=1/0 heartbeat=3809/0 response=15/0 response_drop=0 rumble=0/0 fail=0 busy=0 buttons=00 00 00[0m
[00:00:34.086,639] [0m<inf> remapper: int_in_ready_cb0: sw2 IN endpoint polled by console: count=3914[0m
[00:00:34.100,158] [0m<inf> remapper: switch_pro_send_input_heartbeat: sw2 heartbeat: writes=3915 fails=0 enabled=1 rep0=09 rep2=20[0m
[00:00:34.233,795] [0m<inf> remapper: switch_pro_log_stats: switch_pro_stats enabled=1 report_q=0/5 response_q=0/2 out_q=0 out_overflows=0 ble=0 ble_drop=0 host=17 host_drop=0 set=0 translated=0 mapped=1/0 heartbeat=3931/0 response=15/0 response_drop=0 rumble=0/0 fail=0 busy=0 buttons=00 00 00[0m
[00:00:35.090,637] [0m<inf> remapper: int_in_ready_cb0: sw2 IN endpoint polled by console: count=4034[0m
[00:00:35.104,156] [0m<inf> remapper: switch_pro_send_input_heartbeat: sw2 heartbeat: writes=4035 fails=0 enabled=1 rep0=09 rep2=20[0m
[00:00:35.233,795] [0m<inf> remapper: switch_pro_log_stats: switch_pro_stats enabled=1 report_q=0/5 response_q=0/2 out_q=0 out_overflows=0 ble=0 ble_drop=0 host=17 host_drop=0 set=0 translated=0 mapped=1/0 heartbeat=4051/0 response=15/0 response_drop=0 rumble=0/0 fail=0 busy=0 buttons=00 00 00[0m
[00:00:36.090,637] [0m<inf> remapper: int_in_ready_cb0: sw2 IN endpoint polled by console: count=4141[0m
[00:00:36.106,170] [0m<inf> remapper: switch_pro_send_input_heartbeat: sw2 heartbeat: writes=4142 fails=0 enabled=1 rep0=09 rep2=20[0m
[00:00:36.233,795] [0m<inf> remapper: switch_pro_log_stats: switch_pro_stats enabled=1 report_q=0/5 response_q=0/2 out_q=0 out_overflows=0 ble=0 ble_drop=0 host=17 host_drop=0 set=0 translated=0 mapped=1/0 heartbeat=4157/0 response=15/0 response_drop=0 rumble=0/0 fail=0 busy=0 buttons=00 00 00[0m
[00:00:37.094,635] [0m<inf> remapper: int_in_ready_cb0: sw2 IN endpoint polled by console: count=4264[0m
[00:00:37.108,062] [0m<inf> remapper: switch_pro_send_input_heartbeat: sw2 heartbeat: writes=4265 fails=0 enabled=1 rep0=09 rep2=20[0m
[00:00:37.233,795] [0m<inf> remapper: switch_pro_log_stats: switch_pro_stats enabled=1 report_q=0/5 response_q=0/2 out_q=0 out_overflows=0 ble=0 ble_drop=0 host=17 host_drop=0 set=0 translated=0 mapped=1/0 heartbeat=4280/0 response=15/0 response_drop=0 rumble=0/0 fail=0 busy=0 buttons=00 00 00[0m
[00:00:38.098,632] [0m<inf> remapper: int_in_ready_cb0: sw2 IN endpoint polled by console: count=4385[0m
[00:00:38.112,182] [0m<inf> remapper: switch_pro_send_input_heartbeat: sw2 heartbeat: writes=4386 fails=0 enabled=1 rep0=09 rep2=20[0m
[00:00:38.233,795] [0m<inf> remapper: switch_pro_log_stats: switch_pro_stats enabled=1 report_q=0/5 response_q=0/2 out_q=0 out_overflows=0 ble=0 ble_drop=0 host=17 host_drop=0 set=0 translated=0 mapped=1/0 heartbeat=4401/0 response=15/0 response_drop=0 rumble=0/0 fail=0 busy=0 buttons=00 00 00[0m
[00:00:39.098,632] [0m<inf> remapper: int_in_ready_cb0: sw2 IN endpoint polled by console: count=4493[0m
[00:00:39.114,166] [0m<inf> remapper: switch_pro_send_input_heartbeat: sw2 heartbeat: writes=4494 fails=0 enabled=1 rep0=09 rep2=20[0m
[00:00:39.234,100] [0m<inf> remapper: switch_pro_log_stats: switch_pro_stats enabled=1 report_q=0/5 response_q=0/2 out_q=0 out_overflows=0 ble=0 ble_drop=0 host=17 host_drop=0 set=0 translated=0 mapped=1/0 heartbeat=4508/0 response=15/0 response_drop=0 rumble=0/0 fail=0 busy=0 buttons=00 00 00[0m
[00:00:40.102,661] [0m<inf> remapper: int_in_ready_cb0: sw2 IN endpoint polled by console: count=4617[0m
[00:00:40.116,180] [0m<inf> remapper: switch_pro_send_input_heartbeat: sw2 heartbeat: writes=4618 fails=0 enabled=1 rep0=09 rep2=20[0m
[00:00:40.234,893] [0m<inf> remapper: switch_pro_log_stats: switch_pro_stats enabled=1 report_q=0/5 response_q=0/2 out_q=0 out_overflows=0 ble=0 ble_drop=0 host=17 host_drop=0 set=0 translated=0 mapped=1/0 heartbeat=4632/0 response=15/0 response_drop=0 rumble=0/0 fail=0 busy=0 buttons=00 00 00[0m
[00:00:41.106,628] [0m<inf> remapper: int_in_ready_cb0: sw2 IN endpoint polled by console: count=4739[0m
[00:00:41.120,178] [0m<inf> remapper: switch_pro_send_input_heartbeat: sw2 heartbeat: writes=4740 fails=0 enabled=1 rep0=09 rep2=20[0m
[00:00:41.234,832] [0m<inf> remapper: switch_pro_log_stats: switch_pro_stats enabled=1 report_q=0/5 response_q=0/2 out_q=0 out_overflows=0 ble=0 ble_drop=0 host=17 host_drop=0 set=0 translated=0 mapped=1/0 heartbeat=4754/0 response=15/0 response_drop=0 rumble=0/0 fail=0 busy=0 buttons=00 00 00[0m
[00:00:42.110,626] [0m<inf> remapper: int_in_ready_cb0: sw2 IN endpoint polled by console: count=4841[0m
[00:00:42.126,068] [0m<inf> remapper: switch_pro_send_input_heartbeat: sw2 heartbeat: writes=4842 fails=0 enabled=1 rep0=09 rep2=20[0m
[00:00:42.234,802] [0m<inf> remapper: switch_pro_log_stats: switch_pro_stats enabled=1 report_q=0/5 response_q=0/2 out_q=0 out_overflows=0 ble=0 ble_drop=0 host=17 host_drop=0 set=0 translated=0 mapped=1/0 heartbeat=4855/0 response=15/0 response_drop=0 rumble=0/0 fail=0 busy=0 buttons=00 00 00[0m
[00:00:43.114,654] [0m<inf> remapper: int_in_ready_cb0: sw2 IN endpoint polled by console: count=4961[0m
[00:00:43.128,173] [0m<inf> remapper: switch_pro_send_input_heartbeat: sw2 heartbeat: writes=4962 fails=0 enabled=1 rep0=09 rep2=20[0m
[00:00:43.234,924] [0m<inf> remapper: switch_pro_log_stats: switch_pro_stats enabled=1 report_q=0/5 response_q=0/2 out_q=0 out_overflows=0 ble=0 ble_drop=0 host=17 host_drop=0 set=0 translated=0 mapped=1/0 heartbeat=4975/0 response=15/0 response_drop=0 rumble=0/0 fail=0 busy=0 buttons=00 00 00[0m
[00:00:44.114,654] [0m<inf> remapper: int_in_ready_cb0: sw2 IN endpoint polled by console: count=5084[0m
[00:00:44.128,173] [0m<inf> remapper: switch_pro_send_input_heartbeat: sw2 heartbeat: writes=5085 fails=0 enabled=1 rep0=09 rep2=20[0m
