*** Booting Zephyr OS build c0689b16ff12 ***
[usbdesc 000: 12 01 00 02 ef 02 01 40 7e 05 69 20 01 02 01 02
00:usbdesc 010: 03 01 09 02 ba 00 05 01 00 a0 32 08 0b 00 01 03
usbdesc 020: 00 00 00 09 04 00 00 02 03 00 00 00 09 21 10 01
usbdesc 030: 00 01 22 73 00 07 05 81 03 40 00 04 07 05 01 03
usbdesc 040: 40 00 04 08 0b 01 01 ff 00 00 00 09 04 01 00 02
usbdesc 050: ff 00 00 00 07 05 02 02 40 00 00 07 05 82 02 40
00:00.004,27usbdesc 060: 00 00 08 0b 02 03 01 01 00 00 09 04 02 00 00 01
2] [0m<inf> remapper: main: HID Remapper Bluetooth[0musbdesc 070: 01 00 00 0a 24 01 00 01 47 00 02 03 04 0c 24 02

[00:00:00.011,688] [0m<inf> fs_nvs: nvs_mount: 8 Secusbdesc 080: 01 01 01 00 02 03 00 00 00 0a 24 06 02 01 01 03
tors of 4096 bytes[0m
[00:00:00.011,718] [0m<inf> fsusbdesc 090: 00 00 00 09 24 03 03 02 03 00 02 00 0c 24 02 04
_nvs: nvs_mount: alloc wra: 0, fe8[0m
[00:00:00.011,7usbdesc 0a0: 01 02 00 01 00 00 00 00 09 24 06 05 04 01 03 00
18] [0m<inf> fs_nvs: nvs_mount: data wra: 0, 0[0m
usbdesc 0b0: 00 09 24 03 06 01 01 00 05 00 09 04 03 00 00 01
[00:00:00.011,932] [0m<inf> sdc_hci_driver: husbdesc 0c0: 02 00 00 09 04 04 00 00 01 02 00 00 04 03 09 04
ci_driver_open: SoftDevice Controller build revision: 
  usbdesc 0d0: 12 03 4e 00 69 00 6e 00 74 00 65 00 6e 00 64 00
                                       6d 90 41 2a 38 e8 ausbdesc 0e0: 6f 00 30 03 53 00 77 00 69 00 74 00 63 00 68 00
d 17  29 a5 03 38 39 27 d7 85 |m.A*8... )..89'..
       usbdesc 0f0: 20 00 32 00 20 00 50 00 72 00 6f 00 20 00 43 00
                                  1f 85 d8 e1          usbdesc 100: 6f 00 6e 00 74 00 72 00 6f 00 6c 00 6c 00 65 00
                            |....             [0m
usbdesc 110: 72 00 22 03 31 00 44 00 33 00 4USB_SETUP bm=0xc0 req=0x03 status=identity_ACK
6 00 USB_SETUP bm=0xc0 req=0x02 status=proto_ACK
32 00 USB_SETUP bm=0x40 req=0x04 val=0x0276 status=set_ACK
30 00
[00:00:00.014,343] [0m<inf> bt_hci_core: hci_vs_initUSB_EP_OUT ep=0x02 len=16 data=0391000d
USB_INIT proactive init queued (BT c6:5f:36:95:d7:f9)
: HW Platform: Nordic Semiconductor (0x0002)[0m
[00:00:00.014,373] [0m<inf> bt_hci_core: hci_vs_init: HW Variant: nRF52x (0x0002)[0m
[00:00:00.014,404] [0m<inf> bt_hci_core: hci_vs_init: Firmware: Standard Bluetooth controller (0x00) Version 109.16784 Build 2917677098[0m
[00:00:00.014,923] [0m<inf> bt_hci_core: bt_init: No ID address. App must call settings_load()[0m
[00:00:00.015,441] [0m<inf> bt_hci_core: bt_dev_show_infUSB_EP_OUT ep=0x02 len=16 data=0391000d
o: Identity: C6:5F:36:95:D7:F9 (random)[0m
[00:00:00.015,472] [0m<inf> bt_hci_core: bt_dev_show_info: HCI: version 5.3 (0x0c) revision 0x11fa, manufacturer 0x0059[0m
[00:00:00.015,502] [0m<inf> bt_hci_core: bt_dev_show_info: LMP: version 5.3 (0x0c) subver 0x11fa[0m
[00:00:00.015,563] [0m<inf> remapper: switch2_flight_dump_saved: switch2_flight dump count=0 next_seq=0 wrapped=0[0m
[00:00:00.015,563] [0m<inf> remapper: main: Switch 2 console USB build: forcing Switch 2 Pro descriptor[0m
[00:00:00.016,723] [0m<inf> usb_hid: hid_do_status_cb: Device connected[0m
[00:00:00.019,836] [0m<inf> usb_hid: hid_do_status_cUSB_EP_OUT ep=0x02 len=16 data=0391000d
b: Device suspended[0m
[00:00:00.121,215] [0m<inf> usb_hid: hid_do_status_cb: Device resumed[0m
[00:00:00.121,215] [0m<inf> usb_hid: hid_do_status_cb: from suspend[0m
[00:00:00.121,276] [0m<inf> usb_hid: hid_do_status_cb: Device reset detected[0m
[00:00:00.195,922] [0m<inf> usb_hid: hid_do_status_cb: Device configured[0m
[00:00:00.214,874] [0m<inf> remapper: switch_pro_handle_output_report: pro out_report desc=7 len=64: 00 00 00 00[0m
[00:00:00.214,904] [0m<inf> remapper: switch2_pro_handle_output_report: sw2 host_cmd len=64: 00 00 00 00 00 00 00 00[0m
[00:00:00.228,271] [0m<inf> remapper: switch_pro_handle_output_report: pro out_report desc=7 len=64: 00 00 00 00[0m
[00:00:00.228,302] [0USB_EP_OUT ep=0x02 len=16 data=0391000d
m<inf> remapper: switch2_pro_handle_output_report: sw2 host_cmd len=64: 00 00 00 00 00 00 00 00[0m
[00:00:00.228,759] [0m<inf> remapper: switch_pro_log_stats: switch_pro_stats enabled=0 report_q=0/4 response_q=0/0 out_q=0 out_overflows=0 ble=0 ble_drop=0 host=4 host_drop=0 set=0 translated=0 mapped=0/0 heartbeat=0/0 response=0/0 response_drop=0 rumble=0/0 fail=0 busy=0 buttons=00 00 00[0m
[00:00:00.247,283] [0m<inf> remapper: switch2_pro_handle_output_report: sw2 host_cmd len=16: 03 91 00 0d 00 08 00 00[0m
[00:00:00.359,252] [0m<inf> remapper: switch2_pro_handle_output_report: sw2 host_cmd len=16: 03 91 00 0d 00 08 00 00[0m
[00:00:00.479,370] [0m<inf> remapper: switch2_pro_handle_output_report: sw2 hUSB_EP_OUT ep=0x02 len=16 data=0391000d
ost_cmd len=16: 03 91 00 0d 00 08 00 00[0m
[00:00:00.599,334] [0m<inf> remapper: switch2_pro_handle_output_report: sw2 host_cmd len=16: 03 91 00 0d 00 08 00 00[0m
[00:00:00.719,360] [0m<inf> remapper: switch2_pro_handle_output_report: sw2 host_cmd len=16: 03 91 00 0d 00 08 00 00[0m
USB_EP_OUT ep=0x02 len=16 data=0391000d
USB_EP_OUT ep=0x02 len=16 data=0391000d
USB_EP_OUT ep=0x02 len=16 data=0391000d
USB_EP_OUT ep=0x02 len=16 data=0391000d
[00:00:00.839,385] [0m<inf> remapper: switch2_pro_handle_output_report: sw2 host_cmd len=16: 03 91 00 0d 00 08 00 00[0m
[00:00:00.840,637] [0m<inf> usb_device: usb_halt_endpoint_req: Clear halt ep 0x82[0m
[00:00:00.840,667] [0m<inf> usb_hid: hid_do_status_cb: Unknown event[0m
[00:00:00.959,350] [0m<inf> remapper: switch2_pro_handle_output_report: sw2 host_cmd len=16: 03 91 00 0d 00 08 00 00[0m
[00:00:01.002,075] [0m<inf> remapper: switch_pro_send_input_heartbeat: sw2 heartbeat: writes=93 fails=0 enabled=1 rep0=09 rep2=20[0m
USB_EP_OUT ep=0x02 len=16 data=0391000d
[00:00:01.002,777] [0m<inf> remapper: int_in_ready_cb0: sw2 IN endpoint polled by console: count=94[0m
[00:00:01.079,376] [0m<inf> remapper: switch2_pro_handle_output_report: sw2 host_cmd len=16: 03 91 00 0d 00 08 00 00[0m
[00:00:01.199,371] [0m<inf> remapper: switch2_pro_handle_output_report: sw2 host_cmd len=16: 03 91 00 0d 00 08 00 00[0m
[00:00:01.228,332] [0m<inf> remapper: scan_setup_filters: scanning for Switch 2 Pro Controller manufacturer data[0m
[00:00:01.229,064] [0m<inf> remapper: scan_start: Scanning started.[0m
[00:00:01.229,278] [0m<inf> remapper: switch_pro_log_stats: switch_pro_stats enabled=1 report_q=0/4 response_q=0/5 out_q=0 out_overflows=0 ble=0 ble_drop=0 host=14 host_drop=0 set=0 translated=0 maUSB_EP_OUT ep=0x02 len=16 data=0391000d
pped=1/0 heartbeat=121/0 response=13/0 response_drop=0 rumble=0/0 fail=0 busy=0 buttons=00 00 00[0m
[00:00:01.319,427] [0m<inf> remapper: switch2_pro_handle_output_report: sw2 host_cmd len=16: 03 91 00 0d 00 08 00 00[0m
[00:00:01.439,453] [0m<inf> remapper: switch2_pro_handle_output_report: sw2 host_cmd len=16: 03 91 00 0d 00 08 00 00[0m
USB_EP_OUT ep=0x02 len=16 data=0391000d
USB_EP_OUT ep=0x02 len=16 data=0391000d
USB_EP_OUT ep=0x02 len=16 data=0391000d
USB_EP_OUT ep=0x02 len=16 data=0391000d
USB_EP_OUT ep=0x02 len=16 data=0391000d
USB_EP_OUT ep=0x02 len=16 data=0391000d
[00:00:01.559,478] [0m<inf> remapper: switch2_pro_handle_output_report: sw2 host_cmd len=16: 03 91 00 0d 00 08 00 00[0m
[00:00:01.679,504] [0m<inf> remapper: switch2_pro_handle_output_report: sw2 host_cmd len=16: 03 91 00 0d 00 08 00 00[0m
[00:00:01.799,530] [0m<inf> remapper: switch2_prUSB_EP_OUT ep=0x02 len=16 data=0391000d
o_handle_output_report: sw2 host_cmd len=16: 03 91 00 0d 00 08 00 00[0m
[00:00:01.919,525] [0m<inf> remapper: switch2_pro_handle_output_report: sw2 host_cmd len=16: 03 91 00 0d 00 08 00 00[0m
[00:00:01.920,410] [0m<inf> usb_device: usb_halt_endpoint_req: Clear halt ep 0x82[0m
[00:00:01.920,410] [0m<inf> usb_hid: hid_do_status_cb: Unknown event[0m
[00:00:02.002,807] [0m<inf> remapper: int_in_ready_cb0: sw2 IN endpoint polled by console: count=215[0m
[00:00:02.007,080] [0m<inf> remapper: switch_pro_send_input_heartbeat: sw2 heartbeat: writes=215 fails=0 enabled=1 rep0=09 rep2=20[0m
[00:00:02.039,520] [0m<inf> remapper: switch2_pro_handle_output_report: sw2 host_cmd len=16: 03 91 00 0d 00 08 00 00[0m
[00:00:02.159,606] [0m<inf> remapper: swiUSB_EP_OUT ep=0x02 len=16 data=0391000d
tch2_pro_handle_output_report: sw2 host_cmd len=16: 03 91 00 0d 00 08 00 00[0m
[00:00:02.229,949] [0m<inf> remapper: switch_pro_log_stats: switch_pro_stats enabled=1 report_q=0/4 response_q=0/5 out_q=0 out_overflows=0 ble=0 ble_drop=0 host=22 host_drop=0 set=0 translated=0 mapped=1/0 heartbeat=242/0 response=21/0 response_drop=0 rumble=0/0 fail=0 busy=0 buttons=00 00 00[0m
[00:00:02.279,632] [0m<inf> remapper: switch2_pro_handle_output_report: sw2 host_cmd len=16: 03 91 00 0d 00 08 00 00[0m
[00:00:02.399,658] [0m<inf> remapper: switch2_pro_handle_output_report: sw2 host_cmd len=16: 03 91 00 0d 00 08 00 00[0m
USB_EP_OUT ep=0x02 len=16 data=0391000d
USB_EP_OUT ep=0x02 len=16 data=0391000d
USB_EP_OUT ep=0x02 len=16 data=0391000d
USB_EP_OUT ep=0x02 len=16 data=0391000d
USB_EP_OUT ep=0x02 len=16 data=0391000d
USB_EP_OUT ep=0x02 len=16 data=0391000d
USB_EP_OUT ep=0x02 len=16 data=0391000d
[00:00:02.519,714] [0m<inf> remapper: switch2_pro_handle_output_report: sw2 host_cmd len=16: 03 91 00 0d 00 08 00 00[0m
[00:00:02.639,739] [0m<inf> remapper: switch2_pro_handle_output_report: sw2 host_cmd len=16: 03 91 00 0d 00 08 00 00[0m
[00:00:02.759,704] [0m<inf> remapper: switch2_pro_handle_output_report: sw2 host_cmd len=16: 03 91 00 0d 00 08 00 00[0m
[00:00:02.879,730] [0m<inf> remapper: switch2_pro_handle_output_report: sw2 host_cmd len=16: 03 91 00 0d 00 08 00 00[0m
[00:00:02.999,725] [0m<inf> remapper: switch2_pro_handle_output_report: sw2 host_cmd len=16: 03 91 00 0d 00 08 00 00[0m
[00:00:03.000,701] [0m<inf> usb_deviUSB_EP_OUT ep=0x02 len=16 data=0391000d
ce: usb_halt_endpoint_req: Clear halt ep 0x82[0m
[00:00:03.000,732] [0m<inf> usb_hid: hid_do_status_cb: Unknown event[0m
[00:00:03.002,807] [0m<inf> remapper: int_in_ready_cb0: sw2 IN endpoint polled by console: count=322[0m
[00:00:03.007,080] [0m<inf> remapper: switch_pro_send_input_heartbeat: sw2 heartbeat: writes=322 fails=0 enabled=1 rep0=09 rep2=20[0m
[00:00:03.119,750] [0m<inf> remapper: switch2_pro_handle_output_report: sw2 host_cmd len=16: 03 91 00 0d 00 08 00 00[0m
[00:00:03.239,837] [0m<inf> remapper: switch2_pro_handle_output_report: sw2 host_cmd len=16: 03 91 00 0d 00 08 00 00[0m
[00:00:03.256,561] [0m<inf> remapper: switch_pro_log_stats: switch_pro_stats enabled=1 report_q=0/4 response_q=0/5 out_q=0 out_overflows=0USB_EP_OUT ep=0x02 len=16 data=0391000d
 ble=0 ble_drop=0 host=31 host_drop=0 set=0 translated=0 mapped=1/0 heartbeat=350/0 response=30/0 response_drop=0 rumble=0/0 fail=0 busy=0 buttons=00 00 00[0m
[00:00:03.359,802] [0m<inf> remapper: switch2_pro_handle_output_report: sw2 host_cmd len=16: 03 91 00 0d 00 08 00 00[0m
[00:00:03.479,827] [0m<inf> remapper: switch2_pro_handle_output_report: sw2 host_cmd len=16: 03 91 00 0d 00 08 00 00[0m
USB_EP_OUT ep=0x02 len=16 data=0391000d
USB_EP_OUT ep=0x02 len=16 data=0391000d
USB_EP_OUT ep=0x02 len=16 data=0391000d
USB_EP_OUT ep=0x02 len=16 data=0391000d
USB_EP_OUT ep=0x02 len=16 data=0391000d
USB_EP_OUT ep=0x02 len=16 data=0391000d
[00:00:03.599,822] [0m<inf> remapper: switch2_pro_handle_output_report: sw2 host_cmd len=16: 03 91 00 0d 00 08 00 00[0m
[00:00:03.719,879] [0m<inf> remapper: switch2_pro_handle_output_report: sw2 host_cmd len=16: 03 91 00 0d 00 08 00 00[0m
[00:00:03.839,874] [0m<inf> remapper: switch2_pro_handle_output_report: sw2 host_cmd len=16: 03 91 00 0d 00 08 00 00[0m
[00:00USB_EP_OUT ep=0x02 len=16 data=0391000d
:03.959,991] [0m<inf> remapper: switch2_pro_handle_output_report: sw2 host_cmd len=16: 03 91 00 0d 00 08 00 00[0m
[00:00:04.028,350] [0m<inf> remapper: switch_pro_send_input_heartbeat: sw2 heartbeat: writes=441 fails=0 enabled=1 rep0=09 rep2=20[0m
[00:00:04.030,792] [0m<inf> remapper: int_in_ready_cb0: sw2 IN endpoint polled by console: count=442[0m
[00:00:04.079,956] [0m<inf> remapper: switch2_pro_handle_output_report: sw2 host_cmd len=16: 03 91 00 0d 00 08 00 00[0m
[00:00:04.080,871] [0m<inf> usb_device: usb_halt_endpoint_req: Clear halt ep 0x82[0m
[00:00:04.080,902] [0m<inf> usb_hid: hid_do_status_cb: Unknown event[0m
[00:00:04.200,012] [0m<inf> remapper: switch2_pro_handle_output_report: sw2 host_cmd len=16: 03 91 00 0d 00 08 00 00[0mUSB_EP_OUT ep=0x02 len=16 data=0391000d

[00:00:04.256,927] [0m<inf> remapper: switch_pro_log_stats: switch_pro_stats enabled=1 report_q=0/4 response_q=0/5 out_q=0 out_overflows=0 ble=0 ble_drop=0 host=39 host_drop=0 set=0 translated=0 mapped=1/0 heartbeat=469/0 response=38/0 response_drop=0 rumble=0/0 fail=0 busy=0 buttons=00 00 00[0m
[00:00:04.320,037] [0m<inf> remapper: switch2_pro_handle_output_report: sw2 host_cmd len=16: 03 91 00 0d 00 08 00 00[0m
[00:00:04.440,216] [0m<inf> remapper: switch2_pro_handle_output_report: sw2 host_cmd len=16: 03 91 00 0d 00 08 00 00[0m
USB_EP_OUT ep=0x02 len=16 data=0391000d
USB_EP_OUT ep=0x02 len=16 data=0391000d
USB_EP_OUT ep=0x02 len=16 data=0391000d
USB_EP_OUT ep=0x02 len=16 data=0391000d
USB_EP_OUT ep=0x02 len=16 data=0391000d
USB_EP_OUT ep=0x02 len=16 data=0391000d
[00:00:04.560,211] [0m<inf> remapper: switch2_pro_handle_output_report: sw2 host_cmd len=16: 03 91 00 0d 00 08 00 00[0m
USB_EP_OUT ep=0x02 len=16 data=0391000d
[00:00:04.680,358] [0m<inf> remapper: switch2_pro_handle_output_report: sw2 host_cmd len=16: 03 91 00 0d 00 08 00 00[0m
[00:00:04.800,384] [0m<inf> remapper: switch2_pro_handle_output_report: sw2 host_cmd len=16: 03 91 00 0d 00 08 00 00[0m
[00:00:04.920,440] [0m<inf> remapper: switch2_pro_handle_output_report: sw2 host_cmd len=16: 03 91 00 0d 00 08 00 00[0m
[00:00:05.032,073] [0m<inf> remapper: switch_pro_send_input_heartbeat: sw2 heartbeat: writes=545 fails=0 enabled=1 rep0=09 rep2=20[0m
[00:00:05.034,820] [0m<inf> remapper: int_in_ready_cb0: sw2 IN endpoint polled by console: count=546[0m
[00:00:05.040,557] [0m<inf> remapper: switch2_pro_handle_output_report: sw2 host_cmd len=16: 03 91 00 0d 00 08 00 00[0m
[00:00:USB_EP_OUT ep=0x02 len=16 data=0391000d
05.160,552] [0m<inf> remapper: switch2_pro_handle_output_report: sw2 host_cmd len=16: 03 91 00 0d 00 08 00 00[0m
[00:00:05.161,407] [0m<inf> usb_device: usb_halt_endpoint_req: Clear halt ep 0x82[0m
[00:00:05.161,437] [0m<inf> usb_hid: hid_do_status_cb: Unknown event[0m
[00:00:05.257,080] [0m<inf> remapper: switch_pro_log_stats: switch_pro_stats enabled=1 report_q=0/4 response_q=0/5 out_q=0 out_overflows=0 ble=0 ble_drop=0 host=47 host_drop=0 set=0 translated=0 mapped=1/0 heartbeat=573/0 response=46/0 response_drop=0 rumble=0/0 fail=0 busy=0 buttons=00 00 00[0m
[00:00:05.280,639] [0m<inf> remapper: switch2_pro_handle_output_report: sw2 host_cmd len=16: 03 91 00 0d 00 08 00 00[0m
[00:00:05.400,634] [0m<inf> remapper: switch2_pro_handle_output_report: sw2 host_cmd len=16: 03 91 00 0d 00 08 00 00[0m
USB_EP_OUT ep=0x02 len=16 data=0391000d
USB_EP_OUT ep=0x02 len=16 data=0391000d
USB_EP_OUT ep=0x02 len=16 data=0391000d
USB_EP_OUT ep=0x02 len=16 data=0391000d
USB_EP_OUT ep=0x02 len=16 data=0391000d
USB_EP_OUT ep=0x02 len=16 data=0391000d
USB_EP_OUT ep=0x02 len=16 data=0391000d
[00:00:05.520,629] [0m<inf> remapper: switch2_pro_handle_output_report: sw2 host_cmd len=16: 03 91 00 0d 00 08 00 00[0m
[00:00:05.640,747] [0m<inf> remapper: switch2_pro_handle_output_report: sw2 host_cmd len=16: 03 91 00 0d 00 08 00 00[0m
[00:00:05.760,742] [0m<inf> remapper: switch2_pro_handle_output_report: sw2 host_cmd len=16: 03 91 00 0d 00 08 00 00[0m
[00:00:05.880,737] [0m<inf> remapper: switch2_pro_handle_output_report: sw2 host_cmd len=16: 03 91 00 0d 00 08 00 00[0m
[00:00:06.000,823] [0m<inf> remapper: switch2_pro_handle_output_report: sw2 host_cmd len=16: 03 91 00 0d 00 08 00 00[0m
[00:00:06.033,081] [0m<inf> remapper: switch_pro_send_inUSB_EP_OUT ep=0x02 len=16 data=0391000d
put_heartbeat: sw2 heartbeat: writes=664 fails=0 enabled=1 rep0=09 rep2=20[0m
[00:00:06.034,820] [0m<inf> remapper: int_in_ready_cb0: sw2 IN endpoint polled by console: count=665[0m
[00:00:06.120,819] [0m<inf> remapper: switch2_pro_handle_output_report: sw2 host_cmd len=16: 03 91 00 0d 00 08 00 00[0m
[00:00:06.248,443] [0m<inf> remapper: switch2_pro_handle_output_report: sw2 host_cmd len=16: 03 91 00 0d 00 08 00 00[0m
[00:00:06.257,019] [0m<inf> usb_device: usb_halt_endpoint_req: Clear halt ep 0x82[0m
[00:00:06.257,019] [0m<inf> usb_hid: hid_do_status_cb: Unknown event[0m
[00:00:06.257,171] [0m<inf> remapper: switch_pro_log_stats: switch_pro_stats enabled=1 report_q=0/4 response_q=0/5 out_q=0 out_overflows=0 ble=0 ble_drop=0USB_EP_OUT ep=0x02 len=16 data=0391000d
 host=56 host_drop=0 set=0 translated=0 mapped=1/0 heartbeat=689/0 response=55/0 response_drop=0 rumble=0/0 fail=0 busy=0 buttons=00 00 00[0m
[00:00:06.360,931] [0m<inf> remapper: switch2_pro_handle_output_report: sw2 host_cmd len=16: 03 91 00 0d 00 08 00 00[0m
[00:00:06.480,926] [0m<inf> remapper: switch2_pro_handle_output_report: sw2 host_cmd len=16: 03 91 00 0d 00 08 00 00[0m
USB_EP_OUT ep=0x02 len=16 data=0391000d
USB_EP_OUT ep=0x02 len=16 data=0391000d
USB_EP_OUT ep=0x02 len=16 data=0391000d
USB_EP_OUT ep=0x02 len=16 data=0391000d
USB_EP_OUT ep=0x02 len=16 data=0391000d
USB_EP_OUT ep=0x02 len=16 data=0391000d
USB_EP_OUT ep=0x02 len=16 data=0391000d
[00:00:06.600,921] [0m<inf> remapper: switch2_pro_handle_output_report: sw2 host_cmd len=16: 03 91 00 0d 00 08 00 00[0m
[00:00:06.721,008] [0m<inf> remapper: switch2_pro_handle_output_report: sw2 host_cmd len=16: 03 91 00 0d 00 08 00 00[0m
[00:00:06.841,339] [0m<inf> remapper: switch2_pro_handle_output_report: sw2 host_cmd len=16: 03 91 00 0d 00 08 00 00[0m
[00:00:06.961,425] [0m<inf> remapper: switch2_pro_handle_output_report: sw2 host_cmd len=16: 03 91 00 0d 00 08 00 00[0m
[00:00:07.108,489] [0m<inf> remapper: switch2_pro_handle_output_report: sw2 host_cmd len=16: 03 91 00 0d 00 08 00 00[0m
[00:00:07.126,159] [0m<inf> remapper: switch_pro_send_input_heartbeat: sw2 heartbeat: writes=780 fails=0 enabled=1 rep0=09 rep2=20[0m
[00:00USB_EP_OUT ep=0x02 len=16 data=0391000d
:07.126,800] [0m<inf> remapper: int_in_ready_cb0: sw2 IN endpoint polled by console: count=781[0m
[00:00:07.201,446] [0m<inf> remapper: switch2_pro_handle_output_report: sw2 host_cmd len=16: 03 91 00 0d 00 08 00 00[0m
[00:00:07.257,934] [0m<inf> remapper: switch_pro_log_stats: switch_pro_stats enabled=1 report_q=0/4 response_q=0/5 out_q=0 out_overflows=0 ble=0 ble_drop=0 host=64 host_drop=0 set=0 translated=0 mapped=1/0 heartbeat=796/0 response=63/0 response_drop=0 rumble=0/0 fail=0 busy=0 buttons=00 00 00[0m
[00:00:07.321,441] [0m<inf> remapper: switch2_pro_handle_output_report: sw2 host_cmd len=16: 03 91 00 0d 00 08 00 00[0m
[00:00:07.322,387] [0m<inf> usb_device: usb_halt_endpoint_req: Clear halt ep 0x82[0m
[00:00:07.322,41USB_EP_OUT ep=0x02 len=16 data=0391000d
8] [0m<inf> usb_hid: hid_do_status_cb: Unknown event[0m
[00:00:07.441,436] [0m<inf> remapper: switch2_pro_handle_output_report: sw2 host_cmd len=16: 03 91 00 0d 00 08 00 00[0m
[00:00:07.561,523] [0m<inf> remapper: switch2_pro_handle_output_report: sw2 host_cmd len=16: 03 91 00 0d 00 08 00 00[0m
USB_EP_OUT ep=0x02 len=16 data=0391000d
USB_EP_OUT ep=0x02 len=16 data=0391000d
USB_EP_OUT ep=0x02 len=16 data=0391000d
USB_EP_OUT ep=0x02 len=16 data=0391000d
USB_EP_OUT ep=0x02 len=16 data=0391000d
USB_EP_OUT ep=0x02 len=16 data=0391000d
USB_EP_OUT ep=0x02 len=16 data=0391000d
[00:00:07.681,518] [0m<inf> remapper: switch2_pro_handle_output_report: sw2 host_cmd len=16: 03 91 00 0d 00 08 00 00[0m
[00:00:07.801,605] [0m<inf> remapper: switch2_pro_handle_output_report: sw2 host_cmd len=16: 03 91 00 0d 00 08 00 00[0m
[00:00:07.921,630] [0m<inf> remapper: switch2_pro_handle_output_report: sw2 host_cmd len=16: 03 91 00 0d 00 08 00 00[0m
[00:00:08.041,625] [0m<inf> remapper: switch2_pro_handle_output_report: sw2 host_cmd len=16: 03 91 00 0d 00 08 00 00[0m
[00:00:08.126,800] [0m<inf> remapper: int_in_ready_cb0: sw2 IN endpoint polled by console: count=902[0m
[00:00:08.132,080] [0m<inf> remapper: switch_pro_send_input_heartbeat: sw2 heartbeat: writes=902 fails=0 enabled=1 rep0=09 rep2=20[0m
[00:00:08.161,621] [0m<inf> remapper: switch2_pro_handle_output_report: sw2 host_cmd len=16: 03 91 00 0d USB_EP_OUT ep=0x02 len=16 data=0391000d
00 08 00 00[0m
[00:00:08.257,934] [0m<inf> remapper: switch_pro_log_stats: switch_pro_stats enabled=1 report_q=0/4 response_q=0/5 out_q=0 out_overflows=0 ble=0 ble_drop=0 host=72 host_drop=0 set=0 translated=0 mapped=1/0 heartbeat=917/0 response=71/0 response_drop=0 rumble=0/0 fail=0 busy=0 buttons=00 00 00[0m
[00:00:08.281,738] [0m<inf> remapper: switch2_pro_handle_output_report: sw2 host_cmd len=16: 03 91 00 0d 00 08 00 00[0m
[00:00:08.401,794] [0m<inf> remapper: switch2_pro_handle_output_report: sw2 host_cmd len=16: 03 91 00 0d 00 08 00 00[0m
[00:00:08.402,770] [0m<inf> usb_device: usb_halt_endpoint_req: Clear halt ep 0x82[0m
[00:00:08.402,801] [0m<inf> usb_hid: hid_do_statusUSB_EP_OUT ep=0x02 len=16 data=0391000d
_cb: Unknown event[0m
[00:00:08.528,564] [0m<inf> remapper: switch2_pro_handle_output_report: sw2 host_cmd len=16: 03 91 00 0d 00 08 00 00[0m
[00:00:08.641,784] [0m<inf> remapper: switch2_pro_handle_output_report: sw2 host_cmd len=16: 03 91 00 0d 00 08 00 00[0m
USB_EP_OUT ep=0x02 len=16 data=0391000d
USB_EP_OUT ep=0x02 len=16 data=0391000d
USB_EP_OUT ep=0x02 len=16 data=0391000d
USB_EP_OUT ep=0x02 len=16 data=0391000d
USB_EP_OUT ep=0x02 len=16 data=0391000d
USB_EP_OUT ep=0x02 len=16 data=0391000d
USB_EP_OUT ep=0x02 len=16 data=0391000d
[00:00:08.761,871] [0m<inf> remapper: switch2_pro_handle_output_report: sw2 host_cmd len=16: 03 91 00 0d 00 08 00 00[0m
[00:00:08.881,774] [0m<inf> remapper: switch2_pro_handle_output_report: sw2 host_cmd len=16: 03 91 00 0d 00 08 00 00[0m
[00:00:09.001,800] [0m<inf> remapper: switch2_pro_handle_output_report: sw2 host_cmd len=16: 03 91 00 0d 00 08 00 00[0m
[00:00:09.121,887] [0m<inf> remapper: switch2_pro_handle_output_report: sw2 host_cmd len=16: 03 91 00 0d 00 08 00 00[0m
[00:00:09.130,798] [0m<inf> remapper: int_in_ready_cb0: sw2 IN endpoint polled by console: count=1022[0m
[00:00:09.138,092] [0m<inf> remapper: switch_pro_send_input_heartbeat: sw2 heartbeat: writes=1022 fails=0 enabled=1 rep0=09 rep2=20[0m
USB_EP_OUT ep=0x02 len=16 data=0391000d
[00:00:09.242,004] [0m<inf> remapper: switch2_pro_handle_output_report: sw2 host_cmd len=16: 03 91 00 0d 00 08 00 00[0m
[00:00:09.388,488] [0m<inf> remapper: switch2_pro_handle_output_report: sw2 host_cmd len=16: 03 91 00 0d 00 08 00 00[0m
[00:00:09.406,524] [0m<inf> remapper: switch_pro_log_stats: switch_pro_stats enabled=1 report_q=0/4 response_q=1/5 out_q=0 out_overflows=0 ble=0 ble_drop=0 host=82 host_drop=0 set=0 translated=0 mapped=1/0 heartbeat=1034/0 response=80/0 response_drop=0 rumble=0/0 fail=0 busy=0 buttons=00 00 00[0m
[00:00:09.481,964] [0m<inf> remapper: switch2_pro_handle_output_report: sw2 host_cmd len=16: 03 91 00 0d 00 08 00 00[0m
[00:00:09.482,879] [0m<inf> usb_device: usb_halt_endpoint_req: USB_EP_OUT ep=0x02 len=16 data=0391000d
Clear halt ep 0x82[0m
[00:00:09.482,910] [0m<inf> usb_hid: hid_do_status_cb: Unknown event[0m
[00:00:09.601,959] [0m<inf> remapper: switch2_pro_handle_output_report: sw2 host_cmd len=16: 03 91 00 0d 00 08 00 00[0m
[00:00:09.722,045] [0m<inf> remapper: switch2_pro_handle_output_report: sw2 host_cmd len=16: 03 91 00 0d 00 08 00 00[0m
USB_EP_OUT ep=0x02 len=16 data=0391000d
USB_EP_OUT ep=0x02 len=16 data=0391000d
USB_EP_OUT ep=0x02 len=16 data=0391000d
USB_EP_OUT ep=0x02 len=16 data=0391000d
USB_EP_OUT ep=0x02 len=16 data=0391000d
USB_EP_OUT ep=0x02 len=16 data=0391000d
USB_EP_OUT ep=0x02 len=16 data=0391000d
[00:00:09.842,041] [0m<inf> remapper: switch2_pro_handle_output_report: sw2 host_cmd len=16: 03 91 00 0d 00 08 00 00[0m
[00:00:09.962,188] [0m<inf> remapper: switch2_pro_handle_output_report: sw2 host_cmd len=16: 03 91 00 0d 00 08 00 00[0m
[00:00:10.082,031] [0m<inf> remapper: switch2_pro_handle_output_report: sw2 host_cmd len=16: 03 91 00 0d 00 08 00 00[0m
[00:00:10.134,826] [0m<inf> remapper: int_in_ready_cb0: sw2 IN endpoint polled by console: count=1120[0m
[00:00:10.140,075] [0m<inf> remapper: switch_pro_send_input_heartbeat: sw2 heartbeat: writes=1120 fails=0 enabled=1 rep0=09 rep2=20[0m
[00:00:10.202,056] [0m<inf> remapper: switch2_pro_handle_output_report: sw2 host_cmd len=16: 03 91 00 0d 00 08 00 00[0m
[00:00:10.322,143] [0m<inf> remapper: USB_EP_OUT ep=0x02 len=16 data=0391000d
switch2_pro_handle_output_report: sw2 host_cmd len=16: 03 91 00 0d 00 08 00 00[0m
[00:00:10.406,982] [0m<inf> remapper: switch_pro_log_stats: switch_pro_stats enabled=1 report_q=0/4 response_q=0/5 out_q=0 out_overflows=0 ble=0 ble_drop=0 host=90 host_drop=0 set=0 translated=0 mapped=1/0 heartbeat=1153/0 response=89/0 response_drop=0 rumble=0/0 fail=0 busy=0 buttons=00 00 00[0m
[00:00:10.442,138] [0m<inf> remapper: switch2_pro_handle_output_report: sw2 host_cmd len=16: 03 91 00 0d 00 08 00 00[0m
[00:00:10.562,225] [0m<inf> remapper: switch2_pro_handle_output_report: sw2 host_cmd len=16: 03 91 00 0d 00 08 00 00[0m
[00:00:10.563,049] [0m<inf> usb_device: usb_halt_endpoint_req: Clear halt ep 0x82[0mUSB_EP_OUT ep=0x02 len=16 data=0391000d

[00:00:10.563,079] [0m<inf> usb_hid: hid_do_status_cb: Unknown event[0m
[00:00:10.682,220] [0m<inf> remapper: switch2_pro_handle_output_report: sw2 host_cmd len=16: 03 91 00 0d 00 08 00 00[0m
[00:00:10.802,185] [0m<inf> remapper: switch2_pro_handle_output_report: sw2 host_cmd len=16: 03 91 00 0d 00 08 00 00[0m
USB_EP_OUT ep=0x02 len=16 data=0391000d
USB_EP_OUT ep=0x02 len=16 data=0391000d
USB_EP_OUT ep=0x02 len=16 data=0391000d
USB_EP_OUT ep=0x02 len=16 data=0391000d
USB_EP_OUT ep=0x02 len=16 data=0391000d
USB_EP_OUT ep=0x02 len=16 data=0391000d
USB_EP_OUT ep=0x02 len=16 data=0391000d
[00:00:10.922,241] [0m<inf> remapper: switch2_pro_handle_output_report: sw2 host_cmd len=16: 03 91 00 0d 00 08 00 00[0m
[00:00:11.042,388] [0m<inf> remapper: switch2_pro_handle_output_report: sw2 host_cmd len=16: 03 91 00 0d 00 08 00 00[0m
[00:00:11.134,826] [0m<inf> remapper: int_in_ready_cb0: sw2 IN endpoint polled by console: count=1242[0m
[00:00:11.140,075] [0m<inf> remapper: switch_pro_send_input_heartbeat: sw2 heartbeat: writes=1242 fails=0 enabled=1 rep0=09 rep2=20[0m
[00:00:11.162,414] [0m<inf> remapper: switch2_pro_handle_output_report: sw2 host_cmd len=16: 03 91 00 0d 00 08 00 00[0m
[00:00:11.282,409] [0m<inf> remapper: switUSB_EP_OUT ep=0x02 len=16 data=0391000d
ch2_pro_handle_output_report: sw2 host_cmd len=16: 03 91 00 0d 00 08 00 00[0m
[00:00:11.402,496] [0m<inf> remapper: switch2_pro_handle_output_report: sw2 host_cmd len=16: 03 91 00 0d 00 08 00 00[0m
[00:00:11.406,982] [0m<inf> remapper: switch_pro_log_stats: switch_pro_stats enabled=1 report_q=0/4 response_q=0/5 out_q=0 out_overflows=0 ble=0 ble_drop=0 host=99 host_drop=0 set=0 translated=0 mapped=1/0 heartbeat=1275/0 response=98/0 response_drop=0 rumble=0/0 fail=0 busy=0 buttons=00 00 00[0m
[00:00:11.606,536] [0m<inf> remapper: switch2_pro_handle_output_report: sw2 host_cmd len=16: 03 91 00 0d 00 08 00 00[0m
[00:00:11.650,054] [0m<inf> remapper: switch2_pro_handle_output_report: sw2 host_cmd len=16: 03 91 00 0d 00 08 00 00[USB_EP_OUT ep=0x02 len=16 data=0391000d
0m
[00:00:11.659,027] [0m<inf> usb_device: usb_halt_endpoint_req: Clear halt ep 0x82[0m
[00:00:11.659,057] [0m<inf> usb_hid: hid_do_status_cb: Unknown event[0m
[00:00:11.762,481] [0m<inf> remapper: switch2_pro_handle_output_report: sw2 host_cmd len=16: 03 91 00 0d 00 08 00 00[0m
[00:00:11.882,476] [0m<inf> remapper: switch2_pro_handle_output_report: sw2 host_cmd len=16: 03 91 00 0d 00 08 00 00[0m
USB_EP_OUT ep=0x02 len=16 data=0391000d
USB_EP_OUT ep=0x02 len=16 data=0391000d
USB_EP_OUT ep=0x02 len=16 data=0391000d
USB_EP_OUT ep=0x02 len=16 data=0391000d
USB_EP_OUT ep=0x02 len=16 data=0391000d
USB_EP_OUT ep=0x02 len=16 data=0391000d
USB_EP_OUT ep=0x02 len=16 data=0391000d
[00:00:12.002,471] [0m<inf> remapper: switch2_pro_handle_output_report: sw2 host_cmd len=16: 03 91 00 0d 00 08 00 00[0m
[00:00:12.122,497] [0m<inf> remapper: switch2_pro_handle_output_report: sw2 host_cmd len=16: 03 91 00 0d 00 08 00 00[0m
[00:00:12.138,793] [0m<inf> remapper: int_in_ready_cb0: sw2 IN endpoint polled by console: count=1346[0m
[00:00:12.146,087] [0m<inf> remapper: switch_pro_send_input_heartbeat: sw2 heartbeat: writes=1346 fails=0 enabled=1 rep0=09 rep2=20[0m
[00:00:12.250,091] [0m<inf> remapper: switch2_pro_handle_output_report: sw2 host_cmd len=16: 03 91 00 0d 00 08 00 00[0m
[00:00:12.362,640] [0m<inf> remapper: switch2_pro_handle_output_report: sw2 host_cmd len=16: 03 91 00 0d 00 08 00 00[0m
USB_EP_OUT ep=0x02 len=16 data=0391000d
[00:00:12.406,951] [0m<inf> remapper: switch_pro_log_stats: switch_pro_stats enabled=1 report_q=0/4 response_q=0/5 out_q=0 out_overflows=0 ble=0 ble_drop=0 host=107 host_drop=0 set=0 translated=0 mapped=1/0 heartbeat=1375/0 response=106/0 response_drop=0 rumble=0/0 fail=0 busy=0 buttons=00 00 00[0m
[00:00:12.482,666] [0m<inf> remapper: switch2_pro_handle_output_report: sw2 host_cmd len=16: 03 91 00 0d 00 08 00 00[0m
[00:00:12.602,661] [0m<inf> remapper: switch2_pro_handle_output_report: sw2 host_cmd len=16: 03 91 00 0d 00 08 00 00[0m
[00:00:12.722,747] [0m<inf> remapper: switch2_pro_handle_output_report: sw2 host_cmd len=16: 03 91 00 0d 00 08 00 00[0m
[00:00:12.723,663] [0m<inf> usb_device: usb_halt_endpoinUSB_EP_OUT ep=0x02 len=16 data=0391000d
t_req: Clear halt ep 0x82[0m
[00:00:12.723,724] [0m<inf> usb_hid: hid_do_status_cb: Unknown event[0m
[00:00:12.842,651] [0m<inf> remapper: switch2_pro_handle_output_report: sw2 host_cmd len=16: 03 91 00 0d 00 08 00 00[0m
[00:00:12.962,738] [0m<inf> remapper: switch2_pro_handle_output_report: sw2 host_cmd len=16: 03 91 00 0d 00 08 00 00[0m
USB_EP_OUT ep=0x02 len=16 data=0391000d
USB_EP_OUT ep=0x02 len=16 data=0391000d
USB_EP_OUT ep=0x02 len=16 data=0391000d
USB_EP_OUT ep=0x02 len=16 data=0391000d
USB_EP_OUT ep=0x02 len=16 data=0391000d
USB_EP_OUT ep=0x02 len=16 data=0391000d
USB_EP_OUT ep=0x02 len=16 data=0391000d
USB_EP_OUT ep=0x02 len=16 data=0391000d
[00:00:13.082,794] [0m<inf> remapper: switch2_pro_handle_output_report: sw2 host_cmd len=16: 03 91 00 0d 00 08 00 00[0m
[00:00:13.142,822] [0m<inf> remapper: int_in_ready_cb0: sw2 IN endpoint polled by console: count=1462[0m
[00:00:13.148,101] [0m<inf> remapper: switch_pro_send_input_heartbeat: sw2 heartbeat: writes=1462 fails=0 enabled=1 rep0=09 rep2=20[0m
[00:00:13.202,758] [0m<inf> remapper: switch2_pro_handle_output_report: sw2 host_cmd len=16: 03 91 00 0d 00 08 00 00[0m
[00:00:13.322,845] [0m<inf> remapper: switch2_pro_handle_output_report: sw2 host_cmd len=16: 03 91 00 0d 00 08 00 00[0m
[00:00:13.406,98USB_EP_OUT ep=0x02 len=16 data=0391000d
2] [0m<inf> remapper: switch_pro_log_stats: switch_pro_stats enabled=1 report_q=0/4 response_q=0/5 out_q=0 out_overflows=0 ble=0 ble_drop=0 host=115 host_drop=0 set=0 translated=0 mapped=1/0 heartbeat=1494/0 response=114/0 response_drop=0 rumble=0/0 fail=0 busy=0 buttons=00 00 00[0m
[00:00:13.442,932] [0m<inf> remapper: switch2_pro_handle_output_report: sw2 host_cmd len=16: 03 91 00 0d 00 08 00 00[0m
[00:00:13.562,927] [0m<inf> remapper: switch2_pro_handle_output_report: sw2 host_cmd len=16: 03 91 00 0d 00 08 00 00[0m
[00:00:13.682,891] [0m<inf> remapper: switch2_pro_handle_output_report: sw2 host_cmd len=16: 03 91 00 0d 00 08 00 00[0m
[00:00:13.886,962] [0m<inf> remapper: switch2_pro_handle_output_report: sw2 host_cmd len=16: 03 91 00 0d 00 08 00 00[0m
USB_EP_OUT ep=0x02 len=16 data=0391000d
[00:00:13.930,480] [0m<inf> remapper: switch2_pro_handle_output_report: sw2 host_cmd len=16: 03 91 00 0d 00 08 00 00[0m
[00:00:13.939,025] [0m<inf> usb_device: usb_halt_endpoint_req: Clear halt ep 0x82[0m
[00:00:13.939,056] [0m<inf> usb_hid: hid_do_status_cb: Unknown event[0m
[00:00:14.043,090] [0m<inf> remapper: switch2_pro_handle_output_report: sw2 host_cmd len=16: 03 91 00 0d 00 08 00 00[0m
[00:00:14.142,791] [0m<inf> remapper: int_in_ready_cb0: sw2 IN endpoint polled by console: count=1561[0m
[00:00:14.155,090] [0m<inf> remapper: switch_pro_send_input_heartbeat: sw2 heartbeat: writes=1562 fails=0 enabled=1 rep0=09 rep2=20[0m
[00:00:14.163,085] [0m<inf> remapper: switch2_pro_handle_output_report: sw2 host_cmd len=16: 03 91 00 0d 00 08 00 00[0USB_EP_OUT ep=0x02 len=16 data=0391000d
m
[00:00:14.283,111] [0m<inf> remapper: switch2_pro_handle_output_report: sw2 host_cmd len=16: 03 91 00 0d 00 08 00 00[0m
USB_EP_OUT ep=0x02 len=16 data=0391000d
USB_EP_OUT ep=0x02 len=16 data=0391000d
USB_EP_OUT ep=0x02 len=16 data=0391000d
USB_EP_OUT ep=0x02 len=16 data=0391000d
USB_EP_OUT ep=0x02 len=16 data=0391000d
USB_EP_OUT ep=0x02 len=16 data=0391000d
USB_EP_OUT ep=0x02 len=16 data=0391000d
[00:00:14.403,198] [0m<inf> remapper: switch2_pro_handle_output_report: sw2 host_cmd len=16: 03 91 00 0d 00 08 00 00[0m
[00:00:14.406,982] [0m<inf> remapper: switch_pro_log_stats: switch_pro_stats enabled=1 report_q=0/4 response_q=0/5 out_q=0 out_overflows=0 ble=0 ble_drop=0 host=124 host_drop=0 set=0 translated=0 mapped=1/0 heartbeat=1593/0 response=123/0 response_drop=0 rumble=0/0 fail=0 busy=0 buttons=00 00 00[0m
[00:00:14.529,968] [0m<inf> remapper: switch2_pro_handle_output_report: sw2 host_cmd len=16: 03 91 00 0d 00 08 00 00[0m
[00:00:14.643,188] [0m<inf> remapper: switch2_pro_handle_output_report: sw2 host_cmd len=16: 03 91 00 0d 00 08 00 00[0m
[00USB_EP_OUT ep=0x02 len=16 data=0391000d
:00:14.763,275] [0m<inf> remapper: switch2_pro_handle_output_report: sw2 host_cmd len=16: 03 91 00 0d 00 08 00 00[0m
[00:00:14.883,270] [0m<inf> remapper: switch2_pro_handle_output_report: sw2 host_cmd len=16: 03 91 00 0d 00 08 00 00[0m
[00:00:14.884,185] [0m<inf> usb_device: usb_halt_endpoint_req: Clear halt ep 0x82[0m
[00:00:14.884,216] [0m<inf> usb_hid: hid_do_status_cb: Unknown event[0m
[00:00:15.003,265] [0m<inf> remapper: switch2_pro_handle_output_report: sw2 host_cmd len=16: 03 91 00 0d 00 08 00 00[0m
[00:00:15.123,352] [0m<inf> remapper: switch2_pro_handle_output_report: sw2 host_cmd len=16: 03 91 00 0d 00 08 00 00[0m
[00USB_EP_OUT ep=0x02 len=16 data=0391000d
:00:15.142,822] [0m<inf> remapper: int_in_ready_cb0: sw2 IN endpoint polled by console: count=1680[0m
[00:00:15.155,090] [0m<inf> remapper: switch_pro_send_input_heartbeat: sw2 heartbeat: writes=1681 fails=0 enabled=1 rep0=09 rep2=20[0m
[00:00:15.250,976] [0m<inf> remapper: switch2_pro_handle_output_report: sw2 host_cmd len=16: 03 91 00 0d 00 08 00 00[0m
[00:00:15.363,403] [0m<inf> remapper: switch2_pro_handle_output_report: sw2 host_cmd len=16: 03 91 00 0d 00 08 00 00[0m
[00:00:15.406,982] [0m<inf> remapper: switch_pro_log_stats: switch_pro_stats enabled=1 report_q=0/4 response_q=0/5 out_q=0 out_overflows=0 ble=0 ble_drop=0 host=132 host_drop=0 set=0 translated=0 mapped=1/0 heartbeat=1709/0 response=131/0 response_drop=0 rumble=0/0 fail=0 busy=0 buttons=00 00USB_EP_OUT ep=0x02 len=16 data=0391000d
 00[0m
[00:00:15.483,459] [0m<inf> remapper: switch2_pro_handle_output_report: sw2 host_cmd len=16: 03 91 00 0d 00 08 00 00[0m
USB_EP_OUT ep=0x02 len=16 data=0391000d
USB_EP_OUT ep=0x02 len=16 data=0391000d
USB_EP_OUT ep=0x02 len=16 data=0391000d
USB_EP_OUT ep=0x02 len=16 data=0391000d
USB_EP_OUT ep=0x02 len=16 data=0391000d
USB_EP_OUT ep=0x02 len=16 data=0391000d
USB_EP_OUT ep=0x02 len=16 data=0391000d
[00:00:15.603,729] [0m<inf> remapper: switch2_pro_handle_output_report: sw2 host_cmd len=16: 03 91 00 0d 00 08 00 00[0m
[00:00:15.723,724] [0m<inf> remapper: switch2_pro_handle_output_report: sw2 host_cmd len=16: 03 91 00 0d 00 08 00 00[0m
[00:00:15.843,811] [0m<inf> remapper: switch2_pro_handle_output_report: sw2 host_cmd len=16: 03 91 00 0d 00 08 00 00[0m
[00:00:15.963,806] [0m<inf> remapper: switch2_pro_handle_output_report: sw2 host_cmd len=16: 03 91 00 0d 00 08 00 00[0m
[00:00:15.964,813] [0m<inf> usb_device: usb_halt_endpoint_req: Clear halt ep 0x82[0m
[00:00:15.964,843] [0m<inf> usb_hid: hid_do_status_cb: Unknown event[0m
[00:00:16.167,846] [0m<inf> remapper: switch2_pro_handle_output_report: sw2 host_cmd len=16: 03 9USB_EP_OUT ep=0x02 len=16 data=0391000d
1 00 0d 00 08 00 00[0m
[00:00:16.211,364] [0m<inf> remapper: switch2_pro_handle_output_report: sw2 host_cmd len=16: 03 91 00 0d 00 08 00 00[0m
[00:00:16.219,360] [0m<inf> remapper: switch_pro_send_input_heartbeat: sw2 heartbeat: writes=1781 fails=0 enabled=1 rep0=09 rep2=20[0m
[00:00:16.222,808] [0m<inf> remapper: int_in_ready_cb0: sw2 IN endpoint polled by console: count=1782[0m
[00:00:16.323,883] [0m<inf> remapper: switch2_pro_handle_output_report: sw2 host_cmd len=16: 03 91 00 0d 00 08 00 00[0m
[00:00:16.406,982] [0m<inf> remapper: switch_pro_log_stats: switch_pro_stats enabled=1 report_q=0/4 response_q=0/5 out_q=0 out_overflows=0 ble=0 ble_drop=0 host=140 host_drop=0 set=0 translated=0 mapped=1/0 heartbeat=1804/0 response=139/0 rUSB_EP_OUT ep=0x02 len=16 data=0391000d
esponse_drop=0 rumble=0/0 fail=0 busy=0 buttons=00 00 00[0m
[00:00:16.443,969] [0m<inf> remapper: switch2_pro_handle_output_report: sw2 host_cmd len=16: 03 91 00 0d 00 08 00 00[0m
[00:00:16.563,964] [0m<inf> remapper: switch2_pro_handle_output_report: sw2 host_cmd len=16: 03 91 00 0d 00 08 00 00[0m
USB_EP_OUT ep=0x02 len=16 data=0391000d
USB_EP_OUT ep=0x02 len=16 data=0391000d
USB_EP_OUT ep=0x02 len=16 data=0391000d
USB_EP_OUT ep=0x02 len=16 data=0391000d
USB_EP_OUT ep=0x02 len=16 data=0391000d
USB_EP_OUT ep=0x02 len=16 data=0391000d
USB_EP_OUT ep=0x02 len=16 data=0391000d
[00:00:16.683,929] [0m<inf> remapper: switch2_pro_handle_output_report: sw2 host_cmd len=16: 03 91 00 0d 00 08 00 00[0m
[00:00:16.803,924] [0m<inf> remapper: switch2_pro_handle_output_report: sw2 host_cmd len=16: 03 91 00 0d 00 08 00 00[0m
[00:00:16.923,980] [0m<inf> remapper: switch2_pro_handle_output_report: sw2 host_cmd len=16: 03 91 00 0d 00 08 00 00[0m
[00:00:17.044,097] [0m<inf> remapper: switch2_pro_handle_output_report: sw2 host_cmd len=16: 03 91 00 0d 00 08 00 00[0m
[00:00:17.045,074] [0m<inf> usb_device: usb_halt_endpoint_req: Clear halt ep 0x82[0m
[00:00:17.045,074] [0m<inf> usb_hid: hid_do_status_cb: Unknown event[0m
[00:00:17.164,093] [0m<inf> remapper: switch2_pro_handle_output_report: sw2 host_cmd len=16: 03 91 00 0d 00 08 00 00[0m
[00:00:17.220,092] [0m<inf> remapper: switch_pro_send_inpUSB_EP_OUT ep=0x02 len=16 data=0391000d
ut_heartbeat: sw2 heartbeat: writes=1903 fails=0 enabled=1 rep0=09 rep2=20[0m
[00:00:17.222,808] [0m<inf> remapper: int_in_ready_cb0: sw2 IN endpoint polled by console: count=1904[0m
[00:00:17.284,118] [0m<inf> remapper: switch2_pro_handle_output_report: sw2 host_cmd len=16: 03 91 00 0d 00 08 00 00[0m
[00:00:17.404,174] [0m<inf> remapper: switch2_pro_handle_output_report: sw2 host_cmd len=16: 03 91 00 0d 00 08 00 00[0m
[00:00:17.406,982] [0m<inf> remapper: switch_pro_log_stats: switch_pro_stats enabled=1 report_q=0/4 response_q=0/5 out_q=0 out_overflows=0 ble=0 ble_drop=0 host=149 host_drop=0 set=0 translated=0 mapped=1/0 heartbeat=1926/0 response=148/0 response_drop=0 rumble=0/0 fail=0 busy=0 buttons=00 00 00USB_EP_OUT ep=0x02 len=16 data=0391000d
[0m
[00:00:17.530,944] [0m<inf> remapper: switch2_pro_handle_output_report: sw2 host_cmd len=16: 03 91 00 0d 00 08 00 00[0m
[00:00:17.644,195] [0m<inf> remapper: switch2_pro_handle_output_report: sw2 host_cmd len=16: 03 91 00 0d 00 08 00 00[0m
USB_EP_OUT ep=0x02 len=16 data=0391000d
USB_EP_OUT ep=0x02 len=16 data=0391000d
USB_EP_OUT ep=0x02 len=16 data=0391000d
USB_EP_OUT ep=0x02 len=16 data=0391000d
USB_EP_OUT ep=0x02 len=16 data=0391000d
USB_EP_OUT ep=0x02 len=16 data=0391000d
[00:00:17.764,190] [0m<inf> remapper: switch2_pro_handle_output_report: sw2 host_cmd len=16: 03 91 00 0d 00 08 00 00[0m
[00:00:17.884,185] [0m<inf> remapper: switch2_pro_handle_output_report: sw2 host_cmd len=16: 03 91 00 0d 00 08 00 00[0m
[00:00:18.004,302] [0m<inf> remapper: switch2_pro_handle_output_report: sw2 host_cmd len=16: 03 91 00 0d 00 08 00 00[0m
[00:00:18.124,328] [0m<inf> remapper: switch2_pro_handle_output_report: sw2 host_cmd len=16: 03 91 USB_EP_OUT ep=0x02 len=16 data=0391000d
00 0d 00 08 00 00[0m
[00:00:18.125,305] [0m<inf> usb_device: usb_halt_endpoint_req: Clear halt ep 0x82[0m
[00:00:18.125,335] [0m<inf> usb_hid: hid_do_status_cb: Unknown event[0m
[00:00:18.220,092] [0m<inf> remapper: switch_pro_send_input_heartbeat: sw2 heartbeat: writes=2022 fails=0 enabled=1 rep0=09 rep2=20[0m
[00:00:18.222,808] [0m<inf> remapper: int_in_ready_cb0: sw2 IN endpoint polled by console: count=2023[0m
[00:00:18.244,537] [0m<inf> remapper: switch2_pro_handle_output_report: sw2 host_cmd len=16: 03 91 00 0d 00 08 00 00[0m
[00:00:18.388,549] [0m<inf> remapper: switch2_pro_handle_output_report: sw2 host_cmd len=16: 03 91 00 0d 00 08 00 00[0m
[00:00:18.406,524] [0m<inf> remapper: swUSB_EP_OUT ep=0x02 len=16 data=0391000d
itch_pro_log_stats: switch_pro_stats enabled=1 report_q=0/4 response_q=1/5 out_q=0 out_overflows=0 ble=0 ble_drop=0 host=157 host_drop=0 set=0 translated=0 mapped=1/0 heartbeat=2024/0 response=155/0 response_drop=0 rumble=0/0 fail=0 busy=0 buttons=00 00 00[0m
[00:00:18.484,527] [0m<inf> remapper: switch2_pro_handle_output_report: sw2 host_cmd len=16: 03 91 00 0d 00 08 00 00[0m
[00:00:18.604,583] [0m<inf> remapper: switch2_pro_handle_output_report: sw2 host_cmd len=16: 03 91 00 0d 00 08 00 00[0m
USB_EP_OUT ep=0x02 len=16 data=0391000d
USB_EP_OUT ep=0x02 len=16 data=0391000d
USB_EP_OUT ep=0x02 len=16 data=0391000d
USB_EP_OUT ep=0x02 len=16 data=0391000d
USB_EP_OUT ep=0x02 len=16 data=0391000d
USB_EP_OUT ep=0x02 len=16 data=0391000d
[00:00:18.724,639] [0m<inf> remapper: switch2_pro_handle_output_report: sw2 host_cmd len=16: 03 91 00 0d 00 08 00 00[0m
[00:00:18.844,665] [0m<inf> remapper: switch2_pro_handle_output_report: sw2 host_cmd len=1USB_EP_OUT ep=0x02 len=16 data=0391000d
6: 03 91 00 0d 00 08 00 00[0m
[00:00:18.964,752] [0m<inf> remapper: switch2_pro_handle_output_report: sw2 host_cmd len=16: 03 91 00 0d 00 08 00 00[0m
[00:00:19.084,747] [0m<inf> remapper: switch2_pro_handle_output_report: sw2 host_cmd len=16: 03 91 00 0d 00 08 00 00[0m
[00:00:19.204,742] [0m<inf> remapper: switch2_pro_handle_output_report: sw2 host_cmd len=16: 03 91 00 0d 00 08 00 00[0m
[00:00:19.205,657] [0m<inf> usb_device: usb_halt_endpoint_req: Clear halt ep 0x82[0m
[00:00:19.205,688] [0m<inf> usb_hid: hid_do_status_cb: Unknown event[0m
[00:00:19.220,092] [0m<inf> remapper: switch_pro_send_input_heartbeat: sw2 heartbeat: writes=2120 fails=0 enabled=1 rep0=09 rep2=20[0m
[00:00:19.222,808] [0m<inf> remappUSB_EP_OUT ep=0x02 len=16 data=0391000d
er: int_in_ready_cb0: sw2 IN endpoint polled by console: count=2121[0m
[00:00:19.324,798] [0m<inf> remapper: switch2_pro_handle_output_report: sw2 host_cmd len=16: 03 91 00 0d 00 08 00 00[0m
[00:00:19.406,982] [0m<inf> remapper: switch_pro_log_stats: switch_pro_stats enabled=1 report_q=0/4 response_q=0/5 out_q=0 out_overflows=0 ble=0 ble_drop=0 host=165 host_drop=0 set=0 translated=0 mapped=1/0 heartbeat=2143/0 response=164/0 response_drop=0 rumble=0/0 fail=0 busy=0 buttons=00 00 00[0m
[00:00:19.444,793] [0m<inf> remapper: switch2_pro_handle_output_report: sw2 host_cmd len=16: 03 91 00 0d 00 08 00 00[0m
[00:00:19.564,849] [0m<inf> remapper: switch2_pro_handle_output_report: sw2 host_cmd len=16: 03 91 00 0d 00 08 00 00[0m
USB_EP_OUT ep=0x02 len=16 data=0391000d
USB_EP_OUT ep=0x02 len=16 data=0391000d
USB_EP_OUT ep=0x02 len=16 data=0391000d
USB_EP_OUT ep=0x02 len=16 data=0391000d
USB_EP_OUT ep=0x02 len=16 data=0391000d
USB_EP_OUT ep=0x02 len=16 data=0391000d
USB_EP_OUT ep=0x02 len=16 data=0391000d
[00:00:19.684,906] [0m<inf> remapper: switch2_pro_handle_output_report: sw2 host_cmd len=16: 03 91 00 0d 00 08 00 00[0m
[00:00:19.804,931] [0m<inf> remapper: switch2_pro_handle_output_report: sw2 host_cmd len=16: 03 91 00 0d 00 08 00 00[0m
[00:00:19.924,987] [0m<inf> remapper: switch2_pro_handle_output_report: sw2 host_cmd len=16: 03 91 00 0d 00 08 00 00[0m
[00:00:20.045,013] [0m<inf> remapper: switch2_pro_handle_output_report: sw2 host_cmd len=16: 03 91 00 0d 00 08 00 00[0m
[00:00:20.165,039] [0m<inf> remapper: switch2_pro_handle_output_report: sw2 host_cmd len=16: 03 91 00 0d 00 08 00 00[0m
[00:00:20.221,099] [0m<inf> remapper: switch_pro_send_input_heartbeat: sw2 heartbeat: writes=2242 fails=0 enabled=1 rep0=09 rep2=20[0m
[00:00:20.222,808] [0m<inf> remapper: int_in_ready_cb0: sw2 IN endpoint polled by console: count=2243[0m
[00:00:20.285,064] [0m<infUSB_EP_OUT ep=0x02 len=16 data=0391000d
> remapper: switch2_pro_handle_output_report: sw2 host_cmd len=16: 03 91 00 0d 00 08 00 00[0m
[00:00:20.USB_EP_OUT ep=0x02 len=16 data=0391000d
286,041] [0m<inf> usb_device: usb_halt_endpoint_req: Clear halt ep 0x82[0m
[00:00:20.286,071] [0m<inf> usb_hid: hid_do_status_cb: Unknown event[0m
[00:00:20.405,120] [0m<inf> remapper: switch2_pro_handle_output_report: sw2 host_cmd len=16: 03 91 00 0d 00 08 00 00[0m
[00:00:20.406,982] [0m<inf> remapper: switch_pro_log_stats: switch_pro_stats enabled=1 report_q=0/4 response_q=0/5 out_q=0 out_overflows=0 ble=0 ble_drop=0 host=174 host_drop=0 set=0 translated=0 mapped=1/0 heartbeat=2265/0 response=173/0 response_drop=0 rumble=0/0 fail=0 busy=0 buttons=00 00 00[0m
[00:00:20.608,489] [0m<inf> remapper: switch2_pro_handle_output_report: sw2 host_cmd len=16: 03 91 00 0d 00 08 00 00[0m
[00:00:20.645,141] [0m<inf> remapper: switcUSB_EP_OUT ep=0x02 len=16 data=0391000d
h2_pro_handle_output_report: sw2 host_cmd len=16: 03 91 00 0d 00 08 00 00[0m
[00:00:20.765,136] [0m<inf> remapper: switch2_pro_handle_output_report: sw2 host_cmd len=16: 03 91 00 0d 00 08 00 00[0m
USB_EP_OUT ep=0x02 len=16 data=0391000d
USB_EP_OUT ep=0x02 len=16 data=0391000d
USB_EP_OUT ep=0x02 len=16 data=0391000d
USB_EP_OUT ep=0x02 len=16 data=0391000d
USB_EP_OUT ep=0x02 len=16 data=0391000d
USB_EP_OUT ep=0x02 len=16 data=0391000d
[00:00:20.885,223] [0m<inf> remapper: switch2_pro_handle_output_report: sw2 host_cmd len=16: 03 91 00 0d 00 08 00 00[0m
[00:00:21.005,279] [0m<inf> remapper: switch2_pro_handle_output_report: sw2 host_cmd len=16: 03 91 00 0d 00 08 00 00[0m
[00:00:21.125,274] [0m<inf> remapper: switch2_pro_handle_output_report: sw2 host_cmd len=16: 03 91 00 0d 00 08 00 00[0m
[00:00:21.221,099] [0m<inf> remapper: switch_pro_send_input_heartbeat: sw2 heartbeat: writes=2349 fails=0 enabled=1 rep0=09 rep2=20[0m
[00:00:21.222,808] [0m<inf> remapper: int_in_ready_cb0: sw2 IN endpoint polled by console: count=2350[0m
[00:00:21.258,850] [0m<inf> remapper: switch2_pro_handle_output_report: sw2 host_cmd len=16: 03 91 00 0d 00 08 00 00USB_EP_OUT ep=0x02 len=16 data=0391000d
[0m
[00:00:21.365,264] [0m<inf> remapper: switch2_pro_handle_output_report: sw2 host_cmd len=16: 03 91 00 0d 00 08 00 00[0m
[00:00:21.366,180] [0m<inf> usb_device: usb_halt_endpoint_req: Clear halt ep 0x82[0m
[00:00:21.366,210] [0m<inf> usb_hid: hid_do_status_cb: Unknown event[0m
[00:00:21.406,982] [0m<inf> remapper: switch_pro_log_stats: switch_pro_stats enabled=1 report_q=0/4 response_q=0/5 out_q=0 out_overflows=0 ble=0 ble_drop=0 host=182 host_drop=0 set=0 translated=0 mapped=1/0 heartbeat=2369/0 response=181/0 response_drop=0 rumble=0/0 fail=0 busy=0 buttons=00 00 00[0m
[00:00:21.485,321] [0m<inf> remapper: switch2_pro_handle_output_report: sw2 host_cmd len=16: 03 91 00 0d 00 08 00 00[0m
[00:0USB_EP_OUT ep=0x02 len=16 data=0391000d
0:21.605,377] [0m<inf> remapper: switch2_pro_handle_output_report: sw2 host_cmd len=16: 03 91 00 0d 00 08 00 00[0m
[00:00:21.725,402] [0m<inf> remapper: switch2_pro_handle_output_report: sw2 host_cmd len=16: 03 91 00 0d 00 08 00 00[0m
USB_EP_OUT ep=0x02 len=16 data=0391000d
USB_EP_OUT ep=0x02 len=16 data=0391000d
USB_EP_OUT ep=0x02 len=16 data=0391000d
USB_EP_OUT ep=0x02 len=16 data=0391000d
USB_EP_OUT ep=0x02 len=16 data=0391000d
USB_EP_OUT ep=0x02 len=16 data=0391000d
[00:00:21.845,397] [0m<inf> remapper: switch2_pro_handle_output_report: sw2 host_cmd len=16: 03 91 00 0d 00 08 00 00[0m
[00:00:21.965,362] [0m<inf> remapper: switch2_pro_handle_output_report: sw2 host_cmd len=16: 03 91 00 0d 00 08 00 00[0m
[00:00:22.085,449] [0m<inf> remapper: switch2_pro_handle_output_report: sw2 host_cmd len=16: 03 91 00 0d 00 08 00 00[0m
[00:00:22.205,413] [0m<inf> remapper: switch2_pro_handle_output_report: sw2 host_cmd len=16: 03 91 00 0d 00 08 00 00[0m
[00:00:22.221,099] [0m<inf> remapper: switch_pro_send_input_heartbeat: sw2 heartbeat: writes=2465 fails=0 enabled=1 rep0=09 rep2=20[0m
[00:00:22.222,808] [0m<inf> remapper: int_in_ready_cb0: sw2 IN endpoint polled by console: count=2466[0m
[00:00:22.325,USB_EP_OUT ep=0x02 len=16 data=0391000d
500] [0m<inf> remapper: switch2_pro_handle_output_report: sw2 host_cmd len=16: 03 91 00 0d 00 08 00 00[0m
[00:00:22.406,982] [0m<inf> remapper: switch_pro_log_stats: switch_pro_stats enabled=1 report_q=0/4 response_q=0/5 out_q=0 out_overflows=0 ble=0 ble_drop=0 host=190 host_drop=0 set=0 translated=0 mapped=1/0 heartbeat=2488/0 response=189/0 response_drop=0 rumble=0/0 fail=0 busy=0 buttons=00 00 00[0m
[00:00:22.445,495] [0m<inf> remapper: switch2_pro_handle_output_report: sw2 host_cmd len=16: 03 91 00 0d 00 08 00 00[0m
[00:00:22.446,441] [0m<inf> usb_device: usb_halt_endpoint_req: Clear halt ep 0x82[0m
[00:00:22.446,472] [0m<inf> usb_hid: hid_do_status_cb: Unknown event[0m
[00:00:22.565,521] [0m<inf> remapper:USB_EP_OUT ep=0x02 len=16 data=0391000d
 switch2_pro_handle_output_report: sw2 host_cmd len=16: 03 91 00 0d 00 08 00 00[0m
[00:00:22.685,546] [0m<inf> remapper: switch2_pro_handle_output_report: sw2 host_cmd len=16: 03 91 00 0d 00 08 00 00[0m
USB_EP_OUT ep=0x02 len=16 data=0391000d
USB_EP_OUT ep=0x02 len=16 data=0391000d
USB_EP_OUT ep=0x02 len=16 data=0391000d
USB_EP_OUT ep=0x02 len=16 data=0391000d
USB_EP_OUT ep=0x02 len=16 data=0391000d
USB_EP_OUT ep=0x02 len=16 data=0391000d
USB_EP_OUT ep=0x02 len=16 data=0391000d
[00:00:22.888,549] [0m<inf> remapper: switch2_pro_handle_output_report: sw2 host_cmd len=16: 03 91 00 0d 00 08 00 00[0m
[00:00:22.925,567] [0m<inf> remapper: switch2_pro_handle_output_report: sw2 host_cmd len=16: 03 91 00 0d 00 08 00 00[0m
[00:00:23.045,654] [0m<inf> remapper: switch2_pro_handle_output_report: sw2 host_cmd len=16: 03 91 00 0d 00 08 00 00[0m
[00:00:23.165,649] [0m<inf> remapper: switch2_pro_handle_output_report: sw2 host_cmd len=16: 03 91 00 0d 00 08 00 00[0m
[00:00:23.221,099] [0m<inf> remapper: switch_pro_send_input_heartbeat: sw2 heartbeat: writes=2568 fails=0 enabled=1 rep0=09 rep2=20[0m
[00:00:23.222,808] [0m<inf> remapper: int_in_ready_cb0: sw2 IN endpoint polled by console: count=2569[0m
[00:00:23.USB_EP_OUT ep=0x02 len=16 data=0391000d
285,675] [0m<inf> remapper: switch2_pro_handle_output_report: sw2 host_cmd len=16: 03 91 00 0d 00 08 00 00[0m
[00:00:23.405,670] [0m<inf> remapper: switch2_pro_handle_output_report: sw2 host_cmd len=16: 03 91 00 0d 00 08 00 00[0m
[00:00:23.407,012] [0m<inf> remapper: switch_pro_log_stats: switch_pro_stats enabled=1 report_q=0/4 response_q=0/5 out_q=0 out_overflows=0 ble=0 ble_drop=0 host=199 host_drop=0 set=0 translated=0 mapped=1/0 heartbeat=2591/0 response=198/0 response_drop=0 rumble=0/0 fail=0 busy=0 buttons=00 00 00[0m
[00:00:23.531,280] [0m<inf> remapper: switch2_pro_handle_output_report: sw2 host_cmd len=16: 03 91 00 0d 00 08 00 00[0m
[00:00:23.532,653] [0m<inf> usb_device: usb_halt_endpoint_req: Clear halt ep 0x82[0m
[00:00:23USB_EP_OUT ep=0x02 len=16 data=0391000d
.532,684] [0m<inf> usb_hid: hid_do_status_cb: Unknown event[0m
[00:00:23.645,751] [0m<inf> remapper: switch2_pro_handle_output_report: sw2 host_cmd len=16: 03 91 00 0d 00 08 00 00[0m
[00:00:23.765,747] [0m<inf> remapper: switch2_pro_handle_output_report: sw2 host_cmd len=16: 03 91 00 0d 00 08 00 00[0m
USB_EP_OUT ep=0x02 len=16 data=0391000d
USB_EP_OUT ep=0x02 len=16 data=0391000d
USB_EP_OUT ep=0x02 len=16 data=0391000d
USB_EP_OUT ep=0x02 len=16 data=0391000d
USB_EP_OUT ep=0x02 len=16 data=0391000d
USB_EP_OUT ep=0x02 len=16 data=0391000d
USB_EP_OUT ep=0x02 len=16 data=0391000d
[00:00:23.885,803] [0m<inf> remapper: switch2_pro_handle_output_report: sw2 host_cmd len=16: 03 91 00 0d 00 08 00 00[0m
[00:00:24.005,798] [0m<inf> remapper: switch2_pro_handle_output_report: sw2 host_cmd len=16: 03 91 00 0d 00 08 00 00[0m
[00:00:24.125,854] [0m<inf> remapper: switch2_pro_handle_output_report: sw2 host_cmd len=16: 03 91 00 0d 00 08 00 00[0m
[00:00:24.222,106] [0m<inf> remapper: switch_pro_send_input_heartbeat: sw2 heartbeat: writes=2687 fails=0 enabled=1 rep0=09 rep2=20[0m
[00:00:24.222,808] [0m<inf> remapper: int_in_ready_cb0: sw2 IN endpoint polled by console: count=2688[0m
[00:00:24.258,850] [0m<inf> remapper: switch2_pro_handle_output_report: sw2 host_cmd len=16: 03 91 00 0d 00 08 00 00[0mUSB_EP_OUT ep=0x02 len=16 data=0391000d

[00:00:24.365,905] [0m<inf> remapper: switch2_pro_handle_output_report: sw2 host_cmd len=16: 03 91 00 0d 00 08 00 00[0m
[00:00:24.406,982] [0m<inf> remapper: switch_pro_log_stats: switch_pro_stats enabled=1 report_q=0/4 response_q=0/5 out_q=0 out_overflows=0 ble=0 ble_drop=0 host=207 host_drop=0 set=0 translated=0 mapped=1/0 heartbeat=2706/0 response=206/0 response_drop=0 rumble=0/0 fail=0 busy=0 buttons=00 00 00[0m
[00:00:24.485,931] [0m<inf> remapper: switch2_pro_handle_output_report: sw2 host_cmd len=16: 03 91 00 0d 00 08 00 00[0m
[00:00:24.605,926] [0m<inf> remapper: switch2_pro_handle_output_report: sw2 host_cmd len=16: 03 91 00 0d 00 08 00 00[0m
[00:00:24.606,903] [0m<inf> usb_device: usb_halt_endpoint_req: USB_EP_OUT ep=0x02 len=16 data=0391000d
Clear halt ep 0x82[0m
[00:00:24.606,933] [0m<inf> usb_hid: hid_do_status_cb: Unknown event[0m
[00:00:24.725,952] [0m<inf> remapper: switch2_pro_handle_output_report: sw2 host_cmd len=16: 03 91 00 0d 00 08 00 00[0m
[00:00:24.845,977] [0m<inf> remapper: switch2_pro_handle_output_report: sw2 host_cmd len=16: 03 91 00 0d 00 08 00 00[0m
USB_EP_OUT ep=0x02 len=16 data=0391000d
USB_EP_OUT ep=0x02 len=16 data=0391000d
USB_EP_OUT ep=0x02 len=16 data=0391000d
USB_EP_OUT ep=0x02 len=16 data=0391000d
USB_EP_OUT ep=0x02 len=16 data=0391000d
USB_EP_OUT ep=0x02 len=16 data=0391000d
USB_EP_OUT ep=0x02 len=16 data=0391000d
[00:00:24.966,033] [0m<inf> remapper: switch2_pro_handle_output_report: sw2 host_cmd len=16: 03 91 00 0d 00 08 00 00[0m
[00:00:25.108,551] [0m<inf> remapper: switch2_pro_handle_output_report: sw2 host_cmd len=16: 03 91 00 0d 00 08 00 00[0m
[00:00:25.206,024] [0m<inf> remapper: switch2_pro_handle_output_report: sw2 host_cmd len=16: 03 91 00 0d 00 08 00 00[0m
[00:00:25.222,106] [0m<inf> remapper: switch_pro_send_input_heartbeat: sw2 heartbeat: writes=2790 fails=0 enabled=1 rep0=09 rep2=20[0m
[00:00:25.222,808] [0m<inf> remapper: int_in_ready_cb0: sw2 IN endpoint polled by console: count=2791[0m
[00:00:25.326,080] [0m<inf> remapper: switch2_pro_handle_output_report: sw2 hosUSB_EP_OUT ep=0x02 len=16 data=0391000d
t_cmd len=16: 03 91 00 0d 00 08 00 00[0m
[00:00:25.406,982] [0m<inf> remapper: switch_pro_log_stats: switch_pro_stats enabled=1 report_q=0/4 response_q=0/5 out_q=0 out_overflows=0 ble=0 ble_drop=0 host=215 host_drop=0 set=0 translated=0 mapped=1/0 heartbeat=2813/0 response=214/0 response_drop=0 rumble=0/0 fail=0 busy=0 buttons=00 00 00[0m
[00:00:25.446,075] [0m<inf> remapper: switch2_pro_handle_output_report: sw2 host_cmd len=16: 03 91 00 0d 00 08 00 00[0m
[00:00:25.566,162] [0m<inf> remapper: switch2_pro_handle_output_report: sw2 host_cmd len=16: 03 91 00 0d 00 08 00 00[0m
[00:00:25.686,126] [0m<inf> remapper: switch2_pro_handle_output_report: sw2 host_cmd len=16: 03 91 00 0d 00 08 00 00[0m
[00USB_EP_OUT ep=0x02 len=16 data=0391000d
:00:25.687,072] [0m<inf> usb_device: usb_halt_endpoint_req: Clear halt ep 0x82[0m
[00:00:25.687,103] [0m<inf> usb_hid: hid_do_status_cb: Unknown event[0m
[00:00:25.806,152] [0m<inf> remapper: switch2_pro_handle_output_report: sw2 host_cmd len=16: 03 91 00 0d 00 08 00 00[0m
[00:00:25.926,208] [0m<inf> remapper: switch2_pro_handle_output_report: sw2 host_cmd len=16: 03 91 00 0d 00 08 00 00[0m
USB_EP_OUT ep=0x02 len=16 data=0391000d
USB_EP_OUT ep=0x02 len=16 data=0391000d
USB_EP_OUT ep=0x02 len=16 data=0391000d
USB_EP_OUT ep=0x02 len=16 data=0391000d
USB_EP_OUT ep=0x02 len=16 data=0391000d
USB_EP_OUT ep=0x02 len=16 data=0391000d
USB_EP_OUT ep=0x02 len=16 data=0391000d
[00:00:26.046,295] [0m<inf> remapper: switch2_pro_handle_output_report: sw2 host_cmd len=16: 03 91 00 0d 00 08 00 00[0m
[00:00:26.166,290] [0m<inf> remapper: switch2_pro_handle_output_report: sw2 host_cmd len=16: 03 91 00 0d 00 08 00 00[0m
[00:00:26.222,106] [0m<inf> remapper: switch_pro_send_input_heartbeat: sw2 heartbeat: writes=2912 fails=0 enabled=1 rep0=09 rep2=20[0m
[00:00:26.222,808] [0m<inf> remapper: int_in_ready_cb0: sw2 IN endpoint polled by console: count=2913[0m
[00:00:26.286,285] [0m<inf> remapper: switch2_pro_handle_output_report: sw2 host_cmd len=16: 03 91 00 0d 00 08 00 00[0m
[00:00:26.406,402] [0m<inf> remapper: switch2_pro_handle_output_report: sw2 host_cmd len=16: 03 91 00 0d 00 08 00 00[0m
USB_EP_OUT ep=0x02 len=16 data=0391000d
[00:00:26.406,677] [0m<inf> remapper: switch_pro_log_stats: switch_pro_stats enabled=1 report_q=0/4 response_q=1/5 out_q=0 out_overflows=0 ble=0 ble_drop=0 host=224 host_drop=0 set=0 translated=0 mapped=1/0 heartbeat=2934/0 response=222/0 response_drop=0 rumble=0/0 fail=0 busy=0 buttons=00 00 00[0m
[00:00:26.531,280] [0m<inf> remapper: switch2_pro_handle_output_report: sw2 host_cmd len=16: 03 91 00 0d 00 08 00 00[0m
[00:00:26.646,423] [0m<inf> remapper: switch2_pro_handle_output_report: sw2 host_cmd len=16: 03 91 00 0d 00 08 00 00[0m
[00:00:26.766,418] [0m<inf> remapper: switch2_pro_handle_output_report: sw2 host_cmd len=16: 03 91 00 0d 00 08 00 00[0m
[00:00:26.767,425] [0m<inf> usb_device: usb_halt_endpoint_reqUSB_EP_OUT ep=0x02 len=16 data=0391000d
: Clear halt ep 0x82[0m
[00:00:26.767,456] [0m<inf> usb_hid: hid_do_status_cb: Unknown event[0m
[00:00:26.886,444] [0m<inf> remapper: switch2_pro_handle_output_report: sw2 host_cmd len=16: 03 91 00 0d 00 08 00 00[0m
[00:00:27.006,469] [0m<inf> remapper: switch2_pro_handle_output_report: sw2 host_cmd len=16: 03 91 00 0d 00 08 00 00[0m
USB_EP_OUT ep=0x02 len=16 data=0391000d
USB_EP_OUT ep=0x02 len=16 data=0391000d
USB_EP_OUT ep=0x02 len=16 data=0391000d
USB_EP_OUT ep=0x02 len=16 data=0391000d
USB_EP_OUT ep=0x02 len=16 data=0391000d
USB_EP_OUT ep=0x02 len=16 data=0391000d
USB_EP_OUT ep=0x02 len=16 data=0391000d
[00:00:27.126,495] [0m<inf> remapper: switch2_pro_handle_output_report: sw2 host_cmd len=16: 03 91 00 0d 00 08 00 00[0m
[00:00:27.222,106] [0m<inf> remapper: switch_pro_send_input_heartbeat: sw2 heartbeat: writes=3031 fails=0 enabled=1 rep0=09 rep2=20[0m
[00:00:27.222,808] [0m<inf> remapper: int_in_ready_cb0: sw2 IN endpoint polled by console: count=3032[0m
[00:00:27.246,551] [0m<inf> remapper: switch2_pro_handle_output_report: sw2 host_cmd len=16: 03 91 00 0d 00 08 00 00[0m
[00:00:27.388,549] [0m<inf> remapper: switch2_pro_handle_output_report: sw2 host_cmd len=16: 03 91 00 0d 00 08 00 00[0m
[00:00:27.406,555] [0m<inf> remapper: switch_pro_log_stats: switch_pro_stats enabled=1 report_q=0/4 response_q=1/5 oUSB_EP_OUT ep=0x02 len=16 data=0391000d
ut_q=0 out_overflows=0 ble=0 ble_drop=0 host=232 host_drop=0 set=0 translated=0 mapped=1/0 heartbeat=3032/0 response=230/0 response_drop=0 rumble=0/0 fail=0 busy=0 buttons=00 00 00[0m
[00:00:27.486,633] [0m<inf> remapper: switch2_pro_handle_output_report: sw2 host_cmd len=16: 03 91 00 0d 00 08 00 00[0m
[00:00:27.606,689] [0m<inf> remapper: switch2_pro_handle_output_report: sw2 host_cmd len=16: 03 91 00 0d 00 08 00 00[0m
[00:00:27.726,684] [0m<inf> remapper: switch2_pro_handle_output_report: sw2 host_cmd len=16: 03 91 00 0d 00 08 00 00[0m
[00:00:27.846,771] [0m<inf> remapper: switch2_pro_handle_output_report: sw2 host_cmd len=16: 03 91 00 0d 00 08 00 00[0m
[00:00:27.847,656] [0m<inf> usb_device: usb_halt_endpoint_req: Clear halt ep 0x82[0m
[00:00:27.847,686] [0m<inf> usb_hid: hid_do_statUSB_EP_OUT ep=0x02 len=16 data=0391000d
us_cb: Unknown event[0m
[00:00:27.966,888] [0m<inf> remapper: switch2_pro_handle_output_report: sw2 host_cmd len=16: 03 91 00 0d 00 08 00 00[0m
[00:00:28.087,036] [0m<inf> remapper: switch2_pro_handle_output_report: sw2 host_cmd len=16: 03 91 00 0d 00 08 00 00[0m
USB_EP_OUT ep=0x02 len=16 data=0391000d
USB_EP_OUT ep=0x02 len=16 data=0391000d
USB_EP_OUT ep=0x02 len=16 data=0391000d
USB_EP_OUT ep=0x02 len=16 data=0391000d
USB_EP_OUT ep=0x02 len=16 data=0391000d
USB_EP_OUT ep=0x02 len=16 data=0391000d
USB_EP_OUT ep=0x02 len=16 data=0391000d
[00:00:28.207,092] [0m<inf> remapper: switch2_pro_handle_output_report: sw2 host_cmd len=16: 03 91 00 0d 00 08 00 00[0m
[00:00:28.223,114] [0m<inf> remapper: switch_pro_send_input_heartbeat: sw2 heartbeat: writes=3128 fails=0 enabled=1 rep0=09 rep2=20[0m
[00:00:28.226,837] [0m<inf> remapper: int_in_ready_cb0: sw2 IN endpoint polled by console: count=3129[0m
[00:00:28.327,117] [0m<inf> remapper: switch2_pro_handle_output_report: sw2 host_cmd len=16: 03 91 00 0d 00 08 00 00[0m
[00:00:28.406,951] [0m<inf> remapper: switch_pro_log_stats: switch_pro_stats enabled=1 report_q=0/4 response_q=0/5 out_q=0 out_overflows=0 ble=0 ble_drop=0 host=240 host_drop=0 set=0 translated=0 mapped=1/0 heartbeat=3150/0 response=239/0 response_drop=0 rumble=0/0 fail=0 busy=0 buttons=00 00 00[0m
USB_EP_OUT ep=0x02 len=16 data=0391000d
[00:00:28.447,143] [0m<inf> remapper: switch2_pro_handle_output_report: sw2 host_cmd len=16: 03 91 00 0d 00 08 00 00[0m
[00:00:28.567,199] [0m<inf> remapper: switch2_pro_handle_output_report: sw2 host_cmd len=16: 03 91 00 0d 00 08 00 00[0m
[00:00:28.687,164] [0m<inf> remapper: switch2_pro_handle_output_report: sw2 host_cmd len=16: 03 91 00 0d 00 08 00 00[0m
[00:00:28.807,250] [0m<inf> remapper: switch2_pro_handle_output_report: sw2 host_cmd len=16: 03 91 00 0d 00 08 00 00[0m
[00:00:28.927,215] [0m<inf> remapper: switch2_pro_handle_output_report: sw2 host_cmd len=16: 03 91 00 0d 00 08 00 00[0m
[00:00:28.928,070] [0m<inf> usb_device: usb_halt_endpoint_req: Clear halt ep 0x82[0m
[00:00:28.928,100] [0m<inf> usb_hid: hid_do_status_cb: UnknoUSB_EP_OUT ep=0x02 len=16 data=0391000d
wn event[0m
[00:00:29.047,210] [0m<inf> remapper: switch2_pro_handle_output_report: sw2 host_cmd len=16: 03 91 00 0d 00 08 00 00[0m
[00:00:29.167,266] [0m<inf> remapper: switch2_pro_handle_output_report: sw2 host_cmd len=16: 03 91 00 0d 00 08 00 00[0m
USB_EP_OUT ep=0x02 len=16 data=0391000d
