*** Booting Zephyr OS build c0689b16ff12 ***
usbdesc 000: 12 01 00 02 ef 02 01 40 7e 05 69 20 01 02 01 02
[00usbdesc 010: 03 01 09 02 00 00 00 01 00 a0 32 09 04 00 00 02
usbdesc 020: 03 00 00 00 09 21 10 01 00 01 22 73 00 07 05 81
usbdesc 030: 03 40 00 01 07 05 01 03 40 00 01 08 0b 01 01 ff
usbdesc 040: 00 00 00 09 04 01 00 02 ff 00 00 00 07 05 02 02
usbdesc 050: 40 00 00 07 05 82 02 40 00 00 08 0b 02 03 01 01
:00:00.000,335]usbdesc 060: 00 00 09 04 02 00 00 01 01 00 00 0a 24 01 00 01
 [1;31m<err> usb_descriptor: usb_fix_descriptor: Failed tusbdesc 070: 47 00 02 03 04 0c 24 02 01 01 01 00 02 03 00 00
o validate endpoints[0m
[00:00:00.000,366] [1;31m<eusbdesc 080: 00 0a 24 06 02 01 01 03 00 00 00 09 24 03 03 02
rr> usb_descriptor: usb_get_device_descriptor: Failed to fusbdesc 090: 03 00 02 00 0c 24 02 04 01 02 00 01 00 00 00 00
ixup USB descriptor[0m
[00:00:00.000,366] [1;31m<erusbdesc 0a0: 09 24 06 05 04 01 03 00 00 09 24 03 06 01 01 00
r> usb_device: usb_device_init: Failed to configure USB deusbdesc 0b0: 05 00 09 04 03 00 00 01 02 00 00 09 04 03 01 01
vice stack[0m
[00:00:00.004,302] [0m<inf> remapper: usbdesc 0c0: 01 02 00 00 07 24 01 01 00 01 00 0b 24 02 01 02
main: HID Remapper Bluetooth[0m
[00:00:00.012,023] usbdesc 0d0: 02 10 01 80 bb 00 07 05 03 0d c0 00 01 07 25 01
[0m<inf> fs_nvs: nvs_mount: 8 Sectors of 4096 bytes[0m
usbdesc 0e0: 00 00 00 00 09 04 04 00 00 01 02 00 00 09 04 04
[00:00:00.012,023] [0m<inf> fs_nvs: nvs_mount: alloc wusbdesc 0f0: 01 01 01 02 00 00 07 24 01 06 00 01 00 0b 24 02
ra: 0, fe8[0m
[00:00:00.012,023] [0m<inf> fs_nvs: usbdesc 100: 01 02 02 10 01 80 bb 00 07 05 83 0d c0 00 01 07
nvs_mount: data wra: 0, 0[0m
[00:00usbdesc 110: 25 01 00 00 00 00 04 03 09 04 12 03 4e 69 6e 74
:00.012,268] [0m<inf> sdc_hci_driver: hci_driver_open: SoftDevice Controller build revision: 
                                         6d 90 41 2a 38 e8 ad 17  29 a5 03 38 39 27 d7 85 |m.A*8... )..89'..
                                         1f 85 d8 e1                                      |....             [0m
[00:00:00.014,709] [0m<inf> bt_hci_core: hci_vs_init: HW Platform: Nordic Semiconductor (0x0002)[0m
[00:00:00.014,739] [0m<inf> bt_hci_core: hci_vs_init: HW Variant: nRF52x (0x0002)[0m
[00:00:00.014,770] [0m<inf> bt_hci_core: hci_vs_init: Firmware: Standard Bluetooth controller (0x00) Version 109.16784 Build 2917677098[0m
[00:00:00.015,289] [0m<inf> bt_hci_core: bt_init: No ID address. App must call settings_load()[0m
[00:00:00.015,808] [0m<inf> bt_hci_core: bt_dev_show_info: Identity: C6:5F:36:95:D7:F9 (random)[0m
[00:00:00.015,838] [0m<inf> bt_hci_core: bt_dev_show_info: HCI: version 5.3 (0x0c) revision 0x11fa, manufacturer 0x0059[0m
[00:00:00.015,869] [0m<inf> bt_hci_core: bt_dev_show_info: LMP: version 5.3 (0x0c) subver 0x11fa[0m
[00:00:00.015,930] [0m<inf> remapper: switch2_flight_dump_saved: switch2_flight dump count=0 next_seq=0 wrapped=0[0m
[00:00:00.015,930] [0m<inf> remapper: main: Switch 2 console USB build: forcing Switch 2 Pro descriptor[0m
[00:00:00.017,089] [0m<inf> usb_hid: hid_do_status_cb: Device connected[0m
[00:00:00.020,202] [0m<inf> usb_hid: hid_do_status_cb: Device suspended[0m
[00:00:00.121,551] [0m<inf> usb_hid: hid_do_status_cb: Device resumed[0m
[00:00:00.121,551] [0m<inf> usb_hid: hid_do_status_cb: from suspend[0m
[00:00:00.121,612] [0m<inf> usb_hid: hid_do_status_cb: Device reset detected[0m
[00:00:00.192,932] [0m<inf> usb_hid: hid_do_status_cb: Device reset detected[0m
[00:00:00.214,416] [0m<inf> remapper: switch_pro_log_stats: switch_pro_stats enabled=0 report_q=0/0 response_q=0/0 out_q=0 out_overflows=0 ble=0 ble_drop=0 host=0 host_drop=0 set=0 translated=0 mapped=0/0 heartbeat=0/0 response=0/0 response_drop=0 rumble=0/0 fail=0 busy=0 buttons=00 00 00[0m
[1;31m--- 12 messages dropped ---
[0m[00:00:00.264,465] [1;33m<wrn> usb_hid: hid_int_ep_write: Device is not configured[0m
[1;31m--- 5 messages dropped ---
[0m[00:00:00.288,024] [1;33m<wrn> usb_hid: hid_int_ep_write: Device is not configured[0m
[1;31m--- 4 messages dropped ---
[0m[00:00:00.304,138] [1;31m<err> remapper: switch_pro_send_input_heartbeat: hid_int_ep_write(hid_dev0, switch_pro_current_input, sizeof(switch_pro_current_input), NULL) returned -11 (../src/main.cc:1508)[0m
[1;31m--- 10 messages dropped ---
[0m[00:00:00.351,074] [1;31m<err> remapper: switch_pro_send_input_heartbeat: hid_int_ep_write(hid_dev0, switch_pro_current_input, sizeof(switch_pro_current_input), NULL) returned -11 (../src/main.cc:1508)[0m
[1;31m--- 9 messages dropped ---
[0m[00:00:00.391,296] [1;33m<wrn> usb_hid: hid_int_ep_write: Device is not configured[0m
[1;31m--- 6 messages dropped ---
[0m[00:00:00.407,562] [0m<inf> remapper: switch_pro_log_stats: switch_pro_stats enabled=0 report_q=0/0 response_q=0/0 out_q=0 out_overflows=0 ble=0 ble_drop=0 host=0 host_drop=0 set=0 translated=0 mapped=0/1 heartbeat=0/23 response=0/0 response_drop=0 rumble=0/0 fail=0 busy=0 buttons=00 00 00[0m
[1;31m--- 18 messages dropped ---
[0m[00:00:00.478,820] [1;33m<wrn> usb_hid: hid_int_ep_write: Device is not configured[0m
[1;31m--- 6 messages dropped ---
[0m[00:00:00.502,075] [1;33m<wrn> usb_hid: hid_int_ep_write: Device is not configured[0m
[1;31m--- 6 messages dropped ---
[0m[00:00:00.518,127] [1;31m<err> remapper: switch_pro_send_input_heartbeat: hid_int_ep_write(hid_dev0, switch_pro_current_input, sizeof(switch_pro_current_input), NULL) returned -11 (../src/main.cc:1508)[0m
[1;31m--- 4 messages dropped ---
[0m[00:00:00.534,332] [1;31m<err> remapper: switch_pro_send_input_heartbeat: hid_int_ep_write(hid_dev0, switch_pro_current_input, sizeof(switch_pro_current_input), NULL) returned -11 (../src/main.cc:1508)[0m
[1;31m--- 9 messages dropped ---
[0m[00:00:00.566,101] [1;33m<wrn> usb_hid: hid_int_ep_write: Device is not configured[0m
[1;31m--- 8 messages dropped ---
[0m[00:00:00.598,114] [1;33m<wrn> usb_hid: hid_int_ep_write: Device is not configured[0m
[1;31m--- 2 messages dropped ---
[0m[00:00:00.614,135] [1;31m<err> remapper: switch_pro_send_input_heartbeat: hid_int_ep_write(hid_dev0, switch_pro_current_input, sizeof(switch_pro_current_input), NULL) returned -11 (../src/main.cc:1508)[0m
[1;31m--- 7 messages dropped ---
[0m[00:00:00.645,019] [1;33m<wrn> usb_hid: hid_int_ep_write: Device is not configured[0m
[1;31m--- 7 messages dropped ---
[0m[00:00:00.672,332] [0m<inf> remapper: switch_pro_log_stats: switch_pro_stats enabled=0 report_q=0/0 response_q=0/0 out_q=0 out_overflows=0 ble=0 ble_drop=0 host=0 host_drop=0 set=0 translated=0 mapped=0/1 heartbeat=0/58 response=0/0 response_drop=0 rumble=0/0 fail=0 busy=0 buttons=00 00 00[0m
[1;31m--- 7 messages dropped ---
[0m[00:00:00.693,542] [1;33m<wrn> usb_hid: hid_int_ep_write: Device is not configured[0m
[1;31m--- 12 messages dropped ---
[0m[00:00:00.733,032] [1;33m<wrn> usb_hid: hid_int_ep_write: Device is not configured[0m
[1;31m--- 4 messages dropped ---
[0m[00:00:00.749,328] [1;31m<err> remapper: switch_pro_send_input_heartbeat: hid_int_ep_write(hid_dev0, switch_pro_current_input, sizeof(switch_pro_current_input), NULL) returned -11 (../src/main.cc:1508)[0m
[1;31m--- 6 messages dropped ---
[0m[00:00:00.772,094] [1;31m<err> remapper: switch_pro_send_input_heartbeat: hid_int_ep_write(hid_dev0, switch_pro_current_input, sizeof(switch_pro_current_input), NULL) returned -11 (../src/main.cc:1508)[0m
[1;31m--- 7 messages dropped ---
[0m[00:00:00.812,072] [1;31m<err> remapper: switch_pro_send_input_heartbeat: hid_int_ep_write(hid_dev0, switch_pro_current_input, sizeof(switch_pro_current_input), NULL) returned -11 (../src/main.cc:1508)[0m
[1;31m--- 9 messages dropped ---
[0m[00:00:00.836,578] [1;33m<wrn> usb_hid: hid_int_ep_write: Device is not configured[0m
[1;31m--- 5 messages dropped ---
[0m[00:00:00.852,081] [1;33m<wrn> usb_hid: hid_int_ep_write: Device is not configured[0m
[1;31m--- 3 messages dropped ---
[0m[00:00:00.868,072] [1;33m<wrn> usb_hid: hid_int_ep_write: Device is not configured[0m
[1;31m--- 2 messages dropped ---
[0m[00:00:00.876,129] [1;31m<err> remapper: switch_pro_send_input_heartbeat: hid_int_ep_write(hid_dev0, switch_pro_current_input, sizeof(switch_pro_current_input), NULL) returned -11 (../src/main.cc:1508)[0m
[1;31m--- 11 messages dropped ---
[0m[00:00:00.931,091] [1;33m<wrn> usb_hid: hid_int_ep_write: Device is not configured[0m
[1;31m--- 2 messages dropped ---
[0m[00:00:00.931,152] [1;31m<err> remapper: switch_pro_send_input_heartbeat: hid_int_ep_write(hid_dev0, switch_pro_current_input, sizeof(switch_pro_current_input), NULL) returned -11 (../src/main.cc:1508)[0m
[1;31m--- 7 messages dropped ---
[0m[00:00:00.963,104] [1;31m<err> remapper: switch_pro_send_input_heartbeat: hid_int_ep_write(hid_dev0, switch_pro_current_input, sizeof(switch_pro_current_input), NULL) returned -11 (../src/main.cc:1508)[0m
[1;31m--- 6 messages dropped ---
[0m[00:00:00.996,124] [1;31m<err> remapper: switch_pro_send_input_heartbeat: hid_int_ep_write(hid_dev0, switch_pro_current_input, sizeof(switch_pro_current_input), NULL) returned -11 (../src/main.cc:1508)[0m
[1;31m--- 7 messages dropped ---
[0m[00:00:01.028,076] [1;33m<wrn> usb_hid: hid_int_ep_write: Device is not configured[0m
[1;31m--- 5 messages dropped ---
[0m[00:00:01.044,036] [1;33m<wrn> usb_hid: hid_int_ep_write: Device is not configured[0m
[1;31m--- 5 messages dropped ---
[0m[00:00:01.067,077] [1;31m<err> remapper: switch_pro_send_input_heartbeat: hid_int_ep_write(hid_dev0, switch_pro_current_input, sizeof(switch_pro_current_input), NULL) returned -11 (../src/main.cc:1508)[0m
[1;31m--- 9 messages dropped ---
[0m[00:00:01.099,182] [1;31m<err> remapper: switch_pro_send_input_heartbeat: hid_int_ep_write(hid_dev0, switch_pro_current_input, sizeof(switch_pro_current_input), NULL) returned -11 (../src/main.cc:1508)[0m
[1;31m--- 6 messages dropped ---
[0m[00:00:01.123,199] [1;31m<err> remapper: switch_pro_send_input_heartbeat: hid_int_ep_write(hid_dev0, switch_pro_current_input, sizeof(switch_pro_current_input), NULL) returned -11 (../src/main.cc:1508)[0m
[1;31m--- 8 messages dropped ---
[0m[00:00:01.163,146] [1;33m<wrn> usb_hid: hid_int_ep_write: Device is not configured[0m
[1;31m--- 4 messages dropped ---
[0m[00:00:01.173,309] [0m<inf> remapper: switch_pro_log_stats: switch_pro_stats enabled=0 report_q=0/0 response_q=0/0 out_q=0 out_overflows=0 ble=0 ble_drop=0 host=0 host_drop=0 set=0 translated=0 mapped=0/1 heartbeat=0/122 response=0/0 response_drop=0 rumble=0/0 fail=0 busy=0 buttons=00 00 00[0m
[1;31m--- 12 messages dropped ---
[0m[00:00:01.219,329] [1;31m<err> remapper: switch_pro_send_input_heartbeat: hid_int_ep_write(hid_dev0, switch_pro_current_input, sizeof(switch_pro_current_input), NULL) returned -11 (../src/main.cc:1508)[0m
[1;31m--- 9 messages dropped ---
[0m[00:00:01.259,124] [1;31m<err> remapper: switch_pro_send_input_heartbeat: hid_int_ep_write(hid_dev0, switch_pro_current_input, sizeof(switch_pro_current_input), NULL) returned -11 (../src/main.cc:1508)[0m
[1;31m--- 9 messages dropped ---
[0m[00:00:01.299,133] [1;31m<err> remapper: switch_pro_send_input_heartbeat: hid_int_ep_write(hid_dev0, switch_pro_current_input, sizeof(switch_pro_current_input), NULL) returned -11 (../src/main.cc:1508)[0m
[1;31m--- 9 messages dropped ---
[0m[00:00:01.339,294] [1;33m<wrn> usb_hid: hid_int_ep_write: Device is not configured[0m
[1;31m--- 3 messages dropped ---
[0m[00:00:01.355,133] [1;31m<err> remapper: switch_pro_send_input_heartbeat: hid_int_ep_write(hid_dev0, switch_pro_current_input, sizeof(switch_pro_current_input), NULL) returned -11 (../src/main.cc:1508)[0m
[1;31m--- 5 messages dropped ---
[0m[00:00:01.379,302] [1;33m<wrn> usb_hid: hid_int_ep_write: Device is not configured[0m
[1;31m--- 4 messages dropped ---
[0m[00:00:01.403,137] [1;31m<err> remapper: switch_pro_send_input_heartbeat: hid_int_ep_write(hid_dev0, switch_pro_current_input, sizeof(switch_pro_current_input), NULL) returned -11 (../src/main.cc:1508)[0m
[1;31m--- 9 messages dropped ---
[0m[00:00:01.435,333] [1;31m<err> remapper: switch_pro_send_input_heartbeat: hid_int_ep_write(hid_dev0, switch_pro_current_input, sizeof(switch_pro_current_input), NULL) returned -11 (../src/main.cc:1508)[0m
[1;31m--- 7 messages dropped ---
[0m[00:00:01.475,128] [1;31m<err> remapper: switch_pro_send_input_heartbeat: hid_int_ep_write(hid_dev0, switch_pro_current_input, sizeof(switch_pro_current_input), NULL) returned -11 (../src/main.cc:1508)[0m
[1;31m--- 9 messages dropped ---
[0m[00:00:01.507,141] [1;31m<err> remapper: switch_pro_send_input_heartbeat: hid_int_ep_write(hid_dev0, switch_pro_current_input, sizeof(switch_pro_current_input), NULL) returned -11 (../src/main.cc:1508)[0m
[1;31m--- 8 messages dropped ---
[0m[00:00:01.555,297] [1;33m<wrn> usb_hid: hid_int_ep_write: Device is not configured[0m
[1;31m--- 3 messages dropped ---
[0m[00:00:01.571,014] [1;33m<wrn> usb_hid: hid_int_ep_write: Device is not configured[0m
[1;31m--- 6 messages dropped ---
[0m[00:00:01.595,123] [1;31m<err> remapper: switch_pro_send_input_heartbeat: hid_int_ep_write(hid_dev0, switch_pro_current_input, sizeof(switch_pro_current_input), NULL) returned -11 (../src/main.cc:1508)[0m
[1;31m--- 9 messages dropped ---
[0m[00:00:01.627,136] [1;31m<err> remapper: switch_pro_send_input_heartbeat: hid_int_ep_write(hid_dev0, switch_pro_current_input, sizeof(switch_pro_current_input), NULL) returned -11 (../src/main.cc:1508)[0m
[1;31m--- 8 messages dropped ---
[0m[00:00:01.675,018] [1;33m<wrn> usb_hid: hid_int_ep_write: Device is not configured[0m
[1;31m--- 5 messages dropped ---
[0m[00:00:01.699,005] [1;33m<wrn> usb_hid: hid_int_ep_write: Device is not configured[0m
[1;31m--- 2 messages dropped ---
[0m[00:00:01.707,031] [1;33m<wrn> usb_hid: hid_int_ep_write: Device is not configured[0m
[1;31m--- 4 messages dropped ---
[0m[00:00:01.758,270] [1;33m<wrn> usb_hid: hid_int_ep_write: Device is not configured[0m
[1;31m--- 3 messages dropped ---
[0m[00:00:01.766,326] [1;31m<err> remapper: switch_pro_send_input_heartbeat: hid_int_ep_write(hid_dev0, switch_pro_current_input, sizeof(switch_pro_current_input), NULL) returned -11 (../src/main.cc:1508)[0m
[1;31m--- 8 messages dropped ---
[0m[00:00:01.806,335] [1;31m<err> remapper: switch_pro_send_input_heartbeat: hid_int_ep_write(hid_dev0, switch_pro_current_input, sizeof(switch_pro_current_input), NULL) returned -11 (../src/main.cc:1508)[0m
[1;31m--- 12 messages dropped ---
[0m[00:00:01.862,274] [1;33m<wrn> usb_hid: hid_int_ep_write: Device is not configured[0m
[1;31m--- 5 messages dropped ---
[0m[00:00:01.878,326] [1;31m<err> remapper: switch_pro_send_input_heartbeat: hid_int_ep_write(hid_dev0, switch_pro_current_input, sizeof(switch_pro_current_input), NULL) returned -11 (../src/main.cc:1508)[0m
[1;31m--- 9 messages dropped ---
[0m[00:00:01.918,304] [1;33m<wrn> usb_hid: hid_int_ep_write: Device is not configured[0m
[1;31m--- 4 messages dropped ---
[0m[00:00:01.934,326] [1;31m<err> remapper: switch_pro_send_input_heartbeat: hid_int_ep_write(hid_dev0, switch_pro_current_input, sizeof(switch_pro_current_input), NULL) returned -11 (../src/main.cc:1508)[0m
[1;31m--- 6 messages dropped ---
[0m[00:00:01.974,304] [1;33m<wrn> usb_hid: hid_int_ep_write: Device is not configured[0m
[1;31m--- 6 messages dropped ---
[0m[00:00:01.998,321] [1;31m<err> remapper: switch_pro_send_input_heartbeat: hid_int_ep_write(hid_dev0, switch_pro_current_input, sizeof(switch_pro_current_input), NULL) returned -11 (../src/main.cc:1508)[0m
[1;31m--- 9 messages dropped ---
[0m[00:00:02.030,303] [1;33m<wrn> usb_hid: hid_int_ep_write: Device is not configured[0m
[1;31m--- 5 messages dropped ---
[0m[00:00:02.062,011] [1;33m<wrn> usb_hid: hid_int_ep_write: Device is not configured[0m
[1;31m--- 5 messages dropped ---
[0m[00:00:02.078,002] [1;33m<wrn> usb_hid: hid_int_ep_write: Device is not configured[0m
[1;31m--- 4 messages dropped ---
[0m[00:00:02.102,294] [1;33m<wrn> usb_hid: hid_int_ep_write: Device is not configured[0m
[1;31m--- 3 messages dropped ---
[0m[00:00:02.110,137] [1;31m<err> remapper: switch_pro_send_input_heartbeat: hid_int_ep_write(hid_dev0, switch_pro_current_input, sizeof(switch_pro_current_input), NULL) returned -11 (../src/main.cc:1508)[0m
[1;31m--- 8 messages dropped ---
[0m[00:00:02.150,299] [1;33m<wrn> usb_hid: hid_int_ep_write: Device is not configured[0m
[00:00:02.150,329] [1;31m<err> remapper: switch_pro_send_input_heartbeat: hid_int_ep_write(hid_dev0, switch_pro_current_input, sizeof(switch_pro_current_input), NULL) returned -11 (../src/main.cc:1508)[0m
[00:00:02.158,294] [1;33m<wrn> usb_hid: hid_int_ep_write: Device is not configured[0m
[00:00:02.158,325] [1;31m<err> remapper: switch_pro_send_input_heartbeat: hid_int_ep_write(hid_dev0, switch_pro_current_input, sizeof(switch_pro_current_input), NULL) returned -11 (../src/main.cc:1508)[0m
[1;31m--- 4 messages dropped ---
[0m[00:00:02.174,316] [1;31m<err> remapper: switch_pro_send_input_heartbeat: hid_int_ep_write(hid_dev0, switch_pro_current_input, sizeof(switch_pro_current_input), NULL) returned -11 (../src/main.cc:1508)[0m
[1;31m--- 7 messages dropped ---
[0m[00:00:02.206,329] [1;31m<err> remapper: switch_pro_send_input_heartbeat: hid_int_ep_write(hid_dev0, switch_pro_current_input, sizeof(switch_pro_current_input), NULL) returned -11 (../src/main.cc:1508)[0m
[1;31m--- 8 messages dropped ---
[0m[00:00:02.254,272] [1;33m<wrn> usb_hid: hid_int_ep_write: Device is not configured[0m
[1;31m--- 4 messages dropped ---
[0m[00:00:02.262,329] [1;31m<err> remapper: switch_pro_send_input_heartbeat: hid_int_ep_write(hid_dev0, switch_pro_current_input, sizeof(switch_pro_current_input), NULL) returned -11 (../src/main.cc:1508)[0m
[1;31m--- 8 messages dropped ---
[0m[00:00:02.302,124] [1;31m<err> remapper: switch_pro_send_input_heartbeat: hid_int_ep_write(hid_dev0, switch_pro_current_input, sizeof(switch_pro_current_input), NULL) returned -11 (../src/main.cc:1508)[0m
[1;31m--- 8 messages dropped ---
[0m[00:00:02.342,132] [1;31m<err> remapper: switch_pro_send_input_heartbeat: hid_int_ep_write(hid_dev0, switch_pro_current_input, sizeof(switch_pro_current_input), NULL) returned -11 (../src/main.cc:1508)[0m
[1;31m--- 9 messages dropped ---
[0m[00:00:02.382,324] [1;31m<err> remapper: switch_pro_send_input_heartbeat: hid_int_ep_write(hid_dev0, switch_pro_current_input, sizeof(switch_pro_current_input), NULL) returned -11 (../src/main.cc:1508)[0m
[1;31m--- 9 messages dropped ---
[0m[00:00:02.414,123] [1;31m<err> remapper: switch_pro_send_input_heartbeat: hid_int_ep_write(hid_dev0, switch_pro_current_input, sizeof(switch_pro_current_input), NULL) returned -11 (../src/main.cc:1508)[0m
[1;31m--- 6 messages dropped ---
[0m[00:00:02.454,010] [1;33m<wrn> usb_hid: hid_int_ep_write: Device is not configured[0m
[1;31m--- 6 messages dropped ---
[0m[00:00:02.608,459] [1;31m<err> remapper: switch_pro_send_input_heartbeat: hid_int_ep_write(hid_dev0, switch_pro_current_input, sizeof(switch_pro_current_input), NULL) returned -11 (../src/main.cc:1508)[0m
[1;31m--- 8 messages dropped ---
[0m[00:00:02.648,040] [1;33m<wrn> usb_hid: hid_int_ep_write: Device is not configured[0m
[1;31m--- 5 messages dropped ---
[0m[00:00:02.680,328] [1;31m<err> remapper: switch_pro_send_input_heartbeat: hid_int_ep_write(hid_dev0, switch_pro_current_input, sizeof(switch_pro_current_input), NULL) returned -11 (../src/main.cc:1508)[0m
[1;31m--- 10 messages dropped ---
[0m[00:00:02.720,123] [1;31m<err> remapper: switch_pro_send_input_heartbeat: hid_int_ep_write(hid_dev0, switch_pro_current_input, sizeof(switch_pro_current_input), NULL) returned -11 (../src/main.cc:1508)[0m
[1;31m--- 8 messages dropped ---
[0m[00:00:02.752,014] [1;33m<wrn> usb_hid: hid_int_ep_write: Device is not configured[0m
[1;31m--- 5 messages dropped ---
[0m[00:00:02.784,301] [1;33m<wrn> usb_hid: hid_int_ep_write: Device is not configured[0m
[1;31m--- 4 messages dropped ---
[0m[00:00:02.792,327] [1;31m<err> remapper: switch_pro_send_input_heartbeat: hid_int_ep_write(hid_dev0, switch_pro_current_input, sizeof(switch_pro_current_input), NULL) returned -11 (../src/main.cc:1508)[0m
[1;31m--- 7 messages dropped ---
[0m[00:00:02.832,122] [1;31m<err> remapper: switch_pro_send_input_heartbeat: hid_int_ep_write(hid_dev0, switch_pro_current_input, sizeof(switch_pro_current_input), NULL) returned -11 (../src/main.cc:1508)[0m
[1;31m--- 12 messages dropped ---
[0m[00:00:02.888,000] [1;33m<wrn> usb_hid: hid_int_ep_write: Device is not configured[0m
[1;31m--- 3 messages dropped ---
[0m[00:00:02.896,301] [1;33m<wrn> usb_hid: hid_int_ep_write: Device is not configured[0m
[1;31m--- 2 messages dropped ---
[0m[00:00:02.904,327] [1;31m<err> remapper: switch_pro_send_input_heartbeat: hid_int_ep_write(hid_dev0, switch_pro_current_input, sizeof(switch_pro_current_input), NULL) returned -11 (../src/main.cc:1508)[0m
[1;31m--- 8 messages dropped ---
[0m[00:00:02.952,301] [1;33m<wrn> usb_hid: hid_int_ep_write: Device is not configured[0m
[1;31m--- 4 messages dropped ---
[0m[00:00:02.960,327] [1;31m<err> remapper: switch_pro_send_input_heartbeat: hid_int_ep_write(hid_dev0, switch_pro_current_input, sizeof(switch_pro_current_input), NULL) returned -11 (../src/main.cc:1508)[0m
[1;31m--- 9 messages dropped ---
[0m[00:00:03.000,122] [1;31m<err> remapper: switch_pro_send_input_heartbeat: hid_int_ep_write(hid_dev0, switch_pro_current_input, sizeof(switch_pro_current_input), NULL) returned -11 (../src/main.cc:1508)[0m
[1;31m--- 7 messages dropped ---
[0m[00:00:03.040,008] [1;33m<wrn> usb_hid: hid_int_ep_write: Device is not configured[0m
[1;31m--- 5 messages dropped ---
[0m[00:00:03.056,304] [1;33m<wrn> usb_hid: hid_int_ep_write: Device is not configured[0m
[1;31m--- 4 messages dropped ---
[0m[00:00:03.080,139] [1;31m<err> remapper: switch_pro_send_input_heartbeat: hid_int_ep_write(hid_dev0, switch_pro_current_input, sizeof(switch_pro_current_input), NULL) returned -11 (../src/main.cc:1508)[0m
[1;31m--- 9 messages dropped ---
[0m[00:00:03.120,300] [1;33m<wrn> usb_hid: hid_int_ep_write: Device is not configured[0m
[1;31m--- 2 messages dropped ---
[0m[00:00:03.128,356] [1;31m<err> remapper: switch_pro_send_input_heartbeat: hid_int_ep_write(hid_dev0, switch_pro_current_input, sizeof(switch_pro_current_input), NULL) returned -11 (../src/main.cc:1508)[0m
[1;31m--- 9 messages dropped ---
[0m[00:00:03.168,334] [1;31m<err> remapper: switch_pro_send_input_heartbeat: hid_int_ep_write(hid_dev0, switch_pro_current_input, sizeof(switch_pro_current_input), NULL) returned -11 (../src/main.cc:1508)[0m
[1;31m--- 7 messages dropped ---
[0m[00:00:03.200,347] [1;31m<err> remapper: switch_pro_send_input_heartbeat: hid_int_ep_write(hid_dev0, switch_pro_current_input, sizeof(switch_pro_current_input), NULL) returned -11 (../src/main.cc:1508)[0m
[1;31m--- 6 messages dropped ---
[0m[00:00:03.250,000] [1;33m<wrn> usb_hid: hid_int_ep_write: Device is not configured[0m
[1;31m--- 5 messages dropped ---
[0m[00:00:03.282,012] [1;33m<wrn> usb_hid: hid_int_ep_write: Device is not configured[0m
[1;31m--- 6 messages dropped ---
[0m[00:00:03.298,126] [1;31m<err> remapper: switch_pro_send_input_heartbeat: hid_int_ep_write(hid_dev0, switch_pro_current_input, sizeof(switch_pro_current_input), NULL) returned -11 (../src/main.cc:1508)[0m
[1;31m--- 6 messages dropped ---
[0m[00:00:03.338,012] [1;33m<wrn> usb_hid: hid_int_ep_write: Device is not configured[0m
[1;31m--- 5 messages dropped ---
[0m[00:00:03.362,274] [1;33m<wrn> usb_hid: hid_int_ep_write: Device is not configured[0m
[1;31m--- 5 messages dropped ---
[0m[00:00:03.386,016] [1;33m<wrn> usb_hid: hid_int_ep_write: Device is not configured[0m
[1;31m--- 5 messages dropped ---
[0m[00:00:03.402,130] [1;31m<err> remapper: switch_pro_send_input_heartbeat: hid_int_ep_write(hid_dev0, switch_pro_current_input, sizeof(switch_pro_current_input), NULL) returned -11 (../src/main.cc:1508)[0m
[1;31m--- 7 messages dropped ---
[0m[00:00:03.434,295] [1;33m<wrn> usb_hid: hid_int_ep_write: Device is not configured[0m
[1;31m--- 5 messages dropped ---
[0m[00:00:03.466,003] [1;33m<wrn> usb_hid: hid_int_ep_write: Device is not configured[0m
[1;31m--- 5 messages dropped ---
[0m[00:00:03.482,299] [1;33m<wrn> usb_hid: hid_int_ep_write: Device is not configured[0m
[1;31m--- 4 messages dropped ---
[0m[00:00:03.506,134] [1;31m<err> remapper: switch_pro_send_input_heartbeat: hid_int_ep_write(hid_dev0, switch_pro_current_input, sizeof(switch_pro_current_input), NULL) returned -11 (../src/main.cc:1508)[0m
[1;31m--- 9 messages dropped ---
[0m[00:00:03.546,325] [1;31m<err> remapper: switch_pro_send_input_heartbeat: hid_int_ep_write(hid_dev0, switch_pro_current_input, sizeof(switch_pro_current_input), NULL) returned -11 (../src/main.cc:1508)[0m
[1;31m--- 9 messages dropped ---
[0m[00:00:03.578,125] [1;31m<err> remapper: switch_pro_send_input_heartbeat: hid_int_ep_write(hid_dev0, switch_pro_current_input, sizeof(switch_pro_current_input), NULL) returned -11 (../src/main.cc:1508)[0m
[1;31m--- 7 messages dropped ---
[0m[00:00:03.618,347] [1;31m<err> remapper: switch_pro_send_input_heartbeat: hid_int_ep_write(hid_dev0, switch_pro_current_input, sizeof(switch_pro_current_input), NULL) returned -11 (../src/main.cc:1508)[0m
[1;31m--- 6 messages dropped ---
[0m[00:00:03.642,303] [1;33m<wrn> usb_hid: hid_int_ep_write: Device is not configured[0m
[00:00:03.642,333] [1;31m<err> remapper: switch_pro_send_input_heartbeat: hid_int_ep_write(hid_dev0, switch_pro_current_input, sizeof(switch_pro_current_input), NULL) returned -11 (../src/main.cc:1508)[0m
[1;31m--- 3 messages dropped ---
[0m[00:00:03.666,137] [1;31m<err> remapper: switch_pro_send_input_heartbeat: hid_int_ep_write(hid_dev0, switch_pro_current_input, sizeof(switch_pro_current_input), NULL) returned -11 (../src/main.cc:1508)[0m
[1;31m--- 8 messages dropped ---
[0m[00:00:03.706,298] [1;33m<wrn> usb_hid: hid_int_ep_write: Device is not configured[0m
[1;31m--- 4 messages dropped ---
[0m[00:00:03.722,015] [1;33m<wrn> usb_hid: hid_int_ep_write: Device is not configured[0m
[1;31m--- 5 messages dropped ---
[0m[00:00:03.738,342] [1;31m<err> remapper: switch_pro_send_input_heartbeat: hid_int_ep_write(hid_dev0, switch_pro_current_input, sizeof(switch_pro_current_input), NULL) returned -11 (../src/main.cc:1508)[0m
[1;31m--- 7 messages dropped ---
[0m[00:00:03.778,137] [1;31m<err> remapper: switch_pro_send_input_heartbeat: hid_int_ep_write(hid_dev0, switch_pro_current_input, sizeof(switch_pro_current_input), NULL) returned -11 (../src/main.cc:1508)[0m
[1;31m--- 10 messages dropped ---
[0m[00:00:03.818,298] [1;33m<wrn> usb_hid: hid_int_ep_write: Device is not configured[0m
[1;31m--- 3 messages dropped ---
[0m[00:00:03.842,010] [1;33m<wrn> usb_hid: hid_int_ep_write: Device is not configured[0m
[1;31m--- 6 messages dropped ---
[0m[00:00:03.858,337] [1;31m<err> remapper: switch_pro_send_input_heartbeat: hid_int_ep_write(hid_dev0, switch_pro_current_input, sizeof(switch_pro_current_input), NULL) returned -11 (../src/main.cc:1508)[0m
[1;31m--- 7 messages dropped ---
[0m[00:00:03.898,132] [1;31m<err> remapper: switch_pro_send_input_heartbeat: hid_int_ep_write(hid_dev0, switch_pro_current_input, sizeof(switch_pro_current_input), NULL) returned -11 (../src/main.cc:1508)[0m
[1;31m--- 9 messages dropped ---
[0m[00:00:03.938,323] [1;31m<err> remapper: switch_pro_send_input_heartbeat: hid_int_ep_write(hid_dev0, switch_pro_current_input, sizeof(switch_pro_current_input), NULL) returned -11 (../src/main.cc:1508)[0m
[1;31m--- 9 messages dropped ---
[0m[00:00:04.014,282] [1;31m<err> remapper: switch_pro_send_input_heartbeat: hid_int_ep_write(hid_dev0, switch_pro_current_input, sizeof(switch_pro_current_input), NULL) returned -11 (../src/main.cc:1508)[0m
[1;31m--- 6 messages dropped ---
[0m[00:00:04.038,330] [1;31m<err> remapper: switch_pro_send_input_heartbeat: hid_int_ep_write(hid_dev0, switch_pro_current_input, sizeof(switch_pro_current_input), NULL) returned -11 (../src/main.cc:1508)[0m
[1;31m--- 8 messages dropped ---
[0m[00:00:04.086,273] [1;33m<wrn> usb_hid: hid_int_ep_write: Device is not configured[0m
[1;31m--- 5 messages dropped ---
[0m[00:00:04.110,015] [1;33m<wrn> usb_hid: hid_int_ep_write: Device is not configured[0m
[1;31m--- 2 messages dropped ---
[0m[00:00:04.118,011] [1;33m<wrn> usb_hid: hid_int_ep_write: Device is not configured[0m
[1;31m--- 5 messages dropped ---
[0m[00:00:04.142,333] [1;31m<err> remapper: switch_pro_send_input_heartbeat: hid_int_ep_write(hid_dev0, switch_pro_current_input, sizeof(switch_pro_current_input), NULL) returned -11 (../src/main.cc:1508)[0m
[1;31m--- 9 messages dropped ---
[0m[00:00:04.174,255] [1;33m<wrn> usb_hid: hid_int_ep_write: Device is not configured[0m
[1;31m--- 1 messages dropped ---
[0m[00:00:04.190,002] [1;33m<wrn> usb_hid: hid_int_ep_write: Device is not configured[0m
[1;31m--- 6 messages dropped ---
[0m[00:00:04.206,329] [1;31m<err> remapper: switch_pro_send_input_heartbeat: hid_int_ep_write(hid_dev0, switch_pro_current_input, sizeof(switch_pro_current_input), NULL) returned -11 (../src/main.cc:1508)[0m
[1;31m--- 6 messages dropped ---
[0m[00:00:04.246,002] [1;33m<wrn> usb_hid: hid_int_ep_write: Device is not configured[0m
[1;31m--- 5 messages dropped ---
[0m[00:00:04.270,294] [1;33m<wrn> usb_hid: hid_int_ep_write: Device is not configured[0m
[1;31m--- 4 messages dropped ---
[0m[00:00:04.286,163] [1;31m<err> remapper: switch_pro_send_input_heartbeat: hid_int_ep_write(hid_dev0, switch_pro_current_input, sizeof(switch_pro_current_input), NULL) returned -11 (../src/main.cc:1508)[0m
[1;31m--- 9 messages dropped ---
[0m[00:00:04.326,324] [1;31m<err> remapper: switch_pro_send_input_heartbeat: hid_int_ep_write(hid_dev0, switch_pro_current_input, sizeof(switch_pro_current_input), NULL) returned -11 (../src/main.cc:1508)[0m
[1;31m--- 9 messages dropped ---
[0m[00:00:04.366,333] [1;31m<err> remapper: switch_pro_send_input_heartbeat: hid_int_ep_write(hid_dev0, switch_pro_current_input, sizeof(switch_pro_current_input), NULL) returned -11 (../src/main.cc:1508)[0m
[1;31m--- 3 messages dropped ---
[0m[00:00:04.374,328] [1;31m<err> remapper: switch_pro_send_input_heartbeat: hid_int_ep_write(hid_dev0, switch_pro_current_input, sizeof(switch_pro_current_input), NULL) returned -11 (../src/main.cc:1508)[0m
[00:00:04.382,293] [1;33m<wrn> usb_hid: hid_int_ep_write: Device is not configured[0m
[00:00:04.382,324] [1;31m<err> remapper: switch_pro_send_input_heartbeat: hid_int_ep_write(hid_dev0, switch_pro_current_input, sizeof(switch_pro_current_input), NULL) returned -11 (../src/main.cc:1508)[0m
[00:00:04.390,014] [1;33m<wrn> usb_hid: hid_int_ep_write: Device is not configured[0m
[00:00:04.390,136] [1;31m<err> remapper: switch_pro_send_input_heartbeat: hid_int_ep_write(hid_dev0, switch_pro_current_input, sizeof(switch_pro_current_input), NULL) returned -11 (../src/main.cc:1508)[0m
[1;31m--- 6 messages dropped ---
[0m[00:00:04.422,271] [1;33m<wrn> usb_hid: hid_int_ep_write: Device is not configured[0m
[1;31m--- 4 messages dropped ---
[0m[00:00:04.446,136] [1;31m<err> remapper: switch_pro_send_input_heartbeat: hid_int_ep_write(hid_dev0, switch_pro_current_input, sizeof(switch_pro_current_input), NULL) returned -11 (../src/main.cc:1508)[0m
[1;31m--- 8 messages dropped ---
[0m[00:00:04.478,302] [1;33m<wrn> usb_hid: hid_int_ep_write: Device is not configured[0m
[1;31m--- 4 messages dropped ---
[0m[00:00:04.502,014] [1;33m<wrn> usb_hid: hid_int_ep_write: Device is not configured[0m
[1;31m--- 5 messages dropped ---
[0m[00:00:04.526,123] [1;31m<err> remapper: switch_pro_send_input_heartbeat: hid_int_ep_write(hid_dev0, switch_pro_current_input, sizeof(switch_pro_current_input), NULL) returned -11 (../src/main.cc:1508)[0m
[1;31m--- 8 messages dropped ---
[0m[00:00:04.558,013] [1;33m<wrn> usb_hid: hid_int_ep_write: Device is not configured[0m
[1;31m--- 4 messages dropped ---
[0m[00:00:04.582,122] [1;31m<err> remapper: switch_pro_send_input_heartbeat: hid_int_ep_write(hid_dev0, switch_pro_current_input, sizeof(switch_pro_current_input), NULL) returned -11 (../src/main.cc:1508)[0m
[1;31m--- 9 messages dropped ---
[0m[00:00:04.614,135] [1;31m<err> remapper: switch_pro_send_input_heartbeat: hid_int_ep_write(hid_dev0, switch_pro_current_input, sizeof(switch_pro_current_input), NULL) returned -11 (../src/main.cc:1508)[0m
[1;31m--- 6 messages dropped ---
[0m[00:00:04.654,296] [1;33m<wrn> usb_hid: hid_int_ep_write: Device is not configured[0m
[1;31m--- 5 messages dropped ---
[0m[00:00:04.694,000] [1;33m<wrn> usb_hid: hid_int_ep_write: Device is not configured[0m
[1;31m--- 8 messages dropped ---
[0m[00:00:04.710,296] [1;33m<wrn> usb_hid: hid_int_ep_write: Device is not configured[0m
[1;31m--- 5 messages dropped ---
[0m[00:00:04.904,296] [1;33m<wrn> usb_hid: hid_int_ep_write: Device is not configured[0m
[1;31m--- 3 messages dropped ---
[0m[00:00:04.920,135] [1;31m<err> remapper: switch_pro_send_input_heartbeat: hid_int_ep_write(hid_dev0, switch_pro_current_input, sizeof(switch_pro_current_input), NULL) returned -11 (../src/main.cc:1508)[0m
[1;31m--- 8 messages dropped ---
[0m[00:00:04.960,296] [1;33m<wrn> usb_hid: hid_int_ep_write: Device is not configured[0m
[1;31m--- 6 messages dropped ---
[0m[00:00:04.976,135] [1;31m<err> remapper: switch_pro_send_input_heartbeat: hid_int_ep_write(hid_dev0, switch_pro_current_input, sizeof(switch_pro_current_input), NULL) returned -11 (../src/main.cc:1508)[0m
[1;31m--- 7 messages dropped ---
[0m[00:00:05.016,510] [1;31m<err> remapper: switch_pro_send_input_heartbeat: hid_int_ep_write(hid_dev0, switch_pro_current_input, sizeof(switch_pro_current_input), NULL) returned -11 (../src/main.cc:1508)[0m
[1;31m--- 9 messages dropped ---
[0m[00:00:05.056,274] [1;33m<wrn> usb_hid: hid_int_ep_write: Device is not configured[0m
[1;31m--- 5 messages dropped ---
[0m[00:00:05.072,296] [1;33m<wrn> usb_hid: hid_int_ep_write: Device is not configured[0m
[1;31m--- 3 messages dropped ---
[0m[00:00:05.096,008] [1;33m<wrn> usb_hid: hid_int_ep_write: Device is not configured[0m
[1;31m--- 6 messages dropped ---
[0m[00:00:05.112,335] [1;31m<err> remapper: switch_pro_send_input_heartbeat: hid_int_ep_write(hid_dev0, switch_pro_current_input, sizeof(switch_pro_current_input), NULL) returned -11 (../src/main.cc:1508)[0m
[1;31m--- 7 messages dropped ---
[0m[00:00:05.144,134] [1;31m<err> remapper: switch_pro_send_input_heartbeat: hid_int_ep_write(hid_dev0, switch_pro_current_input, sizeof(switch_pro_current_input), NULL) returned -11 (../src/main.cc:1508)[0m
[00:00:05.152,008] [1;33m<wrn> usb_hid: hid_int_ep_write: Device is not configured[0m
[00:00:05.152,130] [1;31m<err> remapper: switch_pro_send_input_heartbeat: hid_int_ep_write(hid_dev0, switch_pro_current_input, sizeof(switch_pro_current_input), NULL) returned -11 (../src/main.cc:1508)[0m
[1;31m--- 3 messages dropped ---
[0m[00:00:05.176,300] [1;33m<wrn> usb_hid: hid_int_ep_write: Device is not configured[0m
[1;31m--- 4 messages dropped ---
[0m[00:00:05.192,016] [1;33m<wrn> usb_hid: hid_int_ep_write: Device is not configured[0m
[1;31m--- 3 messages dropped ---
[0m[00:00:05.200,134] [1;31m<err> remapper: switch_pro_send_input_heartbeat: hid_int_ep_write(hid_dev0, switch_pro_current_input, sizeof(switch_pro_current_input), NULL) returned -11 (../src/main.cc:1508)[0m
[1;31m--- 7 messages dropped ---
[0m[00:00:05.240,295] [1;33m<wrn> usb_hid: hid_int_ep_write: Device is not configured[0m
[1;31m--- 5 messages dropped ---
[0m[00:00:05.256,134] [1;31m<err> remapper: switch_pro_send_input_heartbeat: hid_int_ep_write(hid_dev0, switch_pro_current_input, sizeof(switch_pro_current_input), NULL) returned -11 (../src/main.cc:1508)[0m
[1;31m--- 8 messages dropped ---
[0m[00:00:05.296,020] [1;33m<wrn> usb_hid: hid_int_ep_write: Device is not configured[0m
[1;31m--- 4 messages dropped ---
[0m[00:00:05.320,129] [1;31m<err> remapper: switch_pro_send_input_heartbeat: hid_int_ep_write(hid_dev0, switch_pro_current_input, sizeof(switch_pro_current_input), NULL) returned -11 (../src/main.cc:1508)[0m
[1;31m--- 8 messages dropped ---
[0m[00:00:05.352,294] [1;33m<wrn> usb_hid: hid_int_ep_write: Device is not configured[0m
[1;31m--- 5 messages dropped ---
[0m[00:00:05.376,007] [1;33m<wrn> usb_hid: hid_int_ep_write: Device is not configured[0m
[1;31m--- 3 messages dropped ---
[0m[00:00:05.392,303] [1;33m<wrn> usb_hid: hid_int_ep_write: Device is not configured[0m
[1;31m--- 5 messages dropped ---
[0m[00:00:05.416,137] [1;31m<err> remapper: switch_pro_send_input_heartbeat: hid_int_ep_write(hid_dev0, switch_pro_current_input, sizeof(switch_pro_current_input), NULL) returned -11 (../src/main.cc:1508)[0m
[1;31m--- 7 messages dropped ---
[0m[00:00:05.456,298] [1;33m<wrn> usb_hid: hid_int_ep_write: Device is not configured[0m
[1;31m--- 5 messages dropped ---
[0m[00:00:05.522,003] [1;33m<wrn> usb_hid: hid_int_ep_write: Device is not configured[0m
[1;31m--- 4 messages dropped ---
[0m[00:00:05.546,325] [1;31m<err> remapper: switch_pro_send_input_heartbeat: hid_int_ep_write(hid_dev0, switch_pro_current_input, sizeof(switch_pro_current_input), NULL) returned -11 (../src/main.cc:1508)[0m
[1;31m--- 8 messages dropped ---
[0m[00:00:05.578,002] [1;33m<wrn> usb_hid: hid_int_ep_write: Device is not configured[0m
[1;31m--- 3 messages dropped ---
[0m[00:00:05.602,294] [1;33m<wrn> usb_hid: hid_int_ep_write: Device is not configured[0m
[1;31m--- 7 messages dropped ---
[0m[00:00:05.626,007] [1;33m<wrn> usb_hid: hid_int_ep_write: Device is not configured[0m
[1;31m--- 2 messages dropped ---
[0m[00:00:05.642,303] [1;33m<wrn> usb_hid: hid_int_ep_write: Device is not configured[0m
[1;31m--- 5 messages dropped ---
[0m[00:00:05.658,325] [1;31m<err> remapper: switch_pro_send_input_heartbeat: hid_int_ep_write(hid_dev0, switch_pro_current_input, sizeof(switch_pro_current_input), NULL) returned -11 (../src/main.cc:1508)[0m
[1;31m--- 9 messages dropped ---
[0m[00:00:05.706,329] [1;31m<err> remapper: switch_pro_send_input_heartbeat: hid_int_ep_write(hid_dev0, switch_pro_current_input, sizeof(switch_pro_current_input), NULL) returned -11 (../src/main.cc:1508)[0m
[1;31m--- 9 messages dropped ---
[0m[00:00:05.746,124] [1;31m<err> remapper: switch_pro_send_input_heartbeat: hid_int_ep_write(hid_dev0, switch_pro_current_input, sizeof(switch_pro_current_input), NULL) returned -11 (../src/main.cc:1508)[0m
[1;31m--- 8 messages dropped ---
[0m[00:00:05.786,010] [1;33m<wrn> usb_hid: hid_int_ep_write: Device is not configured[0m
[1;31m--- 5 messages dropped ---
[0m[00:00:05.802,124] [1;31m<err> remapper: switch_pro_send_input_heartbeat: hid_int_ep_write(hid_dev0, switch_pro_current_input, sizeof(switch_pro_current_input), NULL) returned -11 (../src/main.cc:1508)[0m
[1;31m--- 9 messages dropped ---
[0m[00:00:05.842,010] [1;33m<wrn> usb_hid: hid_int_ep_write: Device is not configured[0m
[1;31m--- 7 messages dropped ---
[0m[00:00:05.874,298] [1;33m<wrn> usb_hid: hid_int_ep_write: Device is not configured[0m
[1;31m--- 2 messages dropped ---
[0m[00:00:05.890,136] [1;31m<err> remapper: switch_pro_send_input_heartbeat: hid_int_ep_write(hid_dev0, switch_pro_current_input, sizeof(switch_pro_current_input), NULL) returned -11 (../src/main.cc:1508)[0m
[1;31m--- 6 messages dropped ---
[0m[00:00:05.914,001] [1;33m<wrn> usb_hid: hid_int_ep_write: Device is not configured[0m
[1;31m--- 4 messages dropped ---
[0m[00:00:05.938,293] [1;33m<wrn> usb_hid: hid_int_ep_write: Device is not configured[0m
[1;31m--- 5 messages dropped ---
[0m[00:00:05.954,132] [1;31m<err> remapper: switch_pro_send_input_heartbeat: hid_int_ep_write(hid_dev0, switch_pro_current_input, sizeof(switch_pro_current_input), NULL) returned -11 (../src/main.cc:1508)[0m
[1;31m--- 6 messages dropped ---
[0m[00:00:05.994,293] [1;33m<wrn> usb_hid: hid_int_ep_write: Device is not configured[0m
[1;31m--- 5 messages dropped ---
[0m[00:00:06.018,280] [1;33m<wrn> usb_hid: hid_int_ep_write: Device is not configured[0m
[1;31m--- 4 messages dropped ---
[0m[00:00:06.034,271] [1;33m<wrn> usb_hid: hid_int_ep_write: Device is not configured[0m
[1;31m--- 3 messages dropped ---
[0m[00:00:06.050,018] [1;33m<wrn> usb_hid: hid_int_ep_write: Device is not configured[0m
[1;31m--- 5 messages dropped ---
[0m[00:00:06.074,035] [1;33m<wrn> usb_hid: hid_int_ep_write: Device is not configured[0m
[1;31m--- 4 messages dropped ---
[0m[00:00:06.090,332] [1;31m<err> remapper: switch_pro_send_input_heartbeat: hid_int_ep_write(hid_dev0, switch_pro_current_input, sizeof(switch_pro_current_input), NULL) returned -11 (../src/main.cc:1508)[0m
[1;31m--- 10 messages dropped ---
[0m[00:00:06.130,004] [1;33m<wrn> usb_hid: hid_int_ep_write: Device is not configured[0m
[1;31m--- 2 messages dropped ---
[0m[00:00:06.146,331] [1;31m<err> remapper: switch_pro_send_input_heartbeat: hid_int_ep_write(hid_dev0, switch_pro_current_input, sizeof(switch_pro_current_input), NULL) returned -11 (../src/main.cc:1508)[0m
[1;31m--- 9 messages dropped ---
[0m[00:00:06.178,009] [1;33m<wrn> usb_hid: hid_int_ep_write: Device is not configured[0m
[1;31m--- 2 messages dropped ---
[0m[00:00:06.194,000] [1;33m<wrn> usb_hid: hid_int_ep_write: Device is not configured[0m
[1;31m--- 4 messages dropped ---
[0m[00:00:06.210,296] [1;33m<wrn> usb_hid: hid_int_ep_write: Device is not configured[0m
[1;31m--- 4 messages dropped ---
[0m[00:00:06.258,270] [1;33m<wrn> usb_hid: hid_int_ep_write: Device is not configured[0m
[1;31m--- 5 messages dropped ---
[0m[00:00:06.274,139] [1;31m<err> remapper: switch_pro_send_input_heartbeat: hid_int_ep_write(hid_dev0, switch_pro_current_input, sizeof(switch_pro_current_input), NULL) returned -11 (../src/main.cc:1508)[0m
[1;31m--- 4 messages dropped ---
[0m[00:00:06.306,274] [1;33m<wrn> usb_hid: hid_int_ep_write: Device is not configured[0m
[1;31m--- 7 messages dropped ---
[0m[00:00:06.338,012] [1;33m<wrn> usb_hid: hid_int_ep_write: Device is not configured[0m
[1;31m--- 2 messages dropped ---
[0m[00:00:06.346,008] [1;33m<wrn> usb_hid: hid_int_ep_write: Device is not configured[0m
[1;31m--- 4 messages dropped ---
[0m[00:00:06.362,274] [1;33m<wrn> usb_hid: hid_int_ep_write: Device is not configured[0m
[1;31m--- 3 messages dropped ---
[0m[00:00:06.386,016] [1;33m<wrn> usb_hid: hid_int_ep_write: Device is not configured[0m
[1;31m--- 5 messages dropped ---
[0m[00:00:06.402,008] [1;33m<wrn> usb_hid: hid_int_ep_write: Device is not configured[0m
[1;31m--- 4 messages dropped ---
[0m[00:00:06.426,300] [1;33m<wrn> usb_hid: hid_int_ep_write: Device is not configured[0m
[1;31m--- 3 messages dropped ---
[0m[00:00:06.434,326] [1;31m<err> remapper: switch_pro_send_input_heartbeat: hid_int_ep_write(hid_dev0, switch_pro_current_input, sizeof(switch_pro_current_input), NULL) returned -11 (../src/main.cc:1508)[0m
[1;31m--- 8 messages dropped ---
[0m[00:00:06.482,299] [1;33m<wrn> usb_hid: hid_int_ep_write: Device is not configured[0m
[1;31m--- 4 messages dropped ---
[0m[00:00:06.498,321] [1;31m<err> remapper: switch_pro_send_input_heartbeat: hid_int_ep_write(hid_dev0, switch_pro_current_input, sizeof(switch_pro_current_input), NULL) returned -11 (../src/main.cc:1508)[0m
[1;31m--- 9 messages dropped ---
[0m[00:00:06.530,334] [1;31m<err> remapper: switch_pro_send_input_heartbeat: hid_int_ep_write(hid_dev0, switch_pro_current_input, sizeof(switch_pro_current_input), NULL) returned -11 (../src/main.cc:1508)[0m
[1;31m--- 7 messages dropped ---
[0m[00:00:06.570,007] [1;33m<wrn> usb_hid: hid_int_ep_write: Device is not configured[0m
[1;31m--- 5 messages dropped ---
[0m[00:00:06.594,299] [1;33m<wrn> usb_hid: hid_int_ep_write: Device is not configured[0m
[1;31m--- 4 messages dropped ---
[0m[00:00:06.610,015] [1;33m<wrn> usb_hid: hid_int_ep_write: Device is not configured[0m
[1;31m--- 5 messages dropped ---
[0m[00:00:06.634,002] [1;33m<wrn> usb_hid: hid_int_ep_write: Device is not configured[0m
[00:00:06.634,124] [1;31m<err> remapper: switch_pro_send_input_heartbeat: hid_int_ep_write(hid_dev0, switch_pro_current_input, sizeof(switch_pro_current_input), NULL) returned -11 (../src/main.cc:1508)[0m
[00:00:06.642,303] [1;33m<wrn> usb_hid: hid_int_ep_write: Device is not configured[0m
[00:00:06.642,333] [1;31m<err> remapper: switch_pro_send_input_heartbeat: hid_int_ep_write(hid_dev0, switch_pro_current_input, sizeof(switch_pro_current_input), NULL) returned -11 (../src/main.cc:1508)[0m
[1;31m--- 6 messages dropped ---
[0m[00:00:06.682,006] [1;33m<wrn> usb_hid: hid_int_ep_write: Device is not configured[0m
[1;31m--- 4 messages dropped ---
[0m[00:00:06.698,303] [1;33m<wrn> usb_hid: hid_int_ep_write: Device is not configured[0m
[1;31m--- 7 messages dropped ---
[0m[00:00:06.730,133] [1;31m<err> remapper: switch_pro_send_input_heartbeat: hid_int_ep_write(hid_dev0, switch_pro_current_input, sizeof(switch_pro_current_input), NULL) returned -11 (../src/main.cc:1508)[0m
[1;31m--- 9 messages dropped ---
[0m[00:00:06.762,329] [1;31m<err> remapper: switch_pro_send_input_heartbeat: hid_int_ep_write(hid_dev0, switch_pro_current_input, sizeof(switch_pro_current_input), NULL) returned -11 (../src/main.cc:1508)[0m
[1;31m--- 6 messages dropped ---
[0m[00:00:06.802,001] [1;33m<wrn> usb_hid: hid_int_ep_write: Device is not configured[0m
[1;31m--- 6 messages dropped ---
[0m[00:00:06.826,293] [1;33m<wrn> usb_hid: hid_int_ep_write: Device is not configured[0m
[1;31m--- 4 messages dropped ---
[0m[00:00:06.842,010] [1;33m<wrn> usb_hid: hid_int_ep_write: Device is not configured[0m
[1;31m--- 4 messages dropped ---
[0m[00:00:06.866,333] [1;31m<err> remapper: switch_pro_send_input_heartbeat: hid_int_ep_write(hid_dev0, switch_pro_current_input, sizeof(switch_pro_current_input), NULL) returned -11 (../src/main.cc:1508)[0m
[1;31m--- 9 messages dropped ---
[0m[00:00:06.898,132] [1;31m<err> remapper: switch_pro_send_input_heartbeat: hid_int_ep_write(hid_dev0, switch_pro_current_input, sizeof(switch_pro_current_input), NULL) returned -11 (../src/main.cc:1508)[0m
[1;31m--- 8 messages dropped ---
[0m[00:00:06.938,354] [1;31m<err> remapper: switch_pro_send_input_heartbeat: hid_int_ep_write(hid_dev0, switch_pro_current_input, sizeof(switch_pro_current_input), NULL) returned -11 (../src/main.cc:1508)[0m
[1;31m--- 8 messages dropped ---
[0m[00:00:07.116,271] [1;33m<wrn> usb_hid: hid_int_ep_write: Device is not configured[0m
[1;31m--- 4 messages dropped ---
[0m[00:00:07.124,328] [1;31m<err> remapper: switch_pro_send_input_heartbeat: hid_int_ep_write(hid_dev0, switch_pro_current_input, sizeof(switch_pro_current_input), NULL) returned -11 (../src/main.cc:1508)[0m
[1;31m--- 7 messages dropped ---
[0m[00:00:07.164,123] [1;31m<err> remapper: switch_pro_send_input_heartbeat: hid_int_ep_write(hid_dev0, switch_pro_current_input, sizeof(switch_pro_current_input), NULL) returned -11 (../src/main.cc:1508)[0m
[1;31m--- 7 messages dropped ---
[0m[00:00:07.188,354] [1;31m<err> remapper: switch_pro_send_input_heartbeat: hid_int_ep_write(hid_dev0, switch_pro_current_input, sizeof(switch_pro_current_input), NULL) returned -11 (../src/main.cc:1508)[0m
[1;31m--- 8 messages dropped ---
[0m[00:00:07.228,332] [1;31m<err> remapper: switch_pro_send_input_heartbeat: hid_int_ep_write(hid_dev0, switch_pro_current_input, sizeof(switch_pro_current_input), NULL) returned -11 (../src/main.cc:1508)[0m
[1;31m--- 9 messages dropped ---
[0m[00:00:07.260,131] [1;31m<err> remapper: switch_pro_send_input_heartbeat: hid_int_ep_write(hid_dev0, switch_pro_current_input, sizeof(switch_pro_current_input), NULL) returned -11 (../src/main.cc:1508)[0m
[1;31m--- 8 messages dropped ---
[0m[00:00:07.300,140] [1;31m<err> remapper: switch_pro_send_input_heartbeat: hid_int_ep_write(hid_dev0, switch_pro_current_input, sizeof(switch_pro_current_input), NULL) returned -11 (../src/main.cc:1508)[0m
[1;31m--- 7 messages dropped ---
[0m[00:00:07.340,301] [1;33m<wrn> usb_hid: hid_int_ep_write: Device is not configured[0m
[1;31m--- 5 messages dropped ---
[0m[00:00:07.356,048] [1;33m<wrn> usb_hid: hid_int_ep_write: Device is not configured[0m
[1;31m--- 5 messages dropped ---
[0m[00:00:07.380,004] [1;33m<wrn> usb_hid: hid_int_ep_write: Device is not configured[0m
[00:00:07.380,126] [1;31m<err> remapper: switch_pro_send_input_heartbeat: hid_int_ep_write(hid_dev0, switch_pro_current_input, sizeof(switch_pro_current_input), NULL) returned -11 (../src/main.cc:1508)[0m
[1;31m--- 6 messages dropped ---
[0m[00:00:07.420,013] [1;33m<wrn> usb_hid: hid_int_ep_write: Device is not configured[0m
[1;31m--- 5 messages dropped ---
[0m[00:00:07.436,004] [1;33m<wrn> usb_hid: hid_int_ep_write: Device is not configured[0m
[1;31m--- 3 messages dropped ---
[0m[00:00:07.460,296] [1;33m<wrn> usb_hid: hid_int_ep_write: Device is not configured[0m
[1;31m--- 7 messages dropped ---
[0m[00:00:07.484,008] [1;33m<wrn> usb_hid: hid_int_ep_write: Device is not configured[0m
[1;31m--- 2 messages dropped ---
[0m[00:00:07.500,000] [1;33m<wrn> usb_hid: hid_int_ep_write: Device is not configured[0m
[1;31m--- 4 messages dropped ---
[0m[00:00:07.524,017] [1;33m<wrn> usb_hid: hid_int_ep_write: Device is not configured[0m
[1;31m--- 4 messages dropped ---
[0m[00:00:07.540,130] [1;31m<err> remapper: switch_pro_send_input_heartbeat: hid_int_ep_write(hid_dev0, switch_pro_current_input, sizeof(switch_pro_current_input), NULL) returned -11 (../src/main.cc:1508)[0m
[1;31m--- 9 messages dropped ---
[0m[00:00:07.572,326] [1;31m<err> remapper: switch_pro_send_input_heartbeat: hid_int_ep_write(hid_dev0, switch_pro_current_input, sizeof(switch_pro_current_input), NULL) returned -11 (../src/main.cc:1508)[0m
[1;31m--- 7 messages dropped ---
[0m[00:00:07.612,335] [1;31m<err> remapper: switch_pro_send_input_heartbeat: hid_int_ep_write(hid_dev0, switch_pro_current_input, sizeof(switch_pro_current_input), NULL) returned -11 (../src/main.cc:1508)[0m
[1;31m--- 9 messages dropped ---
[0m[00:00:07.652,130] [1;31m<err> remapper: switch_pro_send_input_heartbeat: hid_int_ep_write(hid_dev0, switch_pro_current_input, sizeof(switch_pro_current_input), NULL) returned -11 (../src/main.cc:1508)[0m
[1;31m--- 9 messages dropped ---
[0m[00:00:07.692,138] [1;31m<err> remapper: switch_pro_send_input_heartbeat: hid_int_ep_write(hid_dev0, switch_pro_current_input, sizeof(switch_pro_current_input), NULL) returned -11 (../src/main.cc:1508)[0m
[1;31m--- 7 messages dropped ---
[0m[00:00:07.742,187] [1;31m<err> remapper: switch_pro_send_input_heartbeat: hid_int_ep_write(hid_dev0, switch_pro_current_input, sizeof(switch_pro_current_input), NULL) returned -11 (../src/main.cc:1508)[0m
[1;31m--- 8 messages dropped ---
[0m[00:00:07.790,008] [1;33m<wrn> usb_hid: hid_int_ep_write: Device is not configured[0m
[1;31m--- 5 messages dropped ---
[0m[00:00:07.814,300] [1;33m<wrn> usb_hid: hid_int_ep_write: Device is not configured[0m
[1;31m--- 5 messages dropped ---
[0m[00:00:07.830,017] [1;33m<wrn> usb_hid: hid_int_ep_write: Device is not configured[0m
[1;31m--- 7 messages dropped ---
[0m[00:00:07.862,304] [1;33m<wrn> usb_hid: hid_int_ep_write: Device is not configured[0m
[1;31m--- 4 messages dropped ---
[0m[00:00:07.878,326] [1;31m<err> remapper: switch_pro_send_input_heartbeat: hid_int_ep_write(hid_dev0, switch_pro_current_input, sizeof(switch_pro_current_input), NULL) returned -11 (../src/main.cc:1508)[0m
[1;31m--- 6 messages dropped ---
[0m[00:00:07.918,273] [1;33m<wrn> usb_hid: hid_int_ep_write: Device is not configured[0m
[1;31m--- 5 messages dropped ---
[0m[00:00:07.942,016] [1;33m<wrn> usb_hid: hid_int_ep_write: Device is not configured[0m
[1;31m--- 5 messages dropped ---
[0m[00:00:07.966,003] [1;33m<wrn> usb_hid: hid_int_ep_write: Device is not configured[0m
[1;31m--- 4 messages dropped ---
[0m[00:00:07.974,334] [1;31m<err> remapper: switch_pro_send_input_heartbeat: hid_int_ep_write(hid_dev0, switch_pro_current_input, sizeof(switch_pro_current_input), NULL) returned -11 (../src/main.cc:1508)[0m
[1;31m--- 9 messages dropped ---
[0m[00:00:08.014,129] [1;31m<err> remapper: switch_pro_send_input_heartbeat: hid_int_ep_write(hid_dev0, switch_pro_current_input, sizeof(switch_pro_current_input), NULL) returned -11 (../src/main.cc:1508)[0m
[1;31m--- 8 messages dropped ---
[0m[00:00:08.054,138] [1;31m<err> remapper: switch_pro_send_input_heartbeat: hid_int_ep_write(hid_dev0, switch_pro_current_input, sizeof(switch_pro_current_input), NULL) returned -11 (../src/main.cc:1508)[0m
[1;31m--- 8 messages dropped ---
[0m[00:00:08.094,329] [1;31m<err> remapper: switch_pro_send_input_heartbeat: hid_int_ep_write(hid_dev0, switch_pro_current_input, sizeof(switch_pro_current_input), NULL) returned -11 (../src/main.cc:1508)[0m
[1;31m--- 9 messages dropped ---
[0m[00:00:08.134,002] [1;33m<wrn> usb_hid: hid_int_ep_write: Device is not configured[0m
[1;31m--- 5 messages dropped ---
[0m[00:00:08.150,299] [1;33m<wrn> usb_hid: hid_int_ep_write: Device is not configured[0m
[00:00:08.150,329] [1;31m<err> remapper: switch_pro_send_input_heartbeat: hid_int_ep_write(hid_dev0, switch_pro_current_input, sizeof(switch_pro_current_input), NULL) returned -11 (../src/main.cc:1508)[0m
[00:00:08.158,294] [1;33m<wrn> usb_hid: hid_int_ep_write: Device is not configured[0m
[00:00:08.158,325] [1;31m<err> remapper: switch_pro_send_input_heartbeat: hid_int_ep_write(hid_dev0, switch_pro_current_input, sizeof(switch_pro_current_input), NULL) returned -11 (../src/main.cc:1508)[0m
[1;31m--- 4 messages dropped ---
[0m[00:00:08.182,128] [1;31m<err> remapper: switch_pro_send_input_heartbeat: hid_int_ep_write(hid_dev0, switch_pro_current_input, sizeof(switch_pro_current_input), NULL) returned -11 (../src/main.cc:1508)[0m
[1;31m--- 8 messages dropped ---
[0m[00:00:08.222,015] [1;33m<wrn> usb_hid: hid_int_ep_write: Device is not configured[0m
[1;31m--- 7 messages dropped ---
[0m[00:00:08.246,002] [1;33m<wrn> usb_hid: hid_int_ep_write: Device is not configured[0m
[1;31m--- 3 messages dropped ---
[0m[00:00:08.270,294] [1;33m<wrn> usb_hid: hid_int_ep_write: Device is not configured[0m
[1;31m--- 2 messages dropped ---
[0m[00:00:08.278,015] [1;33m<wrn> usb_hid: hid_int_ep_write: Device is not configured[0m
[1;31m--- 4 messages dropped ---
[0m[00:00:08.302,032] [1;33m<wrn> usb_hid: hid_int_ep_write: Device is not configured[0m
[1;31m--- 4 messages dropped ---
[0m[00:00:08.318,328] [1;31m<err> remapper: switch_pro_send_input_heartbeat: hid_int_ep_write(hid_dev0, switch_pro_current_input, sizeof(switch_pro_current_input), NULL) returned -11 (../src/main.cc:1508)[0m
[1;31m--- 9 messages dropped ---
[0m[00:00:08.358,337] [1;31m<err> remapper: switch_pro_send_input_heartbeat: hid_int_ep_write(hid_dev0, switch_pro_current_input, sizeof(switch_pro_current_input), NULL) returned -11 (../src/main.cc:1508)[0m
[1;31m--- 9 messages dropped ---
[0m[00:00:08.398,132] [1;31m<err> remapper: switch_pro_send_input_heartbeat: hid_int_ep_write(hid_dev0, switch_pro_current_input, sizeof(switch_pro_current_input), NULL) returned -11 (../src/main.cc:1508)[0m
[1;31m--- 9 messages dropped ---
[0m[00:00:08.430,328] [1;31m<err> remapper: switch_pro_send_input_heartbeat: hid_int_ep_write(hid_dev0, switch_pro_current_input, sizeof(switch_pro_current_input), NULL) returned -11 (../src/main.cc:1508)[0m
[1;31m--- 10 messages dropped ---
[0m[00:00:08.522,003] [1;33m<wrn> usb_hid: hid_int_ep_write: Device is not configured[0m
[1;31m--- 2 messages dropped ---
[0m[00:00:08.538,330] [1;31m<err> remapper: switch_pro_send_input_heartbeat: hid_int_ep_write(hid_dev0, switch_pro_current_input, sizeof(switch_pro_current_input), NULL) returned -11 (../src/main.cc:1508)[0m
[1;31m--- 9 messages dropped ---
[0m[00:00:08.578,125] [1;31m<err> remapper: switch_pro_send_input_heartbeat: hid_int_ep_write(hid_dev0, switch_pro_current_input, sizeof(switch_pro_current_input), NULL) returned -11 (../src/main.cc:1508)[0m
[1;31m--- 10 messages dropped ---
[0m[00:00:08.618,011] [1;33m<wrn> usb_hid: hid_int_ep_write: Device is not configured[0m
[1;31m--- 3 messages dropped ---
[0m[00:00:08.634,124] [1;31m<err> remapper: switch_pro_send_input_heartbeat: hid_int_ep_write(hid_dev0, switch_pro_current_input, sizeof(switch_pro_current_input), NULL) returned -11 (../src/main.cc:1508)[0m
[1;31m--- 8 messages dropped ---
[0m[00:00:08.674,133] [1;31m<err> remapper: switch_pro_send_input_heartbeat: hid_int_ep_write(hid_dev0, switch_pro_current_input, sizeof(switch_pro_current_input), NULL) returned -11 (../src/main.cc:1508)[0m
[1;31m--- 8 messages dropped ---
[0m[00:00:08.706,298] [1;33m<wrn> usb_hid: hid_int_ep_write: Device is not configured[0m
[1;31m--- 4 messages dropped ---
[0m[00:00:08.730,133] [1;31m<err> remapper: switch_pro_send_input_heartbeat: hid_int_ep_write(hid_dev0, switch_pro_current_input, sizeof(switch_pro_current_input), NULL) returned -11 (../src/main.cc:1508)[0m
[1;31m--- 9 messages dropped ---
[0m[00:00:08.770,324] [1;31m<err> remapper: switch_pro_send_input_heartbeat: hid_int_ep_write(hid_dev0, switch_pro_current_input, sizeof(switch_pro_current_input), NULL) returned -11 (../src/main.cc:1508)[0m
[1;31m--- 10 messages dropped ---
[0m[00:00:08.810,302] [1;33m<wrn> usb_hid: hid_int_ep_write: Device is not configured[0m
[1;31m--- 3 messages dropped ---
[0m[00:00:08.834,014] [1;33m<wrn> usb_hid: hid_int_ep_write: Device is not configured[0m
[1;31m--- 8 messages dropped ---
[0m[00:00:08.858,123] [1;31m<err> remapper: switch_pro_send_input_heartbeat: hid_int_ep_write(hid_dev0, switch_pro_current_input, sizeof(switch_pro_current_input), NULL) returned -11 (../src/main.cc:1508)[0m
[1;31m--- 7 messages dropped ---
[0m[00:00:08.890,136] [1;31m<err> remapper: switch_pro_send_input_heartbeat: hid_int_ep_write(hid_dev0, switch_pro_current_input, sizeof(switch_pro_current_input), NULL) returned -11 (../src/main.cc:1508)[0m
[00:00:08.898,284] [1;33m<wrn> usb_hid: hid_int_ep_write: Device is not configured[0m
[00:00:08.898,345] [1;31m<err> remapper: switch_pro_send_input_heartbeat: hid_int_ep_write(hid_dev0, switch_pro_current_input, sizeof(switch_pro_current_input), NULL) returned -11 (../src/main.cc:1508)[0m
[00:00:08.906,005] [1;33m<wrn> usb_hid: hid_int_ep_write: Device is not configured[0m
[00:00:08.906,127] [1;31m<err> remapper: switch_pro_send_input_heartbeat: hid_int_ep_write(hid_dev0, switch_pro_current_input, sizeof(switch_pro_current_input), NULL) returned -11 (../src/main.cc:1508)[0m
[00:00:08.914,001] [1;33m<wrn> usb_hid: hid_int_ep_write: Device is not configured[0m
[1;31m--- 2 messages dropped ---
[0m[00:00:08.930,328] [1;31m<err> remapper: switch_pro_send_input_heartbeat: hid_int_ep_write(hid_dev0, switch_pro_current_input, sizeof(switch_pro_current_input), NULL) returned -11 (../src/main.cc:1508)[0m
[1;31m--- 10 messages dropped ---
[0m[00:00:08.970,001] [1;33m<wrn> usb_hid: hid_int_ep_write: Device is not configured[0m
[1;31m--- 2 messages dropped ---
[0m[00:00:08.986,328] [1;31m<err> remapper: switch_pro_send_input_heartbeat: hid_int_ep_write(hid_dev0, switch_pro_current_input, sizeof(switch_pro_current_input), NULL) returned -11 (../src/main.cc:1508)[0m
[1;31m--- 9 messages dropped ---
[0m[00:00:09.026,123] [1;31m<err> remapper: switch_pro_send_input_heartbeat: hid_int_ep_write(hid_dev0, switch_pro_current_input, sizeof(switch_pro_current_input), NULL) returned -11 (../src/main.cc:1508)[0m
[1;31m--- 9 messages dropped ---
[0m[00:00:09.058,135] [1;31m<err> remapper: switch_pro_send_input_heartbeat: hid_int_ep_write(hid_dev0, switch_pro_current_input, sizeof(switch_pro_current_input), NULL) returned -11 (../src/main.cc:1508)[0m
[1;31m--- 7 messages dropped ---
[0m[00:00:09.098,327] [1;31m<err> remapper: switch_pro_send_input_heartbeat: hid_int_ep_write(hid_dev0, switch_pro_current_input, sizeof(switch_pro_current_input), NULL) returned -11 (../src/main.cc:1508)[0m
[1;31m--- 9 messages dropped ---
[0m[00:00:09.138,275] [1;33m<wrn> usb_hid: hid_int_ep_write: Device is not configured[0m
[1;31m--- 5 messages dropped ---
[0m[00:00:09.154,296] [1;33m<wrn> usb_hid: hid_int_ep_write: Device is not configured[0m
[1;31m--- 4 messages dropped ---
[0m[00:00:09.173,309] [0m<inf> remapper: switch_pro_log_stats: switch_pro_stats enabled=0 report_q=0/0 response_q=0/0 out_q=0 out_overflows=0 ble=0 ble_drop=0 host=0 host_drop=0 set=0 translated=0 mapped=0/1 heartbeat=0/1036 response=0/0 response_drop=0 rumble=0/0 fail=0 busy=0 buttons=00 00 00[0m
[1;31m--- 12 messages dropped ---
[0m[00:00:09.388,458] [1;31m<err> remapper: switch_pro_send_input_heartbeat: hid_int_ep_write(hid_dev0, switch_pro_current_input, sizeof(switch_pro_current_input), NULL) returned -11 (../src/main.cc:1508)[0m
[1;31m--- 8 messages dropped ---
[0m[00:00:09.428,009] [1;33m<wrn> usb_hid: hid_int_ep_write: Device is not configured[0m
[1;31m--- 5 messages dropped ---
[0m[00:00:09.460,296] [1;33m<wrn> usb_hid: hid_int_ep_write: Device is not configured[0m
[1;31m--- 3 messages dropped ---
[0m[00:00:09.476,013] [1;33m<wrn> usb_hid: hid_int_ep_write: Device is not configured[0m
[1;31m--- 4 messages dropped ---
[0m[00:00:09.492,126] [1;31m<err> remapper: switch_pro_send_input_heartbeat: hid_int_ep_write(hid_dev0, switch_pro_current_input, sizeof(switch_pro_current_input), NULL) returned -11 (../src/main.cc:1508)[0m
[1;31m--- 9 messages dropped ---
[0m[00:00:09.524,139] [1;31m<err> remapper: switch_pro_send_input_heartbeat: hid_int_ep_write(hid_dev0, switch_pro_current_input, sizeof(switch_pro_current_input), NULL) returned -11 (../src/main.cc:1508)[0m
[1;31m--- 7 messages dropped ---
[0m[00:00:09.564,605] [1;31m<err> remapper: switch_pro_send_input_heartbeat: hid_int_ep_write(hid_dev0, switch_pro_current_input, sizeof(switch_pro_current_input), NULL) returned -11 (../src/main.cc:1508)[0m
[1;31m--- 9 messages dropped ---
[0m[00:00:09.604,125] [1;31m<err> remapper: switch_pro_send_input_heartbeat: hid_int_ep_write(hid_dev0, switch_pro_current_input, sizeof(switch_pro_current_input), NULL) returned -11 (../src/main.cc:1508)[0m
[1;31m--- 8 messages dropped ---
[0m[00:00:09.636,016] [1;33m<wrn> usb_hid: hid_int_ep_write: Device is not configured[0m
[00:00:09.636,138] [1;31m<err> remapper: switch_pro_send_input_heartbeat: hid_int_ep_write(hid_dev0, switch_pro_current_input, sizeof(switch_pro_current_input), NULL) returned -11 (../src/main.cc:1508)[0m
[00:00:09.644,012] [1;33m<wrn> usb_hid: hid_int_ep_write: Device is not configured[0m
[1;31m--- 1 messages dropped ---
[0m[00:00:09.660,003] [1;33m<wrn> usb_hid: hid_int_ep_write: Device is not configured[0m
[1;31m--- 4 messages dropped ---
[0m[00:00:09.676,300] [1;33m<wrn> usb_hid: hid_int_ep_write: Device is not configured[0m
[1;31m--- 3 messages dropped ---
[0m[00:00:09.692,138] [1;31m<err> remapper: switch_pro_send_input_heartbeat: hid_int_ep_write(hid_dev0, switch_pro_current_input, sizeof(switch_pro_current_input), NULL) returned -11 (../src/main.cc:1508)[0m
[1;31m--- 9 messages dropped ---
[0m[00:00:09.732,330] [1;31m<err> remapper: switch_pro_send_input_heartbeat: hid_int_ep_write(hid_dev0, switch_pro_current_input, sizeof(switch_pro_current_input), NULL) returned -11 (../src/main.cc:1508)[0m
[1;31m--- 10 messages dropped ---
[0m[00:00:09.772,003] [1;33m<wrn> usb_hid: hid_int_ep_write: Device is not configured[0m
[1;31m--- 4 messages dropped ---
[0m[00:00:09.796,020] [1;33m<wrn> usb_hid: hid_int_ep_write: Device is not configured[0m
[1;31m--- 8 messages dropped ---
[0m[00:00:09.828,002] [1;33m<wrn> usb_hid: hid_int_ep_write: Device is not configured[0m
[1;31m--- 3 messages dropped ---
[0m[00:00:09.852,294] [1;33m<wrn> usb_hid: hid_int_ep_write: Device is not configured[0m
[1;31m--- 3 messages dropped ---
[0m[00:00:09.860,137] [1;31m<err> remapper: switch_pro_send_input_heartbeat: hid_int_ep_write(hid_dev0, switch_pro_current_input, sizeof(switch_pro_current_input), NULL) returned -11 (../src/main.cc:1508)[0m
[1;31m--- 9 messages dropped ---
[0m[00:00:09.900,329] [1;31m<err> remapper: switch_pro_send_input_heartbeat: hid_int_ep_write(hid_dev0, switch_pro_current_input, sizeof(switch_pro_current_input), NULL) returned -11 (../src/main.cc:1508)[0m
[1;31m--- 9 messages dropped ---
[0m[00:00:09.940,124] [1;31m<err> remapper: switch_pro_send_input_heartbeat: hid_int_ep_write(hid_dev0, switch_pro_current_input, sizeof(switch_pro_current_input), NULL) returned -11 (../src/main.cc:1508)[0m
[1;31m--- 8 messages dropped ---
[0m[00:00:10.030,334] [1;31m<err> remapper: switch_pro_send_input_heartbeat: hid_int_ep_write(hid_dev0, switch_pro_current_input, sizeof(switch_pro_current_input), NULL) returned -11 (../src/main.cc:1508)[0m
[1;31m--- 9 messages dropped ---
[0m[00:00:10.062,133] [1;31m<err> remapper: switch_pro_send_input_heartbeat: hid_int_ep_write(hid_dev0, switch_pro_current_input, sizeof(switch_pro_current_input), NULL) returned -11 (../src/main.cc:1508)[0m
[1;31m--- 6 messages dropped ---
[0m[00:00:10.102,294] [1;33m<wrn> usb_hid: hid_int_ep_write: Device is not configured[0m
[1;31m--- 6 messages dropped ---
[0m[00:00:10.118,164] [0m<inf> remapper: switch_pro_send_input_heartbeat: sw2 heartbeat: writes=0 fails=1127 enabled=0 rep0=09 rep2=15[0m
[1;31m--- 5 messages dropped ---
[0m[00:00:10.150,299] [1;33m<wrn> usb_hid: hid_int_ep_write: Device is not configured[0m
[1;31m--- 5 messages dropped ---
[0m[00:00:10.173,309] [0m<inf> remapper: switch_pro_log_stats: switch_pro_stats enabled=0 report_q=0/0 response_q=0/0 out_q=0 out_overflows=0 ble=0 ble_drop=0 host=0 host_drop=0 set=0 translated=0 mapped=0/1 heartbeat=0/1133 response=0/0 response_drop=0 rumble=0/0 fail=0 busy=0 buttons=00 00 00[0m
[1;31m--- 11 messages dropped ---
[0m[00:00:10.206,329] [1;31m<err> remapper: switch_pro_send_input_heartbeat: hid_int_ep_write(hid_dev0, switch_pro_current_input, sizeof(switch_pro_current_input), NULL) returned -11 (../src/main.cc:1508)[0m
[1;31m--- 6 messages dropped ---
[0m[00:00:10.246,276] [1;33m<wrn> usb_hid: hid_int_ep_write: Device is not configured[0m
[1;31m--- 7 messages dropped ---
[0m[00:00:10.270,294] [1;33m<wrn> usb_hid: hid_int_ep_write: Device is not configured[0m
[1;31m--- 2 messages dropped ---
[0m[00:00:10.286,468] [1;31m<err> remapper: switch_pro_send_input_heartbeat: hid_int_ep_write(hid_dev0, switch_pro_current_input, sizeof(switch_pro_current_input), NULL) returned -11 (../src/main.cc:1508)[0m
[1;31m--- 9 messages dropped ---
[0m[00:00:10.326,324] [1;31m<err> remapper: switch_pro_send_input_heartbeat: hid_int_ep_write(hid_dev0, switch_pro_current_input, sizeof(switch_pro_current_input), NULL) returned -11 (../src/main.cc:1508)[0m
[1;31m--- 9 messages dropped ---
[0m[00:00:10.366,333] [1;31m<err> remapper: switch_pro_send_input_heartbeat: hid_int_ep_write(hid_dev0, switch_pro_current_input, sizeof(switch_pro_current_input), NULL) returned -11 (../src/main.cc:1508)[0m
[1;31m--- 5 messages dropped ---
[0m[00:00:10.382,324] [1;31m<err> remapper: switch_pro_send_input_heartbeat: hid_int_ep_write(hid_dev0, switch_pro_current_input, sizeof(switch_pro_current_input), NULL) returned -11 (../src/main.cc:1508)[0m
[1;31m--- 8 messages dropped ---
[0m[00:00:10.422,332] [1;31m<err> remapper: switch_pro_send_input_heartbeat: hid_int_ep_write(hid_dev0, switch_pro_current_input, sizeof(switch_pro_current_input), NULL) returned -11 (../src/main.cc:1508)[0m
[1;31m--- 8 messages dropped ---
[0m[00:00:10.462,127] [1;31m<err> remapper: switch_pro_send_input_heartbeat: hid_int_ep_write(hid_dev0, switch_pro_current_input, sizeof(switch_pro_current_input), NULL) returned -11 (../src/main.cc:1508)[0m
[1;31m--- 9 messages dropped ---
[0m[00:00:10.502,014] [1;33m<wrn> usb_hid: hid_int_ep_write: Device is not configured[0m
[1;31m--- 1 messages dropped ---
[0m[00:00:10.502,136] [1;31m<err> remapper: switch_pro_send_input_heartbeat: hid_int_ep_write(hid_dev0, switch_pro_current_input, sizeof(switch_pro_current_input), NULL) returned -11 (../src/main.cc:1508)[0m
[1;31m--- 8 messages dropped ---
[0m[00:00:10.542,327] [1;31m<err> remapper: switch_pro_send_input_heartbeat: hid_int_ep_write(hid_dev0, switch_pro_current_input, sizeof(switch_pro_current_input), NULL) returned -11 (../src/main.cc:1508)[0m
[1;31m--- 9 messages dropped ---
[0m[00:00:10.582,122] [1;31m<err> remapper: switch_pro_send_input_heartbeat: hid_int_ep_write(hid_dev0, switch_pro_current_input, sizeof(switch_pro_current_input), NULL) returned -11 (../src/main.cc:1508)[0m
[1;31m--- 9 messages dropped ---
[0m[00:00:10.622,039] [1;33m<wrn> usb_hid: hid_int_ep_write: Device is not configured[0m
[1;31m--- 2 messages dropped ---
[0m[00:00:10.638,336] [1;31m<err> remapper: switch_pro_send_input_heartbeat: hid_int_ep_write(hid_dev0, switch_pro_current_input, sizeof(switch_pro_current_input), NULL) returned -11 (../src/main.cc:1508)[0m
[1;31m--- 9 messages dropped ---
[0m[00:00:10.678,131] [1;31m<err> remapper: switch_pro_send_input_heartbeat: hid_int_ep_write(hid_dev0, switch_pro_current_input, sizeof(switch_pro_current_input), NULL) returned -11 (../src/main.cc:1508)[0m
[1;31m--- 9 messages dropped ---
[0m[00:00:10.742,156] [1;33m<wrn> usb_hid: hid_int_ep_write: Device is not configured[0m
[1;31m--- 3 messages dropped ---
[0m[00:00:10.758,361] [1;31m<err> remapper: switch_pro_send_input_heartbeat: hid_int_ep_write(hid_dev0, switch_pro_current_input, sizeof(switch_pro_current_input), NULL) returned -11 (../src/main.cc:1508)[0m
[1;31m--- 11 messages dropped ---
[0m[00:00:10.806,335] [1;31m<err> remapper: switch_pro_send_input_heartbeat: hid_int_ep_write(hid_dev0, switch_pro_current_input, sizeof(switch_pro_current_input), NULL) returned -11 (../src/main.cc:1508)[0m
[1;31m--- 12 messages dropped ---
[0m[00:00:10.862,274] [1;33m<wrn> usb_hid: hid_int_ep_write: Device is not configured[0m
[1;31m--- 5 messages dropped ---
[0m[00:00:10.878,295] [1;33m<wrn> usb_hid: hid_int_ep_write: Device is not configured[0m
[1;31m--- 5 messages dropped ---
[0m[00:00:10.902,008] [1;33m<wrn> usb_hid: hid_int_ep_write: Device is not configured[0m
[1;31m--- 3 messages dropped ---
[0m[00:00:10.918,334] [1;31m<err> remapper: switch_pro_send_input_heartbeat: hid_int_ep_write(hid_dev0, switch_pro_current_input, sizeof(switch_pro_current_input), NULL) returned -11 (../src/main.cc:1508)[0m
[1;31m--- 9 messages dropped ---
[0m[00:00:10.958,129] [1;31m<err> remapper: switch_pro_send_input_heartbeat: hid_int_ep_write(hid_dev0, switch_pro_current_input, sizeof(switch_pro_current_input), NULL) returned -11 (../src/main.cc:1508)[0m
[1;31m--- 10 messages dropped ---
[0m[00:00:10.998,321] [1;31m<err> remapper: switch_pro_send_input_heartbeat: hid_int_ep_write(hid_dev0, switch_pro_current_input, sizeof(switch_pro_current_input), NULL) returned -11 (../src/main.cc:1508)[0m
[1;31m--- 8 messages dropped ---
[0m[00:00:11.038,299] [1;33m<wrn> usb_hid: hid_int_ep_write: Device is not configured[0m
[1;31m--- 3 messages dropped ---
[0m[00:00:11.062,011] [1;33m<wrn> usb_hid: hid_int_ep_write: Device is not configured[0m
[1;31m--- 6 messages dropped ---
[0m[00:00:11.078,338] [1;31m<err> remapper: switch_pro_send_input_heartbeat: hid_int_ep_write(hid_dev0, switch_pro_current_input, sizeof(switch_pro_current_input), NULL) returned -11 (../src/main.cc:1508)[0m
[1;31m--- 6 messages dropped ---
[0m[00:00:11.110,137] [1;31m<err> remapper: switch_pro_send_input_heartbeat: hid_int_ep_write(hid_dev0, switch_pro_current_input, sizeof(switch_pro_current_input), NULL) returned -11 (../src/main.cc:1508)[0m
[1;31m--- 10 messages dropped ---
[0m[00:00:11.150,299] [1;33m<wrn> usb_hid: hid_int_ep_write: Device is not configured[0m
[00:00:11.150,329] [1;31m<err> remapper: switch_pro_send_input_heartbeat: hid_int_ep_write(hid_dev0, switch_pro_current_input, sizeof(switch_pro_current_input), NULL) returned -11 (../src/main.cc:1508)[0m
[00:00:11.158,294] [1;33m<wrn> usb_hid: hid_int_ep_write: Device is not configured[0m
[00:00:11.158,325] [1;31m<err> remapper: switch_pro_send_input_heartbeat: hid_int_ep_write(hid_dev0, switch_pro_current_input, sizeof(switch_pro_current_input), NULL) returned -11 (../src/main.cc:1508)[0m
[1;31m--- 3 messages dropped ---
[0m[00:00:11.174,255] [1;33m<wrn> usb_hid: hid_int_ep_write: Device is not configured[0m
[1;31m--- 3 messages dropped ---
[0m[00:00:11.190,002] [1;33m<wrn> usb_hid: hid_int_ep_write: Device is not configured[0m
[1;31m--- 3 messages dropped ---
[0m[00:00:11.214,294] [1;33m<wrn> usb_hid: hid_int_ep_write: Device is not configured[0m
[1;31m--- 5 messages dropped ---
[0m[00:00:11.230,010] [1;33m<wrn> usb_hid: hid_int_ep_write: Device is not configured[0m
[1;31m--- 3 messages dropped ---
[0m[00:00:11.254,302] [1;33m<wrn> usb_hid: hid_int_ep_write: Device is not configured[0m
[1;31m--- 7 messages dropped ---
[0m[00:00:11.278,015] [1;33m<wrn> usb_hid: hid_int_ep_write: Device is not configured[0m
[1;31m--- 2 messages dropped ---
[0m[00:00:11.294,128] [1;31m<err> remapper: switch_pro_send_input_heartbeat: hid_int_ep_write(hid_dev0, switch_pro_current_input, sizeof(switch_pro_current_input), NULL) returned -11 (../src/main.cc:1508)[0m
[1;31m--- 8 messages dropped ---
[0m[00:00:11.334,014] [1;33m<wrn> usb_hid: hid_int_ep_write: Device is not configured[0m
[1;31m--- 5 messages dropped ---
[0m[00:00:11.358,306] [1;33m<wrn> usb_hid: hid_int_ep_write: Device is not configured[0m
[1;31m--- 5 messages dropped ---
[0m[00:00:11.374,298] [1;33m<wrn> usb_hid: hid_int_ep_write: Device is not configured[0m
[1;31m--- 3 messages dropped ---
[0m[00:00:11.398,040] [1;33m<wrn> usb_hid: hid_int_ep_write: Device is not configured[0m
[1;31m--- 4 messages dropped ---
[0m[00:00:11.406,127] [1;31m<err> remapper: switch_pro_send_input_heartbeat: hid_int_ep_write(hid_dev0, switch_pro_current_input, sizeof(switch_pro_current_input), NULL) returned -11 (../src/main.cc:1508)[0m
[1;31m--- 7 messages dropped ---
[0m[00:00:11.446,136] [1;31m<err> remapper: switch_pro_send_input_heartbeat: hid_int_ep_write(hid_dev0, switch_pro_current_input, sizeof(switch_pro_current_input), NULL) returned -11 (../src/main.cc:1508)[0m
[1;31m--- 11 messages dropped ---
[0m[00:00:11.624,328] [1;31m<err> remapper: switch_pro_send_input_heartbeat: hid_int_ep_write(hid_dev0, switch_pro_current_input, sizeof(switch_pro_current_input), NULL) returned -11 (../src/main.cc:1508)[0m
[1;31m--- 7 messages dropped ---
[0m[00:00:11.664,001] [1;33m<wrn> usb_hid: hid_int_ep_write: Device is not configured[0m
[1;31m--- 4 messages dropped ---
[0m[00:00:11.688,293] [1;33m<wrn> usb_hid: hid_int_ep_write: Device is not configured[0m
[1;31m--- 5 messages dropped ---
[0m[00:00:11.704,010] [1;33m<wrn> usb_hid: hid_int_ep_write: Device is not configured[0m
[1;31m--- 3 messages dropped ---
[0m[00:00:11.728,302] [1;33m<wrn> usb_hid: hid_int_ep_write: Device is not configured[0m
[1;31m--- 5 messages dropped ---
[0m[00:00:11.744,323] [1;31m<err> remapper: switch_pro_send_input_heartbeat: hid_int_ep_write(hid_dev0, switch_pro_current_input, sizeof(switch_pro_current_input), NULL) returned -11 (../src/main.cc:1508)[0m
[1;31m--- 7 messages dropped ---
[0m[00:00:11.776,000] [1;33m<wrn> usb_hid: hid_int_ep_write: Device is not configured[0m
[1;31m--- 6 messages dropped ---
[0m[00:00:11.808,013] [1;33m<wrn> usb_hid: hid_int_ep_write: Device is not configured[0m
[1;31m--- 5 messages dropped ---
[0m[00:00:11.824,096] [1;31m<err> remapper: switch_pro_send_input_heartbeat: hid_int_ep_write(hid_dev0, switch_pro_current_input, sizeof(switch_pro_current_input), NULL) returned -11 (../src/main.cc:1508)[0m
[1;31m--- 9 messages dropped ---
[0m[00:00:11.872,131] [1;31m<err> remapper: switch_pro_send_input_heartbeat: hid_int_ep_write(hid_dev0, switch_pro_current_input, sizeof(switch_pro_current_input), NULL) returned -11 (../src/main.cc:1508)[0m
[1;31m--- 6 messages dropped ---
[0m[00:00:11.896,301] [1;33m<wrn> usb_hid: hid_int_ep_write: Device is not configured[0m
[1;31m--- 3 messages dropped ---
[0m[00:00:11.920,043] [1;33m<wrn> usb_hid: hid_int_ep_write: Device is not configured[0m
[1;31m--- 5 messages dropped ---
[0m[00:00:11.944,000] [1;33m<wrn> usb_hid: hid_int_ep_write: Device is not configured[0m
[1;31m--- 5 messages dropped ---
[0m[00:00:11.960,327] [1;31m<err> remapper: switch_pro_send_input_heartbeat: hid_int_ep_write(hid_dev0, switch_pro_current_input, sizeof(switch_pro_current_input), NULL) returned -11 (../src/main.cc:1508)[0m
[1;31m--- 9 messages dropped ---
[0m[00:00:12.000,000] [1;33m<wrn> usb_hid: hid_int_ep_write: Device is not configured[0m
[1;31m--- 5 messages dropped ---
[0m[00:00:12.024,017] [1;33m<wrn> usb_hid: hid_int_ep_write: Device is not configured[0m
[1;31m--- 3 messages dropped ---
[0m[00:00:12.040,008] [1;33m<wrn> usb_hid: hid_int_ep_write: Device is not configured[0m
[1;31m--- 3 messages dropped ---
[0m[00:00:12.064,300] [1;33m<wrn> usb_hid: hid_int_ep_write: Device is not configured[0m
[1;31m--- 5 messages dropped ---
[0m[00:00:12.080,139] [1;31m<err> remapper: switch_pro_send_input_heartbeat: hid_int_ep_write(hid_dev0, switch_pro_current_input, sizeof(switch_pro_current_input), NULL) returned -11 (../src/main.cc:1508)[0m
[1;31m--- 8 messages dropped ---
[0m[00:00:12.112,335] [1;31m<err> remapper: switch_pro_send_input_heartbeat: hid_int_ep_write(hid_dev0, switch_pro_current_input, sizeof(switch_pro_current_input), NULL) returned -11 (../src/main.cc:1508)[0m
[1;31m--- 7 messages dropped ---
[0m[00:00:12.152,008] [1;33m<wrn> usb_hid: hid_int_ep_write: Device is not configured[0m
[1;31m--- 5 messages dropped ---
[0m[00:00:12.173,309] [0m<inf> remapper: switch_pro_log_stats: switch_pro_stats enabled=0 report_q=0/0 response_q=0/0 out_q=0 out_overflows=0 ble=0 ble_drop=0 host=0 host_drop=0 set=0 translated=0 mapped=0/1 heartbeat=0/1363 response=0/0 response_drop=0 rumble=0/0 fail=0 busy=0 buttons=00 00 00[0m
[1;31m--- 12 messages dropped ---
[0m[00:00:12.242,156] [1;33m<wrn> usb_hid: hid_int_ep_write: Device is not configured[0m
[1;31m--- 3 messages dropped ---
[0m[00:00:12.266,296] [1;33m<wrn> usb_hid: hid_int_ep_write: Device is not configured[0m
[1;31m--- 4 messages dropped ---
[0m[00:00:12.274,139] [1;31m<err> remapper: switch_pro_send_input_heartbeat: hid_int_ep_write(hid_dev0, switch_pro_current_input, sizeof(switch_pro_current_input), NULL) returned -11 (../src/main.cc:1508)[0m
[1;31m--- 5 messages dropped ---
[0m[00:00:12.306,335] [1;31m<err> remapper: switch_pro_send_input_heartbeat: hid_int_ep_write(hid_dev0, switch_pro_current_input, sizeof(switch_pro_current_input), NULL) returned -11 (../src/main.cc:1508)[0m
[1;31m--- 10 messages dropped ---
[0m[00:00:12.354,003] [1;33m<wrn> usb_hid: hid_int_ep_write: Device is not configured[0m
[1;31m--- 4 messages dropped ---
[0m[00:00:12.362,335] [1;31m<err> remapper: switch_pro_send_input_heartbeat: hid_int_ep_write(hid_dev0, switch_pro_current_input, sizeof(switch_pro_current_input), NULL) returned -11 (../src/main.cc:1508)[0m
[1;31m--- 8 messages dropped ---
[0m[00:00:12.402,008] [1;33m<wrn> usb_hid: hid_int_ep_write: Device is not configured[0m
[1;31m--- 4 messages dropped ---
[0m[00:00:12.426,300] [1;33m<wrn> usb_hid: hid_int_ep_write: Device is not configured[0m
[1;31m--- 3 messages dropped ---
[0m[00:00:12.442,138] [1;31m<err> remapper: switch_pro_send_input_heartbeat: hid_int_ep_write(hid_dev0, switch_pro_current_input, sizeof(switch_pro_current_input), NULL) returned -11 (../src/main.cc:1508)[0m
[1;31m--- 9 messages dropped ---
[0m[00:00:12.482,330] [1;31m<err> remapper: switch_pro_send_input_heartbeat: hid_int_ep_write(hid_dev0, switch_pro_current_input, sizeof(switch_pro_current_input), NULL) returned -11 (../src/main.cc:1508)[0m
[1;31m--- 9 messages dropped ---
[0m[00:00:12.514,129] [1;31m<err> remapper: switch_pro_send_input_heartbeat: hid_int_ep_write(hid_dev0, switch_pro_current_input, sizeof(switch_pro_current_input), NULL) returned -11 (../src/main.cc:1508)[0m
[1;31m--- 8 messages dropped ---
[0m[00:00:12.554,016] [1;33m<wrn> usb_hid: hid_int_ep_write: Device is not configured[0m
[1;31m--- 3 messages dropped ---
[0m[00:00:12.578,002] [1;33m<wrn> usb_hid: hid_int_ep_write: Device is not configured[0m
[1;31m--- 5 messages dropped ---
[0m[00:00:12.594,299] [1;33m<wrn> usb_hid: hid_int_ep_write: Device is not configured[0m
[1;31m--- 3 messages dropped ---
[0m[00:00:12.618,286] [1;33m<wrn> usb_hid: hid_int_ep_write: Device is not configured[0m
[1;31m--- 4 messages dropped ---
[0m[00:00:12.634,124] [1;31m<err> remapper: switch_pro_send_input_heartbeat: hid_int_ep_write(hid_dev0, switch_pro_current_input, sizeof(switch_pro_current_input), NULL) returned -11 (../src/main.cc:1508)[0m
[1;31m--- 2 messages dropped ---
[0m[00:00:12.642,303] [1;33m<wrn> usb_hid: hid_int_ep_write: Device is not configured[0m
[00:00:12.642,333] [1;31m<err> remapper: switch_pro_send_input_heartbeat: hid_int_ep_write(hid_dev0, switch_pro_current_input, sizeof(switch_pro_current_input), NULL) returned -11 (../src/main.cc:1508)[0m
[1;31m--- 5 messages dropped ---
[0m[00:00:12.674,133] [1;31m<err> remapper: switch_pro_send_input_heartbeat: hid_int_ep_write(hid_dev0, switch_pro_current_input, sizeof(switch_pro_current_input), NULL) returned -11 (../src/main.cc:1508)[0m
[1;31m--- 8 messages dropped ---
[0m[00:00:12.714,294] [1;33m<wrn> usb_hid: hid_int_ep_write: Device is not configured[0m
[1;31m--- 5 messages dropped ---
[0m[00:00:12.738,281] [1;33m<wrn> usb_hid: hid_int_ep_write: Device is not configured[0m
[1;31m--- 5 messages dropped ---
[0m[00:00:12.754,272] [1;33m<wrn> usb_hid: hid_int_ep_write: Device is not configured[0m
[1;31m--- 4 messages dropped ---
[0m[00:00:12.778,015] [1;33m<wrn> usb_hid: hid_int_ep_write: Device is not configured[0m
[1;31m--- 5 messages dropped ---
[0m[00:00:12.794,128] [1;31m<err> remapper: switch_pro_send_input_heartbeat: hid_int_ep_write(hid_dev0, switch_pro_current_input, sizeof(switch_pro_current_input), NULL) returned -11 (../src/main.cc:1508)[0m
[1;31m--- 10 messages dropped ---
[0m[00:00:12.850,006] [1;33m<wrn> usb_hid: hid_int_ep_write: Device is not configured[0m
[1;31m--- 4 messages dropped ---
[0m[00:00:12.866,333] [1;31m<err> remapper: switch_pro_send_input_heartbeat: hid_int_ep_write(hid_dev0, switch_pro_current_input, sizeof(switch_pro_current_input), NULL) returned -11 (../src/main.cc:1508)[0m
[1;31m--- 9 messages dropped ---
[0m[00:00:12.906,127] [1;31m<err> remapper: switch_pro_send_input_heartbeat: hid_int_ep_write(hid_dev0, switch_pro_current_input, sizeof(switch_pro_current_input), NULL) returned -11 (../src/main.cc:1508)[0m
[1;31m--- 9 messages dropped ---
[0m[00:00:12.938,323] [1;31m<err> remapper: switch_pro_send_input_heartbeat: hid_int_ep_write(hid_dev0, switch_pro_current_input, sizeof(switch_pro_current_input), NULL) returned -11 (../src/main.cc:1508)[0m
[1;31m--- 8 messages dropped ---
[0m[00:00:13.030,303] [1;33m<wrn> usb_hid: hid_int_ep_write: Device is not configured[0m
[1;31m--- 5 messages dropped ---
[0m[00:00:13.054,016] [1;33m<wrn> usb_hid: hid_int_ep_write: Device is not configured[0m
[1;31m--- 2 messages dropped ---
[0m[00:00:13.062,011] [1;33m<wrn> usb_hid: hid_int_ep_write: Device is not configured[0m
[1;31m--- 5 messages dropped ---
[0m[00:00:13.078,125] [1;31m<err> remapper: switch_pro_send_input_heartbeat: hid_int_ep_write(hid_dev0, switch_pro_current_input, sizeof(switch_pro_current_input), NULL) returned -11 (../src/main.cc:1508)[0m
[1;31m--- 8 messages dropped ---
[0m[00:00:13.118,011] [1;33m<wrn> usb_hid: hid_int_ep_write: Device is not configured[0m
[1;31m--- 3 messages dropped ---
[0m[00:00:13.134,124] [1;31m<err> remapper: switch_pro_send_input_heartbeat: hid_int_ep_write(hid_dev0, switch_pro_current_input, sizeof(switch_pro_current_input), NULL) returned -11 (../src/main.cc:1508)[0m
[1;31m--- 8 messages dropped ---
[0m[00:00:13.166,046] [1;33m<wrn> usb_hid: hid_int_ep_write: Device is not configured[0m
[1;31m--- 2 messages dropped ---
[0m[00:00:13.174,163] [1;31m<err> remapper: switch_pro_send_input_heartbeat: hid_int_ep_write(hid_dev0, switch_pro_current_input, sizeof(switch_pro_current_input), NULL) returned -11 (../src/main.cc:1508)[0m
[1;31m--- 8 messages dropped ---
[0m[00:00:13.214,324] [1;31m<err> remapper: switch_pro_send_input_heartbeat: hid_int_ep_write(hid_dev0, switch_pro_current_input, sizeof(switch_pro_current_input), NULL) returned -11 (../src/main.cc:1508)[0m
[1;31m--- 9 messages dropped ---
[0m[00:00:13.246,124] [1;31m<err> remapper: switch_pro_send_input_heartbeat: hid_int_ep_write(hid_dev0, switch_pro_current_input, sizeof(switch_pro_current_input), NULL) returned -11 (../src/main.cc:1508)[0m
[1;31m--- 7 messages dropped ---
[0m[00:00:13.286,132] [1;31m<err> remapper: switch_pro_send_input_heartbeat: hid_int_ep_write(hid_dev0, switch_pro_current_input, sizeof(switch_pro_current_input), NULL) returned -11 (../src/main.cc:1508)[0m
[1;31m--- 9 messages dropped ---
[0m[00:00:13.326,324] [1;31m<err> remapper: switch_pro_send_input_heartbeat: hid_int_ep_write(hid_dev0, switch_pro_current_input, sizeof(switch_pro_current_input), NULL) returned -11 (../src/main.cc:1508)[0m
[1;31m--- 9 messages dropped ---
[0m[00:00:13.366,333] [1;31m<err> remapper: switch_pro_send_input_heartbeat: hid_int_ep_write(hid_dev0, switch_pro_current_input, sizeof(switch_pro_current_input), NULL) returned -11 (../src/main.cc:1508)[0m
[1;31m--- 5 messages dropped ---
[0m[00:00:13.382,324] [1;31m<err> remapper: switch_pro_send_input_heartbeat: hid_int_ep_write(hid_dev0, switch_pro_current_input, sizeof(switch_pro_current_input), NULL) returned -11 (../src/main.cc:1508)[0m
[00:00:13.390,014] [1;33m<wrn> usb_hid: hid_int_ep_write: Device is not configured[0m
[00:00:13.390,136] [1;31m<err> remapper: switch_pro_send_input_heartbeat: hid_int_ep_write(hid_dev0, switch_pro_current_input, sizeof(switch_pro_current_input), NULL) returned -11 (../src/main.cc:1508)[0m
[00:00:13.398,284] [1;33m<wrn> usb_hid: hid_int_ep_write: Device is not configured[0m
[00:00:13.398,345] [1;31m<err> remapper: switch_pro_send_input_heartbeat: hid_int_ep_write(hid_dev0, switch_pro_current_input, sizeof(switch_pro_current_input), NULL) returned -11 (../src/main.cc:1508)[0m
[1;31m--- 4 messages dropped ---
[0m[00:00:13.422,302] [1;33m<wrn> usb_hid: hid_int_ep_write: Device is not configured[0m
[1;31m--- 3 messages dropped ---
[0m[00:00:13.446,014] [1;33m<wrn> usb_hid: hid_int_ep_write: Device is not configured[0m
[1;31m--- 5 messages dropped ---
[0m[00:00:13.462,036] [1;33m<wrn> usb_hid: hid_int_ep_write: Device is not configured[0m
[1;31m--- 5 messages dropped ---
[0m[00:00:13.494,293] [1;33m<wrn> usb_hid: hid_int_ep_write: Device is not configured[0m
[1;31m--- 4 messages dropped ---
[0m[00:00:13.502,105] [1;31m<err> remapper: switch_pro_send_input_heartbeat: hid_int_ep_write(hid_dev0, switch_pro_current_input, sizeof(switch_pro_current_input), NULL) returned -11 (../src/main.cc:1508)[0m
[1;31m--- 7 messages dropped ---
[0m[00:00:13.542,327] [1;31m<err> remapper: switch_pro_send_input_heartbeat: hid_int_ep_write(hid_dev0, switch_pro_current_input, sizeof(switch_pro_current_input), NULL) returned -11 (../src/main.cc:1508)[0m
[1;31m--- 9 messages dropped ---
[0m[00:00:13.582,153] [1;31m<err> remapper: switch_pro_send_input_heartbeat: hid_int_ep_write(hid_dev0, switch_pro_current_input, sizeof(switch_pro_current_input), NULL) returned -11 (../src/main.cc:1508)[0m
[1;31m--- 9 messages dropped ---
[0m[00:00:13.622,131] [1;31m<err> remapper: switch_pro_send_input_heartbeat: hid_int_ep_write(hid_dev0, switch_pro_current_input, sizeof(switch_pro_current_input), NULL) returned -11 (../src/main.cc:1508)[0m
[1;31m--- 10 messages dropped ---
[0m[00:00:13.662,292] [1;33m<wrn> usb_hid: hid_int_ep_write: Device is not configured[0m
[1;31m--- 6 messages dropped ---
[0m[00:00:13.694,122] [1;31m<err> remapper: switch_pro_send_input_heartbeat: hid_int_ep_write(hid_dev0, switch_pro_current_input, sizeof(switch_pro_current_input), NULL) returned -11 (../src/main.cc:1508)[0m
