*** Booting Zephyr OS build c0689b16ff12 ***
[usbdesc 000: 12 01 00 02 ef 02 01 40 7e 05 69 20 01 02 01 02
00:usbdesc 010: 03 01 09 02 ba 00 05 01 00 a0 32 08 0b 00 01 03
usbdesc 020: 00 00 00 09 04 00 00 02 03 00 00 00 09 21 10 01
usbdesc 030: 00 01 22 73 00 07 05 81 03 40 00 04 07 05 01 03
usbdesc 040: 40 00 04 08 0b 01 01 ff 00 00 00 09 04 01 00 02
usbdesc 050: ff 00 00 00 07 05 02 02 40 00 00 07 05 82 02 40
00:00.004,302]usbdesc 060: 00 00 08 0b 02 03 01 01 00 00 09 04 02 00 00 01
 [0m<inf> remapper: main: HID Remapper Bluetooth[0m
usbdesc 070: 01 00 00 0a 24 01 00 01 47 00 02 03 04 0c 24 02
[00:00:00.011,962] [0m<inf> fs_nvs: nvs_mount: 8 Sectorsusbdesc 080: 01 01 01 00 02 03 00 00 00 0a 24 06 02 01 01 03
 of 4096 bytes[0m
[00:00:00.011,993] [0m<inf> fs_nvsusbdesc 090: 00 00 00 09 24 03 03 02 03 00 02 00 0c 24 02 04
: nvs_mount: alloc wra: 0, fe8[0m
[00:00:00.011,993] usbdesc 0a0: 01 02 00 01 00 00 00 00 09 24 06 05 04 01 03 00
[0m<inf> fs_nvs: nvs_mount: data wra: 0, 0[0m
usbdesc 0b0: 00 09 24 03 06 01 01 00 05 00 09 04 03 00 00 01
[00:00:00.012,207] [0m<inf> sdc_hci_driver: hci_dusbdesc 0c0: 02 00 00 09 04 04 00 00 01 02 00 00 04 03 09 04
river_open: SoftDevice Controller build revision: 
      usbdesc 0d0: 12 03 4e 00 69 00 6e 00 74 00 65 00 6e 00 64 00
                                   6d 90 41 2a 38 e8 ad 1usbdesc 0e0: 6f 00 30 03 53 00 77 00 69 00 74 00 63 00 68 00
7  29 a5 03 38 39 27 d7 85 |m.A*8... )..89'..
          usbdesc 0f0: 20 00 32 00 20 00 50 00 72 00 6f 00 20 00 43 00
                               1f 85 d8 e1             usbdesc 100: 6f 00 6e 00 74 00 72 00 6f 00 6c 00 6c 00 65 00
                         |....             [0m
usbdesc 110: 72 00 22 03 31 00 44 00 33 00 4USB_SETUP bm=0xc0 req=0x03 status=identity_ACK
6 00 3USB_SETUP bm=0xc0 req=0x02 status=proto_ACK
2 USB_SETUP bm=0x40 req=0x04 val=0x0276 status=set_ACK
00 30 00
[00:00:00.014,648] [0m<inf> bt_hci_core: hci_vs_initUSB_EP_OUT ep=0x02 len=16 data=0391000d
: HW Platform: Nordic Semiconductor (0x0002)[0mUSB_EP_OUT ep=0x02 len=8 data=07910001

[00:00:00.014,678] [0m<inf> bt_hci_core: hci_vs_init: HW Variant: nRF52x (0x0002)[0m
[00:00:00.014,709] [0m<inf> bt_hci_core: hci_vs_init: FirmwarUSB_EP_OUT ep=0x02 len=8 data=16910001
e: Standard Bluetooth controller (0x00) Version 109.16784 Build 2917677098[0m
[00:00:00.015,228] [0m<inf> bt_hci_core: bt_init: No ID address. App must call settings_load()[0m
USB_EP_OUT ep=0x02 len=12 data=0b910007
[00:00:00.015,747] [0m<inf> bt_hci_core: bt_dev_show_info: Identity: C6:5F:36:95:D7:F9 (random)[0m
[00:00:00.015,777] [0m<inf> bt_hci_core: bt_dev_show_info: HCI: version 5.3 (0x0c) revision 0x11fa, manufacturer 0x0059[0m
[00:00:00.015,USB_EP_OUT ep=0x02 len=22 data=15910001
USB_INIT bt_mac_resp sub=0x01 mac=3c:a9:ab:69:17:3d
808] [0m<inf> bt_hci_core: bt_dev_show_info: LMP: version 5.3 (0x0c) subver 0x11fa[0m
[00:00:00.015,838] [0m<inf> remapper: switch2_flight_dump_saved: switch2_flight dump count=0 next_seq=0 wrapped=0[0m
[00:00:00.015,869] [0m<inf> remapper: main: Switch 2 console USB build: forcing Switch 2 Pro descriptor[0m
[00USB_EP_OUT ep=0x02 len=25 data=15910004
:00:00.017,028] [0m<inf> usb_hid: hid_do_status_cb: Device connected[0m
[00:00:00.020,141] [0m<inf> usb_hid: hid_do_status_cb: Device suspended[0m
[00:00:00.121,490] [0m<inf> usb_hid: hid_do_status_cb: Device resumed[0m
[00:00:00.121,490] [0m<inf> usb_hid: hid_do_status_cb: from suspend[0m
[00:00:00.121,551] [0m<inf> usb_hid: hid_do_status_cb: Device reset detected[0m
[00:00:00.196,502] [0m<inf> usb_hid: hid_do_status_cb: Device configured[0m
[00:00:00.216,064] [0m<inf> remapper: switch_pro_handle_output_report:USB_EP_OUT ep=0x02 len=25 data=15910002
 pro out_report desc=7 len=64: 00 00 00 00[0m
[00:00:00.216,125] [0m<inf> remapper: switch2_pro_handle_output_report: sw2 host_cmd len=64: 00 00 00 00 00 00 00USB_EP_OUT ep=0x02 len=12 data=0c910002
 00[0m
[00:00:00.229,980] [0m<inf> remapper: switch2_pro_handle_output_report: sw2 host_cmd len=16: 03 91 00 0d 00 08 00 00[0m
[00:00:00.232,971USB_EP_OUT ep=0x02 len=16 data=02910004
] [0m<inf> remapper: switch_pro_handle_output_report: pro out_report desc=7 len=64: 00 00 00 00[0m
[00:00:00.233,001] [0m<inf> remapper: switch2_pro_handle_outpuUSB_EP_OUT ep=0x02 len=16 data=02910004
t_report: sw2 host_cmd len=64: 00 00 00 00 00 00 00 00[0m
[00:00:00.233,428] [0m<inf> remapper: switch_pro_log_stats: switch_pro_stats enabled=1 rUSB_EP_OUT ep=0x02 len=16 data=02910004
eport_q=0/5 response_q=1/1 out_q=0 out_overflows=0 ble=0 ble_drop=0 host=6 host_drop=0 set=0 translated=0 mapped=0/0 heartbeat=0/0 response=0/0 response_drop=0 rumble=0/0 USB_EP_OUT ep=0x02 len=16 data=02910004
fail=0 busy=0 buttons=00 00 00[0m
[00:00:00.259,918] [0m<inf> remapper: switch2_pro_handle_output_report: sw2 host_cmd len=8: 07 91 00 01 00 00 00 00[0m
USB_EP_OUT ep=0x02 len=16 data=02910004
[00:00:00.289,855] [0m<inf> remapper: switch2_pro_handle_output_report: sw2 host_cmd len=8: 16 91 00 01 00 00 00 00[0m
[00:00:00.350,067] [0m<inf> remapUSB_EP_OUT ep=0x02 len=8 data=11910003
per: switch2_pro_handle_output_report: sw2 host_cmd len=12: 0b 91 00 07 00 04 00 00[0m
[00:00:00.410,095] [0m<inf> remapper: switch2_pro_handle_output_report: sw2USB_EP_OUT ep=0x02 len=16 data=02910004
 host_cmd len=22: 15 91 00 01 00 0e 00 00[0m
[00:00:00.470,214] [0m<inf> remapper: switch2_pro_handle_output_report: sw2 host_cmd len=25: 15 91 00 04 00 11 00 USB_EP_OUT ep=0x02 len=28 data=0a910008
00[0m
[00:00:00.560,211] [0m<inf> remapper: switch2_pro_handle_output_report: sw2 host_cmd len=25: 15 91 00 02 00 11 00 00[0m
[00:00:00.590,393] USB_EP_OUT ep=0x02 len=8 data=11910001
[0m<inf> remapper: switch2_pro_handle_output_report: sw2 host_cmd len=12: 0c 91 00 02 00 04 00 00[0m
[00:00:00.620,330] [0m<inf> remapper: switch2_pro_handle_output_report: sw2 host_cmd len=16: 02 91 00 04 00 08 00 00[0m
[00:00:00.650,329] [0m<inf> remapper: switch2_pro_handle_output_report: sw2 host_cmd len=16: 02 91 00 04 00 08 00 00[0m
USB_EP_OUT ep=0x02 len=12 data=0c910004
[00:00:00.680,389] [0m<inf> remapper: switch2_pro_handle_output_report: sw2 host_cmd len=16: 02 91 00 04 00 08 00 00[0m
[00:00:00.710,357] [0m<inf> remapper: switch2_pro_handle_output_report: sw2 host_cmd len=16: 02 91 00 04 00 08 00 00[0m
[00:00:00.740,356] [0m<inf> remapper: switch2_pro_handle_output_report: sw2 host_cmd len=16: 02 91 00 04USB_EP_OUT ep=0x02 len=12 data=0391000a
 00 08 00 00[0m
[00:00:00.770,294] [0m<inf> remapper: switch2_pro_handle_output_report: sw2 host_cmd len=8: 11 91 00 03 00 00 00 00[0m
[00:00:00.800,384] [0m<inf> remapper: switch2_pro_handle_output_report: sw2 host_cmd len=16: 02 91 00 04 00 08 00USB_EP_OUT ep=0x02 len=8 data=10910001
 00[0m
[00:00:00.830,444] [0m<inf> remapper: switch2_pro_handle_output_report: sw2 host_cmd len=28: 0a 91 00 08 00 14 00 00[0m
[00:00:00.860,2USB_EP_OUT ep=0x02 len=8 data=0191000c
90] [0m<inf> remapper: switch2_pro_handle_output_report: sw2 host_cmd len=8: 11 91 00 01 00 00 00 00[0m
[00:00:00.920,562] [0m<inf> remapper: switch2_pro_handle_oUSB_EP_OUT ep=0x02 len=8 data=18910001
utput_report: sw2 host_cmd len=12: 0c 91 00 04 00 04 00 00[0m
[00:00:00.980,560] [0m<inf> remapper: switch2_pro_handle_output_report: sw2 host_cmd len=12: 03 91 00 0a 00 04 00 00[0m
[00:00:01.006,164] [0m<inf> remapper: switch_pro_send_input_heartbeat: sw2 heartbeat: writes=92 fails=0 enabled=1 rep0=09 rep2=20[0m
[00:00:01.007,995] [0m<inf> remapper: int_in_ready_cb0: sw2 IN endpoint polled by console: count=93[0m
[00:00:01.012,115] [0m<inf> remapper: switch_pro_handle_output_report: pro out_report desc=7 len=64: 02 50 81 01[0m
[00:00:01.012,145] [0m<inf> remapper: switch2_pro_handle_output_report: sw2 host_cmd len=64: 02 50 81 01 10 1e 00 00[0m
[00:00:01.016,082] [0m<inf> remapper: switch_pro_handle_output_report: pro out_report desc=7 len=64: 02 51 81 01[0m
[00:00:01.016,143] [0m<inf> remapper: switch2_pro_handle_output_report: sw2 host_cmd len=64: 02 51 81 01 10 1e 00 00[0m
[00:00:01.040,466] [0m<inf> remapper: switch2_pro_handle_output_report: sw2 host_cmd len=8: 10 91 00 01 00 00 00 00[0m
[00:00:01.070,526] [0m<inf> remapper: switch2_pro_handle_output_report: sw2 host_cmd len=8: 01 91 00 0c 00 00 00 00[0m
[00:00:01.100,463] [0m<inf> remapper: switch2_pro_handle_output_report: sw2 host_cmd len=8: 18 91 00 01 00 00 00 00[0m
[00:00:01.232,971] [0m<inf> remapper: scan_setup_filters: scanning for Switch 2 Pro Controller manufacturer data[0m
[00:00:01.233,703] [0m<inf> remapper: scan_start: Scanning started.[0m
[00:00:01.233,978] [0m<inf> remapper: switch_pro_log_stats: switch_pro_stats enabled=1 report_q=0/5 response_q=0/2 out_q=0 out_overflows=0 ble=0 ble_drop=0 host=33 host_drop=0 set=0 translated=0 mapped=1/0 heartbeat=120/0 response=25/0 response_drop=0 rumble=2/0 fail=0 busy=0 buttons=00 00 00[0m
[00:00:02.008,178] [0m<inf> remapper: switch_pro_send_input_heartbeat: sw2 heartbeat: writes=214 fails=0 enabled=1 rep0=09 rep2=20[0m
[00:00:02.011,993] [0m<inf> remapper: int_in_ready_cb0: sw2 IN endpoint polled by console: count=215[0m
[00:00:02.233,123] [0m<inf> remapper: switch_pro_log_stats: switch_pro_stats enabled=1 report_q=0/5 response_q=0/2 out_q=0 out_overflows=0 ble=0 ble_drop=0 host=33 host_drop=0 set=0 translated=0 mapped=1/0 heartbeat=242/0 response=25/0 response_drop=0 rumble=2/0 fail=0 busy=0 buttons=00 00 00[0m
[00:00:03.011,169] [0m<inf> remapper: switch_pro_send_input_heartbeat: sw2 heartbeat: writes=322 fails=0 enabled=1 rep0=09 rep2=20[0m
[00:00:03.011,993] [0m<inf> remapper: int_in_ready_cb0: sw2 IN endpoint polled by console: count=323[0m
[00:00:03.233,154] [0m<inf> remapper: switch_pro_log_stats: switch_pro_stats enabled=1 report_q=0/5 response_q=0/2 out_q=0 out_overflows=0 ble=0 ble_drop=0 host=33 host_drop=0 set=0 translated=0 mapped=1/0 heartbeat=349/0 response=25/0 response_drop=0 rumble=2/0 fail=0 busy=0 buttons=00 00 00[0m
[00:00:04.011,993] [0m<inf> remapper: int_in_ready_cb0: sw2 IN endpoint polled by console: count=442[0m
[00:00:04.016,174] [0m<inf> remapper: switch_pro_send_input_heartbeat: sw2 heartbeat: writes=442 fails=0 enabled=1 rep0=09 rep2=20[0m
[00:00:04.233,276] [0m<inf> remapper: switch_pro_log_stats: switch_pro_stats enabled=1 report_q=0/5 response_q=0/2 out_q=0 out_overflows=0 ble=0 ble_drop=0 host=33 host_drop=0 set=0 translated=0 mapped=1/0 heartbeat=469/0 response=25/0 response_drop=0 rumble=2/0 fail=0 busy=0 buttons=00 00 00[0m
[00:00:05.011,993] [0m<inf> remapper: int_in_ready_cb0: sw2 IN endpoint polled by console: count=566[0m
[00:00:05.017,181] [0m<inf> remapper: switch_pro_send_input_heartbeat: sw2 heartbeat: writes=566 fails=0 enabled=1 rep0=09 rep2=20[0m
[00:00:05.233,154] [0m<inf> remapper: switch_pro_log_stats: switch_pro_stats enabled=1 report_q=0/5 response_q=0/2 out_q=0 out_overflows=0 ble=0 ble_drop=0 host=33 host_drop=0 set=0 translated=0 mapped=1/0 heartbeat=592/0 response=25/0 response_drop=0 rumble=2/0 fail=0 busy=0 buttons=00 00 00[0m
[00:00:06.015,991] [0m<inf> remapper: int_in_ready_cb0: sw2 IN endpoint polled by console: count=670[0m
[00:00:06.023,193] [0m<inf> remapper: switch_pro_send_input_heartbeat: sw2 heartbeat: writes=670 fails=0 enabled=1 rep0=09 rep2=20[0m
[00:00:06.233,215] [0m<inf> remapper: switch_pro_log_stats: switch_pro_stats enabled=1 report_q=0/5 response_q=0/2 out_q=0 out_overflows=0 ble=0 ble_drop=0 host=33 host_drop=0 set=0 translated=0 mapped=1/0 heartbeat=696/0 response=25/0 response_drop=0 rumble=2/0 fail=0 busy=0 buttons=00 00 00[0m
[00:00:07.020,019] [0m<inf> remapper: int_in_ready_cb0: sw2 IN endpoint polled by console: count=790[0m
[00:00:07.024,444] [0m<inf> remapper: switch_pro_send_input_heartbeat: sw2 heartbeat: writes=790 fails=0 enabled=1 rep0=09 rep2=20[0m
[00:00:07.233,154] [0m<inf> remapper: switch_pro_log_stats: switch_pro_stats enabled=1 report_q=0/5 response_q=0/2 out_q=0 out_overflows=0 ble=0 ble_drop=0 host=33 host_drop=0 set=0 translated=0 mapped=1/0 heartbeat=816/0 response=25/0 response_drop=0 rumble=2/0 fail=0 busy=0 buttons=00 00 00[0m
[00:00:08.023,986] [0m<inf> remapper: int_in_ready_cb0: sw2 IN endpoint polled by console: count=910[0m
[00:00:08.029,174] [0m<inf> remapper: switch_pro_send_input_heartbeat: sw2 heartbeat: writes=910 fails=0 enabled=1 rep0=09 rep2=20[0m
[00:00:08.233,245] [0m<inf> remapper: switch_pro_log_stats: switch_pro_stats enabled=1 report_q=0/5 response_q=0/2 out_q=0 out_overflows=0 ble=0 ble_drop=0 host=33 host_drop=0 set=0 translated=0 mapped=1/0 heartbeat=935/0 response=25/0 response_drop=0 rumble=2/0 fail=0 busy=0 buttons=00 00 00[0m
[00:00:09.024,017] [0m<inf> remapper: int_in_ready_cb0: sw2 IN endpoint polled by console: count=1015[0m
[00:00:09.031,188] [0m<inf> remapper: switch_pro_send_input_heartbeat: sw2 heartbeat: writes=1015 fails=0 enabled=1 rep0=09 rep2=20[0m
[00:00:09.233,154] [0m<inf> remapper: switch_pro_log_stats: switch_pro_stats enabled=1 report_q=0/5 response_q=0/2 out_q=0 out_overflows=0 ble=0 ble_drop=0 host=33 host_drop=0 set=0 translated=0 mapped=1/0 heartbeat=1040/0 response=25/0 response_drop=0 rumble=2/0 fail=0 busy=0 buttons=00 00 00[0m
[00:00:10.028,015] [0m<inf> remapper: int_in_ready_cb0: sw2 IN endpoint polled by console: count=1136[0m
[00:00:10.032,196] [0m<inf> remapper: switch_pro_send_input_heartbeat: sw2 heartbeat: writes=1136 fails=0 enabled=1 rep0=09 rep2=20[0m
[00:00:10.233,154] [0m<inf> remapper: switch_pro_log_stats: switch_pro_stats enabled=1 report_q=0/5 response_q=0/2 out_q=0 out_overflows=0 ble=0 ble_drop=0 host=33 host_drop=0 set=0 translated=0 mapped=1/0 heartbeat=1161/0 response=25/0 response_drop=0 rumble=2/0 fail=0 busy=0 buttons=00 00 00[0m
[00:00:11.032,012] [0m<inf> remapper: int_in_ready_cb0: sw2 IN endpoint polled by console: count=1256[0m
[00:00:11.036,254] [0m<inf> remapper: switch_pro_send_input_heartbeat: sw2 heartbeat: writes=1256 fails=0 enabled=1 rep0=09 rep2=20[0m
[00:00:11.233,154] [0m<inf> remapper: switch_pro_log_stats: switch_pro_stats enabled=1 report_q=0/5 response_q=0/2 out_q=0 out_overflows=0 ble=0 ble_drop=0 host=33 host_drop=0 set=0 translated=0 mapped=1/0 heartbeat=1280/0 response=25/0 response_drop=0 rumble=2/0 fail=0 busy=0 buttons=00 00 00[0m
[00:00:12.039,154] [0m<inf> remapper: switch_pro_send_input_heartbeat: sw2 heartbeat: writes=1362 fails=0 enabled=1 rep0=09 rep2=20[0m
[00:00:12.040,008] [0m<inf> remapper: int_in_ready_cb0: sw2 IN endpoint polled by console: count=1363[0m
[00:00:12.233,154] [0m<inf> remapper: switch_pro_log_stats: switch_pro_stats enabled=1 report_q=0/5 response_q=0/2 out_q=0 out_overflows=0 ble=0 ble_drop=0 host=33 host_drop=0 set=0 translated=0 mapped=1/0 heartbeat=1386/0 response=25/0 response_drop=0 rumble=2/0 fail=0 busy=0 buttons=00 00 00[0m
[00:00:13.040,191] [0m<inf> remapper: switch_pro_send_input_heartbeat: sw2 heartbeat: writes=1484 fails=0 enabled=1 rep0=09 rep2=20[0m
[00:00:13.044,036] [0m<inf> remapper: int_in_ready_cb0: sw2 IN endpoint polled by console: count=1485[0m
[00:00:13.233,154] [0m<inf> remapper: switch_pro_log_stats: switch_pro_stats enabled=1 report_q=0/5 response_q=0/2 out_q=0 out_overflows=0 ble=0 ble_drop=0 host=33 host_drop=0 set=0 translated=0 mapped=1/0 heartbeat=1508/0 response=25/0 response_drop=0 rumble=2/0 fail=0 busy=0 buttons=00 00 00[0m
[00:00:14.044,189] [0m<inf> remapper: switch_pro_send_input_heartbeat: sw2 heartbeat: writes=1604 fails=0 enabled=1 rep0=09 rep2=20[0m
[00:00:14.048,034] [0m<inf> remapper: int_in_ready_cb0: sw2 IN endpoint polled by console: count=1605[0m
[00:00:14.233,154] [0m<inf> remapper: switch_pro_log_stats: switch_pro_stats enabled=1 report_q=0/5 response_q=0/2 out_q=0 out_overflows=0 ble=0 ble_drop=0 host=33 host_drop=0 set=0 translated=0 mapped=1/0 heartbeat=1627/0 response=25/0 response_drop=0 rumble=2/0 fail=0 busy=0 buttons=00 00 00[0m
[00:00:15.047,210] [0m<inf> remapper: switch_pro_send_input_heartbeat: sw2 heartbeat: writes=1711 fails=0 enabled=1 rep0=09 rep2=20[0m
[00:00:15.048,004] [0m<inf> remapper: int_in_ready_cb0: sw2 IN endpoint polled by console: count=1712[0m
[00:00:15.233,154] [0m<inf> remapper: switch_pro_log_stats: switch_pro_stats enabled=1 report_q=0/5 response_q=0/2 out_q=0 out_overflows=0 ble=0 ble_drop=0 host=33 host_drop=0 set=0 translated=0 mapped=1/0 heartbeat=1734/0 response=25/0 response_drop=0 rumble=2/0 fail=0 busy=0 buttons=00 00 00[0m
[00:00:16.048,217] [0m<inf> remapper: switch_pro_send_input_heartbeat: sw2 heartbeat: writes=1834 fails=0 enabled=1 rep0=09 rep2=20[0m
[00:00:16.052,032] [0m<inf> remapper: int_in_ready_cb0: sw2 IN endpoint polled by console: count=1835[0m
[00:00:16.233,154] [0m<inf> remapper: switch_pro_log_stats: switch_pro_stats enabled=1 report_q=0/5 response_q=0/2 out_q=0 out_overflows=0 ble=0 ble_drop=0 host=33 host_drop=0 set=0 translated=0 mapped=1/0 heartbeat=1857/0 response=25/0 response_drop=0 rumble=2/0 fail=0 busy=0 buttons=00 00 00[0m
[00:00:17.052,215] [0m<inf> remapper: switch_pro_send_input_heartbeat: sw2 heartbeat: writes=1955 fails=0 enabled=1 rep0=09 rep2=20[0m
[00:00:17.056,030] [0m<inf> remapper: int_in_ready_cb0: sw2 IN endpoint polled by console: count=1956[0m
[00:00:17.233,154] [0m<inf> remapper: switch_pro_log_stats: switch_pro_stats enabled=1 report_q=0/5 response_q=0/2 out_q=0 out_overflows=0 ble=0 ble_drop=0 host=33 host_drop=0 set=0 translated=0 mapped=1/0 heartbeat=1977/0 response=25/0 response_drop=0 rumble=2/0 fail=0 busy=0 buttons=00 00 00[0m
[00:00:18.055,206] [0m<inf> remapper: switch_pro_send_input_heartbeat: sw2 heartbeat: writes=2063 fails=0 enabled=1 rep0=09 rep2=20[0m
[00:00:18.064,025] [0m<inf> remapper: int_in_ready_cb0: sw2 IN endpoint polled by console: count=2065[0m
[00:00:18.233,154] [0m<inf> remapper: switch_pro_log_stats: switch_pro_stats enabled=1 report_q=0/5 response_q=0/2 out_q=0 out_overflows=0 ble=0 ble_drop=0 host=33 host_drop=0 set=0 translated=0 mapped=1/0 heartbeat=2085/0 response=25/0 response_drop=0 rumble=2/0 fail=0 busy=0 buttons=00 00 00[0m
[00:00:19.056,213] [0m<inf> remapper: switch_pro_send_input_heartbeat: sw2 heartbeat: writes=2187 fails=0 enabled=1 rep0=09 rep2=20[0m
[00:00:19.068,054] [0m<inf> remapper: int_in_ready_cb0: sw2 IN endpoint polled by console: count=2189[0m
[00:00:19.233,154] [0m<inf> remapper: switch_pro_log_stats: switch_pro_stats enabled=1 report_q=0/5 response_q=0/2 out_q=0 out_overflows=0 ble=0 ble_drop=0 host=33 host_drop=0 set=0 translated=0 mapped=1/0 heartbeat=2209/0 response=25/0 response_drop=0 rumble=2/0 fail=0 busy=0 buttons=00 00 00[0m
[00:00:20.060,211] [0m<inf> remapper: switch_pro_send_input_heartbeat: sw2 heartbeat: writes=2309 fails=0 enabled=1 rep0=09 rep2=20[0m
[00:00:20.072,021] [0m<inf> remapper: int_in_ready_cb0: sw2 IN endpoint polled by console: count=2311[0m
[00:00:20.233,276] [0m<inf> remapper: switch_pro_log_stats: switch_pro_stats enabled=1 report_q=0/5 response_q=0/2 out_q=0 out_overflows=0 ble=0 ble_drop=0 host=33 host_drop=0 set=0 translated=0 mapped=1/0 heartbeat=2330/0 response=25/0 response_drop=0 rumble=2/0 fail=0 busy=0 buttons=00 00 00[0m
[00:00:21.067,199] [0m<inf> remapper: switch_pro_send_input_heartbeat: sw2 heartbeat: writes=2411 fails=0 enabled=1 rep0=09 rep2=20[0m
[00:00:21.076,019] [0m<inf> remapper: int_in_ready_cb0: sw2 IN endpoint polled by console: count=2413[0m
[00:00:21.233,184] [0m<inf> remapper: switch_pro_log_stats: switch_pro_stats enabled=1 report_q=0/5 response_q=0/2 out_q=0 out_overflows=0 ble=0 ble_drop=0 host=33 host_drop=0 set=0 translated=0 mapped=1/0 heartbeat=2431/0 response=25/0 response_drop=0 rumble=2/0 fail=0 busy=0 buttons=00 00 00[0m
[00:00:22.069,213] [0m<inf> remapper: switch_pro_send_input_heartbeat: sw2 heartbeat: writes=2531 fails=0 enabled=1 rep0=09 rep2=20[0m
[00:00:22.080,047] [0m<inf> remapper: int_in_ready_cb0: sw2 IN endpoint polled by console: count=2533[0m
[00:00:22.233,306] [0m<inf> remapper: switch_pro_log_stats: switch_pro_stats enabled=1 report_q=0/5 response_q=0/2 out_q=0 out_overflows=0 ble=0 ble_drop=0 host=33 host_drop=0 set=0 translated=0 mapped=1/0 heartbeat=2551/0 response=25/0 response_drop=0 rumble=2/0 fail=0 busy=0 buttons=00 00 00[0m
[00:00:23.076,202] [0m<inf> remapper: switch_pro_send_input_heartbeat: sw2 heartbeat: writes=2655 fails=0 enabled=1 rep0=09 rep2=20[0m
[00:00:23.080,017] [0m<inf> remapper: int_in_ready_cb0: sw2 IN endpoint polled by console: count=2656[0m
[00:00:23.233,276] [0m<inf> remapper: switch_pro_log_stats: switch_pro_stats enabled=1 report_q=0/5 response_q=0/2 out_q=0 out_overflows=0 ble=0 ble_drop=0 host=33 host_drop=0 set=0 translated=0 mapped=1/0 heartbeat=2674/0 response=25/0 response_drop=0 rumble=2/0 fail=0 busy=0 buttons=00 00 00[0m
[00:00:24.083,221] [0m<inf> remapper: switch_pro_send_input_heartbeat: sw2 heartbeat: writes=2759 fails=0 enabled=1 rep0=09 rep2=20[0m
[00:00:24.084,014] [0m<inf> remapper: int_in_ready_cb0: sw2 IN endpoint polled by console: count=2760[0m
[00:00:24.233,184] [0m<inf> remapper: switch_pro_log_stats: switch_pro_stats enabled=1 report_q=0/5 response_q=0/2 out_q=0 out_overflows=0 ble=0 ble_drop=0 host=33 host_drop=0 set=0 translated=0 mapped=1/0 heartbeat=2777/0 response=25/0 response_drop=0 rumble=2/0 fail=0 busy=0 buttons=00 00 00[0m
[00:00:25.084,228] [0m<inf> remapper: switch_pro_send_input_heartbeat: sw2 heartbeat: writes=2879 fails=0 enabled=1 rep0=09 rep2=20[0m
[00:00:25.088,043] [0m<inf> remapper: int_in_ready_cb0: sw2 IN endpoint polled by console: count=2880[0m
[00:00:25.233,306] [0m<inf> remapper: switch_pro_log_stats: switch_pro_stats enabled=1 report_q=0/5 response_q=0/2 out_q=0 out_overflows=0 ble=0 ble_drop=0 host=33 host_drop=0 set=0 translated=0 mapped=1/0 heartbeat=2897/0 response=25/0 response_drop=0 rumble=2/0 fail=0 busy=0 buttons=00 00 00[0m
[00:00:26.089,233] [0m<inf> remapper: switch_pro_send_input_heartbeat: sw2 heartbeat: writes=2999 fails=0 enabled=1 rep0=09 rep2=20[0m
[00:00:26.092,071] [0m<inf> remapper: int_in_ready_cb0: sw2 IN endpoint polled by console: count=3000[0m
[00:00:26.233,184] [0m<inf> remapper: switch_pro_log_stats: switch_pro_stats enabled=1 report_q=0/5 response_q=0/2 out_q=0 out_overflows=0 ble=0 ble_drop=0 host=33 host_drop=0 set=0 translated=0 mapped=1/0 heartbeat=3016/0 response=25/0 response_drop=0 rumble=2/0 fail=0 busy=0 buttons=00 00 00[0m
[00:00:27.091,217] [0m<inf> remapper: switch_pro_send_input_heartbeat: sw2 heartbeat: writes=3104 fails=0 enabled=1 rep0=09 rep2=20[0m
[00:00:27.092,041] [0m<inf> remapper: int_in_ready_cb0: sw2 IN endpoint polled by console: count=3105[0m
[00:00:27.233,184] [0m<inf> remapper: switch_pro_log_stats: switch_pro_stats enabled=1 report_q=0/5 response_q=0/2 out_q=0 out_overflows=0 ble=0 ble_drop=0 host=33 host_drop=0 set=0 translated=0 mapped=1/0 heartbeat=3121/0 response=25/0 response_drop=0 rumble=2/0 fail=0 busy=0 buttons=00 00 00[0m
[00:00:28.092,224] [0m<inf> remapper: switch_pro_send_input_heartbeat: sw2 heartbeat: writes=3225 fails=0 enabled=1 rep0=09 rep2=20[0m
[00:00:28.096,038] [0m<inf> remapper: int_in_ready_cb0: sw2 IN endpoint polled by console: count=3226[0m
[00:00:28.233,184] [0m<inf> remapper: switch_pro_log_stats: switch_pro_stats enabled=1 report_q=0/5 response_q=0/2 out_q=0 out_overflows=0 ble=0 ble_drop=0 host=33 host_drop=0 set=0 translated=0 mapped=1/0 heartbeat=3242/0 response=25/0 response_drop=0 rumble=2/0 fail=0 busy=0 buttons=00 00 00[0m
[00:00:29.096,221] [0m<inf> remapper: switch_pro_send_input_heartbeat: sw2 heartbeat: writes=3345 fails=0 enabled=1 rep0=09 rep2=20[0m
[00:00:29.100,067] [0m<inf> remapper: int_in_ready_cb0: sw2 IN endpoint polled by console: count=3346[0m
[00:00:29.233,184] [0m<inf> remapper: switch_pro_log_stats: switch_pro_stats enabled=1 report_q=0/5 response_q=0/2 out_q=0 out_overflows=0 ble=0 ble_drop=0 host=33 host_drop=0 set=0 translated=0 mapped=1/0 heartbeat=3362/0 response=25/0 response_drop=0 rumble=2/0 fail=0 busy=0 buttons=00 00 00[0m
[00:00:30.099,212] [0m<inf> remapper: switch_pro_send_input_heartbeat: sw2 heartbeat: writes=3451 fails=0 enabled=1 rep0=09 rep2=20[0m
[00:00:30.100,036] [0m<inf> remapper: int_in_ready_cb0: sw2 IN endpoint polled by console: count=3452[0m
[00:00:30.233,184] [0m<inf> remapper: switch_pro_log_stats: switch_pro_stats enabled=1 report_q=0/5 response_q=0/2 out_q=0 out_overflows=0 ble=0 ble_drop=0 host=33 host_drop=0 set=0 translated=0 mapped=1/0 heartbeat=3467/0 response=25/0 response_drop=0 rumble=2/0 fail=0 busy=0 buttons=00 00 00[0m
[00:00:31.100,219] [0m<inf> remapper: switch_pro_send_input_heartbeat: sw2 heartbeat: writes=3573 fails=0 enabled=1 rep0=09 rep2=20[0m
[00:00:31.104,064] [0m<inf> remapper: int_in_ready_cb0: sw2 IN endpoint polled by console: count=3574[0m
[00:00:31.233,184] [0m<inf> remapper: switch_pro_log_stats: switch_pro_stats enabled=1 report_q=0/5 response_q=0/2 out_q=0 out_overflows=0 ble=0 ble_drop=0 host=33 host_drop=0 set=0 translated=0 mapped=1/0 heartbeat=3589/0 response=25/0 response_drop=0 rumble=2/0 fail=0 busy=0 buttons=00 00 00[0m
[00:00:32.104,217] [0m<inf> remapper: switch_pro_send_input_heartbeat: sw2 heartbeat: writes=3693 fails=0 enabled=1 rep0=09 rep2=20[0m
[00:00:32.108,062] [0m<inf> remapper: int_in_ready_cb0: sw2 IN endpoint polled by console: count=3694[0m
[00:00:32.233,184] [0m<inf> remapper: switch_pro_log_stats: switch_pro_stats enabled=1 report_q=0/5 response_q=0/2 out_q=0 out_overflows=0 ble=0 ble_drop=0 host=33 host_drop=0 set=0 translated=0 mapped=1/0 heartbeat=3709/0 response=25/0 response_drop=0 rumble=2/0 fail=0 busy=0 buttons=00 00 00[0m
[00:00:33.107,238] [0m<inf> remapper: switch_pro_send_input_heartbeat: sw2 heartbeat: writes=3800 fails=0 enabled=1 rep0=09 rep2=20[0m
[00:00:33.108,032] [0m<inf> remapper: int_in_ready_cb0: sw2 IN endpoint polled by console: count=3801[0m
[00:00:33.233,184] [0m<inf> remapper: switch_pro_log_stats: switch_pro_stats enabled=1 report_q=0/5 response_q=0/2 out_q=0 out_overflows=0 ble=0 ble_drop=0 host=33 host_drop=0 set=0 translated=0 mapped=1/0 heartbeat=3815/0 response=25/0 response_drop=0 rumble=2/0 fail=0 busy=0 buttons=00 00 00[0m
[00:00:34.108,245] [0m<inf> remapper: switch_pro_send_input_heartbeat: sw2 heartbeat: writes=3923 fails=0 enabled=1 rep0=09 rep2=20[0m
[00:00:34.112,060] [0m<inf> remapper: int_in_ready_cb0: sw2 IN endpoint polled by console: count=3924[0m
[00:00:34.233,184] [0m<inf> remapper: switch_pro_log_stats: switch_pro_stats enabled=1 report_q=0/5 response_q=0/2 out_q=0 out_overflows=0 ble=0 ble_drop=0 host=33 host_drop=0 set=0 translated=0 mapped=1/0 heartbeat=3938/0 response=25/0 response_drop=0 rumble=2/0 fail=0 busy=0 buttons=00 00 00[0m
[00:00:35.112,243] [0m<inf> remapper: switch_pro_send_input_heartbeat: sw2 heartbeat: writes=4044 fails=0 enabled=1 rep0=09 rep2=20[0m
[00:00:35.116,058] [0m<inf> remapper: int_in_ready_cb0: sw2 IN endpoint polled by console: count=4045[0m
[00:00:35.233,184] [0m<inf> remapper: switch_pro_log_stats: switch_pro_stats enabled=1 report_q=0/5 response_q=0/2 out_q=0 out_overflows=0 ble=0 ble_drop=0 host=33 host_drop=0 set=0 translated=0 mapped=1/0 heartbeat=4059/0 response=25/0 response_drop=0 rumble=2/0 fail=0 busy=0 buttons=00 00 00[0m
[00:00:36.115,234] [0m<inf> remapper: switch_pro_send_input_heartbeat: sw2 heartbeat: writes=4152 fails=0 enabled=1 rep0=09 rep2=20[0m
[00:00:36.116,333] [0m<inf> remapper: int_in_ready_cb0: sw2 IN endpoint polled by console: count=4153[0m
[00:00:36.233,215] [0m<inf> remapper: switch_pro_log_stats: switch_pro_stats enabled=1 report_q=0/5 response_q=0/2 out_q=0 out_overflows=0 ble=0 ble_drop=0 host=33 host_drop=0 set=0 translated=0 mapped=1/0 heartbeat=4166/0 response=25/0 response_drop=0 rumble=2/0 fail=0 busy=0 buttons=00 00 00[0m
[00:00:37.116,210] [0m<inf> remapper: switch_pro_send_input_heartbeat: sw2 heartbeat: writes=4276 fails=0 enabled=1 rep0=09 rep2=20[0m
[00:00:37.120,056] [0m<inf> remapper: int_in_ready_cb0: sw2 IN endpoint polled by console: count=4277[0m
[00:00:37.233,306] [0m<inf> remapper: switch_pro_log_stats: switch_pro_stats enabled=1 report_q=0/5 response_q=0/2 out_q=0 out_overflows=0 ble=0 ble_drop=0 host=33 host_drop=0 set=0 translated=0 mapped=1/0 heartbeat=4290/0 response=25/0 response_drop=0 rumble=2/0 fail=0 busy=0 buttons=00 00 00[0m
[00:00:38.120,239] [0m<inf> remapper: switch_pro_send_input_heartbeat: sw2 heartbeat: writes=4398 fails=0 enabled=1 rep0=09 rep2=20[0m
[00:00:38.124,053] [0m<inf> remapper: int_in_ready_cb0: sw2 IN endpoint polled by console: count=4399[0m
[00:00:38.233,184] [0m<inf> remapper: switch_pro_log_stats: switch_pro_stats enabled=1 report_q=0/5 response_q=0/2 out_q=0 out_overflows=0 ble=0 ble_drop=0 host=33 host_drop=0 set=0 translated=0 mapped=1/0 heartbeat=4412/0 response=25/0 response_drop=0 rumble=2/0 fail=0 busy=0 buttons=00 00 00[0m
[00:00:39.127,258] [0m<inf> remapper: switch_pro_send_input_heartbeat: sw2 heartbeat: writes=4500 fails=0 enabled=1 rep0=09 rep2=20[0m
[00:00:39.128,082] [0m<inf> remapper: int_in_ready_cb0: sw2 IN endpoint polled by console: count=4501[0m
[00:00:39.233,276] [0m<inf> remapper: switch_pro_log_stats: switch_pro_stats enabled=1 report_q=0/5 response_q=0/2 out_q=0 out_overflows=0 ble=0 ble_drop=0 host=33 host_drop=0 set=0 translated=0 mapped=1/0 heartbeat=4513/0 response=25/0 response_drop=0 rumble=2/0 fail=0 busy=0 buttons=00 00 00[0m
[00:00:40.129,241] [0m<inf> remapper: switch_pro_send_input_heartbeat: sw2 heartbeat: writes=4620 fails=0 enabled=1 rep0=09 rep2=20[0m
[00:00:40.132,049] [0m<inf> remapper: int_in_ready_cb0: sw2 IN endpoint polled by console: count=4621[0m
[00:00:40.233,215] [0m<inf> remapper: switch_pro_log_stats: switch_pro_stats enabled=1 report_q=0/5 response_q=0/2 out_q=0 out_overflows=0 ble=0 ble_drop=0 host=33 host_drop=0 set=0 translated=0 mapped=1/0 heartbeat=4632/0 response=25/0 response_drop=0 rumble=2/0 fail=0 busy=0 buttons=00 00 00[0m
[00:00:41.132,080] [0m<inf> remapper: int_in_ready_cb0: sw2 IN endpoint polled by console: count=4744[0m
[00:00:41.136,230] [0m<inf> remapper: switch_pro_send_input_heartbeat: sw2 heartbeat: writes=4744 fails=0 enabled=1 rep0=09 rep2=20[0m
[00:00:41.233,306] [0m<inf> remapper: switch_pro_log_stats: switch_pro_stats enabled=1 report_q=0/5 response_q=0/2 out_q=0 out_overflows=0 ble=0 ble_drop=0 host=33 host_drop=0 set=0 translated=0 mapped=1/0 heartbeat=4756/0 response=25/0 response_drop=0 rumble=2/0 fail=0 busy=0 buttons=00 00 00[0m
[00:00:42.136,047] [0m<inf> remapper: int_in_ready_cb0: sw2 IN endpoint polled by console: count=4848[0m
[00:00:42.143,249] [0m<inf> remapper: switch_pro_send_input_heartbeat: sw2 heartbeat: writes=4848 fails=0 enabled=1 rep0=09 rep2=20[0m
[00:00:42.233,215] [0m<inf> remapper: switch_pro_log_stats: switch_pro_stats enabled=1 report_q=0/5 response_q=0/2 out_q=0 out_overflows=0 ble=0 ble_drop=0 host=33 host_drop=0 set=0 translated=0 mapped=1/0 heartbeat=4859/0 response=25/0 response_drop=0 rumble=2/0 fail=0 busy=0 buttons=00 00 00[0m
[00:00:43.140,045] [0m<inf> remapper: int_in_ready_cb0: sw2 IN endpoint polled by console: count=4968[0m
[00:00:43.144,256] [0m<inf> remapper: switch_pro_send_input_heartbeat: sw2 heartbeat: writes=4968 fails=0 enabled=1 rep0=09 rep2=20[0m
[00:00:43.233,184] [0m<inf> remapper: switch_pro_log_stats: switch_pro_stats enabled=1 report_q=0/5 response_q=0/2 out_q=0 out_overflows=0 ble=0 ble_drop=0 host=33 host_drop=0 set=0 translated=0 mapped=1/0 heartbeat=4979/0 response=25/0 response_drop=0 rumble=2/0 fail=0 busy=0 buttons=00 00 00[0m
[00:00:44.144,073] [0m<inf> remapper: int_in_ready_cb0: sw2 IN endpoint polled by console: count=5088[0m
[00:00:44.149,261] [0m<inf> remapper: switch_pro_send_input_heartbeat: sw2 heartbeat: writes=5088 fails=0 enabled=1 rep0=09 rep2=20[0m
[00:00:44.233,215] [0m<inf> remapper: switch_pro_log_stats: switch_pro_stats enabled=1 report_q=0/5 response_q=0/2 out_q=0 out_overflows=0 ble=0 ble_drop=0 host=33 host_drop=0 set=0 translated=0 mapped=1/0 heartbeat=5098/0 response=25/0 response_drop=0 rumble=2/0 fail=0 busy=0 buttons=00 00 00[0m
[00:00:45.144,042] [0m<inf> remapper: int_in_ready_cb0: sw2 IN endpoint polled by console: count=5193[0m
[00:00:45.151,245] [0m<inf> remapper: switch_pro_send_input_heartbeat: sw2 heartbeat: writes=5193 fails=0 enabled=1 rep0=09 rep2=20[0m
[00:00:45.233,215] [0m<inf> remapper: switch_pro_log_stats: switch_pro_stats enabled=1 report_q=0/5 response_q=0/2 out_q=0 out_overflows=0 ble=0 ble_drop=0 host=33 host_drop=0 set=0 translated=0 mapped=1/0 heartbeat=5203/0 response=25/0 response_drop=0 rumble=2/0 fail=0 busy=0 buttons=00 00 00[0m
[00:00:46.148,071] [0m<inf> remapper: int_in_ready_cb0: sw2 IN endpoint polled by console: count=5314[0m
[00:00:46.152,252] [0m<inf> remapper: switch_pro_send_input_heartbeat: sw2 heartbeat: writes=5314 fails=0 enabled=1 rep0=09 rep2=20[0m
[00:00:46.233,215] [0m<inf> remapper: switch_pro_log_stats: switch_pro_stats enabled=1 report_q=0/5 response_q=0/2 out_q=0 out_overflows=0 ble=0 ble_drop=0 host=33 host_drop=0 set=0 translated=0 mapped=1/0 heartbeat=5324/0 response=25/0 response_drop=0 rumble=2/0 fail=0 busy=0 buttons=00 00 00[0m
[00:00:47.152,069] [0m<inf> remapper: int_in_ready_cb0: sw2 IN endpoint polled by console: count=5434[0m
[00:00:47.156,250] [0m<inf> remapper: switch_pro_send_input_heartbeat: sw2 heartbeat: writes=5434 fails=0 enabled=1 rep0=09 rep2=20[0m
[00:00:47.233,184] [0m<inf> remapper: switch_pro_log_stats: switch_pro_stats enabled=1 report_q=0/5 response_q=0/2 out_q=0 out_overflows=0 ble=0 ble_drop=0 host=33 host_drop=0 set=0 translated=0 mapped=1/0 heartbeat=5443/0 response=25/0 response_drop=0 rumble=2/0 fail=0 busy=0 buttons=00 00 00[0m
[00:00:48.156,066] [0m<inf> remapper: int_in_ready_cb0: sw2 IN endpoint polled by console: count=5536[0m
[00:00:48.160,247] [0m<inf> remapper: switch_pro_send_input_heartbeat: sw2 heartbeat: writes=5536 fails=0 enabled=1 rep0=09 rep2=20[0m
[00:00:48.233,215] [0m<inf> remapper: switch_pro_log_stats: switch_pro_stats enabled=1 report_q=0/5 response_q=0/2 out_q=0 out_overflows=0 ble=0 ble_drop=0 host=33 host_drop=0 set=0 translated=0 mapped=1/0 heartbeat=5545/0 response=25/0 response_drop=0 rumble=2/0 fail=0 busy=0 buttons=00 00 00[0m
[00:00:49.156,097] [0m<inf> remapper: int_in_ready_cb0: sw2 IN endpoint polled by console: count=5658[0m
[00:00:49.160,278] [0m<inf> remapper: switch_pro_send_input_heartbeat: sw2 heartbeat: writes=5658 fails=0 enabled=1 rep0=09 rep2=20[0m
[00:00:49.233,215] [0m<inf> remapper: switch_pro_log_stats: switch_pro_stats enabled=1 report_q=0/5 response_q=0/2 out_q=0 out_overflows=0 ble=0 ble_drop=0 host=33 host_drop=0 set=0 translated=0 mapped=1/0 heartbeat=5667/0 response=25/0 response_drop=0 rumble=2/0 fail=0 busy=0 buttons=00 00 00[0m
[00:00:50.160,064] [0m<inf> remapper: int_in_ready_cb0: sw2 IN endpoint polled by console: count=5778[0m
[00:00:50.164,245] [0m<inf> remapper: switch_pro_send_input_heartbeat: sw2 heartbeat: writes=5778 fails=0 enabled=1 rep0=09 rep2=20[0m
[00:00:50.233,306] [0m<inf> remapper: switch_pro_log_stats: switch_pro_stats enabled=1 report_q=0/5 response_q=0/2 out_q=0 out_overflows=0 ble=0 ble_drop=0 host=33 host_drop=0 set=0 translated=0 mapped=1/0 heartbeat=5786/0 response=25/0 response_drop=0 rumble=2/0 fail=0 busy=0 buttons=00 00 00[0m
[00:00:51.160,064] [0m<inf> remapper: int_in_ready_cb0: sw2 IN endpoint polled by console: count=5885[0m
[00:00:51.167,266] [0m<inf> remapper: switch_pro_send_input_heartbeat: sw2 heartbeat: writes=5885 fails=0 enabled=1 rep0=09 rep2=20[0m
[00:00:51.233,215] [0m<inf> remapper: switch_pro_log_stats: switch_pro_stats enabled=1 report_q=0/5 response_q=0/2 out_q=0 out_overflows=0 ble=0 ble_drop=0 host=33 host_drop=0 set=0 translated=0 mapped=1/0 heartbeat=5893/0 response=25/0 response_drop=0 rumble=2/0 fail=0 busy=0 buttons=00 00 00[0m
[00:00:52.164,062] [0m<inf> remapper: int_in_ready_cb0: sw2 IN endpoint polled by console: count=6008[0m
[00:00:52.168,273] [0m<inf> remapper: switch_pro_send_input_heartbeat: sw2 heartbeat: writes=6008 fails=0 enabled=1 rep0=09 rep2=20[0m
[00:00:52.233,215] [0m<inf> remapper: switch_pro_log_stats: switch_pro_stats enabled=1 report_q=0/5 response_q=0/2 out_q=0 out_overflows=0 ble=0 ble_drop=0 host=33 host_drop=0 set=0 translated=0 mapped=1/0 heartbeat=6016/0 response=25/0 response_drop=0 rumble=2/0 fail=0 busy=0 buttons=00 00 00[0m
[00:00:53.168,090] [0m<inf> remapper: int_in_ready_cb0: sw2 IN endpoint polled by console: count=6129[0m
[00:00:53.172,271] [0m<inf> remapper: switch_pro_send_input_heartbeat: sw2 heartbeat: writes=6129 fails=0 enabled=1 rep0=09 rep2=20[0m
[00:00:53.233,215] [0m<inf> remapper: switch_pro_log_stats: switch_pro_stats enabled=1 report_q=0/5 response_q=0/2 out_q=0 out_overflows=0 ble=0 ble_drop=0 host=33 host_drop=0 set=0 translated=0 mapped=1/0 heartbeat=6136/0 response=25/0 response_drop=0 rumble=2/0 fail=0 busy=0 buttons=00 00 00[0m
[00:00:54.168,090] [0m<inf> remapper: int_in_ready_cb0: sw2 IN endpoint polled by console: count=6237[0m
[00:00:54.175,262] [0m<inf> remapper: switch_pro_send_input_heartbeat: sw2 heartbeat: writes=6237 fails=0 enabled=1 rep0=09 rep2=20[0m
[00:00:54.233,245] [0m<inf> remapper: switch_pro_log_stats: switch_pro_stats enabled=1 report_q=0/5 response_q=0/2 out_q=0 out_overflows=0 ble=0 ble_drop=0 host=33 host_drop=0 set=0 translated=0 mapped=1/0 heartbeat=6244/0 response=25/0 response_drop=0 rumble=2/0 fail=0 busy=0 buttons=00 00 00[0m
[00:00:55.172,088] [0m<inf> remapper: int_in_ready_cb0: sw2 IN endpoint polled by console: count=6361[0m
[00:00:55.176,239] [0m<inf> remapper: switch_pro_send_input_heartbeat: sw2 heartbeat: writes=6361 fails=0 enabled=1 rep0=09 rep2=20[0m
[00:00:55.233,337] [0m<inf> remapper: switch_pro_log_stats: switch_pro_stats enabled=1 report_q=0/5 response_q=0/2 out_q=0 out_overflows=0 ble=0 ble_drop=0 host=33 host_drop=0 set=0 translated=0 mapped=1/0 heartbeat=6368/0 response=25/0 response_drop=0 rumble=2/0 fail=0 busy=0 buttons=00 00 00[0m
[00:00:56.176,086] [0m<inf> remapper: int_in_ready_cb0: sw2 IN endpoint polled by console: count=6483[0m
[00:00:56.180,267] [0m<inf> remapper: switch_pro_send_input_heartbeat: sw2 heartbeat: writes=6483 fails=0 enabled=1 rep0=09 rep2=20[0m
[00:00:56.233,306] [0m<inf> remapper: switch_pro_log_stats: switch_pro_stats enabled=1 report_q=0/5 response_q=0/2 out_q=0 out_overflows=0 ble=0 ble_drop=0 host=33 host_drop=0 set=0 translated=0 mapped=1/0 heartbeat=6489/0 response=25/0 response_drop=0 rumble=2/0 fail=0 busy=0 buttons=00 00 00[0m
[00:00:57.180,084] [0m<inf> remapper: int_in_ready_cb0: sw2 IN endpoint polled by console: count=6585[0m
[00:00:57.187,286] [0m<inf> remapper: switch_pro_send_input_heartbeat: sw2 heartbeat: writes=6585 fails=0 enabled=1 rep0=09 rep2=20[0m
[00:00:57.233,245] [0m<inf> remapper: switch_pro_log_stats: switch_pro_stats enabled=1 report_q=0/5 response_q=0/2 out_q=0 out_overflows=0 ble=0 ble_drop=0 host=33 host_drop=0 set=0 translated=0 mapped=1/0 heartbeat=6590/0 response=25/0 response_drop=0 rumble=2/0 fail=0 busy=0 buttons=00 00 00[0m
[00:00:58.184,082] [0m<inf> remapper: int_in_ready_cb0: sw2 IN endpoint polled by console: count=6705[0m
[00:00:58.189,270] [0m<inf> remapper: switch_pro_send_input_heartbeat: sw2 heartbeat: writes=6705 fails=0 enabled=1 rep0=09 rep2=20[0m
[00:00:58.233,245] [0m<inf> remapper: switch_pro_log_stats: switch_pro_stats enabled=1 report_q=0/5 response_q=0/2 out_q=0 out_overflows=0 ble=0 ble_drop=0 host=33 host_drop=0 set=0 translated=0 mapped=1/0 heartbeat=6710/0 response=25/0 response_drop=0 rumble=2/0 fail=0 busy=0 buttons=00 00 00[0m
