*** Booting Zephyr OS build c0689b16ff12 ***
[usbdesc 000: 12 01 00 02 ef 02 01 40 7e 05 69 20 01 02 01 02
00usbdesc 010: 03 01 09 02 ba 00 05 01 00 a0 32 08 0b 00 01 03
usbdesc 020: 00 00 00 09 04 00 00 02 03 00 00 00 09 21 10 01
usbdesc 030: 00 01 22 73 00 07 05 81 03 40 00 04 07 05 01 03
usbdesc 040: 40 00 04 08 0b 01 01 ff 00 00 00 09 04 01 00 02
usbdesc 050: ff 00 00 00 07 05 02 02 40 00 00 07 05 82 02 40
:00:00.004,27usbdesc 060: 00 00 08 0b 02 03 01 01 00 00 09 04 02 00 00 01
2] [0m<inf> remapper: main: HID Remapper Bluetooth[0m
usbdesc 070: 01 00 00 0a 24 01 00 01 47 00 02 03 04 0c 24 02
[00:00:00.011,962] [0m<inf> fs_nvs: nvs_mount: 8 Sectousbdesc 080: 01 01 01 00 02 03 00 00 00 0a 24 06 02 01 01 03
rs of 4096 bytes[0m
[00:00:00.011,993] [0m<inf> fs_nusbdesc 090: 00 00 00 09 24 03 03 02 03 00 02 00 0c 24 02 04
vs: nvs_mount: alloc wra: 0, fe8[0m
[00:00:00.011,993usbdesc 0a0: 01 02 00 01 00 00 00 00 09 24 06 05 04 01 03 00
] [0m<inf> fs_nvs: nvs_mount: data wra: 0, 0[0m
usbdesc 0b0: 00 09 24 03 06 01 01 00 05 00 09 04 03 00 00 01
[00:00:00.012,207] [0m<inf> sdc_hci_driver: hciusbdesc 0c0: 02 00 00 09 04 04 00 00 01 02 00 00 04 03 09 04
_driver_open: SoftDevice Controller build revision: 
    usbdesc 0d0: 12 03 4e 00 69 00 6e 00 74 00 65 00 6e 00 64 00
                                     6d 90 41 2a 38 e8 adusbdesc 0e0: 6f 00 30 03 53 00 77 00 69 00 74 00 63 00 68 00
 17  29 a5 03 38 39 27 d7 85 |m.A*8... )..89'..
         usbdesc 0f0: 20 00 32 00 20 00 50 00 72 00 6f 00 20 00 43 00
                                1f 85 d8 e1            usbdesc 100: 6f 00 6e 00 74 00 72 00 6f 00 6c 00 6c 00 65 00
                          |....             [0m
usbdesc 110: 72 00 22 03 31 00 44 00 33 00 4USB_SETUP bm=0xc0 req=0x03 status=identity_ACK
6 00 3USB_SETUP bm=0xc0 req=0x02 status=proto_ACK
2 USB_SETUP bm=0x40 req=0x04 val=0x0276 status=set_ACK
00 30 00
[00:00:00.014,648] [0m<inf> bt_hci_core: hci_vs_init: USB_EP_OUT ep=0x02 len=16 data=0391000d
HW Platform: Nordic Semiconductor (0x0002)[0m
[00:00:00.014,678] [0m<inf> bt_hci_core: USB_EP_OUT ep=0x02 len=8 data=07910001
hci_vs_init: HW Variant: nRF52x (0x0002)[0m
[00:00:00.014,709] [0m<inf> bt_hci_core: hci_vs_init: Firmware: Standard Bluetooth controller (0x00) Version 109.1678USB_EP_OUT ep=0x02 len=8 data=16910001
4 Build 2917677098[0m
[00:00:00.015,228] [0m<inf> bt_hci_core: bt_init: No ID address. App must call settings_load()[0m
[00:00:00.015,747] [0m<inUSB_EP_OUT ep=0x02 len=12 data=0b910007
f> bt_hci_core: bt_dev_show_info: Identity: C6:5F:36:95:D7:F9 (random)[0m
[00:00:00.015,777] [0m<inf> bt_hci_core: bt_dev_show_info: HCI: version 5.3 (0x0c) revision 0x11fa, manufacturer 0x0059[0m
[00:00:00.015,808] [0m<inf> bt_hci_core: bt_dev_show_USB_EP_OUT ep=0x02 len=22 data=15910001
USB_INIT bt_mac_resp sub=0x01 mac=12:34:56:78:9a:bc
info: LMP: version 5.3 (0x0c) subver 0x11fa[0m
[00:00:00.015,838] [0m<inf> remapper: switch2_flight_dump_saved: switch2_flight dump count=0 next_seq=0 wrapped=0[0m
[00:00:00.015,869] [0m<inf> remapper: main: Switch 2 console USB build: forcing Switch 2 Pro descriptor[0m
[00:00:00.017,028] [0m<inf> usb_hUSB_EP_OUT ep=0x02 len=25 data=15910004
id: hid_do_status_cb: Device connected[0m
[00:00:00.020,141] [0m<inf> usb_hid: hid_do_status_cb: Device suspended[0m
[00:00:00.121,551] [0m<inf> usb_hid: hid_do_status_cb: Device resumed[0m
[00:00:00.121,551] [0m<inf> usb_hid: hid_do_status_cb: from suspend[0m
[00:00:00.121,612] [0m<inf> usb_hid: hid_do_status_cb: Device reset detected[0m
[00:00:00.196,197] [0m<inf> usb_hid: hid_do_status_cb: Device configured[0m
[00:00:00.213,745] [0m<inf> remapper: switch_pro_handle_output_report: pro out_report USB_EP_OUT ep=0x02 len=25 data=15910002
desc=7 len=64: 00 00 00 00[0m
[00:00:00.213,775] [0m<inf> remapper: switch2_pro_handle_output_report: sw2 host_cmd len=64: 00 00 00 00 00 00 00 00[0m
USB_EP_OUT ep=0x02 len=12 data=0c910002
[00:00:00.228,851] [0m<inf> remapper: switch_pro_handle_output_report: pro out_report desc=7 len=64: 00 00 00 00[0m
[00:00:00.228,881] [0m<inf> remapUSB_EP_OUT ep=0x02 len=16 data=02910004
per: switch2_pro_handle_output_report: sw2 host_cmd len=64: 00 00 00 00 00 00 00 00[0m
[00:00:00.229,309] [0m<inf> remapper: switch_pro_log_stats:USB_EP_OUT ep=0x02 len=16 data=02910004
 switch_pro_stats enabled=0 report_q=0/4 response_q=0/0 out_q=0 out_overflows=0 ble=0 ble_drop=0 host=4 host_drop=0 set=0 translated=0 mapped=0/0 heartbeat=0/0 response=0/USB_EP_OUT ep=0x02 len=16 data=02910004
0 response_drop=0 rumble=0/0 fail=0 busy=0 buttons=00 00 00[0m
[00:00:00.240,905] [0m<inf> remapper: switch2_pro_handle_output_report: sw2 host_cmd len=16: 03 USB_EP_OUT ep=0x02 len=16 data=02910004
91 00 0d 00 08 00 00[0m
[00:00:00.267,242] [0m<inf> remapper: switch2_pro_handle_output_report: sw2 host_cmd len=8: 07 91 00 01 00 00 00 00[0m
[00:0USB_EP_OUT ep=0x02 len=16 data=02910004
0:00.297,393] [0m<inf> remapper: switch2_pro_handle_output_report: sw2 host_cmd len=8: 16 91 00 01 00 00 00 00[0m
[00:00:00.357,543] [0m<inf> remapper: switch2_USB_EP_OUT ep=0x02 len=8 data=11910003
pro_handle_output_report: sw2 host_cmd len=12: 0b 91 00 07 00 04 00 00[0m
[00:00:00.417,602] [0m<inf> remapper: switch2_pro_handle_output_report: sw2 host_cmd lUSB_EP_OUT ep=0x02 len=16 data=02910004
en=22: 15 91 00 01 00 0e 00 00[0m
[00:00:00.477,630] [0m<inf> remapper: switch2_pro_handle_output_report: sw2 host_cmd len=25: 15 91 00 04 00 11 00 00[0m
USB_EP_OUT ep=0x02 len=28 data=0a910008
[00:00:00.567,657] [0m<inf> remapper: switch2_pro_handle_output_report: sw2 host_cmd len=25: 15 91 00 02 00 11 00 00[0m
[00:00:00.597,656] [0m<inf> reUSB_EP_OUT ep=0x02 len=8 data=11910001
mapper: switch2_pro_handle_output_report: sw2 host_cmd len=12: 0c 91 00 02 00 04 00 00[0m
[00:00:00.627,624] [0m<inf> remapper: switch2_pro_handle_output_report: sw2 host_cmd len=16: 02 91 00 04 00 08 00 00[0m
[00:00:00.657,653] [0m<inf> remapper: switch2_pro_handle_output_report: sw2 host_cmd len=16: 02 91 00 04 00 08 00 00[0m
[00:00:00USB_EP_OUT ep=0x02 len=12 data=0c910004
.687,652] [0m<inf> remapper: switch2_pro_handle_output_report: sw2 host_cmd len=16: 02 91 00 04 00 08 00 00[0m
[00:00:00.717,681] [0m<inf> remapper: switch2_pro_handle_output_report: sw2 host_cmd len=16: 02 91 00 04 00 08 00 00[0m
[00:00:00.747,680] [0m<inf> remapper: switch2_pro_handle_output_report: sw2 host_cmUSB_EP_OUT ep=0x02 len=12 data=0391000a
d len=16: 02 91 00 04 00 08 00 00[0m
[00:00:00.777,587] [0m<inf> remapper: switch2_pro_handle_output_report: sw2 host_cmd len=8: 11 91 00 03 00 00 00 00[0m
[00:00:00.807,708] [0m<inf> remapper: switch2_pro_handle_output_report: sw2 host_cmd len=16: 02 91 00 04 00 USB_EP_OUT ep=0x02 len=8 data=10910001
08 00 00[0m
[00:00:00.837,707] [0m<inf> remapper: switch2_pro_handle_output_report: sw2 host_cmd len=28: 0a 91 00 08 00 14 00 00[0m
[00:00:00.8USB_EP_OUT ep=0x02 len=8 data=0191000c
67,614] [0m<inf> remapper: switch2_pro_handle_output_report: sw2 host_cmd len=8: 11 91 00 01 00 00 00 00[0m
[00:00:00.927,703] [0m<inf> remapper: switch2_pro_USB_EP_OUT ep=0x02 len=8 data=18910001
handle_output_report: sw2 host_cmd len=12: 0c 91 00 04 00 04 00 00[0m
[00:00:00.998,229] [0m<inf> remapper: switch2_pro_handle_output_report: sw2 host_cmd len=12: 03 91 00 0a 00 04 00 00[0m
[00:00:01.001,647] [0m<inf> remapper: int_in_ready_cb0: sw2 IN endpoint polled by console: count=92[0m
[00:00:01.006,072] [0m<inf> remapper: switch_pro_send_input_heartbeat: sw2 heartbeat: writes=92 fails=0 enabled=1 rep0=09 rep2=20[0m
[00:00:01.017,791] [0m<inf> remapper: switch_pro_handle_output_report: pro out_report desc=7 len=64: 02 50 81 01[0m
[00:00:01.017,822] [0m<inf> remapper: switch2_pro_handle_output_report: sw2 host_cmd len=64: 02 50 81 01 10 1e 00 00[0m
[00:00:01.021,759] [0m<inf> remapper: switch_pro_handle_output_report: pro out_report desc=7 len=64: 02 51 81 01[0m
[00:00:01.021,789] [0m<inf> remapper: switch2_pro_handle_output_report: sw2 host_cmd len=64: 02 51 81 01 10 1e 00 00[0m
[00:00:01.047,668] [0m<inf> remapper: switch2_pro_handle_output_report: sw2 host_cmd len=8: 10 91 00 01 00 00 00 00[0m
[00:00:01.077,667] [0m<inf> remapper: switch2_pro_handle_output_report: sw2 host_cmd len=8: 01 91 00 0c 00 00 00 00[0m
[00:00:01.107,666] [0m<inf> remapper: switch2_pro_handle_output_report: sw2 host_cmd len=8: 18 91 00 01 00 00 00 00[0m
[00:00:01.228,881] [0m<inf> remapper: scan_setup_filters: scanning for Switch 2 Pro Controller manufacturer data[0m
[00:00:01.229,614] [0m<inf> remapper: scan_start: Scanning started.[0m
[00:00:01.229,858] [0m<inf> remapper: switch_pro_log_stats: switch_pro_stats enabled=1 report_q=0/4 response_q=0/2 out_q=0 out_overflows=0 ble=0 ble_drop=0 host=33 host_drop=0 set=0 translated=0 mapped=1/0 heartbeat=119/0 response=25/0 response_drop=0 rumble=2/0 fail=0 busy=0 buttons=00 00 00[0m
[00:00:02.005,676] [0m<inf> remapper: int_in_ready_cb0: sw2 IN endpoint polled by console: count=215[0m
[00:00:02.012,176] [0m<inf> remapper: switch_pro_send_input_heartbeat: sw2 heartbeat: writes=215 fails=0 enabled=1 rep0=09 rep2=20[0m
[00:00:02.229,888] [0m<inf> remapper: switch_pro_log_stats: switch_pro_stats enabled=1 report_q=0/4 response_q=0/2 out_q=0 out_overflows=0 ble=0 ble_drop=0 host=33 host_drop=0 set=0 translated=0 mapped=1/0 heartbeat=242/0 response=25/0 response_drop=0 rumble=2/0 fail=0 busy=0 buttons=00 00 00[0m
[00:00:03.009,674] [0m<inf> remapper: int_in_ready_cb0: sw2 IN endpoint polled by console: count=323[0m
[00:00:03.015,075] [0m<inf> remapper: switch_pro_send_input_heartbeat: sw2 heartbeat: writes=323 fails=0 enabled=1 rep0=09 rep2=20[0m
[00:00:03.229,827] [0m<inf> remapper: switch_pro_log_stats: switch_pro_stats enabled=1 report_q=0/4 response_q=0/2 out_q=0 out_overflows=0 ble=0 ble_drop=0 host=33 host_drop=0 set=0 translated=0 mapped=1/0 heartbeat=349/0 response=25/0 response_drop=0 rumble=2/0 fail=0 busy=0 buttons=00 00 00[0m
[00:00:04.013,702] [0m<inf> remapper: int_in_ready_cb0: sw2 IN endpoint polled by console: count=443[0m
[00:00:04.020,080] [0m<inf> remapper: switch_pro_send_input_heartbeat: sw2 heartbeat: writes=443 fails=0 enabled=1 rep0=09 rep2=20[0m
[00:00:04.229,919] [0m<inf> remapper: switch_pro_log_stats: switch_pro_stats enabled=1 report_q=0/4 response_q=0/2 out_q=0 out_overflows=0 ble=0 ble_drop=0 host=33 host_drop=0 set=0 translated=0 mapped=1/0 heartbeat=469/0 response=25/0 response_drop=0 rumble=2/0 fail=0 busy=0 buttons=00 00 00[0m
[00:00:05.017,669] [0m<inf> remapper: int_in_ready_cb0: sw2 IN endpoint polled by console: count=563[0m
[00:00:05.025,085] [0m<inf> remapper: switch_pro_send_input_heartbeat: sw2 heartbeat: writes=563 fails=0 enabled=1 rep0=09 rep2=20[0m
[00:00:05.229,827] [0m<inf> remapper: switch_pro_log_stats: switch_pro_stats enabled=1 report_q=0/4 response_q=0/2 out_q=0 out_overflows=0 ble=0 ble_drop=0 host=33 host_drop=0 set=0 translated=0 mapped=1/0 heartbeat=588/0 response=25/0 response_drop=0 rumble=2/0 fail=0 busy=0 buttons=00 00 00[0m
[00:00:06.021,667] [0m<inf> remapper: int_in_ready_cb0: sw2 IN endpoint polled by console: count=668[0m
[00:00:06.027,099] [0m<inf> remapper: switch_pro_send_input_heartbeat: sw2 heartbeat: writes=668 fails=0 enabled=1 rep0=09 rep2=20[0m
[00:00:06.229,858] [0m<inf> remapper: switch_pro_log_stats: switch_pro_stats enabled=1 report_q=0/4 response_q=0/2 out_q=0 out_overflows=0 ble=0 ble_drop=0 host=33 host_drop=0 set=0 translated=0 mapped=1/0 heartbeat=693/0 response=25/0 response_drop=0 rumble=2/0 fail=0 busy=0 buttons=00 00 00[0m
[00:00:07.021,667] [0m<inf> remapper: int_in_ready_cb0: sw2 IN endpoint polled by console: count=789[0m
[00:00:07.028,137] [0m<inf> remapper: switch_pro_send_input_heartbeat: sw2 heartbeat: writes=789 fails=0 enabled=1 rep0=09 rep2=20[0m
[00:00:07.229,919] [0m<inf> remapper: switch_pro_log_stats: switch_pro_stats enabled=1 report_q=0/4 response_q=0/2 out_q=0 out_overflows=0 ble=0 ble_drop=0 host=33 host_drop=0 set=0 translated=0 mapped=1/0 heartbeat=814/0 response=25/0 response_drop=0 rumble=2/0 fail=0 busy=0 buttons=00 00 00[0m
[00:00:08.025,665] [0m<inf> remapper: int_in_ready_cb0: sw2 IN endpoint polled by console: count=909[0m
[00:00:08.032,104] [0m<inf> remapper: switch_pro_send_input_heartbeat: sw2 heartbeat: writes=909 fails=0 enabled=1 rep0=09 rep2=20[0m
[00:00:08.229,827] [0m<inf> remapper: switch_pro_log_stats: switch_pro_stats enabled=1 report_q=0/4 response_q=0/2 out_q=0 out_overflows=0 ble=0 ble_drop=0 host=33 host_drop=0 set=0 translated=0 mapped=1/0 heartbeat=933/0 response=25/0 response_drop=0 rumble=2/0 fail=0 busy=0 buttons=00 00 00[0m
[00:00:09.029,693] [0m<inf> remapper: int_in_ready_cb0: sw2 IN endpoint polled by console: count=1015[0m
[00:00:09.035,095] [0m<inf> remapper: switch_pro_send_input_heartbeat: sw2 heartbeat: writes=1015 fails=0 enabled=1 rep0=09 rep2=20[0m
[00:00:09.229,858] [0m<inf> remapper: switch_pro_log_stats: switch_pro_stats enabled=1 report_q=0/4 response_q=0/2 out_q=0 out_overflows=0 ble=0 ble_drop=0 host=33 host_drop=0 set=0 translated=0 mapped=1/0 heartbeat=1039/0 response=25/0 response_drop=0 rumble=2/0 fail=0 busy=0 buttons=00 00 00[0m
[00:00:10.029,693] [0m<inf> remapper: int_in_ready_cb0: sw2 IN endpoint polled by console: count=1137[0m
[00:00:10.036,193] [0m<inf> remapper: switch_pro_send_input_heartbeat: sw2 heartbeat: writes=1137 fails=0 enabled=1 rep0=09 rep2=20[0m
[00:00:10.229,919] [0m<inf> remapper: switch_pro_log_stats: switch_pro_stats enabled=1 report_q=0/4 response_q=0/2 out_q=0 out_overflows=0 ble=0 ble_drop=0 host=33 host_drop=0 set=0 translated=0 mapped=1/0 heartbeat=1161/0 response=25/0 response_drop=0 rumble=2/0 fail=0 busy=0 buttons=00 00 00[0m
[00:00:11.033,691] [0m<inf> remapper: int_in_ready_cb0: sw2 IN endpoint polled by console: count=1257[0m
[00:00:11.040,100] [0m<inf> remapper: switch_pro_send_input_heartbeat: sw2 heartbeat: writes=1257 fails=0 enabled=1 rep0=09 rep2=20[0m
[00:00:11.229,858] [0m<inf> remapper: switch_pro_log_stats: switch_pro_stats enabled=1 report_q=0/4 response_q=0/2 out_q=0 out_overflows=0 ble=0 ble_drop=0 host=33 host_drop=0 set=0 translated=0 mapped=1/0 heartbeat=1280/0 response=25/0 response_drop=0 rumble=2/0 fail=0 busy=0 buttons=00 00 00[0m
[00:00:12.037,689] [0m<inf> remapper: int_in_ready_cb0: sw2 IN endpoint polled by console: count=1364[0m
[00:00:12.043,090] [0m<inf> remapper: switch_pro_send_input_heartbeat: sw2 heartbeat: writes=1364 fails=0 enabled=1 rep0=09 rep2=20[0m
[00:00:12.229,858] [0m<inf> remapper: switch_pro_log_stats: switch_pro_stats enabled=1 report_q=0/4 response_q=0/2 out_q=0 out_overflows=0 ble=0 ble_drop=0 host=33 host_drop=0 set=0 translated=0 mapped=1/0 heartbeat=1387/0 response=25/0 response_drop=0 rumble=2/0 fail=0 busy=0 buttons=00 00 00[0m
[00:00:13.037,689] [0m<inf> remapper: int_in_ready_cb0: sw2 IN endpoint polled by console: count=1487[0m
[00:00:13.044,128] [0m<inf> remapper: switch_pro_send_input_heartbeat: sw2 heartbeat: writes=1487 fails=0 enabled=1 rep0=09 rep2=20[0m
[00:00:13.229,888] [0m<inf> remapper: switch_pro_log_stats: switch_pro_stats enabled=1 report_q=0/4 response_q=0/2 out_q=0 out_overflows=0 ble=0 ble_drop=0 host=33 host_drop=0 set=0 translated=0 mapped=1/0 heartbeat=1510/0 response=25/0 response_drop=0 rumble=2/0 fail=0 busy=0 buttons=00 00 00[0m
[00:00:14.041,687] [0m<inf> remapper: int_in_ready_cb0: sw2 IN endpoint polled by console: count=1608[0m
[00:00:14.048,126] [0m<inf> remapper: switch_pro_send_input_heartbeat: sw2 heartbeat: writes=1608 fails=0 enabled=1 rep0=09 rep2=20[0m
[00:00:14.229,858] [0m<inf> remapper: switch_pro_log_stats: switch_pro_stats enabled=1 report_q=0/4 response_q=0/2 out_q=0 out_overflows=0 ble=0 ble_drop=0 host=33 host_drop=0 set=0 translated=0 mapped=1/0 heartbeat=1630/0 response=25/0 response_drop=0 rumble=2/0 fail=0 busy=0 buttons=00 00 00[0m
[00:00:15.045,684] [0m<inf> remapper: int_in_ready_cb0: sw2 IN endpoint polled by console: count=1716[0m
[00:00:15.051,116] [0m<inf> remapper: switch_pro_send_input_heartbeat: sw2 heartbeat: writes=1716 fails=0 enabled=1 rep0=09 rep2=20[0m
[00:00:15.229,949] [0m<inf> remapper: switch_pro_log_stats: switch_pro_stats enabled=1 report_q=0/4 response_q=0/2 out_q=0 out_overflows=0 ble=0 ble_drop=0 host=33 host_drop=0 set=0 translated=0 mapped=1/0 heartbeat=1738/0 response=25/0 response_drop=0 rumble=2/0 fail=0 busy=0 buttons=00 00 00[0m
[00:00:16.045,715] [0m<inf> remapper: int_in_ready_cb0: sw2 IN endpoint polled by console: count=1840[0m
[00:00:16.052,093] [0m<inf> remapper: switch_pro_send_input_heartbeat: sw2 heartbeat: writes=1840 fails=0 enabled=1 rep0=09 rep2=20[0m
[00:00:16.229,888] [0m<inf> remapper: switch_pro_log_stats: switch_pro_stats enabled=1 report_q=0/4 response_q=0/2 out_q=0 out_overflows=0 ble=0 ble_drop=0 host=33 host_drop=0 set=0 translated=0 mapped=1/0 heartbeat=1862/0 response=25/0 response_drop=0 rumble=2/0 fail=0 busy=0 buttons=00 00 00[0m
[00:00:17.049,713] [0m<inf> remapper: int_in_ready_cb0: sw2 IN endpoint polled by console: count=1962[0m
[00:00:17.056,152] [0m<inf> remapper: switch_pro_send_input_heartbeat: sw2 heartbeat: writes=1962 fails=0 enabled=1 rep0=09 rep2=20[0m
[00:00:17.229,858] [0m<inf> remapper: switch_pro_log_stats: switch_pro_stats enabled=1 report_q=0/4 response_q=0/2 out_q=0 out_overflows=0 ble=0 ble_drop=0 host=33 host_drop=0 set=0 translated=0 mapped=1/0 heartbeat=1983/0 response=25/0 response_drop=0 rumble=2/0 fail=0 busy=0 buttons=00 00 00[0m
[00:00:18.049,713] [0m<inf> remapper: int_in_ready_cb0: sw2 IN endpoint polled by console: count=2063[0m
[00:00:18.063,110] [0m<inf> remapper: switch_pro_send_input_heartbeat: sw2 heartbeat: writes=2064 fails=0 enabled=1 rep0=09 rep2=20[0m
[00:00:18.229,858] [0m<inf> remapper: switch_pro_log_stats: switch_pro_stats enabled=1 report_q=0/4 response_q=0/2 out_q=0 out_overflows=0 ble=0 ble_drop=0 host=33 host_drop=0 set=0 translated=0 mapped=1/0 heartbeat=2084/0 response=25/0 response_drop=0 rumble=2/0 fail=0 busy=0 buttons=00 00 00[0m
[00:00:19.049,682] [0m<inf> remapper: int_in_ready_cb0: sw2 IN endpoint polled by console: count=2183[0m
[00:00:19.065,124] [0m<inf> remapper: switch_pro_send_input_heartbeat: sw2 heartbeat: writes=2184 fails=0 enabled=1 rep0=09 rep2=20[0m
[00:00:19.229,888] [0m<inf> remapper: switch_pro_log_stats: switch_pro_stats enabled=1 report_q=0/4 response_q=0/2 out_q=0 out_overflows=0 ble=0 ble_drop=0 host=33 host_drop=0 set=0 translated=0 mapped=1/0 heartbeat=2204/0 response=25/0 response_drop=0 rumble=2/0 fail=0 busy=0 buttons=00 00 00[0m
[00:00:20.049,713] [0m<inf> remapper: int_in_ready_cb0: sw2 IN endpoint polled by console: count=2306[0m
[00:00:20.072,082] [0m<inf> remapper: switch_pro_send_input_heartbeat: sw2 heartbeat: writes=2308 fails=0 enabled=1 rep0=09 rep2=20[0m
[00:00:20.229,858] [0m<inf> remapper: switch_pro_log_stats: switch_pro_stats enabled=1 report_q=0/4 response_q=0/2 out_q=0 out_overflows=0 ble=0 ble_drop=0 host=33 host_drop=0 set=0 translated=0 mapped=1/0 heartbeat=2327/0 response=25/0 response_drop=0 rumble=2/0 fail=0 busy=0 buttons=00 00 00[0m
[00:00:21.049,682] [0m<inf> remapper: int_in_ready_cb0: sw2 IN endpoint polled by console: count=2409[0m
[00:00:21.079,101] [0m<inf> remapper: switch_pro_send_input_heartbeat: sw2 heartbeat: writes=2412 fails=0 enabled=1 rep0=09 rep2=20[0m
[00:00:21.229,858] [0m<inf> remapper: switch_pro_log_stats: switch_pro_stats enabled=1 report_q=0/4 response_q=0/2 out_q=0 out_overflows=0 ble=0 ble_drop=0 host=33 host_drop=0 set=0 translated=0 mapped=1/0 heartbeat=2430/0 response=25/0 response_drop=0 rumble=2/0 fail=0 busy=0 buttons=00 00 00[0m
[00:00:22.049,713] [0m<inf> remapper: int_in_ready_cb0: sw2 IN endpoint polled by console: count=2529[0m
[00:00:22.080,108] [0m<inf> remapper: switch_pro_send_input_heartbeat: sw2 heartbeat: writes=2532 fails=0 enabled=1 rep0=09 rep2=20[0m
[00:00:22.229,888] [0m<inf> remapper: switch_pro_log_stats: switch_pro_stats enabled=1 report_q=0/4 response_q=0/2 out_q=0 out_overflows=0 ble=0 ble_drop=0 host=33 host_drop=0 set=0 translated=0 mapped=1/0 heartbeat=2550/0 response=25/0 response_drop=0 rumble=2/0 fail=0 busy=0 buttons=00 00 00[0m
[00:00:23.053,710] [0m<inf> remapper: int_in_ready_cb0: sw2 IN endpoint polled by console: count=2649[0m
[00:00:23.085,113] [0m<inf> remapper: switch_pro_send_input_heartbeat: sw2 heartbeat: writes=2652 fails=0 enabled=1 rep0=09 rep2=20[0m
[00:00:23.229,888] [0m<inf> remapper: switch_pro_log_stats: switch_pro_stats enabled=1 report_q=0/4 response_q=0/2 out_q=0 out_overflows=0 ble=0 ble_drop=0 host=33 host_drop=0 set=0 translated=0 mapped=1/0 heartbeat=2670/0 response=25/0 response_drop=0 rumble=2/0 fail=0 busy=0 buttons=00 00 00[0m
[00:00:24.057,708] [0m<inf> remapper: int_in_ready_cb0: sw2 IN endpoint polled by console: count=2754[0m
[00:00:24.087,127] [0m<inf> remapper: switch_pro_send_input_heartbeat: sw2 heartbeat: writes=2757 fails=0 enabled=1 rep0=09 rep2=20[0m
[00:00:24.229,858] [0m<inf> remapper: switch_pro_log_stats: switch_pro_stats enabled=1 report_q=0/4 response_q=0/2 out_q=0 out_overflows=0 ble=0 ble_drop=0 host=33 host_drop=0 set=0 translated=0 mapped=1/0 heartbeat=2774/0 response=25/0 response_drop=0 rumble=2/0 fail=0 busy=0 buttons=00 00 00[0m
[00:00:25.057,739] [0m<inf> remapper: int_in_ready_cb0: sw2 IN endpoint polled by console: count=2875[0m
[00:00:25.088,165] [0m<inf> remapper: switch_pro_send_input_heartbeat: sw2 heartbeat: writes=2878 fails=0 enabled=1 rep0=09 rep2=20[0m
[00:00:25.229,888] [0m<inf> remapper: switch_pro_log_stats: switch_pro_stats enabled=1 report_q=0/4 response_q=0/2 out_q=0 out_overflows=0 ble=0 ble_drop=0 host=33 host_drop=0 set=0 translated=0 mapped=1/0 heartbeat=2895/0 response=25/0 response_drop=0 rumble=2/0 fail=0 busy=0 buttons=00 00 00[0m
[00:00:26.061,706] [0m<inf> remapper: int_in_ready_cb0: sw2 IN endpoint polled by console: count=2995[0m
[00:00:26.092,132] [0m<inf> remapper: switch_pro_send_input_heartbeat: sw2 heartbeat: writes=2998 fails=0 enabled=1 rep0=09 rep2=20[0m
[00:00:26.229,919] [0m<inf> remapper: switch_pro_log_stats: switch_pro_stats enabled=1 report_q=0/4 response_q=0/2 out_q=0 out_overflows=0 ble=0 ble_drop=0 host=33 host_drop=0 set=0 translated=0 mapped=1/0 heartbeat=3015/0 response=25/0 response_drop=0 rumble=2/0 fail=0 busy=0 buttons=00 00 00[0m
[00:00:27.065,704] [0m<inf> remapper: int_in_ready_cb0: sw2 IN endpoint polled by console: count=3101[0m
[00:00:27.095,123] [0m<inf> remapper: switch_pro_send_input_heartbeat: sw2 heartbeat: writes=3104 fails=0 enabled=1 rep0=09 rep2=20[0m
[00:00:27.229,858] [0m<inf> remapper: switch_pro_log_stats: switch_pro_stats enabled=1 report_q=0/4 response_q=0/2 out_q=0 out_overflows=0 ble=0 ble_drop=0 host=33 host_drop=0 set=0 translated=0 mapped=1/0 heartbeat=3120/0 response=25/0 response_drop=0 rumble=2/0 fail=0 busy=0 buttons=00 00 00[0m
[00:00:28.065,734] [0m<inf> remapper: int_in_ready_cb0: sw2 IN endpoint polled by console: count=3223[0m
[00:00:28.096,160] [0m<inf> remapper: switch_pro_send_input_heartbeat: sw2 heartbeat: writes=3226 fails=0 enabled=1 rep0=09 rep2=20[0m
[00:00:28.229,888] [0m<inf> remapper: switch_pro_log_stats: switch_pro_stats enabled=1 report_q=0/4 response_q=0/2 out_q=0 out_overflows=0 ble=0 ble_drop=0 host=33 host_drop=0 set=0 translated=0 mapped=1/0 heartbeat=3242/0 response=25/0 response_drop=0 rumble=2/0 fail=0 busy=0 buttons=00 00 00[0m
[00:00:29.069,732] [0m<inf> remapper: int_in_ready_cb0: sw2 IN endpoint polled by console: count=3343[0m
[00:00:29.100,128] [0m<inf> remapper: switch_pro_send_input_heartbeat: sw2 heartbeat: writes=3346 fails=0 enabled=1 rep0=09 rep2=20[0m
[00:00:29.229,919] [0m<inf> remapper: switch_pro_log_stats: switch_pro_stats enabled=1 report_q=0/4 response_q=0/2 out_q=0 out_overflows=0 ble=0 ble_drop=0 host=33 host_drop=0 set=0 translated=0 mapped=1/0 heartbeat=3362/0 response=25/0 response_drop=0 rumble=2/0 fail=0 busy=0 buttons=00 00 00[0m
[00:00:30.073,699] [0m<inf> remapper: int_in_ready_cb0: sw2 IN endpoint polled by console: count=3446[0m
[00:00:30.104,125] [0m<inf> remapper: switch_pro_send_input_heartbeat: sw2 heartbeat: writes=3449 fails=0 enabled=1 rep0=09 rep2=20[0m
[00:00:30.229,858] [0m<inf> remapper: switch_pro_log_stats: switch_pro_stats enabled=1 report_q=0/4 response_q=0/2 out_q=0 out_overflows=0 ble=0 ble_drop=0 host=33 host_drop=0 set=0 translated=0 mapped=1/0 heartbeat=3464/0 response=25/0 response_drop=0 rumble=2/0 fail=0 busy=0 buttons=00 00 00[0m
[00:00:31.073,791] [0m<inf> remapper: int_in_ready_cb0: sw2 IN endpoint polled by console: count=3569[0m
[00:00:31.104,187] [0m<inf> remapper: switch_pro_send_input_heartbeat: sw2 heartbeat: writes=3572 fails=0 enabled=1 rep0=09 rep2=20[0m
[00:00:31.229,919] [0m<inf> remapper: switch_pro_log_stats: switch_pro_stats enabled=1 report_q=0/4 response_q=0/2 out_q=0 out_overflows=0 ble=0 ble_drop=0 host=33 host_drop=0 set=0 translated=0 mapped=1/0 heartbeat=3587/0 response=25/0 response_drop=0 rumble=2/0 fail=0 busy=0 buttons=00 00 00[0m
[00:00:32.077,697] [0m<inf> remapper: int_in_ready_cb0: sw2 IN endpoint polled by console: count=3690[0m
[00:00:32.108,123] [0m<inf> remapper: switch_pro_send_input_heartbeat: sw2 heartbeat: writes=3693 fails=0 enabled=1 rep0=09 rep2=20[0m
[00:00:32.229,919] [0m<inf> remapper: switch_pro_log_stats: switch_pro_stats enabled=1 report_q=0/4 response_q=0/2 out_q=0 out_overflows=0 ble=0 ble_drop=0 host=33 host_drop=0 set=0 translated=0 mapped=1/0 heartbeat=3708/0 response=25/0 response_drop=0 rumble=2/0 fail=0 busy=0 buttons=00 00 00[0m
[00:00:33.081,726] [0m<inf> remapper: int_in_ready_cb0: sw2 IN endpoint polled by console: count=3798[0m
[00:00:33.111,145] [0m<inf> remapper: switch_pro_send_input_heartbeat: sw2 heartbeat: writes=3801 fails=0 enabled=1 rep0=09 rep2=20[0m
[00:00:33.229,858] [0m<inf> remapper: switch_pro_log_stats: switch_pro_stats enabled=1 report_q=0/4 response_q=0/2 out_q=0 out_overflows=0 ble=0 ble_drop=0 host=33 host_drop=0 set=0 translated=0 mapped=1/0 heartbeat=3815/0 response=25/0 response_drop=0 rumble=2/0 fail=0 busy=0 buttons=00 00 00[0m
[00:00:34.081,726] [0m<inf> remapper: int_in_ready_cb0: sw2 IN endpoint polled by console: count=3922[0m
[00:00:34.112,152] [0m<inf> remapper: switch_pro_send_input_heartbeat: sw2 heartbeat: writes=3925 fails=0 enabled=1 rep0=09 rep2=20[0m
[00:00:34.229,919] [0m<inf> remapper: switch_pro_log_stats: switch_pro_stats enabled=1 report_q=0/4 response_q=0/2 out_q=0 out_overflows=0 ble=0 ble_drop=0 host=33 host_drop=0 set=0 translated=0 mapped=1/0 heartbeat=3939/0 response=25/0 response_drop=0 rumble=2/0 fail=0 busy=0 buttons=00 00 00[0m
[00:00:35.085,723] [0m<inf> remapper: int_in_ready_cb0: sw2 IN endpoint polled by console: count=4044[0m
[00:00:35.116,149] [0m<inf> remapper: switch_pro_send_input_heartbeat: sw2 heartbeat: writes=4047 fails=0 enabled=1 rep0=09 rep2=20[0m
[00:00:35.229,919] [0m<inf> remapper: switch_pro_log_stats: switch_pro_stats enabled=1 report_q=0/4 response_q=0/2 out_q=0 out_overflows=0 ble=0 ble_drop=0 host=33 host_drop=0 set=0 translated=0 mapped=1/0 heartbeat=4061/0 response=25/0 response_drop=0 rumble=2/0 fail=0 busy=0 buttons=00 00 00[0m
[00:00:36.085,754] [0m<inf> remapper: int_in_ready_cb0: sw2 IN endpoint polled by console: count=4145[0m
[00:00:36.123,138] [0m<inf> remapper: switch_pro_send_input_heartbeat: sw2 heartbeat: writes=4149 fails=0 enabled=1 rep0=09 rep2=20[0m
[00:00:36.229,980] [0m<inf> remapper: switch_pro_log_stats: switch_pro_stats enabled=1 report_q=0/4 response_q=0/2 out_q=0 out_overflows=0 ble=0 ble_drop=0 host=33 host_drop=0 set=0 translated=0 mapped=1/0 heartbeat=4162/0 response=25/0 response_drop=0 rumble=2/0 fail=0 busy=0 buttons=00 00 00[0m
[00:00:37.085,723] [0m<inf> remapper: int_in_ready_cb0: sw2 IN endpoint polled by console: count=4265[0m
[00:00:37.125,152] [0m<inf> remapper: switch_pro_send_input_heartbeat: sw2 heartbeat: writes=4269 fails=0 enabled=1 rep0=09 rep2=20[0m
[00:00:37.230,072] [0m<inf> remapper: switch_pro_log_stats: switch_pro_stats enabled=1 report_q=0/4 response_q=0/2 out_q=0 out_overflows=0 ble=0 ble_drop=0 host=33 host_drop=0 set=0 translated=0 mapped=1/0 heartbeat=4282/0 response=25/0 response_drop=0 rumble=2/0 fail=0 busy=0 buttons=00 00 00[0m
[00:00:38.085,723] [0m<inf> remapper: int_in_ready_cb0: sw2 IN endpoint polled by console: count=4388[0m
[00:00:38.132,141] [0m<inf> remapper: switch_pro_send_input_heartbeat: sw2 heartbeat: writes=4393 fails=0 enabled=1 rep0=09 rep2=20[0m
[00:00:38.229,919] [0m<inf> remapper: switch_pro_log_stats: switch_pro_stats enabled=1 report_q=0/4 response_q=0/2 out_q=0 out_overflows=0 ble=0 ble_drop=0 host=33 host_drop=0 set=0 translated=0 mapped=1/0 heartbeat=4405/0 response=25/0 response_drop=0 rumble=2/0 fail=0 busy=0 buttons=00 00 00[0m
[00:00:39.085,784] [0m<inf> remapper: int_in_ready_cb0: sw2 IN endpoint polled by console: count=4491[0m
[00:00:39.139,129] [0m<inf> remapper: switch_pro_send_input_heartbeat: sw2 heartbeat: writes=4497 fails=0 enabled=1 rep0=09 rep2=20[0m
[00:00:39.229,919] [0m<inf> remapper: switch_pro_log_stats: switch_pro_stats enabled=1 report_q=0/4 response_q=0/2 out_q=0 out_overflows=0 ble=0 ble_drop=0 host=33 host_drop=0 set=0 translated=0 mapped=1/0 heartbeat=4508/0 response=25/0 response_drop=0 rumble=2/0 fail=0 busy=0 buttons=00 00 00[0m
[00:00:40.085,754] [0m<inf> remapper: int_in_ready_cb0: sw2 IN endpoint polled by console: count=4611[0m
[00:00:40.140,136] [0m<inf> remapper: switch_pro_send_input_heartbeat: sw2 heartbeat: writes=4617 fails=0 enabled=1 rep0=09 rep2=20[0m
[00:00:40.229,949] [0m<inf> remapper: switch_pro_log_stats: switch_pro_stats enabled=1 report_q=0/4 response_q=0/2 out_q=0 out_overflows=0 ble=0 ble_drop=0 host=33 host_drop=0 set=0 translated=0 mapped=1/0 heartbeat=4628/0 response=25/0 response_drop=0 rumble=2/0 fail=0 busy=0 buttons=00 00 00[0m
[00:00:41.090,026] [0m<inf> remapper: int_in_ready_cb0: sw2 IN endpoint polled by console: count=4731[0m
[00:00:41.145,141] [0m<inf> remapper: switch_pro_send_input_heartbeat: sw2 heartbeat: writes=4737 fails=0 enabled=1 rep0=09 rep2=20[0m
[00:00:41.229,888] [0m<inf> remapper: switch_pro_log_stats: switch_pro_stats enabled=1 report_q=0/4 response_q=0/2 out_q=0 out_overflows=0 ble=0 ble_drop=0 host=33 host_drop=0 set=0 translated=0 mapped=1/0 heartbeat=4747/0 response=25/0 response_drop=0 rumble=2/0 fail=0 busy=0 buttons=00 00 00[0m
[00:00:42.093,719] [0m<inf> remapper: int_in_ready_cb0: sw2 IN endpoint polled by console: count=4836[0m
[00:00:42.147,155] [0m<inf> remapper: switch_pro_send_input_heartbeat: sw2 heartbeat: writes=4842 fails=0 enabled=1 rep0=09 rep2=20[0m
[00:00:42.229,919] [0m<inf> remapper: switch_pro_log_stats: switch_pro_stats enabled=1 report_q=0/4 response_q=0/2 out_q=0 out_overflows=0 ble=0 ble_drop=0 host=33 host_drop=0 set=0 translated=0 mapped=1/0 heartbeat=4852/0 response=25/0 response_drop=0 rumble=2/0 fail=0 busy=0 buttons=00 00 00[0m
[00:00:43.093,750] [0m<inf> remapper: int_in_ready_cb0: sw2 IN endpoint polled by console: count=4957[0m
[00:00:43.148,162] [0m<inf> remapper: switch_pro_send_input_heartbeat: sw2 heartbeat: writes=4963 fails=0 enabled=1 rep0=09 rep2=20[0m
[00:00:43.229,980] [0m<inf> remapper: switch_pro_log_stats: switch_pro_stats enabled=1 report_q=0/4 response_q=0/2 out_q=0 out_overflows=0 ble=0 ble_drop=0 host=33 host_drop=0 set=0 translated=0 mapped=1/0 heartbeat=4973/0 response=25/0 response_drop=0 rumble=2/0 fail=0 busy=0 buttons=00 00 00[0m
[00:00:44.097,747] [0m<inf> remapper: int_in_ready_cb0: sw2 IN endpoint polled by console: count=5077[0m
[00:00:44.152,160] [0m<inf> remapper: switch_pro_send_input_heartbeat: sw2 heartbeat: writes=5083 fails=0 enabled=1 rep0=09 rep2=20[0m
[00:00:44.229,888] [0m<inf> remapper: switch_pro_log_stats: switch_pro_stats enabled=1 report_q=0/4 response_q=0/2 out_q=0 out_overflows=0 ble=0 ble_drop=0 host=33 host_drop=0 set=0 translated=0 mapped=1/0 heartbeat=5092/0 response=25/0 response_drop=0 rumble=2/0 fail=0 busy=0 buttons=00 00 00[0m
[00:00:45.101,745] [0m<inf> remapper: int_in_ready_cb0: sw2 IN endpoint polled by console: count=5183[0m
[00:00:45.155,151] [0m<inf> remapper: switch_pro_send_input_heartbeat: sw2 heartbeat: writes=5189 fails=0 enabled=1 rep0=09 rep2=20[0m
[00:00:45.229,919] [0m<inf> remapper: switch_pro_log_stats: switch_pro_stats enabled=1 report_q=0/4 response_q=0/2 out_q=0 out_overflows=0 ble=0 ble_drop=0 host=33 host_drop=0 set=0 translated=0 mapped=1/0 heartbeat=5198/0 response=25/0 response_drop=0 rumble=2/0 fail=0 busy=0 buttons=00 00 00[0m
[00:00:46.101,745] [0m<inf> remapper: int_in_ready_cb0: sw2 IN endpoint polled by console: count=5305[0m
[00:00:46.156,158] [0m<inf> remapper: switch_pro_send_input_heartbeat: sw2 heartbeat: writes=5311 fails=0 enabled=1 rep0=09 rep2=20[0m
[00:00:46.229,980] [0m<inf> remapper: switch_pro_log_stats: switch_pro_stats enabled=1 report_q=0/4 response_q=0/2 out_q=0 out_overflows=0 ble=0 ble_drop=0 host=33 host_drop=0 set=0 translated=0 mapped=1/0 heartbeat=5320/0 response=25/0 response_drop=0 rumble=2/0 fail=0 busy=0 buttons=00 00 00[0m
[00:00:47.105,743] [0m<inf> remapper: int_in_ready_cb0: sw2 IN endpoint polled by console: count=5425[0m
[00:00:47.160,156] [0m<inf> remapper: switch_pro_send_input_heartbeat: sw2 heartbeat: writes=5431 fails=0 enabled=1 rep0=09 rep2=20[0m
[00:00:47.229,919] [0m<inf> remapper: switch_pro_log_stats: switch_pro_stats enabled=1 report_q=0/4 response_q=0/2 out_q=0 out_overflows=0 ble=0 ble_drop=0 host=33 host_drop=0 set=0 translated=0 mapped=1/0 heartbeat=5439/0 response=25/0 response_drop=0 rumble=2/0 fail=0 busy=0 buttons=00 00 00[0m
[00:00:48.109,741] [0m<inf> remapper: int_in_ready_cb0: sw2 IN endpoint polled by console: count=5532[0m
[00:00:48.163,146] [0m<inf> remapper: switch_pro_send_input_heartbeat: sw2 heartbeat: writes=5538 fails=0 enabled=1 rep0=09 rep2=20[0m
[00:00:48.229,919] [0m<inf> remapper: switch_pro_log_stats: switch_pro_stats enabled=1 report_q=0/4 response_q=0/2 out_q=0 out_overflows=0 ble=0 ble_drop=0 host=33 host_drop=0 set=0 translated=0 mapped=1/0 heartbeat=5546/0 response=25/0 response_drop=0 rumble=2/0 fail=0 busy=0 buttons=00 00 00[0m
[00:00:49.109,771] [0m<inf> remapper: int_in_ready_cb0: sw2 IN endpoint polled by console: count=5655[0m
[00:00:49.164,062] [0m<inf> remapper: switch_pro_send_input_heartbeat: sw2 heartbeat: writes=5661 fails=0 enabled=1 rep0=09 rep2=20[0m
[00:00:49.229,980] [0m<inf> remapper: switch_pro_log_stats: switch_pro_stats enabled=1 report_q=0/4 response_q=0/2 out_q=0 out_overflows=0 ble=0 ble_drop=0 host=33 host_drop=0 set=0 translated=0 mapped=1/0 heartbeat=5669/0 response=25/0 response_drop=0 rumble=2/0 fail=0 busy=0 buttons=00 00 00[0m
[00:00:50.113,769] [0m<inf> remapper: int_in_ready_cb0: sw2 IN endpoint polled by console: count=5776[0m
[00:00:50.168,151] [0m<inf> remapper: switch_pro_send_input_heartbeat: sw2 heartbeat: writes=5782 fails=0 enabled=1 rep0=09 rep2=20[0m
[00:00:50.229,919] [0m<inf> remapper: switch_pro_log_stats: switch_pro_stats enabled=1 report_q=0/4 response_q=0/2 out_q=0 out_overflows=0 ble=0 ble_drop=0 host=33 host_drop=0 set=0 translated=0 mapped=1/0 heartbeat=5789/0 response=25/0 response_drop=0 rumble=2/0 fail=0 busy=0 buttons=00 00 00[0m
[00:00:51.117,736] [0m<inf> remapper: int_in_ready_cb0: sw2 IN endpoint polled by console: count=5884[0m
[00:00:51.171,173] [0m<inf> remapper: switch_pro_send_input_heartbeat: sw2 heartbeat: writes=5890 fails=0 enabled=1 rep0=09 rep2=20[0m
[00:00:51.230,010] [0m<inf> remapper: switch_pro_log_stats: switch_pro_stats enabled=1 report_q=0/4 response_q=0/2 out_q=0 out_overflows=0 ble=0 ble_drop=0 host=33 host_drop=0 set=0 translated=0 mapped=1/0 heartbeat=5897/0 response=25/0 response_drop=0 rumble=2/0 fail=0 busy=0 buttons=00 00 00[0m
[00:00:52.117,736] [0m<inf> remapper: int_in_ready_cb0: sw2 IN endpoint polled by console: count=6008[0m
[00:00:52.172,149] [0m<inf> remapper: switch_pro_send_input_heartbeat: sw2 heartbeat: writes=6014 fails=0 enabled=1 rep0=09 rep2=20[0m
[00:00:52.229,949] [0m<inf> remapper: switch_pro_log_stats: switch_pro_stats enabled=1 report_q=0/4 response_q=0/2 out_q=0 out_overflows=0 ble=0 ble_drop=0 host=33 host_drop=0 set=0 translated=0 mapped=1/0 heartbeat=6021/0 response=25/0 response_drop=0 rumble=2/0 fail=0 busy=0 buttons=00 00 00[0m
[00:00:53.121,734] [0m<inf> remapper: int_in_ready_cb0: sw2 IN endpoint polled by console: count=6130[0m
[00:00:53.176,177] [0m<inf> remapper: switch_pro_send_input_heartbeat: sw2 heartbeat: writes=6136 fails=0 enabled=1 rep0=09 rep2=20[0m
[00:00:53.229,888] [0m<inf> remapper: switch_pro_log_stats: switch_pro_stats enabled=1 report_q=0/4 response_q=0/2 out_q=0 out_overflows=0 ble=0 ble_drop=0 host=33 host_drop=0 set=0 translated=0 mapped=1/0 heartbeat=6142/0 response=25/0 response_drop=0 rumble=2/0 fail=0 busy=0 buttons=00 00 00[0m
[00:00:54.121,765] [0m<inf> remapper: int_in_ready_cb0: sw2 IN endpoint polled by console: count=6231[0m
[00:00:54.183,166] [0m<inf> remapper: switch_pro_send_input_heartbeat: sw2 heartbeat: writes=6238 fails=0 enabled=1 rep0=09 rep2=20[0m
[00:00:54.229,919] [0m<inf> remapper: switch_pro_log_stats: switch_pro_stats enabled=1 report_q=0/4 response_q=0/2 out_q=0 out_overflows=0 ble=0 ble_drop=0 host=33 host_drop=0 set=0 translated=0 mapped=1/0 heartbeat=6243/0 response=25/0 response_drop=0 rumble=2/0 fail=0 busy=0 buttons=00 00 00[0m
[00:00:55.122,039] [0m<inf> remapper: int_in_ready_cb0: sw2 IN endpoint polled by console: count=6351[0m
[00:00:55.185,180] [0m<inf> remapper: switch_pro_send_input_heartbeat: sw2 heartbeat: writes=6358 fails=0 enabled=1 rep0=09 rep2=20[0m
[00:00:55.229,919] [0m<inf> remapper: switch_pro_log_stats: switch_pro_stats enabled=1 report_q=0/4 response_q=0/2 out_q=0 out_overflows=0 ble=0 ble_drop=0 host=33 host_drop=0 set=0 translated=0 mapped=1/0 heartbeat=6363/0 response=25/0 response_drop=0 rumble=2/0 fail=0 busy=0 buttons=00 00 00[0m
[00:00:56.129,791] [0m<inf> remapper: int_in_ready_cb0: sw2 IN endpoint polled by console: count=6475[0m
[00:00:56.192,138] [0m<inf> remapper: switch_pro_send_input_heartbeat: sw2 heartbeat: writes=6482 fails=0 enabled=1 rep0=09 rep2=20[0m
[00:00:56.229,919] [0m<inf> remapper: switch_pro_log_stats: switch_pro_stats enabled=1 report_q=0/4 response_q=0/2 out_q=0 out_overflows=0 ble=0 ble_drop=0 host=33 host_drop=0 set=0 translated=0 mapped=1/0 heartbeat=6486/0 response=25/0 response_drop=0 rumble=2/0 fail=0 busy=0 buttons=00 00 00[0m
[00:00:57.129,760] [0m<inf> remapper: int_in_ready_cb0: sw2 IN endpoint polled by console: count=6578[0m
[00:00:57.199,066] [0m<inf> remapper: switch_pro_send_input_heartbeat: sw2 heartbeat: writes=6586 fails=0 enabled=1 rep0=09 rep2=20[0m
[00:00:57.229,919] [0m<inf> remapper: switch_pro_log_stats: switch_pro_stats enabled=1 report_q=0/4 response_q=0/2 out_q=0 out_overflows=0 ble=0 ble_drop=0 host=33 host_drop=0 set=0 translated=0 mapped=1/0 heartbeat=6589/0 response=25/0 response_drop=0 rumble=2/0 fail=0 busy=0 buttons=00 00 00[0m
[00:00:58.129,760] [0m<inf> remapper: int_in_ready_cb0: sw2 IN endpoint polled by console: count=6698[0m
[00:00:58.200,164] [0m<inf> remapper: switch_pro_send_input_heartbeat: sw2 heartbeat: writes=6706 fails=0 enabled=1 rep0=09 rep2=20[0m
[00:00:58.229,919] [0m<inf> remapper: switch_pro_log_stats: switch_pro_stats enabled=1 report_q=0/4 response_q=0/2 out_q=0 out_overflows=0 ble=0 ble_drop=0 host=33 host_drop=0 set=0 translated=0 mapped=1/0 heartbeat=6709/0 response=25/0 response_drop=0 rumble=2/0 fail=0 busy=0 buttons=00 00 00[0m
[00:00:59.133,758] [0m<inf> remapper: int_in_ready_cb0: sw2 IN endpoint polled by console: count=6818[0m
