*** Booting Zephyr OS build c0689b16ff12 ***
[usbdesc 000: 12 01 00 02 ef 02 01 40 7e 05 69 20 01 02 01 02
00:usbdesc 010: 03 01 09 02 ba 00 05 01 00 a0 32 08 0b 00 01 03
usbdesc 020: 00 00 00 09 04 00 00 02 03 00 00 00 09 21 10 01
usbdesc 030: 00 01 22 73 00 07 05 81 03 40 00 04 07 05 01 03
usbdesc 040: 40 00 04 08 0b 01 01 ff 00 00 00 09 04 01 00 02
usbdesc 050: ff 00 00 00 07 05 02 02 40 00 00 07 05 82 02 40
00:00.004,272] usbdesc 060: 00 00 08 0b 02 03 01 01 00 00 09 04 02 00 00 01
[0m<inf> remapper: main: HID Remapper Bluetooth[0m
[usbdesc 070: 01 00 00 0a 24 01 00 01 47 00 02 03 04 0c 24 02
00:00:00.011,993] [0m<inf> fs_nvs: nvs_mount: 8 Sectors usbdesc 080: 01 01 01 00 02 03 00 00 00 0a 24 06 02 01 01 03
of 4096 bytes[0m
[00:00:00.012,023] [0m<inf> fs_nvs:usbdesc 090: 00 00 00 09 24 03 03 02 03 00 02 00 0c 24 02 04
 nvs_mount: alloc wra: 0, fe8[0m
[00:00:00.012,023] usbdesc 0a0: 01 02 00 01 00 00 00 00 09 24 06 05 04 01 03 00
[0m<inf> fs_nvs: nvs_mount: data wra: 0, 0[0m
usbdesc 0b0: 00 09 24 03 06 01 01 00 05 00 09 04 03 00 00 01
[00:00:00.012,237] [0m<inf> sdc_hci_driver: hci_drusbdesc 0c0: 02 00 00 09 04 04 00 00 01 02 00 00 04 03 09 04
iver_open: SoftDevice Controller build revision: 
       usbdesc 0d0: 12 03 4e 00 69 00 6e 00 74 00 65 00 6e 00 64 00
                                  6d 90 41 2a 38 e8 ad 17usbdesc 0e0: 6f 00 30 03 53 00 77 00 69 00 74 00 63 00 68 00
  29 a5 03 38 39 27 d7 85 |m.A*8... )..89'..
            usbdesc 0f0: 20 00 32 00 20 00 50 00 72 00 6f 00 20 00 43 00
                             1f 85 d8 e1               usbdesc 100: 6f 00 6e 00 74 00 72 00 6f 00 6c 00 6c 00 65 00
                       |....             [0m
[usbdesc 110: 72 00 22 03 31 00 44 00 33 00 46USB_SETUP bm=0xc0 req=0x03 status=identity_ACK
 00 32USB_SETUP bm=0xc0 req=0x02 status=proto_ACK
 00USB_SETUP bm=0x40 req=0x04 val=0x0276 status=set_ACK
 30 00
00:00:00.014,678] [0m<inf> bt_hci_core: hci_vs_init:USB_EP_OUT ep=0x02 len=16 data=0391000d
 HW Platform: Nordic Semiconductor (0x0002)[0m
[00:00:00.014,709] [0m<inf> bt_hci_core: hci_vs_init: HW Variant: nRF52x (0x0002)[0m
[00:00:00.014,739] [0m<inf> bt_hci_core: hci_vs_init: Firmware: Standard Bluetooth controller (0x00) Version 109.16784 Build 2917677098[0m
[00:00:00.015,258] [0m<inf> bt_hci_core: bt_init: No ID address. App must call settings_load()[0m
[00:00:00.015,777] [0m<inf> bt_hci_coUSB_EP_OUT ep=0x02 len=16 data=0391000d
re: bt_dev_show_info: Identity: C6:5F:36:95:D7:F9 (random)[0m
[00:00:00.015,808] [0m<inf> bt_hci_core: bt_dev_show_info: HCI: version 5.3 (0x0c) revision 0x11fa, manufacturer 0x0059[0m
[00:00:00.015,838] [0m<inf> bt_hci_core: bt_dev_show_info: LMP: version 5.3 (0x0c) subver 0x11fa[0m
[00:00:00.015,899] [0m<inf> remapper: switch2_flight_dump_saved: switch2_flight dump count=0 next_seq=0 wrapped=0[0m
[00:00:00.015,899] [0m<inf> remapper: main: Switch 2 console USB build: forcing Switch 2 Pro descriptor[0m
[00:00:00.017,059] [0m<inf> usb_hid: hid_do_status_cb: Device connected[0m
[00:00:00.020,172] [0m<inf> usb_hid: hid_do_status_cb: Device suspended[0m
[00:00:00USB_EP_OUT ep=0x02 len=16 data=0391000d
.121,673] [0m<inf> usb_hid: hid_do_status_cb: Device resumed[0m
[00:00:00.121,704] [0m<inf> usb_hid: hid_do_status_cb: from suspend[0m
[00:00:00.121,734] [0m<inf> usb_hid: hid_do_status_cb: Device reset detected[0m
[00:00:00.196,716] [0m<inf> usb_hid: hid_do_status_cb: Device configured[0m
[00:00:00.214,141] [0m<inf> remapper: switch_pro_handle_output_report: pro out_report desc=7 len=64: 00 00 00 00[0m
[00:00:00.214,172] [0m<inf> remapper: switch2_pro_handle_output_report: sw2 host_cmd len=64: 00 00 00 00 00 00 00 00[0m
[00:00:00.226,135] [0m<inf> remapper: switch2_pro_handle_output_report: sw2 host_cmd len=16: 03 91 00 0d 00 08 00 00[0m
[00:00:00.232,788] [0m<inf> remapper: switch_pro_handle_output_report: pro out_report desc=7 len=64: 00 00 00 00[0USB_EP_OUT ep=0x02 len=16 data=0391000d
m
[00:00:00.232,849] [0m<inf> remapper: switch2_pro_handle_output_report: sw2 host_cmd len=64: 00 00 00 00 00 00 00 00[0m
[00:00:00.233,337] [0m<inf> remapper: switch_pro_log_stats: switch_pro_stats enabled=1 report_q=0/5 response_q=1/1 out_q=0 out_overflows=0 ble=0 ble_drop=0 host=6 host_drop=0 set=0 translated=0 mapped=0/0 heartbeat=0/0 response=0/0 response_drop=0 rumble=0/0 fail=0 busy=0 buttons=00 00 00[0m
[00:00:00.346,221] [0m<inf> remapper: switch2_pro_handle_output_report: sw2 host_cmd len=16: 03 91 00 0d 00 08 00 00[0m
[00:00:00.466,186] [0m<inf> remapper: switch2_pro_handle_output_report: sw2 host_cmd len=16: 03 91 00 0d 00 08 00 00[0m
[00:00:00.586,242] [0m<inf> remapper: switch2_pro_handle_output_report: sw2 host_cmd len=16: 03 91 00 0d 00 USB_EP_OUT ep=0x02 len=16 data=0391000d
08 00 00[0m
[00:00:00.706,298] [0m<inf> remapper: switch2_pro_handle_output_report: sw2 host_cmd len=16: 03 91 00 0d 00 08 00 00[0m
USB_EP_OUT ep=0x02 len=16 data=0391000d
USB_EP_OUT ep=0x02 len=16 data=0391000d
USB_EP_OUT ep=0x02 len=16 data=0391000d
USB_EP_OUT ep=0x02 len=16 data=0391000d
USB_EP_OUT ep=0x02 len=16 data=0391000d
[00:00:00.826,446] [0m<inf> remapper: switch2_pro_handle_output_report: sw2 host_cmd len=16: 03 91 00 0d 00 08 00 00[0m
[00:00:00.946,411] [0m<inf> remapper: switch2_pro_handle_output_report: sw2 host_cmd len=16: 03 91 00 0d 00 08 00 00[0m
[00:00:01.002,075] [0m<inf> remapper: int_in_ready_cb0: sw2 IN endpoint polled by console: count=94[0m
[00:00:01.007,232] [0m<inf> remapper: switch_pro_send_input_heartbeat: sw2 heartbeat: writes=94 fails=0 enabled=1 rep0=09 rep2=15[0m
[00:00:01.066,497] [0m<inf> remapper: switch2_pro_handle_output_report: sw2 host_cmd len=16: 03 91 00 0d 00 08 00 00[0m
[00:00:01.186,645] [0m<inf> remapper: switch2_pro_handle_output_report: sw2 host_cmd len=16: 03 91USB_EP_OUT ep=0x02 len=16 data=0391000d
 00 0d 00 08 00 00[0m
[00:00:01.232,910] [0m<inf> remapper: scan_setup_filters: scanning for Switch 2 Pro Controller manufacturer data[0m
[00:00:01.233,642] [0m<inf> remapper: scan_start: Scanning started.[0m
[00:00:01.233,856] [0m<inf> remapper: switch_pro_log_stats: switch_pro_stats enabled=1 report_q=0/5 response_q=0/1 out_q=0 out_overflows=0 ble=0 ble_drop=0 host=14 host_drop=0 set=0 translated=0 mapped=1/0 heartbeat=121/0 response=9/0 response_drop=0 rumble=0/0 fail=0 busy=0 buttons=00 00 00[0m
[00:00:01.306,671] [0m<inf> remapper: switch2_pro_handle_output_report: sw2 host_cmd len=16: 03 91 00 0d 00 08 00 00[0m
[00:00:01.307,678] [0m<inf> usb_device: usb_halt_endpoint_req: Clear halt ep 0x82[0m
[00:00:01.307,708] [0m<inf> usb_hid: hid_do_stUSB_EP_OUT ep=0x02 len=16 data=0391000d
atus_cb: Unknown event[0m
[00:00:01.426,605] [0m<inf> remapper: switch2_pro_handle_output_report: sw2 host_cmd len=16: 03 91 00 0d 00 08 00 00[0m
[00:00:01.546,752] [0m<inf> remapper: switch2_pro_handle_output_report: sw2 host_cmd len=16: 03 91 00 0d 00 08 00 00[0m
USB_EP_OUT ep=0x02 len=16 data=0391000d
USB_EP_OUT ep=0x02 len=16 data=0391000d
USB_EP_OUT ep=0x02 len=16 data=0391000d
USB_EP_OUT ep=0x02 len=16 data=0391000d
USB_EP_OUT ep=0x02 len=16 data=0391000d
USB_EP_OUT ep=0x02 len=16 data=0391000d
USB_EP_OUT ep=0x02 len=16 data=0391000d
[00:00:01.666,717] [0m<inf> remapper: switch2_pro_handle_output_report: sw2 host_cmd len=16: 03 91 00 0d 00 08 00 00[0m
[00:00:01.786,743] [0m<inf> remapper: switch2_pro_handle_output_report: sw2 host_cmd len=16: 03 91 00 0d 00 08 00 00[0m
[00:00:01.906,738] [0m<inf> remapper: switch2_pro_handle_output_report: sw2 host_cmd len=16: 03 91 00 0d 00 08 00 00[0m
[00:00:02.006,072] [0m<inf> remapper: int_in_ready_cb0: sw2 IN endpoint polled by console: count=216[0m
[00:00:02.010,253] [0m<inf> remapper: switch_pro_send_input_heartbeat: sw2 heartbeat: writes=216 fails=0 enabled=1 rep0=09 rep2=15[0m
[00:00:02.026,794] [0m<inf> remapper: switch2_pro_handle_output_report: sw2 host_cmd len=16: 03 91 00 0d 00 08 00 00[0m
[00:00:02.146,820] [0m<inf> remapper: switcUSB_EP_OUT ep=0x02 len=16 data=0391000d
h2_pro_handle_output_report: sw2 host_cmd len=16: 03 91 00 0d 00 08 00 00[0m
[00:00:02.233,215] [0m<inf> remapper: switch_pro_log_stats: switch_pro_stats enabled=1 report_q=0/5 response_q=0/1USB_EP_OUT ep=0x02 len=16 data=0391000d
 out_q=0 out_overflows=0 ble=0 ble_drop=0 host=22 host_drop=0 set=0 translated=0 mapped=1/0 heartbeat=243/0 response=17/0 response_drop=0 rumble=0/0 fail=0 busy=0 buttons=00 00 00[0m
[00:00:02.266,876] [0m<inf> remapper: switch2_pro_handle_output_report: sw2 host_cmd len=16: 03 91 00 0d 00 08 00 00[0m
[00:00:02.386,871] [0m<inf> remapper: switch2_pro_handle_output_report: sw2 host_cmd len=16: 03 91 00 0d 00 08 00 00[0m
[00:00:02.388,916] [0m<inf> usb_device: usb_halt_endpoint_req: Clear halt ep 0x82[0m
[00:00:02.388,946] [0m<inf> usb_hid: hid_do_status_cb: Unknown event[0m
[00:00:02.506,896] [0m<inf> remapper: switch2_pro_handle_output_report: sw2 host_cmd len=16: 03 91 00 0d 00 08 00 00[0m
[00:00:02.630,157] [0m<inf> remapper: USB_EP_OUT ep=0x02 len=16 data=0391000d
switch2_pro_handle_output_report: sw2 host_cmd len=16: 03 91 00 0d 00 08 00 00[0m
[00:00:02.746,917] [0m<inf> remapper: switch2_pro_handle_output_report: sw2 host_cmd len=16: 03 91 00 0d 00 08 00 00[0m
USB_EP_OUT ep=0x02 len=16 data=0391000d
USB_EP_OUT ep=0x02 len=16 data=0391000d
USB_EP_OUT ep=0x02 len=16 data=0391000d
USB_EP_OUT ep=0x02 len=16 data=0391000d
USB_EP_OUT ep=0x02 len=16 data=0391000d
USB_EP_OUT ep=0x02 len=16 data=0391000d
[00:00:02.867,004] [0m<inf> remapper: switch2_pro_handle_output_report: sw2 host_cmd len=16: 03 91 00 0d 00 08 00 00[0m
[00:00:02.986,999] [0m<inf> remapper: switch2_pro_handle_output_report: sw2 host_cmd len=16: 03 91 00 0d 00 08 00 00[0m
[00:00:03.010,070] [0m<inf> remapper: int_in_ready_cb0: sw2 IN endpoint polled by console: count=323[0m
[00:00:03.014,251] [0m<inf> remapper: switch_pro_send_input_heartbeat: sw2 heartbeat: writes=323 fails=0 enabled=1 rep0=09 rep2=15[0m
[00:00:03.107,025] [0m<inf> remapper: switch2_pro_handle_output_report: sw2 host_cmd len=16: 03 91 00 0d 00 08 00 00[0m
[00:00:03.227,020] [0m<inf> remapper: switch2_pro_handle_output_report: sw2 hostUSB_EP_OUT ep=0x02 len=16 data=0391000d
_cmd len=16: 03 91 00 0d 00 08 00 00[0m
[00:00:03.233,215] [0m<inf> remapper: switch_pro_log_stats: switch_pro_stats enabled=1 report_q=0/5 response_q=0/2 out_q=0 out_overflows=0 ble=0 ble_drop=0 host=31 host_drop=0 set=0 translated=0 mapped=1/0 heartbeat=350/0 response=26/0 response_drop=0 rumble=0/0 fail=0 busy=0 buttons=00 00 00[0m
[00:00:03.347,045] [0m<inf> remapper: switch2_pro_handle_output_report: sw2 host_cmd len=16: 03 91 00 0d 00 08 00 00[0m
[00:00:03.467,071] [0m<inf> remapper: switch2_pro_handle_output_report: sw2 host_cmd len=16: 03 91 00 0d 00 08 00 00[0m
[00:00:03.467,926] [0m<inf> usb_device: usb_halt_endpoint_req: Clear halt ep 0x82[0m
[00:00:03.467,926] [0m<inf> usb_hid: hid_do_status_cb: Unknown event[0m
USB_EP_OUT ep=0x02 len=16 data=0391000d
[00:00:03.587,127] [0m<inf> remapper: switch2_pro_handle_output_report: sw2 host_cmd len=16: 03 91 00 0d 00 08 00 00[0m
[00:00:03.707,153] [0m<inf> remapper: switch2_pro_handle_output_report: sw2 host_cmd len=16: 03 91 00 0d 00 08 00 00[0m
USB_EP_OUT ep=0x02 len=16 data=0391000d
USB_EP_OUT ep=0x02 len=16 data=0391000d
USB_EP_OUT ep=0x02 len=16 data=0391000d
USB_EP_OUT ep=0x02 len=16 data=0391000d
USB_EP_OUT ep=0x02 len=16 data=0391000d
USB_EP_OUT ep=0x02 len=16 data=0391000d
USB_EP_OUT ep=0x02 len=16 data=0391000d
[00:00:03.827,178] [0m<inf> remapper: switch2_pro_handle_output_report: sw2 host_cmd len=16: 03 91 00 0d 00 08 00 00[0m
[00:00:03.947,235] [0m<inf> remapper: switch2_pro_handle_output_report: sw2 host_cmd len=16: 03 91 00 0d 00 08 00 00[0m
[00:00:04.032,897] [0m<inf> remapper: switch_pro_send_input_heartbeat: sw2 heartbeat: writes=442 fails=0 enabled=1 rep0=09 rep2=15[0m
[00:00:04.034,057] [0m<inf> remapper: int_in_ready_cb0: sw2 IN endpoint polled by console: count=443[0m
[00:00:04.067,230] [0m<inf> remapper: switch2_pro_handle_output_report: sw2 host_cmd len=16: 03 91 00 0d 00 08 00 00[0m
[00:00:04.187,255] [0m<inf> remapper: switch2_pro_handle_output_report: sw2 host_cmd len=16: 03 91 00 0d 00 USB_EP_OUT ep=0x02 len=16 data=0391000d
08 00 00[0m
[00:00:04.233,215] [0m<inf> remapper: switch_pro_log_stats: switch_pro_stats enabled=1 report_q=0/5 response_q=0/2 out_q=0 out_overflows=0 ble=0 ble_drop=0 host=39 host_drop=0 set=0 translated=0 mapped=1/0 heartbeat=466/0 response=34/0 response_drop=0 rumble=0/0 fail=0 busy=0 buttons=00 00 00[0m
[00:00:04.307,373] [0m<inf> remapper: switch2_pro_handle_output_report: sw2 host_cmd len=16: 03 91 00 0d 00 08 00 00[0m
[00:00:04.427,368] [0m<inf> remapper: switch2_pro_handle_output_report: sw2 host_cmd len=16: 03 91 00 0d 00 08 00 00[0m
[00:00:04.547,363] [0m<inf> remapper: switch2_pro_handle_output_report: sw2 host_cmd len=16: 03 91 00 0d 00 08 00 00[0m
[00:00:04.548,309] [0m<inf> usb_device: usb_halt_endpoint_req: Clear halt ep 0x82[0m
[00:00:04.548,339] [0m<inf> usb_hid: hid_do_status_cb: Unknown event[0m
[00:00:04.667,449] [0m<inf> remapper: switch2_pro_handle_output_report: sw2 host_cmd len=16: 03 91 00USB_EP_OUT ep=0x02 len=16 data=0391000d
 0d 00 08 00 00[0m
[00:00:04.787,445] [0m<inf> remapper: switch2_pro_handle_output_report: sw2 host_cmd len=16: 03 91 00 0d 00 08 00 00[0m
USB_EP_OUT ep=0x02 len=16 data=0391000d
USB_EP_OUT ep=0x02 len=16 data=0391000d
USB_EP_OUT ep=0x02 len=16 data=0391000d
USB_EP_OUT ep=0x02 len=16 data=0391000d
USB_EP_OUT ep=0x02 len=16 data=0391000d
USB_EP_OUT ep=0x02 len=16 data=0391000d
USB_EP_OUT ep=0x02 len=16 data=0391000d
[00:00:04.910,156] [0m<inf> remapper: switch2_pro_handle_output_report: sw2 host_cmd len=16: 03 91 00 0d 00 08 00 00[0m
[00:00:05.027,618] [0m<inf> remapper: switch2_pro_handle_output_report: sw2 host_cmd len=16: 03 91 00 0d 00 08 00 00[0m
[00:00:05.034,057] [0m<inf> remapper: int_in_ready_cb0: sw2 IN endpoint polled by console: count=546[0m
[00:00:05.038,238] [0m<inf> remapper: switch_pro_send_input_heartbeat: sw2 heartbeat: writes=546 fails=0 enabled=1 rep0=09 rep2=15[0m
[00:00:05.147,552] [0m<inf> remapper: switch2_pro_handle_output_report: sw2 host_cmd len=16: 03 91 00 0d 00 08 00 00[0m
[00:00:05.233,215] [0m<inf> remapper: switch_pro_log_stats: switcUSB_EP_OUT ep=0x02 len=16 data=0391000d
h_pro_stats enabled=1 report_q=0/5 response_q=0/2 out_q=0 out_overflows=0 ble=0 ble_drop=0 host=47 host_drop=0 set=0 translated=0 mapped=1/0 heartbeat=570/0 response=42/0 response_drop=0 rumble=0/0 fail=0 busy=0 buttons=00 00 00[0m
[00:00:05.267,639] [0m<inf> remapper: switch2_pro_handle_output_report: sw2 host_cmd len=16: 03 91 00 0d 00 08 00 00[0m
[00:00:05.387,634] [0m<inf> remapper: switch2_pro_handle_output_report: sw2 host_cmd len=16: 03 91 00 0d 00 08 00 00[0m
[00:00:05.507,659] [0m<inf> remapper: switch2_pro_handle_output_report: sw2 host_cmd len=16: 03 91 00 0d 00 08 00 00[0m
[00:00:05.627,624] [0m<inf> remapper: switch2_pro_handle_output_report: sw2 host_cmd len=16: 03 91 00 0d 00 08 00 00[0m
[00:00:05.628,570] [0m<inf> usb_devUSB_EP_OUT ep=0x02 len=16 data=0391000d
ice: usb_halt_endpoint_req: Clear halt ep 0x82[0m
[00:00:05.628,570] [0m<inf> usb_hid: hid_do_status_cb: Unknown event[0m
[00:00:05.747,741] [0m<inf> remapper: switch2_pro_handle_output_report: sw2 host_cmd len=16: 03 91 00 0d 00 08 00 00[0m
[00:00:05.867,706] [0m<inf> remapper: switch2_pro_handle_output_report: sw2 host_cmd len=16: 03 91 00 0d 00 08 00 00[0m
USB_EP_OUT ep=0x02 len=16 data=0391000d
USB_EP_OUT ep=0x02 len=16 data=0391000d
USB_EP_OUT ep=0x02 len=16 data=0391000d
USB_EP_OUT ep=0x02 len=16 data=0391000d
USB_EP_OUT ep=0x02 len=16 data=0391000d
USB_EP_OUT ep=0x02 len=16 data=0391000d
USB_EP_OUT ep=0x02 len=16 data=0391000d
[00:00:05.987,731] [0m<inf> remapper: switch2_pro_handle_output_report: sw2 host_cmd len=16: 03 91 00 0d 00 08 00 00[0m
[00:00:06.038,055] [0m<inf> remapper: int_in_ready_cb0: sw2 IN endpoint polled by console: count=666[0m
[00:00:06.044,342] [0m<inf> remapper: switch_pro_send_input_heartbeat: sw2 heartbeat: writes=666 fails=0 enabled=1 rep0=09 rep2=15[0m
[00:00:06.107,757] [0m<inf> remapper: switch2_pro_handle_output_report: sw2 host_cmd len=16: 03 91 00 0d 00 08 00 00[0m
[00:00:06.227,783] [0m<inf> remapper: switch2_pro_handle_output_report: sw2 host_cmd len=16: 03 91 00 0d 00 08 00 00[0m
[00:00:06.233,215] [0m<inf> remapper: switch_pro_log_stats: sUSB_EP_OUT ep=0x02 len=16 data=0391000d
witch_pro_stats enabled=1 report_q=0/5 response_q=0/2 out_q=0 out_overflows=0 ble=0 ble_drop=0 host=56 host_drop=0 set=0 translated=0 mapped=1/0 heartbeat=689/0 response=51/0 response_drop=0 rumble=0/0 fail=0 busy=0 buttons=00 00 00[0m
[00:00:06.347,839] [0m<inf> remapper: switch2_pro_handle_output_report: sw2 host_cmd len=16: 03 91 00 0d 00 08 00 00[0m
[00:00:06.467,895] [0m<inf> remapper: switch2_pro_handle_output_report: sw2 host_cmd len=16: 03 91 00 0d 00 08 00 00[0m
[00:00:06.587,921] [0m<inf> remapper: switch2_pro_handle_output_report: sw2 host_cmd len=16: 03 91 00 0d 00 08 00 00[0m
[00:00:06.707,916] [0m<inf> remapper: switch2_pro_handle_output_report: sw2 host_cmd len=16: 03 91 00 0d 00 08 00 00[0m
[00:00:06.708,831] [0m<inf> USB_EP_OUT ep=0x02 len=16 data=0391000d
usb_device: usb_halt_endpoint_req: Clear halt ep 0x82[0m
[00:00:06.708,831] [0m<inf> usb_hid: hid_do_status_cb: Unknown event[0m
[00:00:06.828,002] [0m<inf> remapper: switch2_pro_handle_output_report: sw2 host_cmd len=16: 03 91 00 0d 00 08 00 00[0m
[00:00:06.947,998] [0m<inf> remapper: switch2_pro_handle_output_report: sw2 host_cmd len=16: 03 91 00 0d 00 08 00 00[0m
USB_EP_OUT ep=0x02 len=16 data=0391000d
USB_EP_OUT ep=0x02 len=16 data=0391000d
USB_EP_OUT ep=0x02 len=16 data=0391000d
USB_EP_OUT ep=0x02 len=16 data=0391000d
USB_EP_OUT ep=0x02 len=16 data=0391000d
USB_EP_OUT ep=0x02 len=16 data=0391000d
USB_EP_OUT ep=0x02 len=16 data=0391000d
[00:00:07.113,128] [0m<inf> remapper: switch2_pro_handle_output_report: sw2 host_cmd len=16: 03 91 00 0d 00 08 00 00[0m
[00:00:07.130,920] [0m<inf> remapper: switch_pro_send_input_heartbeat: sw2 heartbeat: writes=781 fails=0 enabled=1 rep0=09 rep2=15[0m
[00:00:07.134,063] [0m<inf> remapper: int_in_ready_cb0: sw2 IN endpoint polled by console: count=782[0m
[00:00:07.188,018] [0m<inf> remapper: switch2_pro_handle_output_report: sw2 host_cmd len=16: 03 91 00 0d 00 08 00 00[0m
[00:00:07.233,215] [0m<inf> remapper: switch_pro_log_stats: switch_pro_stats enabled=1 report_q=0/5 response_q=0/2 out_q=0 out_overflows=0 ble=0 ble_drop=0 host=64 host_drop=0 set=0 translaUSB_EP_OUT ep=0x02 len=16 data=0391000d
ted=0 mapped=1/0 heartbeat=793/0 response=59/0 response_drop=0 rumble=0/0 fail=0 busy=0 buttons=00 00 00[0m
[00:00:07.308,074] [0m<inf> remapper: switch2_pro_handle_output_report: sw2 host_cmd len=16: 03 91 00 0d 00 08 00 00[0m
[00:00:07.428,161] [0m<inf> remapper: switch2_pro_handle_output_report: sw2 host_cmd len=16: 03 91 00 0d 00 08 00 00[0m
[00:00:07.548,126] [0m<inf> remapper: switch2_pro_handle_output_report: sw2 host_cmd len=16: 03 91 00 0d 00 08 00 00[0m
[00:00:07.668,212] [0m<inf> remapper: switch2_pro_handle_output_report: sw2 host_cmd len=16: 03 91 00 0d 00 08 00 00[0m
[00:00:07.788,146] [0m<inf> remapper: switch2_pro_handle_output_report: sw2 host_cmd len=16: 03 91 00 0d 00 08 00 00[0m
[00:00:07.789,062] [0m<infUSB_EP_OUT ep=0x02 len=16 data=0391000d
> usb_device: usb_halt_endpoint_req: Clear halt ep 0x82[0m
[00:00:07.789,062] [0m<inf> usb_hid: hid_do_status_cb: Unknown event[0m
[00:00:07.908,203] [0m<inf> remapper: switch2_pro_handle_output_report: sw2 host_cmd len=16: 03 91 00 0d 00 08 00 00[0m
[00:00:08.028,228] [0m<inf> remapper: switch2_pro_handle_output_report: sw2 host_cmd len=16: 03 91 00 0d 00 08 00 00[0m
USB_EP_OUT ep=0x02 len=16 data=0391000d
USB_EP_OUT ep=0x02 len=16 data=0391000d
USB_EP_OUT ep=0x02 len=16 data=0391000d
USB_EP_OUT ep=0x02 len=16 data=0391000d
USB_EP_OUT ep=0x02 len=16 data=0391000d
USB_EP_OUT ep=0x02 len=16 data=0391000d
USB_EP_OUT ep=0x02 len=16 data=0391000d
[00:00:08.136,077] [0m<inf> remapper: switch_pro_send_input_heartbeat: sw2 heartbeat: writes=904 fails=0 enabled=1 rep0=09 rep2=15[0m
[00:00:08.138,061] [0m<inf> remapper: int_in_ready_cb0: sw2 IN endpoint polled by console: count=905[0m
[00:00:08.148,254] [0m<inf> remapper: switch2_pro_handle_output_report: sw2 host_cmd len=16: 03 91 00 0d 00 08 00 00[0m
[00:00:08.233,215] [0m<inf> remapper: switch_pro_log_stats: switch_pro_stats enabled=1 report_q=0/5 response_q=0/2 out_q=0 out_overflows=0 ble=0 ble_drop=0 host=72 host_drop=0 set=0 translated=0 mapped=1/0 heartbeat=916/0 response=67/0 response_drop=0 rumble=0/0 fail=0 busy=0 buttons=00 00 00[0m
[00:00:08.268,249USB_EP_OUT ep=0x02 len=16 data=0391000d
] [0m<inf> remapper: switch2_pro_handle_output_report: sw2 host_cmd len=16: 03 91 00 0d 00 08 00 00[0m
[00:00:08.388,305] [0m<inf> remapper: switch2_pro_handle_output_report: sw2 host_cmd len=16: 03 91 00 0d 00 08 00 00[0m
[00:00:08.508,270] [0m<inf> remapper: switch2_pro_handle_output_report: sw2 host_cmd len=16: 03 91 00 0d 00 08 00 00[0m
[00:00:08.628,356] [0m<inf> remapper: switch2_pro_handle_output_report: sw2 host_cmd len=16: 03 91 00 0d 00 08 00 00[0m
[00:00:08.748,382] [0m<inf> remapper: switch2_pro_handle_output_report: sw2 host_cmd len=16: 03 91 00 0d 00 08 00 00[0m
[00:00:08.868,530] [0m<inf> remapper: switch2_pro_handle_output_report: sw2 host_cmd len=16: 03 91 00 0d 00 08 00 00[0m
[00:00:08.869,659] [USB_EP_OUT ep=0x02 len=16 data=0391000d
0m<inf> usb_device: usb_halt_endpoint_req: Clear halt ep 0x82[0m
[00:00:08.869,689] [0m<inf> usb_hid: hid_do_status_cb: Unknown event[0m
[00:00:08.988,616] [0m<inf> remapper: switch2_pro_handle_output_report: sw2 host_cmd len=16: 03 91 00 0d 00 08 00 00[0m
[00:00:09.108,642] [0m<inf> remapper: switch2_pro_handle_output_report: sw2 host_cmd len=16: 03 91 00 0d 00 08 00 00[0m
[00:00:09.140,258] [0m<inf> remapper: switch_pro_send_input_heartbeat: sw2 heartbeat: writes=1024 fails=0 enabled=1 rep0=09 rep2=15[0m
[00:00:09.142,059] [0m<inf> remapper: int_in_ready_cb0: sw2 IN endpoint polled by console: count=1025[0m
USB_EP_OUT ep=0x02 len=16 data=0391000d
USB_EP_OUT ep=0x02 len=16 data=0391000d
USB_EP_OUT ep=0x02 len=16 data=0391000d
USB_EP_OUT ep=0x02 len=16 data=0391000d
USB_EP_OUT ep=0x02 len=16 data=0391000d
USB_EP_OUT ep=0x02 len=16 data=0391000d
USB_EP_OUT ep=0x02 len=16 data=0391000d
USB_EP_OUT ep=0x02 len=16 data=0391000d
[00:00:09.228,729] [0m<inf> remapper: switch2_pro_handle_output_report: sw2 host_cmd len=16: 03 91 00 0d 00 08 00 00[0m
[00:00:09.233,215] [0m<inf> remapper: switch_pro_log_stats: switch_pro_stats enabled=1 report_q=0/5 response_q=0/2 out_q=0 out_overflows=0 ble=0 ble_drop=0 host=81 host_drop=0 set=0 translated=0 mapped=1/0 heartbeat=1035/0 response=76/0 response_drop=0 rumble=0/0 fail=0 busy=0 buttons=00 00 00[0m
[00:00:09.393,157] [0m<inf> remapper: switch2_pro_handle_output_report: sw2 host_cmd len=16: 03 91 00 0d 00 08 00 00[0m
[00:00:09.468,627] [0m<inf> remapper: switch2_pro_handle_output_report: sw2 host_cmd len=16: 03 91 00 0d 00 08 00 00[0m
[00:00:09.588,714] [0m<inf> remapper: switch2_pro_handle_output_report: sw2USB_EP_OUT ep=0x02 len=16 data=0391000d
 host_cmd len=16: 03 91 00 0d 00 08 00 00[0m
[00:00:09.708,770] [0m<inf> remapper: switch2_pro_handle_output_report: sw2 host_cmd len=16: 03 91 00 0d 00 08 00 00[0m
[00:00:09.828,765] [0m<inf> remapper: switch2_pro_handle_output_report: sw2 host_cmd len=16: 03 91 00 0d 00 08 00 00[0m
[00:00:09.948,791] [0m<inf> remapper: switch2_pro_handle_output_report: sw2 host_cmd len=16: 03 91 00 0d 00 08 00 00[0m
[00:00:09.949,676] [0m<inf> usb_device: usb_halt_endpoint_req: Clear halt ep 0x82[0m
[00:00:09.949,707] [0m<inf> usb_hid: hid_do_status_cb: Unknown event[0m
[00:00:10.068,786] [0m<inf> remapper: switch2_pro_handle_output_report: sw2 host_cmd len=16: 03 91 00 0d 00 08 00 00[0m
[00:00:10.144,256] [0m<inf> remapper: switcUSB_EP_OUT ep=0x02 len=16 data=0391000d
h_pro_send_input_heartbeat: sw2 heartbeat: writes=1122 fails=0 enabled=1 rep0=09 rep2=15[0m
[00:00:10.146,057] [0m<inf> remapper: int_in_ready_cb0: sw2 IN endpoint polled by console: count=1123[0m
[00:00:10.188,873] [0m<inf> remapper: switch2_pro_handle_output_report: sw2 host_cmd len=16: 03 91 00 0d 00 08 00 00[0m
[00:00:10.233,215] [0m<inf> remapper: switch_pro_log_stats: switch_pro_stats enabled=1 report_q=0/5 response_q=0/2 out_q=0 out_overflows=0 ble=0 ble_drop=0 host=89 host_drop=0 set=0 translated=0 mapped=1/0 heartbeat=1133/0 response=84/0 response_drop=0 rumble=0/0 fail=0 busy=0 buttons=00 00 00[0m
[00:00:10.308,898] [0m<inf> remapper: switch2_pro_handle_output_report: sw2 host_cmd len=16: 03 91 00 0d 00 08 00 00[0m
USB_EP_OUT ep=0x02 len=16 data=0391000d
USB_EP_OUT ep=0x02 len=16 data=0391000d
USB_EP_OUT ep=0x02 len=16 data=0391000d
USB_EP_OUT ep=0x02 len=16 data=0391000d
USB_EP_OUT ep=0x02 len=16 data=0391000d
USB_EP_OUT ep=0x02 len=16 data=0391000d
USB_EP_OUT ep=0x02 len=16 data=0391000d
[00:00:10.428,894] [0m<inf> remapper: switch2_pro_handle_output_report: sw2 host_cmd len=16: 03 91 00 0d 00 08 00 00[0m
[00:00:10.548,919] [0m<inf> remapper: switch2_pro_handle_output_report: sw2 host_cmd len=16: 03 91 00 0d 00 08 00 00[0m
[00:00:10.668,914] [0m<inf> remapper: switch2_pro_handle_output_report: sw2 host_cmd len=16: 03 91 00 0d 00 08 00 00[0m
[00:00:10.789,062] [0m<inf> remapper: switch2_pro_handle_output_report: sw2 host_cmd len=16: 03 91 00 0d 00 08 00 00[0m
[00:00:10.908,996] [0m<inf> remapper: switch2_pro_handle_output_report: sw2 host_cmd len=16: 03 91 00 0d 00 08 00 00[0m
[00:00:11.029,022] [0m<inf> remapper: switch2_pro_handle_output_report: sw2 host_cmd len=16: 03 91 00 0d 00 08 00 00[0m
USB_EP_OUT ep=0x02 len=16 data=0391000d
[00:00:11.029,937] [0m<inf> usb_device: usb_halt_endpoint_req: Clear halt ep 0x82[0m
[00:00:11.029,968] [0m<inf> usb_hid: hid_do_status_cb: Unknown event[0m
[00:00:11.144,256] [0m<inf> remapper: switch_pro_send_input_heartbeat: sw2 heartbeat: writes=1244 fails=0 enabled=1 rep0=09 rep2=15[0m
[00:00:11.149,047] [0m<inf> remapper: switch2_pro_handle_output_report: sw2 host_cmd len=16: 03 91 00 0d 00 08 00 00[0m
[00:00:11.149,139] [0m<inf> remapper: int_in_ready_cb0: sw2 IN endpoint polled by console: count=1245[0m
[00:00:11.233,215] [0m<inf> remapper: switch_pro_log_stats: switch_pro_stats enabled=1 report_q=0/5 response_q=0/2 out_q=0 out_overflows=0 ble=0 ble_drop=0 host=97 host_drop=0 set=0 translated=0 mapped=1/0 heartbeUSB_EP_OUT ep=0x02 len=16 data=0391000d
at=1255/0 response=92/0 response_drop=0 rumble=0/0 fail=0 busy=0 buttons=00 00 00[0m
[00:00:11.269,073] [0m<inf> remapper: switch2_pro_handle_output_report: sw2 host_cmd len=16: 03 91 00 0d 00 08 00 00[0m
[00:00:11.389,099] [0m<inf> remapper: switch2_pro_handle_output_report: sw2 host_cmd len=16: 03 91 00 0d 00 08 00 00[0m
USB_EP_OUT ep=0x02 len=16 data=0391000d
USB_EP_OUT ep=0x02 len=16 data=0391000d
USB_EP_OUT ep=0x02 len=16 data=0391000d
USB_EP_OUT ep=0x02 len=16 data=0391000d
USB_EP_OUT ep=0x02 len=16 data=0391000d
USB_EP_OUT ep=0x02 len=16 data=0391000d
USB_EP_OUT ep=0x02 len=16 data=0391000d
[00:00:11.509,094] [0m<inf> remapper: switch2_pro_handle_output_report: sw2 host_cmd len=16: 03 91 00 0d 00 08 00 00[0m
[00:00:11.630,157] [0m<inf> remapper: switch2_pro_handle_output_report: sw2 host_cmd len=16: 03 91 00 0d 00 08 00 00[0m
[00:00:11.749,176] [0m<inf> remapper: switch2_pro_handle_output_report: sw2 host_cmd len=16: 03 91 00 0d 00 08 00 00[0m
[00:00:11.869,293] [0m<inf> remapper: switch2_pro_handle_output_report: sw2 host_cmd len=16: 03 91 00 0d 00 08 00 00[0m
[00:00:11.989,349] [0m<inf> remapper: switch2_pro_handle_output_report: sw2 host_cmd len=16: 03 91 00 0d 00 08 00 00[0m
[00:00:12.109,313] [0m<inf> remapper: switch2_pro_handle_output_reporUSB_EP_OUT ep=0x02 len=16 data=0391000d
t: sw2 host_cmd len=16: 03 91 00 0d 00 08 00 00[0m
[00:00:12.110,168] [0m<inf> usb_device: usb_halt_endpoint_req: Clear halt ep 0x82[0m
[00:00:12.110,168] [0m<inf> usb_hid: hid_do_status_cb: Unknown event[0m
[00:00:12.150,268] [0m<inf> remapper: switch_pro_send_input_heartbeat: sw2 heartbeat: writes=1352 fails=0 enabled=1 rep0=09 rep2=15[0m
[00:00:12.154,083] [0m<inf> remapper: int_in_ready_cb0: sw2 IN endpoint polled by console: count=1353[0m
[00:00:12.229,370] [0m<inf> remapper: switch2_pro_handle_output_report: sw2 host_cmd len=16: 03 91 00 0d 00 08 00 00[0m
[00:00:12.233,215] [0m<inf> remapper: switch_pro_log_stats: switch_pro_stats enabled=1 report_q=0/5 response_q=0/2 out_q=0 out_overflows=0 ble=0 USB_EP_OUT ep=0x02 len=16 data=0391000d
ble_drop=0 host=106 host_drop=0 set=0 translated=0 mapped=1/0 heartbeat=1362/0 response=101/0 response_drop=0 rumble=0/0 fail=0 busy=0 buttons=00 00 00[0m
[00:00:12.349,395] [0m<inf> remapper: switch2_pro_handle_output_report: sw2 host_cmd len=16: 03 91 00 0d 00 08 00 00[0m
[00:00:12.469,512] [0m<inf> remapper: switch2_pro_handle_output_report: sw2 host_cmd len=16: 03 91 00 0d 00 08 00 00[0m
USB_EP_OUT ep=0x02 len=16 data=0391000d
USB_EP_OUT ep=0x02 len=16 data=0391000d
USB_EP_OUT ep=0x02 len=16 data=0391000d
USB_EP_OUT ep=0x02 len=16 data=0391000d
USB_EP_OUT ep=0x02 len=16 data=0391000d
USB_EP_OUT ep=0x02 len=16 data=0391000d
[00:00:12.589,538] [0m<inf> remapper: switch2_pro_handle_output_report: sw2 host_cmd len=16: 03 91 00 0d 00 08 00 00[0m
[00:00:12.709,503] [0m<inf> remapper: switch2_pro_handle_output_report: sw2 host_cmd len=16: 03 91 00 0d 00 08 00 00[0m
[00:00:12.829,559] [0m<inf> remapper: switch2_pro_handle_output_report: sw2 host_cmd len=16: 03 91 00 0d 00 08 00 00[0m
[00:00:12.949,645] [0m<inf> remapper: switch2_pro_handlUSB_EP_OUT ep=0x02 len=16 data=0391000d
e_output_report: sw2 host_cmd len=16: 03 91 00 0d 00 08 00 00[0m
[00:00:13.069,671] [0m<inf> remapper: switch2_pro_handle_output_report: sw2 host_cmd len=16: 03 91 00 0d 00 08 00 00[0m
[00:00:13.152,252] [0m<inf> remapper: switch_pro_send_input_heartbeat: sw2 heartbeat: writes=1469 fails=0 enabled=1 rep0=09 rep2=15[0m
[00:00:13.154,083] [0m<inf> remapper: int_in_ready_cb0: sw2 IN endpoint polled by console: count=1470[0m
[00:00:13.189,758] [0m<inf> remapper: switch2_pro_handle_output_report: sw2 host_cmd len=16: 03 91 00 0d 00 08 00 00[0m
[00:00:13.190,704] [0m<inf> usb_device: usb_halt_endpoint_req: Clear halt ep 0x82[0m
[00:00:13.190,704] [0m<inf> usb_hid: hid_do_status_cb: Unknown event[0m
[00:00USB_EP_OUT ep=0x02 len=16 data=0391000d
:13.233,215] [0m<inf> remapper: switch_pro_log_stats: switch_pro_stats enabled=1 report_q=0/5 response_q=0/2 out_q=0 out_overflows=0 ble=0 ble_drop=0 host=114 host_drop=0 set=0 translated=0 mapped=1/0 heartbeat=1479/0 response=109/0 response_drop=0 rumble=0/0 fail=0 busy=0 buttons=00 00 00[0m
[00:00:13.309,783] [0m<inf> remapper: switch2_pro_handle_output_report: sw2 host_cmd len=16: 03 91 00 0d 00 08 00 00[0m
[00:00:13.429,840] [0m<inf> remapper: switch2_pro_handle_output_report: sw2 host_cmd len=16: 03 91 00 0d 00 08 00 00[0m
USB_EP_OUT ep=0x02 len=16 data=0391000d
USB_EP_OUT ep=0x02 len=16 data=0391000d
USB_EP_OUT ep=0x02 len=16 data=0391000d
USB_EP_OUT ep=0x02 len=16 data=0391000d
USB_EP_OUT ep=0x02 len=16 data=0391000d
USB_EP_OUT ep=0x02 len=16 data=0391000d
USB_EP_OUT ep=0x02 len=16 data=0391000d
[00:00:13.549,926] [0m<inf> remapper: switch2_pro_handle_output_report: sw2 host_cmd len=16: 03 91 00 0d 00 08 00 00[0m
[00:00:13.670,013] [0m<inf> remapper: switch2_pro_handle_output_report: sw2 host_cmd len=16: 03 91 00 0d 00 08 00 00[0m
[00:00:13.790,069] [0m<inf> remapper: switch2_pro_handle_output_report: sw2 host_cmd len=16: 03 91 00 0d 00 08 00 00[0m
[00:00:13.910,156] [0m<inf> remapper: switch2_pro_handle_output_report: sw2 host_cmd len=16: 03 91 00 0d 00 08 00 00[0m
[00:00:14.030,059] [0m<inf> remapper: switch2_pro_handle_output_report: sw2 host_cmd len=16: 03 91 00 0d 00 08 00 00[0m
[00:00:14.150,146] [0m<inf> remapper: switch2_pro_handle_output_report: sw2 host_cmd len=16: 03 91 00 0d 00 08 00 00[0mUSB_EP_OUT ep=0x02 len=16 data=0391000d

[00:00:14.154,052] [0m<inf> remapper: int_in_ready_cb0: sw2 IN endpoint polled by console: count=1573[0m
[00:00:14.158,264] [0m<inf> remapper: switch_pro_send_input_heartbeat: sw2 heartbeat: writes=1573 fails=0 enabled=1 rep0=09 rep2=15[0m
[00:00:14.233,215] [0m<inf> remapper: switch_pro_log_stats: switch_pro_stats enabled=1 report_q=0/5 response_q=0/2 out_q=0 out_overflows=0 ble=0 ble_drop=0 host=122 host_drop=0 set=0 translated=0 mapped=1/0 heartbeat=1582/0 response=117/0 response_drop=0 rumble=0/0 fail=0 busy=0 buttons=00 00 00[0m
[00:00:14.270,141] [0m<inf> remapper: switch2_pro_handle_output_report: sw2 host_cmd len=16: 03 91 00 0d 00 08 00 00[0m
[00:00:14.271,087] [0m<inf> usb_device: usb_halt_endpoint_req: Clear halt ep 0x82[0m
[00:00:14.27USB_EP_OUT ep=0x02 len=16 data=0391000d
1,118] [0m<inf> usb_hid: hid_do_status_cb: Unknown event[0m
[00:00:14.390,197] [0m<inf> remapper: switch2_pro_handle_output_report: sw2 host_cmd len=16: 03 91 00 0d 00 08 00 00[0m
[00:00:14.510,192] [0m<inf> remapper: switch2_pro_handle_output_report: sw2 host_cmd len=16: 03 91 00 0d 00 08 00 00[0m
USB_EP_OUT ep=0x02 len=16 data=0391000d
USB_EP_OUT ep=0x02 len=16 data=0391000d
USB_EP_OUT ep=0x02 len=16 data=0391000d
USB_EP_OUT ep=0x02 len=16 data=0391000d
USB_EP_OUT ep=0x02 len=16 data=0391000d
USB_EP_OUT ep=0x02 len=16 data=0391000d
USB_EP_OUT ep=0x02 len=16 data=0391000d
[00:00:14.630,187] [0m<inf> remapper: switch2_pro_handle_output_report: sw2 host_cmd len=16: 03 91 00 0d 00 08 00 00[0m
[00:00:14.750,274] [0m<inf> remapper: switch2_pro_handle_output_report: sw2 host_cmd len=16: 03 91 00 0d 00 08 00 00[0m
[00:00:14.870,269] [0m<inf> remapper: switch2_pro_handle_output_report: sw2 host_cmd len=16: 03 91 00 0d 00 08 00 00[0m
[00:00:14.990,356] [0m<inf> remapper: switch2_pro_handle_output_report: sw2 host_cmd len=16: 03 91 00 0d 00 08 00 00[0m
[00:00:15.110,290] [0m<inf> remapper: switch2_pro_handle_output_report: sw2 host_cmd len=16: 03 91 00 0d 00 08 00 00[0m
[00:00:15.154,083] [0m<inf> remapper: int_in_ready_cb0: sw2 IN endpoint polled by console: count=1692[0m
[00:00:15.158,USB_EP_OUT ep=0x02 len=16 data=0391000d
264] [0m<inf> remapper: switch_pro_send_input_heartbeat: sw2 heartbeat: writes=1692 fails=0 enabled=1 rep0=09 rep2=15[0m
[00:00:15.230,346] [0m<inf> remapper: switch2_pro_handle_output_report: sw2 host_cmd len=16: 03 91 00 0d 00 08 00 00[0m
[00:00:15.233,215] [0m<inf> remapper: switch_pro_log_stats: switch_pro_stats enabled=1 report_q=0/5 response_q=0/2 out_q=0 out_overflows=0 ble=0 ble_drop=0 host=131 host_drop=0 set=0 translated=0 mapped=1/0 heartbeat=1701/0 response=126/0 response_drop=0 rumble=0/0 fail=0 busy=0 buttons=00 00 00[0m
[00:00:15.350,372] [0m<inf> remapper: switch2_pro_handle_output_report: sw2 host_cmd len=16: 03 91 00 0d 00 08 00 00[0m
[00:00:15.351,318] [0m<inf> usb_device: usb_halt_endpoint_req: Clear halt ep 0x82[0m
[00:00:15.351USB_EP_OUT ep=0x02 len=16 data=0391000d
,348] [0m<inf> usb_hid: hid_do_status_cb: Unknown event[0m
[00:00:15.470,458] [0m<inf> remapper: switch2_pro_handle_output_report: sw2 host_cmd len=16: 03 91 00 0d 00 08 00 00[0m
[00:00:15.590,515] [0m<inf> remapper: switch2_pro_handle_output_report: sw2 host_cmd len=16: 03 91 00 0d 00 08 00 00[0m
USB_EP_OUT ep=0x02 len=16 data=0391000d
USB_EP_OUT ep=0x02 len=16 data=0391000d
USB_EP_OUT ep=0x02 len=16 data=0391000d
USB_EP_OUT ep=0x02 len=16 data=0391000d
USB_EP_OUT ep=0x02 len=16 data=0391000d
USB_EP_OUT ep=0x02 len=16 data=0391000d
USB_EP_OUT ep=0x02 len=16 data=0391000d
[00:00:15.710,540] [0m<inf> remapper: switch2_pro_handle_output_report: sw2 host_cmd len=16: 03 91 00 0d 00 08 00 00[0m
[00:00:15.830,444] [0m<inf> remapper: switch2_pro_handle_output_report: sw2 host_cmd len=16: 03 91 00 0d 00 08 00 00[0m
[00:00:15.950,775] [0m<inf> remapper: switch2_pro_handle_output_report: sw2 host_cmd len=16: 03 91 00 0d 00 08 00 00[0m
[00:00:16.070,495] [0m<inf> remapper: switch2_pro_handle_output_report: sw2 host_cmd len=16: 03 91 00 0d 00 08 00 00[0m
[00:00:16.190,765] [0m<inf> remapper: switch2_pro_handle_output_report: sw2 host_cmd len=16: 03 91 00 0d 00 08 00 00[0m
[00:00:16.190,948] [0m<inf> remapper: switch_pro_send_input_heartbeat: sw2 heartbeat: writes=1792 fails=0 enabled=1 rep0=USB_EP_OUT ep=0x02 len=16 data=0391000d
09 rep2=15[0m
[00:00:16.194,061] [0m<inf> remapper: int_in_ready_cb0: sw2 IN endpoint polled by console: count=1793[0m
[00:00:16.233,215] [0m<inf> remapper: switch_pro_log_stats: switch_pro_stats enabled=1 report_q=0/5 response_q=0/2 out_q=0 out_overflows=0 ble=0 ble_drop=0 host=139 host_drop=0 set=0 translated=0 mapped=1/0 heartbeat=1797/0 response=134/0 response_drop=0 rumble=0/0 fail=0 busy=0 buttons=00 00 00[0m
[00:00:16.310,699] [0m<inf> remapper: switch2_pro_handle_output_report: sw2 host_cmd len=16: 03 91 00 0d 00 08 00 00[0m
[00:00:16.430,664] [0m<inf> remapper: switch2_pro_handle_output_report: sw2 host_cmd len=16: 03 91 00 0d 00 08 00 00[0m
[00:00:16.431,701] [0m<inf> usb_device: usb_halt_endpoint_req: Clear halt ep 0x82[0m
USB_EP_OUT ep=0x02 len=16 data=0391000d
[00:00:16.431,701] [0m<inf> usb_hid: hid_do_status_cb: Unknown event[0m
[00:00:16.550,720] [0m<inf> remapper: switch2_pro_handle_output_report: sw2 host_cmd len=16: 03 91 00 0d 00 08 00 00[0m
[00:00:16.670,654] [0m<inf> remapper: switch2_pro_handle_output_report: sw2 host_cmd len=16: 03 91 00 0d 00 08 00 00[0m
USB_EP_OUT ep=0x02 len=16 data=0391000d
USB_EP_OUT ep=0x02 len=16 data=0391000d
USB_EP_OUT ep=0x02 len=16 data=0391000d
USB_EP_OUT ep=0x02 len=16 data=0391000d
USB_EP_OUT ep=0x02 len=16 data=0391000d
USB_EP_OUT ep=0x02 len=16 data=0391000d
USB_EP_OUT ep=0x02 len=16 data=0391000d
[00:00:16.790,679] [0m<inf> remapper: switch2_pro_handle_output_report: sw2 host_cmd len=16: 03 91 00 0d 00 08 00 00[0m
[00:00:16.910,705] [0m<inf> remapper: switch2_pro_handle_output_report: sw2 host_cmd len=16: 03 91 00 0d 00 08 00 00[0m
[00:00:17.030,731] [0m<inf> remapper: switch2_pro_handle_output_report: sw2 host_cmd len=16: 03 91 00 0d 00 08 00 00[0m
[00:00:17.150,756] [0m<inf> remapper: switch2_pro_handle_output_report: sw2 host_cmd len=16: 03 91 00 0d 00 08 00 00[0m
[00:00:17.192,260] [0m<inf> remapper: switch_pro_send_input_heartbeaUSB_EP_OUT ep=0x02 len=16 data=0391000d
t: sw2 heartbeat: writes=1914 fails=0 enabled=1 rep0=09 rep2=15[0m
[00:00:17.194,091] [0m<inf> remapper: int_in_ready_cb0: sw2 IN endpoint polled by console: count=1915[0m
[00:00:17.233,215] [0m<inf> remapper: switch_pro_log_stats: switch_pro_stats enabled=1 report_q=0/5 response_q=0/2 out_q=0 out_overflows=0 ble=0 ble_drop=0 host=147 host_drop=0 set=0 translated=0 mapped=1/0 heartbeat=1919/0 response=142/0 response_drop=0 rumble=0/0 fail=0 busy=0 buttons=00 00 00[0m
[00:00:17.270,812] [0m<inf> remapper: switch2_pro_handle_output_report: sw2 host_cmd len=16: 03 91 00 0d 00 08 00 00[0m
[00:00:17.390,808] [0m<inf> remapper: switch2_pro_handle_output_report: sw2 host_cmd len=16: 03 91 00 0d 00 08 00 00[0m
[00:00:17.510,833] [0m<iUSB_EP_OUT ep=0x02 len=16 data=0391000d
nf> remapper: switch2_pro_handle_output_report: sw2 host_cmd len=16: 03 91 00 0d 00 08 00 00[0m
[00:00:17.533,569] [0m<inf> usb_device: usb_halt_endpoint_req: Clear halt ep 0x82[0m
[00:00:17.533,599] [0m<inf> usb_hid: hid_do_status_cb: Unknown event[0m
[00:00:17.630,859] [0m<inf> remapper: switch2_pro_handle_output_report: sw2 host_cmd len=16: 03 91 00 0d 00 08 00 00[0m
[00:00:17.750,885] [0m<inf> remapper: switch2_pro_handle_output_report: sw2 host_cmd len=16: 03 91 00 0d 00 08 00 00[0m
USB_EP_OUT ep=0x02 len=16 data=0391000d
USB_EP_OUT ep=0x02 len=16 data=0391000d
USB_EP_OUT ep=0x02 len=16 data=0391000d
USB_EP_OUT ep=0x02 len=16 data=0391000d
USB_EP_OUT ep=0x02 len=16 data=0391000d
USB_EP_OUT ep=0x02 len=16 data=0391000d
USB_EP_OUT ep=0x02 len=16 data=0391000d
[00:00:17.870,910] [0m<inf> remapper: switch2_pro_handle_output_report: sw2 host_cmd len=16: 03 91 00 0d 00 08 00 00[0m
[00:00:17.990,936] [0m<inf> remapper: switch2_pro_handle_output_report: sw2 host_cmd len=16: 03 91 00 0d 00 08 00 00[0m
[00:00:18.110,931] [0m<inf> remapper: switch2_pro_handle_output_report: sw2 host_cmd len=16: 03 91 00 0d 00 08 00 00[0m
[00:00:18.194,091] [0m<inf> remapper: int_in_ready_cb0: sw2 IN endpoint polled by console: count=2034[0m
[00:00:18.199,249] [0m<inf> remapper: switch_pro_send_input_heartbeat: sw2 heartbeat: writes=2034 fails=0 enabled=1 rep0=09 rep2=15[0m
[00:00:18.231,018] [0m<inf> remapper: switch2_pro_handle_output_report: sw2 host_cmd len=16: 03 91 00 0d 00 08 0USB_EP_OUT ep=0x02 len=16 data=0391000d
0 00[0m
[00:00:18.233,215] [0m<inf> remapper: switch_pro_log_stats: switch_pro_stats enabled=1 report_q=0/5 response_q=0/2 out_q=0 out_overflows=0 ble=0 ble_drop=0 host=156 host_drop=0 set=0 translated=0 mapped=1/0 heartbeat=2038/0 response=151/0 response_drop=0 rumble=0/0 fail=0 busy=0 buttons=00 00 00[0m
[00:00:18.393,157] [0m<inf> remapper: switch2_pro_handle_output_report: sw2 host_cmd len=16: 03 91 00 0d 00 08 00 00[0m
[00:00:18.471,038] [0m<inf> remapper: switch2_pro_handle_output_report: sw2 host_cmd len=16: 03 91 00 0d 00 08 00 00[0m
[00:00:18.591,033] [0m<inf> remapper: switch2_pro_handle_output_report: sw2 host_cmd len=16: 03 91 00 0d 00 08 00 00[0m
[00:00:18.591,949] [0m<inf> usb_device: usb_halt_endpoint_req: Clear halt ep 0x82[0mUSB_EP_OUT ep=0x02 len=16 data=0391000d

[00:00:18.592,010] [0m<inf> usb_hid: hid_do_status_cb: Unknown event[0m
[00:00:18.711,059] [0m<inf> remapper: switch2_pro_handle_output_report: sw2 host_cmd len=16: 03 91 00 0d 00 08 00 00[0m
[00:00:18.831,115] [0m<inf> remapper: switch2_pro_handle_output_report: sw2 host_cmd len=16: 03 91 00 0d 00 08 00 00[0m
USB_EP_OUT ep=0x02 len=16 data=0391000d
USB_EP_OUT ep=0x02 len=16 data=0391000d
USB_EP_OUT ep=0x02 len=16 data=0391000d
USB_EP_OUT ep=0x02 len=16 data=0391000d
USB_EP_OUT ep=0x02 len=16 data=0391000d
USB_EP_OUT ep=0x02 len=16 data=0391000d
USB_EP_OUT ep=0x02 len=16 data=0391000d
[00:00:18.951,171] [0m<inf> remapper: switch2_pro_handle_output_report: sw2 host_cmd len=16: 03 91 00 0d 00 08 00 00[0m
[00:00:19.071,166] [0m<inf> remapper: switch2_pro_handle_output_report: sw2 host_cmd len=16: 03 91 00 0d 00 08 00 00[0m
[00:00:19.191,192] [0m<inf> remapper: switch2_pro_handle_output_report: sw2 host_cmd len=16: 03 91 00 0d 00 08 00 00[0m
[00:00:19.194,061] [0m<inf> remapper: int_in_ready_cb0: sw2 IN endpoint polled by console: count=2132[0m
[00:00:19.200,256] [0m<inf> remapper: switch_pro_send_input_heartbeat: sw2 heartbeat: writes=2132 fails=0 enabled=1 rep0=09 rep2=15[0m
[00:00:19.233,215] [0USB_EP_OUT ep=0x02 len=16 data=0391000d
m<inf> remapper: switch_pro_log_stats: switch_pro_stats enabled=1 report_q=0/5 response_q=0/2 out_q=0 out_overflows=0 ble=0 ble_drop=0 host=164 host_drop=0 set=0 translated=0 mapped=1/0 heartbeat=2136/0 response=159/0 response_drop=0 rumble=0/0 fail=0 busy=0 buttons=00 00 00[0m
[00:00:19.311,248] [0m<inf> remapper: switch2_pro_handle_output_report: sw2 host_cmd len=16: 03 91 00 0d 00 08 00 00[0m
[00:00:19.431,243] [0m<inf> remapper: switch2_pro_handle_output_report: sw2 host_cmd len=16: 03 91 00 0d 00 08 00 00[0m
[00:00:19.551,239] [0m<inf> remapper: switch2_pro_handle_output_report: sw2 host_cmd len=16: 03 91 00 0d 00 08 00 00[0m
[00:00:19.671,539] [0m<inf> remapper: switch2_pro_handle_output_report: sw2 host_cmd len=16: 03 91 00 0d 00 08 00 00[0USB_EP_OUT ep=0x02 len=16 data=0391000d
m
[00:00:19.672,454] [0m<inf> usb_device: usb_halt_endpoint_req: Clear halt ep 0x82[0m
[00:00:19.672,454] [0m<inf> usb_hid: hid_do_status_cb: Unknown event[0m
[00:00:19.791,320] [0m<inf> remapper: switch2_pro_handle_output_report: sw2 host_cmd len=16: 03 91 00 0d 00 08 00 00[0m
[00:00:19.911,346] [0m<inf> remapper: switch2_pro_handle_output_report: sw2 host_cmd len=16: 03 91 00 0d 00 08 00 00[0m
USB_EP_OUT ep=0x02 len=16 data=0391000d
USB_EP_OUT ep=0x02 len=16 data=0391000d
USB_EP_OUT ep=0x02 len=16 data=0391000d
USB_EP_OUT ep=0x02 len=16 data=0391000d
USB_EP_OUT ep=0x02 len=16 data=0391000d
USB_EP_OUT ep=0x02 len=16 data=0391000d
USB_EP_OUT ep=0x02 len=16 data=0391000d
[00:00:20.031,372] [0m<inf> remapper: switch2_pro_handle_output_report: sw2 host_cmd len=16: 03 91 00 0d 00 08 00 00[0m
[00:00:20.151,397] [0m<inf> remapper: switch2_pro_handle_output_report: sw2 host_cmd len=16: 03 91 00 0d 00 08 00 00[0m
[00:00:20.194,091] [0m<inf> remapper: int_in_ready_cb0: sw2 IN endpoint polled by console: count=2254[0m
[00:00:20.200,256] [0m<inf> remapper: switch_pro_send_input_heartbeat: sw2 heartbeat: writes=2254 fails=0 enabled=1 rep0=09 rep2=15[0m
[00:00:20.233,215] [0m<inf> remapper: switch_pro_log_stats: switch_pro_stats enabled=1 report_q=0/5 response_q=0/2 out_q=0 out_overflows=0 ble=0 ble_drop=0 host=172 host_drop=0 set=0 translated=0 mapped=1/0 heartbeatUSB_EP_OUT ep=0x02 len=16 data=0391000d
=2258/0 response=167/0 response_drop=0 rumble=0/0 fail=0 busy=0 buttons=00 00 00[0m
[00:00:20.271,392] [0m<inf> remapper: switch2_pro_handle_output_report: sw2 host_cmd len=16: 03 91 00 0d 00 08 00 00[0m
[00:00:20.392,547] [0m<inf> remapper: switch2_pro_handle_output_report: sw2 host_cmd len=16: 03 91 00 0d 00 08 00 00[0m
[00:00:20.512,634] [0m<inf> remapper: switch2_pro_handle_output_report: sw2 host_cmd len=16: 03 91 00 0d 00 08 00 00[0m
[00:00:20.632,537] [0m<inf> remapper: switch2_pro_handle_output_report: sw2 host_cmd len=16: 03 91 00 0d 00 08 00 00[0m
[00:00:20.752,563] [0m<inf> remapper: switch2_pro_handle_output_report: sw2 host_cmd len=16: 03 91 00 0d 00 08 00 00[0m
[00:00:20.753,448] [0m<inf> usb_device: usb_halt_endpoiUSB_EP_OUT ep=0x02 len=16 data=0391000d
nt_req: Clear halt ep 0x82[0m
[00:00:20.753,479] [0m<inf> usb_hid: hid_do_status_cb: Unknown event[0m
[00:00:20.872,589] [0m<inf> remapper: switch2_pro_handle_output_report: sw2 host_cmd len=16: 03 91 00 0d 00 08 00 00[0m
[00:00:20.992,645] [0m<inf> remapper: switch2_pro_handle_output_report: sw2 host_cmd len=16: 03 91 00 0d 00 08 00 00[0m
USB_EP_OUT ep=0x02 len=16 data=0391000d
USB_EP_OUT ep=0x02 len=16 data=0391000d
USB_EP_OUT ep=0x02 len=16 data=0391000d
USB_EP_OUT ep=0x02 len=16 data=0391000d
USB_EP_OUT ep=0x02 len=16 data=0391000d
USB_EP_OUT ep=0x02 len=16 data=0391000d
USB_EP_OUT ep=0x02 len=16 data=0391000d
[00:00:21.112,670] [0m<inf> remapper: switch2_pro_handle_output_report: sw2 host_cmd len=16: 03 91 00 0d 00 08 00 00[0m
[00:00:21.198,089] [0m<inf> remapper: int_in_ready_cb0: sw2 IN endpoint polled by console: count=2362[0m
[00:00:21.203,338] [0m<inf> remapper: switch_pro_send_input_heartbeat: sw2 heartbeat: writes=2362 fails=0 enabled=1 rep0=09 rep2=15[0m
[00:00:21.232,635] [0m<inf> remapper: switch2_pro_handle_output_report: sw2 host_cmd len=16: 03 91 00 0d 00 08 00 00[0m
[00:00:21.233,337] [0m<inf> remapper: switch_pro_log_stats: switch_pro_stats enabled=1 report_q=0/5 response_q=0/2 out_q=0 out_overflows=0 ble=0 ble_drop=0 host=181 host_drop=0 set=0 translateUSB_EP_OUT ep=0x02 len=16 data=0391000d
d=0 mapped=1/0 heartbeat=2365/0 response=176/0 response_drop=0 rumble=0/0 fail=0 busy=0 buttons=00 00 00[0m
[00:00:21.352,661] [0m<inf> remapper: switch2_pro_handle_output_report: sw2 host_cmd len=16: 03 91 00 0d 00 08 00 00[0m
[00:00:21.472,778] [0m<inf> remapper: switch2_pro_handle_output_report: sw2 host_cmd len=16: 03 91 00 0d 00 08 00 00[0m
[00:00:21.592,712] [0m<inf> remapper: switch2_pro_handle_output_report: sw2 host_cmd len=16: 03 91 00 0d 00 08 00 00[0m
[00:00:21.712,768] [0m<inf> remapper: switch2_pro_handle_output_report: sw2 host_cmd len=16: 03 91 00 0d 00 08 00 00[0m
[00:00:21.832,763] [0m<inf> remapper: switch2_pro_handle_output_report: sw2 host_cmd len=16: 03 91 00 0d 00 08 00 00[0m
[00:00:21.833,679] [0m<inf> usb_device: usb_halt_endpoint_req: ClearUSB_EP_OUT ep=0x02 len=16 data=0391000d
 halt ep 0x82[0m
[00:00:21.833,709] [0m<inf> usb_hid: hid_do_status_cb: Unknown event[0m
[00:00:21.952,758] [0m<inf> remapper: switch2_pro_handle_output_report: sw2 host_cmd len=16: 03 91 00 0d 00 08 00 00[0m
[00:00:22.072,814] [0m<inf> remapper: switch2_pro_handle_output_report: sw2 host_cmd len=16: 03 91 00 0d 00 08 00 00[0m
USB_EP_OUT ep=0x02 len=16 data=0391000d
USB_EP_OUT ep=0x02 len=16 data=0391000d
USB_EP_OUT ep=0x02 len=16 data=0391000d
USB_EP_OUT ep=0x02 len=16 data=0391000d
USB_EP_OUT ep=0x02 len=16 data=0391000d
USB_EP_OUT ep=0x02 len=16 data=0391000d
USB_EP_OUT ep=0x02 len=16 data=0391000d
[00:00:22.192,840] [0m<inf> remapper: switch2_pro_handle_output_report: sw2 host_cmd len=16: 03 91 00 0d 00 08 00 00[0m
[00:00:22.202,056] [0m<inf> remapper: int_in_ready_cb0: sw2 IN endpoint polled by console: count=2479[0m
[00:00:22.209,259] [0m<inf> remapper: switch_pro_send_input_heartbeat: sw2 heartbeat: writes=2479 fails=0 enabled=1 rep0=09 rep2=15[0m
[00:00:22.233,306] [0m<inf> remapper: switch_pro_log_stats: switch_pro_stats enabled=1 report_q=0/5 response_q=0/2 out_q=0 out_overflows=0 ble=0 ble_drop=0 host=189 host_drop=0 set=0 translated=0 mapped=1/0 heartbeat=2481/0 response=184/0 response_drop=0 rumble=0/0 fail=0 busy=0 buttons=00 00 00[0m
[00:00:22.312,957] [0m<inf> remapper: switch2_pro_hUSB_EP_OUT ep=0x02 len=16 data=0391000d
andle_output_report: sw2 host_cmd len=16: 03 91 00 0d 00 08 00 00[0m
[00:00:22.432,891] [0m<inf> remapper: switch2_pro_handle_output_report: sw2 host_cmd len=16: 03 91 00 0d 00 08 00 00[0m
[00:00:22.553,039] [0m<inf> remapper: switch2_pro_handle_output_report: sw2 host_cmd len=16: 03 91 00 0d 00 08 00 00[0m
[00:00:22.672,943] [0m<inf> remapper: switch2_pro_handle_output_report: sw2 host_cmd len=16: 03 91 00 0d 00 08 00 00[0m
[00:00:22.793,121] [0m<inf> remapper: switch2_pro_handle_output_report: sw2 host_cmd len=16: 03 91 00 0d 00 08 00 00[0m
[00:00:22.913,177] [0m<inf> remapper: switch2_pro_handle_output_report: sw2 host_cmd len=16: 03 91 00 0d 00 08 00 00[0m
[00:00:22.914,062] [0m<inf> usb_device: usb_halt_endpoint_req: Clear haltUSB_EP_OUT ep=0x02 len=16 data=0391000d
 ep 0x82[0m
[00:00:22.914,093] [0m<inf> usb_hid: hid_do_status_cb: Unknown event[0m
[00:00:23.033,294] [0m<inf> remapper: switch2_pro_handle_output_report: sw2 host_cmd len=16: 03 91 00 0d 00 08 00 00[0m
[00:00:23.153,289] [0m<inf> remapper: switch2_pro_handle_output_report: sw2 host_cmd len=16: 03 91 00 0d 00 08 00 00[0m
USB_EP_OUT ep=0x02 len=16 data=0391000d
USB_EP_OUT ep=0x02 len=16 data=0391000d
USB_EP_OUT ep=0x02 len=16 data=0391000d
USB_EP_OUT ep=0x02 len=16 data=0391000d
USB_EP_OUT ep=0x02 len=16 data=0391000d
USB_EP_OUT ep=0x02 len=16 data=0391000d
USB_EP_OUT ep=0x02 len=16 data=0391000d
[00:00:23.206,085] [0m<inf> remapper: int_in_ready_cb0: sw2 IN endpoint polled by console: count=2583[0m
[00:00:23.211,242] [0m<inf> remapper: switch_pro_send_input_heartbeat: sw2 heartbeat: writes=2583 fails=0 enabled=1 rep0=09 rep2=15[0m
[00:00:23.233,215] [0m<inf> remapper: switch_pro_log_stats: switch_pro_stats enabled=1 report_q=0/5 response_q=0/2 out_q=0 out_overflows=0 ble=0 ble_drop=0 host=197 host_drop=0 set=0 translated=0 mapped=1/0 heartbeat=2585/0 response=192/0 response_drop=0 rumble=0/0 fail=0 busy=0 buttons=00 00 00[0m
[00:00:23.273,345] [0m<inf> remapper: switch2_pro_handle_output_report: sw2 host_cmd len=16: 03 91 00 0d 00 08 00 00[0m
[00:00:23.393,371]USB_EP_OUT ep=0x02 len=16 data=0391000d
 [0m<inf> remapper: switch2_pro_handle_output_report: sw2 host_cmd len=16: 03 91 00 0d 00 08 00 00[0m
[00:00:23.513,366] [0m<inf> remapper: switch2_pro_handle_output_report: sw2 host_cmd len=16: 03 91 00 0d 00 08 00 00[0m
[00:00:23.633,483] [0m<inf> remapper: switch2_pro_handle_output_report: sw2 host_cmd len=16: 03 91 00 0d 00 08 00 00[0m
[00:00:23.753,448] [0m<inf> remapper: switch2_pro_handle_output_report: sw2 host_cmd len=16: 03 91 00 0d 00 08 00 00[0m
[00:00:23.873,565] [0m<inf> remapper: switch2_pro_handle_output_report: sw2 host_cmd len=16: 03 91 00 0d 00 08 00 00[0m
