*** Booting Zephyr OS build c0689b16ff12 ***
[usbdesc 000: 12 01 00 02 ef 02 01 40 7e 05 69 20 01 02 01 02
00usbdesc 010: 03 01 09 02 ba 00 05 01 00 a0 32 08 0b 00 01 03
usbdesc 020: 00 00 00 09 04 00 00 02 03 00 00 00 09 21 10 01
usbdesc 030: 00 01 22 73 00 07 05 81 03 40 00 04 07 05 01 03
usbdesc 040: 40 00 04 08 0b 01 01 ff 00 00 00 09 04 01 00 02
usbdesc 050: ff 00 00 00 07 05 02 02 40 00 00 07 05 82 02 40
:00:00.004,3usbdesc 060: 00 00 08 0b 02 03 01 01 00 00 09 04 02 00 00 01
02] [0m<inf> remapper: main: HID Remapper Bluetooth[0usbdesc 070: 01 00 00 0a 24 01 00 01 47 00 02 03 04 0c 24 02
m
[00:00:00.011,657] [0m<inf> fs_nvs: nvs_mount: 8 Susbdesc 080: 01 01 01 00 02 03 00 00 00 0a 24 06 02 01 01 03
ectors of 4096 bytes[0m
[00:00:00.011,688] [0m<inf> usbdesc 090: 00 00 00 09 24 03 03 02 03 00 02 00 0c 24 02 04
fs_nvs: nvs_mount: alloc wra: 0, fe8[0m
[00:00:00.011usbdesc 0a0: 01 02 00 01 00 00 00 00 09 24 06 05 04 01 03 00
,718] [0m<inf> fs_nvs: nvs_mount: data wra: 0, 0[0m
usbdesc 0b0: 00 09 24 03 06 01 01 00 05 00 09 04 03 00 00 01
[00:00:00.011,962] [0m<inf> sdc_hci_driverusbdesc 0c0: 02 00 00 09 04 04 00 00 01 02 00 00 04 03 09 04
: hci_driver_open: SoftDevice Controller build revision: usbdesc 0d0: 12 03 4e 00 69 00 6e 00 74 00 65 00 6e 00 64 00

                                         6d usbdesc 0e0: 6f 00 30 03 53 00 77 00 69 00 74 00 63 00 68 00
90 41 2a 38 e8 ad 17  29 a5 03 38 39 27 d7 85 |m.A*8... )usbdesc 0f0: 20 00 32 00 20 00 50 00 72 00 6f 00 20 00 43 00
..89'..
                                         1f 85usbdesc 100: 6f 00 6e 00 74 00 72 00 6f 00 6c 00 6c 00 65 00
 d8 e1                                      |....    usbdesc 110: 72 00 22 03 31 00 44 00 33 00 46 USB_SETUP bm=0xc0 req=0x03 status=identity_ACK
00 32 USB_SETUP bm=0xc0 req=0x02 status=proto_ACK
00USB_SETUP bm=0x40 req=0x04 val=0x0276 status=set_ACK
 30 00
         [0m
[00:00:00.014,404] [0m<inf> bt_hciUSB_EP_OUT ep=0x02 len=16 data=0391000d
_core: hci_vs_init: HW Platform: Nordic Semiconductor USB_EP_OUT ep=0x02 len=8 data=07910001
(0x0002)[0m
[00:00:00.014,434] [0m<inf> bt_hci_core: hci_vs_init: HW Variant: nRF52x (0x0002)[0m
[00:00:00.014,434] [0m<inf> bt_hci_core: hci_vs_init: FUSB_EP_OUT ep=0x02 len=8 data=16910001
irmware: Standard Bluetooth controller (0x00) Version 109.16784 Build 2917677098[0m
[00:00:00.014,984] [0m<inf> bt_hci_core: bt_init: No ID address. App must call settings_load()[0m
USB_EP_OUT ep=0x02 len=12 data=0b910007
[00:00:00.015,502] [0m<inf> bt_hci_core: bt_dev_show_info: Identity: C6:5F:36:95:D7:F9 (random)[0m
[00:00:00.015,533] [0m<inf> bt_hci_core: bt_dev_show_info: HCI: version 5.3 (0x0c) revision 0x11fa, manufacturer 0x0059[0m
[00:00:00.015,563] [0m<inf> bt_USB_EP_OUT ep=0x02 len=22 data=15910001
USB_INIT bt_mac_resp sub=0x01 mac=c6:5f:36:95:d7:f9
hci_core: bt_dev_show_info: LMP: version 5.3 (0x0c) subver 0x11fa[0m
[00:00:00.015,594] [0m<inf> remapper: switch2_flight_dump_saved: swUSB_EP_OUT ep=0x02 len=12 data=0c910002
itch2_flight dump count=0 next_seq=0 wrapped=0[0m
[00:00:00.015,625] [0m<inf> remapper: main: Switch 2 console USB build: forcing Switch 2 Pro descriptor[0m
[00:00:00.016,784] [0m<inf> usb_hid: hid_do_status_cb: Device connected[0m
[00:00:00.019,897] [0m<inf> usb_hid: hid_do_status_cb: Device suspended[0m
[00:00:00.121,307] [0m<inf> usb_hid: hid_do_status_cb: Device resumed[0m
[00:00:00.121,307] [0m<inf> usb_hid: hid_do_status_cb: from suspend[0m
[00:00:00.121,368] [0m<inf> usb_hid: hid_do_status_cb: Device reset detected[0m
[00:00:00.196,075] [0m<inf> usb_hid: hid_do_status_cb: Device configured[0m
[00:00:00.215,637] [0m<inf> remapper: switch_pro_handle_output_report: pro out_report desc=7 len=64: 00 00 00 00[0m
[00:00:00.215,667] [0m<inf> remapper: switch2_pro_handle_output_report: sw2 host_cmd len=64: 00 00 00 00 00 00 00 00[0m
[00:00:00.230,072] [0m<inf> remapper: switch2_pro_handle_output_report: sw2 host_cmd len=16: 03 91 00 0d 00 08 00 00[0m
[00:00:00.233,062] [0m<inf> remapper: switch_pro_handle_output_report: pro out_report desc=7 len=64: 00 00 00 00[0m
[00:00:00.233,123] [0m<inf> remapper: switch2_pro_handle_output_report: sw2 host_cmd len=64: 00 00 00 00 00 00 00 00[0m
[00:00:00.233,612] [0m<inf> remapper: switch_pro_log_stats: switch_pro_stats enabled=1 report_q=0/5 response_q=1/1 out_q=0 out_overflows=0 ble=0 ble_drop=0 host=6 host_drop=0 set=0 translated=0 mapped=0/0 heartbeat=0/0 response=0/0 response_drop=0 rumble=0/0 fail=0 busy=0 buttons=00 00 00[0m
[00:00:00.259,918] [0m<inf> remapper: switch2_pro_handle_output_report: sw2 host_cmd len=8: 07 91 00 01 00 00 00 00[0m
[00:00:00.289,947] [0m<inf> remapper: switch2_pro_handle_output_report: sw2 host_cmd len=8: 16 91 00 01 00 00 00 00[0m
[00:00:00.350,006] [0m<inf> remapper: switch2_pro_handle_output_report: sw2 host_cmd len=12: 0b 91 00 07 00 04 00 00[0m
[00:00:00.410,034] [0m<inf> remapper: switch2_pro_handle_output_report: sw2 host_cmd len=22: 15 91 00 01 00 0e 00 00[0m
[00:00:00.440,032] [0m<inf> remapper: switch2_pro_handle_output_report: sw2 host_cmd len=12: 0c 91 00 02 00 04 00 00[0m
[00:00:01.007,110] [0m<inf> remapper: switch_pro_send_input_heartbeat: sw2 heartbeat: writes=92 fails=0 enabled=1 rep0=09 rep2=20[0m
[00:00:01.007,568] [0m<inf> remapper: int_in_ready_cb0: sw2 IN endpoint polled by console: count=93[0m
[00:00:01.233,123] [0m<inf> remapper: scan_setup_filters: scanning for Switch 2 Pro Controller manufacturer data[0m
[00:00:01.233,856] [0m<inf> remapper: scan_start: Scanning started.[0m
[00:00:01.234,069] [0m<inf> remapper: switch_pro_log_stats: switch_pro_stats enabled=1 report_q=0/5 response_q=0/1 out_q=0 out_overflows=0 ble=0 ble_drop=0 host=11 host_drop=0 set=0 translated=0 mapped=1/0 heartbeat=120/0 response=6/0 response_drop=0 rumble=0/0 fail=0 busy=0 buttons=00 00 00[0m
[00:00:02.008,087] [0m<inf> remapper: switch_pro_send_input_heartbeat: sw2 heartbeat: writes=214 fails=0 enabled=1 rep0=09 rep2=20[0m
[00:00:02.011,535] [0m<inf> remapper: int_in_ready_cb0: sw2 IN endpoint polled by console: count=215[0m
[00:00:02.234,680] [0m<inf> remapper: switch_pro_log_stats: switch_pro_stats enabled=1 report_q=0/5 response_q=0/1 out_q=0 out_overflows=0 ble=0 ble_drop=0 host=11 host_drop=0 set=0 translated=0 mapped=1/0 heartbeat=242/0 response=6/0 response_drop=0 rumble=0/0 fail=0 busy=0 buttons=00 00 00[0m
[00:00:03.011,108] [0m<inf> remapper: switch_pro_send_input_heartbeat: sw2 heartbeat: writes=322 fails=0 enabled=1 rep0=09 rep2=20[0m
[00:00:03.011,566] [0m<inf> remapper: int_in_ready_cb0: sw2 IN endpoint polled by console: count=323[0m
[00:00:03.234,741] [0m<inf> remapper: switch_pro_log_stats: switch_pro_stats enabled=1 report_q=0/5 response_q=0/1 out_q=0 out_overflows=0 ble=0 ble_drop=0 host=11 host_drop=0 set=0 translated=0 mapped=1/0 heartbeat=349/0 response=6/0 response_drop=0 rumble=0/0 fail=0 busy=0 buttons=00 00 00[0m
[00:00:04.011,566] [0m<inf> remapper: int_in_ready_cb0: sw2 IN endpoint polled by console: count=442[0m
[00:00:04.017,089] [0m<inf> remapper: switch_pro_send_input_heartbeat: sw2 heartbeat: writes=442 fails=0 enabled=1 rep0=09 rep2=20[0m
[00:00:04.234,710] [0m<inf> remapper: switch_pro_log_stats: switch_pro_stats enabled=1 report_q=0/5 response_q=0/1 out_q=0 out_overflows=0 ble=0 ble_drop=0 host=11 host_drop=0 set=0 translated=0 mapped=1/0 heartbeat=469/0 response=6/0 response_drop=0 rumble=0/0 fail=0 busy=0 buttons=00 00 00[0m
[00:00:05.011,566] [0m<inf> remapper: int_in_ready_cb0: sw2 IN endpoint polled by console: count=566[0m
[00:00:05.017,089] [0m<inf> remapper: switch_pro_send_input_heartbeat: sw2 heartbeat: writes=566 fails=0 enabled=1 rep0=09 rep2=20[0m
[00:00:05.234,710] [0m<inf> remapper: switch_pro_log_stats: switch_pro_stats enabled=1 report_q=0/5 response_q=0/1 out_q=0 out_overflows=0 ble=0 ble_drop=0 host=11 host_drop=0 set=0 translated=0 mapped=1/0 heartbeat=593/0 response=6/0 response_drop=0 rumble=0/0 fail=0 busy=0 buttons=00 00 00[0m
[00:00:06.015,533] [0m<inf> remapper: int_in_ready_cb0: sw2 IN endpoint polled by console: count=670[0m
[00:00:06.023,101] [0m<inf> remapper: switch_pro_send_input_heartbeat: sw2 heartbeat: writes=670 fails=0 enabled=1 rep0=09 rep2=20[0m
[00:00:06.234,741] [0m<inf> remapper: switch_pro_log_stats: switch_pro_stats enabled=1 report_q=0/5 response_q=0/1 out_q=0 out_overflows=0 ble=0 ble_drop=0 host=11 host_drop=0 set=0 translated=0 mapped=1/0 heartbeat=696/0 response=6/0 response_drop=0 rumble=0/0 fail=0 busy=0 buttons=00 00 00[0m
[00:00:07.019,531] [0m<inf> remapper: int_in_ready_cb0: sw2 IN endpoint polled by console: count=790[0m
[00:00:07.024,078] [0m<inf> remapper: switch_pro_send_input_heartbeat: sw2 heartbeat: writes=790 fails=0 enabled=1 rep0=09 rep2=20[0m
[00:00:07.234,710] [0m<inf> remapper: switch_pro_log_stats: switch_pro_stats enabled=1 report_q=0/5 response_q=0/1 out_q=0 out_overflows=0 ble=0 ble_drop=0 host=11 host_drop=0 set=0 translated=0 mapped=1/0 heartbeat=816/0 response=6/0 response_drop=0 rumble=0/0 fail=0 busy=0 buttons=00 00 00[0m
[00:00:08.023,559] [0m<inf> remapper: int_in_ready_cb0: sw2 IN endpoint polled by console: count=910[0m
[00:00:08.029,083] [0m<inf> remapper: switch_pro_send_input_heartbeat: sw2 heartbeat: writes=910 fails=0 enabled=1 rep0=09 rep2=20[0m
[00:00:08.234,710] [0m<inf> remapper: switch_pro_log_stats: switch_pro_stats enabled=1 report_q=0/5 response_q=0/1 out_q=0 out_overflows=0 ble=0 ble_drop=0 host=11 host_drop=0 set=0 translated=0 mapped=1/0 heartbeat=935/0 response=6/0 response_drop=0 rumble=0/0 fail=0 busy=0 buttons=00 00 00[0m
[00:00:09.023,559] [0m<inf> remapper: int_in_ready_cb0: sw2 IN endpoint polled by console: count=1015[0m
[00:00:09.031,097] [0m<inf> remapper: switch_pro_send_input_heartbeat: sw2 heartbeat: writes=1015 fails=0 enabled=1 rep0=09 rep2=20[0m
[00:00:09.234,741] [0m<inf> remapper: switch_pro_log_stats: switch_pro_stats enabled=1 report_q=0/5 response_q=0/1 out_q=0 out_overflows=0 ble=0 ble_drop=0 host=11 host_drop=0 set=0 translated=0 mapped=1/0 heartbeat=1040/0 response=6/0 response_drop=0 rumble=0/0 fail=0 busy=0 buttons=00 00 00[0m
USB_EP_OUT ep=0x02 len=12 data=0c910002
[00:00:10.027,557] [0m<inf> remapper: int_in_ready_cb0: sw2 IN endpoint polled by console: count=1136[0m
[00:00:10.032,073] [0m<inf> remapper: switch_pro_send_input_heartbeat: sw2 heartbeat: writes=1136 fails=0 enabled=1 rep0=09 rep2=20[0m
[00:00:10.234,710] [0m<inf> remapper: switch_pro_log_stats: switch_pro_stats enabled=1 report_q=0/5 response_q=0/1 out_q=0 out_overflows=0 ble=0 ble_drop=0 host=11 host_drop=0 set=0 translated=0 mapped=1/0 heartbeat=1161/0 response=6/0 response_drop=0 rumble=0/0 fail=0 busy=0 buttons=00 00 00[0m
[00:00:10.462,493] [0m<inf> remapper: switch2_pro_handle_output_report: sw2 host_cmd len=12: 0c 91 00 02 00 04 00 00[0m
[00:00:11.031,555] [0m<inf> remapper: int_in_ready_cb0: sw2 IN endpoint polled by console: count=1256[0m
[00:00:11.207,305] [0m<inf> remapper: switch_pro_send_input_heartbeat: sw2 heartbeat: writes=1256 fails=0 enabled=1 rep0=09 rep2=20[0m
[00:00:11.234,710] [0m<inf> remapper: switch_pro_log_stats: switch_pro_stats enabled=1 report_q=0/5 response_q=0/1 out_q=0 out_overflows=0 ble=0 ble_drop=0 host=12 host_drop=0 set=0 translated=0 mapped=1/0 heartbeat=1259/0 response=7/0 response_drop=0 rumble=0/0 fail=0 busy=0 buttons=00 00 00[0m
[00:00:12.035,644] [0m<inf> remapper: int_in_ready_cb0: sw2 IN endpoint polled by console: count=1354[0m
[00:00:12.209,106] [0m<inf> remapper: switch_pro_send_input_heartbeat: sw2 heartbeat: writes=1375 fails=0 enabled=1 rep0=09 rep2=20[0m
[00:00:12.234,710] [0m<inf> remapper: switch_pro_log_stats: switch_pro_stats enabled=1 report_q=0/5 response_q=0/1 out_q=0 out_overflows=0 ble=0 ble_drop=0 host=12 host_drop=0 set=0 translated=0 mapped=1/0 heartbeat=1378/0 response=7/0 response_drop=0 rumble=0/0 fail=0 busy=0 buttons=00 00 00[0m
[00:00:13.035,583] [0m<inf> remapper: int_in_ready_cb0: sw2 IN endpoint polled by console: count=1476[0m
[00:00:13.216,094] [0m<inf> remapper: switch_pro_send_input_heartbeat: sw2 heartbeat: writes=1498 fails=0 enabled=1 rep0=09 rep2=20[0m
[00:00:13.234,710] [0m<inf> remapper: switch_pro_log_stats: switch_pro_stats enabled=1 report_q=0/5 response_q=0/1 out_q=0 out_overflows=0 ble=0 ble_drop=0 host=12 host_drop=0 set=0 translated=0 mapped=1/0 heartbeat=1500/0 response=7/0 response_drop=0 rumble=0/0 fail=0 busy=0 buttons=00 00 00[0m
[00:00:14.039,550] [0m<inf> remapper: int_in_ready_cb0: sw2 IN endpoint polled by console: count=1579[0m
[00:00:14.223,083] [0m<inf> remapper: switch_pro_send_input_heartbeat: sw2 heartbeat: writes=1601 fails=0 enabled=1 rep0=09 rep2=20[0m
[00:00:14.234,710] [0m<inf> remapper: switch_pro_log_stats: switch_pro_stats enabled=1 report_q=0/5 response_q=0/1 out_q=0 out_overflows=0 ble=0 ble_drop=0 host=12 host_drop=0 set=0 translated=0 mapped=1/0 heartbeat=1602/0 response=7/0 response_drop=0 rumble=0/0 fail=0 busy=0 buttons=00 00 00[0m
[00:00:15.043,548] [0m<inf> remapper: int_in_ready_cb0: sw2 IN endpoint polled by console: count=1699[0m
[00:00:15.225,097] [0m<inf> remapper: switch_pro_send_input_heartbeat: sw2 heartbeat: writes=1721 fails=0 enabled=1 rep0=09 rep2=20[0m
[00:00:15.234,710] [0m<inf> remapper: switch_pro_log_stats: switch_pro_stats enabled=1 report_q=0/5 response_q=0/1 out_q=0 out_overflows=0 ble=0 ble_drop=0 host=12 host_drop=0 set=0 translated=0 mapped=1/0 heartbeat=1722/0 response=7/0 response_drop=0 rumble=0/0 fail=0 busy=0 buttons=00 00 00[0m
[00:00:16.043,579] [0m<inf> remapper: int_in_ready_cb0: sw2 IN endpoint polled by console: count=1823[0m
[00:00:16.225,097] [0m<inf> remapper: switch_pro_send_input_heartbeat: sw2 heartbeat: writes=1845 fails=0 enabled=1 rep0=09 rep2=20[0m
[00:00:16.234,710] [0m<inf> remapper: switch_pro_log_stats: switch_pro_stats enabled=1 report_q=0/5 response_q=0/1 out_q=0 out_overflows=0 ble=0 ble_drop=0 host=12 host_drop=0 set=0 translated=0 mapped=1/0 heartbeat=1846/0 response=7/0 response_drop=0 rumble=0/0 fail=0 busy=0 buttons=00 00 00[0m
[00:00:17.047,546] [0m<inf> remapper: int_in_ready_cb0: sw2 IN endpoint polled by console: count=1927[0m
[00:00:17.231,109] [0m<inf> remapper: switch_pro_send_input_heartbeat: sw2 heartbeat: writes=1949 fails=0 enabled=1 rep0=09 rep2=20[0m
[00:00:17.234,710] [0m<inf> remapper: switch_pro_log_stats: switch_pro_stats enabled=1 report_q=0/5 response_q=0/1 out_q=0 out_overflows=0 ble=0 ble_drop=0 host=12 host_drop=0 set=0 translated=0 mapped=1/0 heartbeat=1949/0 response=7/0 response_drop=0 rumble=0/0 fail=0 busy=0 buttons=00 00 00[0m
[00:00:18.051,544] [0m<inf> remapper: int_in_ready_cb0: sw2 IN endpoint polled by console: count=2047[0m
[00:00:18.232,116] [0m<inf> remapper: switch_pro_send_input_heartbeat: sw2 heartbeat: writes=2069 fails=0 enabled=1 rep0=09 rep2=20[0m
[00:00:18.234,710] [0m<inf> remapper: switch_pro_log_stats: switch_pro_stats enabled=1 report_q=0/5 response_q=0/1 out_q=0 out_overflows=0 ble=0 ble_drop=0 host=12 host_drop=0 set=0 translated=0 mapped=1/0 heartbeat=2069/0 response=7/0 response_drop=0 rumble=0/0 fail=0 busy=0 buttons=00 00 00[0m
[00:00:19.055,664] [0m<inf> remapper: int_in_ready_cb0: sw2 IN endpoint polled by console: count=2167[0m
[00:00:19.234,710] [0m<inf> remapper: switch_pro_log_stats: switch_pro_stats enabled=1 report_q=0/5 response_q=0/1 out_q=0 out_overflows=0 ble=0 ble_drop=0 host=12 host_drop=0 set=0 translated=0 mapped=1/0 heartbeat=2188/0 response=7/0 response_drop=0 rumble=0/0 fail=0 busy=0 buttons=00 00 00[0m
[00:00:19.237,091] [0m<inf> remapper: switch_pro_send_input_heartbeat: sw2 heartbeat: writes=2189 fails=0 enabled=1 rep0=09 rep2=20[0m
[00:00:20.055,541] [0m<inf> remapper: int_in_ready_cb0: sw2 IN endpoint polled by console: count=2272[0m
USB_EP_OUT ep=0x02 len=12 data=0c910002
[00:00:20.234,710] [0m<inf> remapper: switch_pro_log_stats: switch_pro_stats enabled=1 report_q=0/5 response_q=0/1 out_q=0 out_overflows=0 ble=0 ble_drop=0 host=12 host_drop=0 set=0 translated=0 mapped=1/0 heartbeat=2293/0 response=7/0 response_drop=0 rumble=0/0 fail=0 busy=0 buttons=00 00 00[0m
[00:00:20.239,105] [0m<inf> remapper: switch_pro_send_input_heartbeat: sw2 heartbeat: writes=2294 fails=0 enabled=1 rep0=09 rep2=20[0m
[00:00:20.486,053] [0m<inf> remapper: switch2_pro_handle_output_report: sw2 host_cmd len=12: 0c 91 00 02 00 04 00 00[0m
[00:00:21.059,570] [0m<inf> remapper: int_in_ready_cb0: sw2 IN endpoint polled by console: count=2393[0m
[00:00:21.234,710] [0m<inf> remapper: switch_pro_log_stats: switch_pro_stats enabled=1 report_q=0/5 response_q=0/1 out_q=0 out_overflows=0 ble=0 ble_drop=0 host=13 host_drop=0 set=0 translated=0 mapped=1/0 heartbeat=2412/0 response=8/0 response_drop=0 rumble=0/0 fail=0 busy=0 buttons=00 00 00[0m
[00:00:21.245,117] [0m<inf> remapper: switch_pro_send_input_heartbeat: sw2 heartbeat: writes=2414 fails=0 enabled=1 rep0=09 rep2=20[0m
[00:00:22.063,568] [0m<inf> remapper: int_in_ready_cb0: sw2 IN endpoint polled by console: count=2494[0m
[00:00:22.234,741] [0m<inf> remapper: switch_pro_log_stats: switch_pro_stats enabled=1 report_q=0/5 response_q=0/1 out_q=0 out_overflows=0 ble=0 ble_drop=0 host=13 host_drop=0 set=0 translated=0 mapped=1/0 heartbeat=2514/0 response=8/0 response_drop=0 rumble=0/0 fail=0 busy=0 buttons=00 00 00[0m
[00:00:22.247,100] [0m<inf> remapper: switch_pro_send_input_heartbeat: sw2 heartbeat: writes=2516 fails=0 enabled=1 rep0=09 rep2=20[0m
[00:00:23.067,565] [0m<inf> remapper: int_in_ready_cb0: sw2 IN endpoint polled by console: count=2618[0m
[00:00:23.234,710] [0m<inf> remapper: switch_pro_log_stats: switch_pro_stats enabled=1 report_q=0/5 response_q=0/1 out_q=0 out_overflows=0 ble=0 ble_drop=0 host=13 host_drop=0 set=0 translated=0 mapped=1/0 heartbeat=2638/0 response=8/0 response_drop=0 rumble=0/0 fail=0 busy=0 buttons=00 00 00[0m
[00:00:23.249,114] [0m<inf> remapper: switch_pro_send_input_heartbeat: sw2 heartbeat: writes=2640 fails=0 enabled=1 rep0=09 rep2=20[0m
[00:00:24.067,596] [0m<inf> remapper: int_in_ready_cb0: sw2 IN endpoint polled by console: count=2740[0m
[00:00:24.234,832] [0m<inf> remapper: switch_pro_log_stats: switch_pro_stats enabled=1 report_q=0/5 response_q=0/1 out_q=0 out_overflows=0 ble=0 ble_drop=0 host=13 host_drop=0 set=0 translated=0 mapped=1/0 heartbeat=2760/0 response=8/0 response_drop=0 rumble=0/0 fail=0 busy=0 buttons=00 00 00[0m
[00:00:24.256,103] [0m<inf> remapper: switch_pro_send_input_heartbeat: sw2 heartbeat: writes=2763 fails=0 enabled=1 rep0=09 rep2=20[0m
[00:00:25.071,563] [0m<inf> remapper: int_in_ready_cb0: sw2 IN endpoint polled by console: count=2843[0m
[00:00:25.234,741] [0m<inf> remapper: switch_pro_log_stats: switch_pro_stats enabled=1 report_q=0/5 response_q=0/1 out_q=0 out_overflows=0 ble=0 ble_drop=0 host=13 host_drop=0 set=0 translated=0 mapped=1/0 heartbeat=2862/0 response=8/0 response_drop=0 rumble=0/0 fail=0 busy=0 buttons=00 00 00[0m
[00:00:25.263,122] [0m<inf> remapper: switch_pro_send_input_heartbeat: sw2 heartbeat: writes=2866 fails=0 enabled=1 rep0=09 rep2=20[0m
[00:00:26.075,653] [0m<inf> remapper: int_in_ready_cb0: sw2 IN endpoint polled by console: count=2963[0m
[00:00:26.234,741] [0m<inf> remapper: switch_pro_log_stats: switch_pro_stats enabled=1 report_q=0/5 response_q=0/1 out_q=0 out_overflows=0 ble=0 ble_drop=0 host=13 host_drop=0 set=0 translated=0 mapped=1/0 heartbeat=2982/0 response=8/0 response_drop=0 rumble=0/0 fail=0 busy=0 buttons=00 00 00[0m
[00:00:26.265,106] [0m<inf> remapper: switch_pro_send_input_heartbeat: sw2 heartbeat: writes=2986 fails=0 enabled=1 rep0=09 rep2=20[0m
[00:00:27.075,592] [0m<inf> remapper: int_in_ready_cb0: sw2 IN endpoint polled by console: count=3087[0m
[00:00:27.234,832] [0m<inf> remapper: switch_pro_log_stats: switch_pro_stats enabled=1 report_q=0/5 response_q=0/1 out_q=0 out_overflows=0 ble=0 ble_drop=0 host=13 host_drop=0 set=0 translated=0 mapped=1/0 heartbeat=3106/0 response=8/0 response_drop=0 rumble=0/0 fail=0 busy=0 buttons=00 00 00[0m
[00:00:27.265,106] [0m<inf> remapper: switch_pro_send_input_heartbeat: sw2 heartbeat: writes=3110 fails=0 enabled=1 rep0=09 rep2=20[0m
[00:00:28.079,559] [0m<inf> remapper: int_in_ready_cb0: sw2 IN endpoint polled by console: count=3191[0m
[00:00:28.234,741] [0m<inf> remapper: switch_pro_log_stats: switch_pro_stats enabled=1 report_q=0/5 response_q=0/1 out_q=0 out_overflows=0 ble=0 ble_drop=0 host=13 host_drop=0 set=0 translated=0 mapped=1/0 heartbeat=3209/0 response=8/0 response_drop=0 rumble=0/0 fail=0 busy=0 buttons=00 00 00[0m
[00:00:28.271,118] [0m<inf> remapper: switch_pro_send_input_heartbeat: sw2 heartbeat: writes=3214 fails=0 enabled=1 rep0=09 rep2=20[0m
[00:00:29.083,557] [0m<inf> remapper: int_in_ready_cb0: sw2 IN endpoint polled by console: count=3311[0m
