*** Booting Zephyr OS build c0689b16ff12 ***
[usbdesc 000: 12 01 00 02 ef 02 01 40 7e 05 69 20 01 02 01 02
00:usbdesc 010: 03 01 09 02 ba 00 05 01 00 a0 32 08 0b 00 01 03
usbdesc 020: 00 00 00 09 04 00 00 02 03 00 00 00 09 21 10 01
usbdesc 030: 00 01 22 73 00 07 05 81 03 40 00 04 07 05 01 03
usbdesc 040: 40 00 04 08 0b 01 01 ff 00 00 00 09 04 01 00 02
usbdesc 050: ff 00 00 00 07 05 02 02 40 00 00 07 05 82 02 40
00:00.004,30usbdesc 060: 00 00 08 0b 02 03 01 01 00 00 09 04 02 00 00 01
2] [0m<inf> remapper: main: HID Remapper Bluetooth[0musbdesc 070: 01 00 00 0a 24 01 00 01 47 00 02 03 04 0c 24 02

[00:00:00.011,993] [0m<inf> fs_nvs: nvs_mount: 8 Secusbdesc 080: 01 01 01 00 02 03 00 00 00 0a 24 06 02 01 01 03
tors of 4096 bytes[0m
[00:00:00.012,023] [0m<inf> fsusbdesc 090: 00 00 00 09 24 03 03 02 03 00 02 00 0c 24 02 04
_nvs: nvs_mount: alloc wra: 0, fe8[0m
[00:00:00.012,0usbdesc 0a0: 01 02 00 01 00 00 00 00 09 24 06 05 04 01 03 00
23] [0m<inf> fs_nvs: nvs_mount: data wra: 0, 0[0m
usbdesc 0b0: 00 09 24 03 06 01 01 00 05 00 09 04 03 00 00 01
[00:00:00.012,237] [0m<inf> sdc_hci_driver: husbdesc 0c0: 02 00 00 09 04 04 00 00 01 02 00 00 04 03 09 04
ci_driver_open: SoftDevice Controller build revision: 
  usbdesc 0d0: 12 03 4e 00 69 00 6e 00 74 00 65 00 6e 00 64 00
                                       6d 90 41 2a 38 e8 usbdesc 0e0: 6f 00 30 03 53 00 77 00 69 00 74 00 63 00 68 00
ad 17  29 a5 03 38 39 27 d7 85 |m.A*8... )..89'..
       usbdesc 0f0: 20 00 32 00 20 00 50 00 72 00 6f 00 20 00 43 00
                                  1f 85 d8 e1          usbdesc 100: 6f 00 6e 00 74 00 72 00 6f 00 6c 00 6c 00 65 00
                            |....             [0m
usbdesc 110: 72 00 22 03 31 00 44 00 33 00 4USB_SETUP bm=0xc0 req=0x03 status=identity_ACK
6 00 USB_SETUP bm=0xc0 req=0x02 status=proto_ACK
32 USB_SETUP bm=0x40 req=0x04 val=0x0276 status=set_ACK
00 30 00
[00:00:00.014,678] [0m<inf> bt_hci_core: hci_vs_iUSB_EP_OUT ep=0x02 len=16 data=0391000d
nit: HW Platform: NordicUSB_EP_OUT ep=0x02 len=8 data=07910001
 Semiconductor (0x0002)[0m
[00:00:00.014,709] [0m<inf> bt_hci_core: hci_vs_init: HW Variant: nRF52x (0x0002)[0m
[00:00:00.014,739] [0m<inf> bt_hci_cUSB_EP_OUT ep=0x02 len=8 data=16910001
ore: hci_vs_init: Firmware: Standard Bluetooth controller (0x00) Version 109.16784 Build 2917677098[0m
[00:00:00.015,258] [0m<inf> bt_hci_core: bt_init: No ID address. App must call settings_load()[0m
USB_EP_OUT ep=0x02 len=12 data=0b910007
[00:00:00.015,777] [0m<inf> bt_hci_core: bt_dev_show_info: Identity: C6:5F:36:95:D7:F9 (random)[0m
[00:00:00.015,808] [0m<inf> bt_hci_core: bt_dev_show_info: HCI: version 5.3 (0x0c) revision 0x11fa, manufacturer 0x0USB_EP_OUT ep=0x02 len=22 data=15910001
USB_INIT bt_mac_resp sub=0x01 mac=c6:5f:36:95:d7:f9
059[0m
[00:00:00.015,838] [0m<inf> bt_hci_core: bt_dev_show_info: LMP: version 5.3 (0x0c) subver 0x11fa[0m
[00:00:00.015,86USB_EP_OUT ep=0x02 len=12 data=0c910002
9] [0m<inf> remapper: switch2_flight_dump_saved: switch2_flight dump count=0 next_seq=0 wrapped=0[0m
[00:00:00.015,899] [0m<inf> remapper: main: Switch 2 console UUSB_EP_OUT ep=0x02 len=16 data=02910004
SB build: forcing Switch 2 Pro descriptor[0m
[00:00:00.017,059] [0m<inf> usb_hid: hid_do_status_cb: Device connected[0m
[00:00:00.020,172] [0m<inf> usb_hid:USB_EP_OUT ep=0x02 len=16 data=02910004
 hid_do_status_cb: Device suspended[0m
[00:00:00.121,520] [0m<inf> usb_hid: hid_do_status_cb: Device resumed[0m
[00:00:00.121,520] [0m<inf> usb_hid: hidUSB_EP_OUT ep=0x02 len=16 data=02910004
_do_status_cb: from suspend[0m
[00:00:00.121,582] [0m<inf> usb_hid: hid_do_status_cb: Device reset detected[0m
[00:00:00.196,166] [0m<inf> usb_hid: hid_USB_EP_OUT ep=0x02 len=16 data=02910004
do_status_cb: Device configured[0m
[00:00:00.214,599] [0m<inf> remapper: switch_pro_handle_output_report: pro out_report desc=7 len=64: 00 00 00 00[0m
USB_EP_OUT ep=0x02 len=16 data=02910004
[00:00:00.214,630] [0m<inf> remapper: switch2_pro_handle_output_report: sw2 host_cmd len=64: 00 00 00 00 00 00 00 00[0m
[00:00:00.224,700] [0m<inf> rUSB_EP_OUT ep=0x02 len=8 data=11910003
emapper: switch2_pro_handle_output_report: sw2 host_cmd len=16: 03 91 00 0d 00 08 00 00[0m
[00:00:00.232,360] [0m<inf> remapper: switch_pro_handle_output_report: pro out_report desc=7 len=64: 00 00 00 00[0m
[00:00:00.232,482] [0m<inf> remapper: switch2_pro_handle_output_report: sw2 host_cmd len=64: 00 00 00 00 00 00 00 00[0m
[00:00:00.232,910] [0m<inf> remapper: switch_pro_log_stats: switch_pro_stats enabled=1 report_q=0/5 response_q=1/1 out_q=0 out_overflows=0 ble=0 ble_drop=0 host=6 host_drop=0 set=0 translated=0 mapped=0/0 heartbeat=0/0 response=0/0 response_drop=0 rumble=0/0 fail=0 busy=0 buttons=00 00 00[0m
[00:00:00.255,004] [0m<inf> remapper: switch2_pro_handle_output_report: sw2 host_cmd len=8: 07 91 00 01 00 00 00 00[0m
[00:00:00.284,637] [0m<inf> remapper: switch2_pro_handle_output_report: sw2 host_cmd len=8: 16 91 00 01 00 00 00 00[0m
[00:00:00.344,726] [0m<inf> remapper: switch2_pro_handle_output_report: sw2 host_cmd len=12: 0b 91 00 07 00 04 00 00[0m
[00:00:00.404,785] [0m<inf> remapper: switch2_pro_handle_output_report: sw2 host_cmd len=22: 15 91 00 01 00 0e 00 00[0m
[00:00:00.434,722] [0m<inf> remapper: switch2_pro_handle_output_report: sw2 host_cmd len=12: 0c 91 00 02 00 04 00 00[0m
[00:00:00.464,721] [0m<inf> remapper: switch2_pro_handle_output_report: sw2 host_cmd len=16: 02 91 00 04 00 08 00 00[0m
[00:00:00.494,750] [0m<inf> remapper: switch2_pro_handle_output_report: sw2 host_cmd len=16: 02 91 00 04 00 08 00 00[0m
[00:00:00.524,749] [0m<inf> remapper: switch2_pro_handle_output_report: sw2 host_cmd len=16: 02 91 00 04 00 08 00 00[0m
[00:00:00.554,779] [0m<inf> remapper: switch2_pro_handle_output_report: sw2 host_cmd len=16: 02 91 00 04 00 08 00 00[0m
[00:00:00.584,808] [0m<inf> remapper: switch2_pro_handle_output_report: sw2 host_cmd len=16: 02 91 00 04 00 08 00 00[0m
[00:00:00.614,715] [0m<inf> remapper: switch2_pro_handle_output_report: sw2 host_cmd len=8: 11 91 00 03 00 00 00 00[0m
[00:00:01.006,195] [0m<inf> remapper: switch_pro_send_input_heartbeat: sw2 heartbeat: writes=93 fails=0 enabled=1 rep0=09 rep2=20[0m
[00:00:01.006,530] [0m<inf> remapper: int_in_ready_cb0: sw2 IN endpoint polled by console: count=94[0m
[00:00:01.232,421] [0m<inf> remapper: scan_setup_filters: scanning for Switch 2 Pro Controller manufacturer data[0m
[00:00:01.233,154] [0m<inf> remapper: scan_start: Scanning started.[0m
[00:00:01.233,367] [0m<inf> remapper: switch_pro_log_stats: switch_pro_stats enabled=1 report_q=0/5 response_q=0/2 out_q=0 out_overflows=0 ble=0 ble_drop=0 host=17 host_drop=0 set=0 translated=0 mapped=1/0 heartbeat=121/0 response=15/0 response_drop=0 rumble=0/0 fail=0 busy=0 buttons=00 00 00[0m
[00:00:02.008,178] [0m<inf> remapper: switch_pro_send_input_heartbeat: sw2 heartbeat: writes=215 fails=0 enabled=1 rep0=09 rep2=20[0m
[00:00:02.010,498] [0m<inf> remapper: int_in_ready_cb0: sw2 IN endpoint polled by console: count=216[0m
[00:00:02.233,673] [0m<inf> remapper: switch_pro_log_stats: switch_pro_stats enabled=1 report_q=0/5 response_q=0/2 out_q=0 out_overflows=0 ble=0 ble_drop=0 host=17 host_drop=0 set=0 translated=0 mapped=1/0 heartbeat=243/0 response=15/0 response_drop=0 rumble=0/0 fail=0 busy=0 buttons=00 00 00[0m
[00:00:03.010,101] [0m<inf> remapper: switch_pro_send_input_heartbeat: sw2 heartbeat: writes=323 fails=0 enabled=1 rep0=09 rep2=20[0m
[00:00:03.010,528] [0m<inf> remapper: int_in_ready_cb0: sw2 IN endpoint polled by console: count=324[0m
[00:00:03.233,703] [0m<inf> remapper: switch_pro_log_stats: switch_pro_stats enabled=1 report_q=0/5 response_q=0/2 out_q=0 out_overflows=0 ble=0 ble_drop=0 host=17 host_drop=0 set=0 translated=0 mapped=1/0 heartbeat=350/0 response=15/0 response_drop=0 rumble=0/0 fail=0 busy=0 buttons=00 00 00[0m
[00:00:04.010,498] [0m<inf> remapper: int_in_ready_cb0: sw2 IN endpoint polled by console: count=444[0m
[00:00:04.017,181] [0m<inf> remapper: switch_pro_send_input_heartbeat: sw2 heartbeat: writes=444 fails=0 enabled=1 rep0=09 rep2=20[0m
[00:00:04.233,673] [0m<inf> remapper: switch_pro_log_stats: switch_pro_stats enabled=1 report_q=0/5 response_q=0/2 out_q=0 out_overflows=0 ble=0 ble_drop=0 host=17 host_drop=0 set=0 translated=0 mapped=1/0 heartbeat=471/0 response=15/0 response_drop=0 rumble=0/0 fail=0 busy=0 buttons=00 00 00[0m
[00:00:05.010,559] [0m<inf> remapper: int_in_ready_cb0: sw2 IN endpoint polled by console: count=568[0m
[00:00:05.017,181] [0m<inf> remapper: switch_pro_send_input_heartbeat: sw2 heartbeat: writes=568 fails=0 enabled=1 rep0=09 rep2=20[0m
[00:00:05.233,673] [0m<inf> remapper: switch_pro_log_stats: switch_pro_stats enabled=1 report_q=0/5 response_q=0/2 out_q=0 out_overflows=0 ble=0 ble_drop=0 host=17 host_drop=0 set=0 translated=0 mapped=1/0 heartbeat=595/0 response=15/0 response_drop=0 rumble=0/0 fail=0 busy=0 buttons=00 00 00[0m
[00:00:06.010,528] [0m<inf> remapper: int_in_ready_cb0: sw2 IN endpoint polled by console: count=667[0m
[00:00:06.024,108] [0m<inf> remapper: switch_pro_send_input_heartbeat: sw2 heartbeat: writes=668 fails=0 enabled=1 rep0=09 rep2=20[0m
[00:00:06.233,734] [0m<inf> remapper: switch_pro_log_stats: switch_pro_stats enabled=1 report_q=0/5 response_q=0/2 out_q=0 out_overflows=0 ble=0 ble_drop=0 host=17 host_drop=0 set=0 translated=0 mapped=1/0 heartbeat=694/0 response=15/0 response_drop=0 rumble=0/0 fail=0 busy=0 buttons=00 00 00[0m
[00:00:07.010,528] [0m<inf> remapper: int_in_ready_cb0: sw2 IN endpoint polled by console: count=787[0m
[00:00:07.024,169] [0m<inf> remapper: switch_pro_send_input_heartbeat: sw2 heartbeat: writes=788 fails=0 enabled=1 rep0=09 rep2=20[0m
[00:00:07.233,673] [0m<inf> remapper: switch_pro_log_stats: switch_pro_stats enabled=1 report_q=0/5 response_q=0/2 out_q=0 out_overflows=0 ble=0 ble_drop=0 host=17 host_drop=0 set=0 translated=0 mapped=1/0 heartbeat=814/0 response=15/0 response_drop=0 rumble=0/0 fail=0 busy=0 buttons=00 00 00[0m
[00:00:08.014,526] [0m<inf> remapper: int_in_ready_cb0: sw2 IN endpoint polled by console: count=907[0m
[00:00:08.029,174] [0m<inf> remapper: switch_pro_send_input_heartbeat: sw2 heartbeat: writes=908 fails=0 enabled=1 rep0=09 rep2=20[0m
[00:00:08.233,673] [0m<inf> remapper: switch_pro_log_stats: switch_pro_stats enabled=1 report_q=0/5 response_q=0/2 out_q=0 out_overflows=0 ble=0 ble_drop=0 host=17 host_drop=0 set=0 translated=0 mapped=1/0 heartbeat=933/0 response=15/0 response_drop=0 rumble=0/0 fail=0 busy=0 buttons=00 00 00[0m
[00:00:09.014,526] [0m<inf> remapper: int_in_ready_cb0: sw2 IN endpoint polled by console: count=1012[0m
[00:00:09.030,212] [0m<inf> remapper: switch_pro_send_input_heartbeat: sw2 heartbeat: writes=1013 fails=0 enabled=1 rep0=09 rep2=20[0m
[00:00:09.233,703] [0m<inf> remapper: switch_pro_log_stats: switch_pro_stats enabled=1 report_q=0/5 response_q=0/2 out_q=0 out_overflows=0 ble=0 ble_drop=0 host=17 host_drop=0 set=0 translated=0 mapped=1/0 heartbeat=1038/0 response=15/0 response_drop=0 rumble=0/0 fail=0 busy=0 buttons=00 00 00[0m
[00:00:10.018,524] [0m<inf> remapper: int_in_ready_cb0: sw2 IN endpoint polled by console: count=1133[0m
[00:00:10.032,196] [0m<inf> remapper: switch_pro_send_input_heartbeat: sw2 heartbeat: writes=1134 fails=0 enabled=1 rep0=09 rep2=20[0m
[00:00:10.233,673] [0m<inf> remapper: switch_pro_log_stats: switch_pro_stats enabled=1 report_q=0/5 response_q=0/2 out_q=0 out_overflows=0 ble=0 ble_drop=0 host=17 host_drop=0 set=0 translated=0 mapped=1/0 heartbeat=1159/0 response=15/0 response_drop=0 rumble=0/0 fail=0 busy=0 buttons=00 00 00[0m
[00:00:11.022,521] [0m<inf> remapper: int_in_ready_cb0: sw2 IN endpoint polled by console: count=1253[0m
[00:00:11.036,163] [0m<inf> remapper: switch_pro_send_input_heartbeat: sw2 heartbeat: writes=1254 fails=0 enabled=1 rep0=09 rep2=20[0m
[00:00:11.233,673] [0m<inf> remapper: switch_pro_log_stats: switch_pro_stats enabled=1 report_q=0/5 response_q=0/2 out_q=0 out_overflows=0 ble=0 ble_drop=0 host=17 host_drop=0 set=0 translated=0 mapped=1/0 heartbeat=1278/0 response=15/0 response_drop=0 rumble=0/0 fail=0 busy=0 buttons=00 00 00[0m
[00:00:12.022,521] [0m<inf> remapper: int_in_ready_cb0: sw2 IN endpoint polled by console: count=1359[0m
[00:00:12.038,177] [0m<inf> remapper: switch_pro_send_input_heartbeat: sw2 heartbeat: writes=1360 fails=0 enabled=1 rep0=09 rep2=20[0m
[00:00:12.233,703] [0m<inf> remapper: switch_pro_log_stats: switch_pro_stats enabled=1 report_q=0/5 response_q=0/2 out_q=0 out_overflows=0 ble=0 ble_drop=0 host=17 host_drop=0 set=0 translated=0 mapped=1/0 heartbeat=1384/0 response=15/0 response_drop=0 rumble=0/0 fail=0 busy=0 buttons=00 00 00[0m
[00:00:13.026,519] [0m<inf> remapper: int_in_ready_cb0: sw2 IN endpoint polled by console: count=1481[0m
[00:00:13.040,191] [0m<inf> remapper: switch_pro_send_input_heartbeat: sw2 heartbeat: writes=1482 fails=0 enabled=1 rep0=09 rep2=20[0m
[00:00:13.233,673] [0m<inf> remapper: switch_pro_log_stats: switch_pro_stats enabled=1 report_q=0/5 response_q=0/2 out_q=0 out_overflows=0 ble=0 ble_drop=0 host=17 host_drop=0 set=0 translated=0 mapped=1/0 heartbeat=1506/0 response=15/0 response_drop=0 rumble=0/0 fail=0 busy=0 buttons=00 00 00[0m
[00:00:14.030,517] [0m<inf> remapper: int_in_ready_cb0: sw2 IN endpoint polled by console: count=1601[0m
[00:00:14.043,182] [0m<inf> remapper: switch_pro_send_input_heartbeat: sw2 heartbeat: writes=1602 fails=0 enabled=1 rep0=09 rep2=20[0m
[00:00:14.233,673] [0m<inf> remapper: switch_pro_log_stats: switch_pro_stats enabled=1 report_q=0/5 response_q=0/2 out_q=0 out_overflows=0 ble=0 ble_drop=0 host=17 host_drop=0 set=0 translated=0 mapped=1/0 heartbeat=1625/0 response=15/0 response_drop=0 rumble=0/0 fail=0 busy=0 buttons=00 00 00[0m
[00:00:15.030,517] [0m<inf> remapper: int_in_ready_cb0: sw2 IN endpoint polled by console: count=1708[0m
[00:00:15.046,173] [0m<inf> remapper: switch_pro_send_input_heartbeat: sw2 heartbeat: writes=1709 fails=0 enabled=1 rep0=09 rep2=20[0m
[00:00:15.233,703] [0m<inf> remapper: switch_pro_log_stats: switch_pro_stats enabled=1 report_q=0/5 response_q=0/2 out_q=0 out_overflows=0 ble=0 ble_drop=0 host=17 host_drop=0 set=0 translated=0 mapped=1/0 heartbeat=1732/0 response=15/0 response_drop=0 rumble=0/0 fail=0 busy=0 buttons=00 00 00[0m
[00:00:16.034,545] [0m<inf> remapper: int_in_ready_cb0: sw2 IN endpoint polled by console: count=1831[0m
[00:00:16.048,156] [0m<inf> remapper: switch_pro_send_input_heartbeat: sw2 heartbeat: writes=1832 fails=0 enabled=1 rep0=09 rep2=20[0m
[00:00:16.233,673] [0m<inf> remapper: switch_pro_log_stats: switch_pro_stats enabled=1 report_q=0/5 response_q=0/2 out_q=0 out_overflows=0 ble=0 ble_drop=0 host=17 host_drop=0 set=0 translated=0 mapped=1/0 heartbeat=1855/0 response=15/0 response_drop=0 rumble=0/0 fail=0 busy=0 buttons=00 00 00[0m
[00:00:17.038,513] [0m<inf> remapper: int_in_ready_cb0: sw2 IN endpoint polled by console: count=1952[0m
[00:00:17.052,062] [0m<inf> remapper: switch_pro_send_input_heartbeat: sw2 heartbeat: writes=1953 fails=0 enabled=1 rep0=09 rep2=20[0m
[00:00:17.233,673] [0m<inf> remapper: switch_pro_log_stats: switch_pro_stats enabled=1 report_q=0/5 response_q=0/2 out_q=0 out_overflows=0 ble=0 ble_drop=0 host=17 host_drop=0 set=0 translated=0 mapped=1/0 heartbeat=1975/0 response=15/0 response_drop=0 rumble=0/0 fail=0 busy=0 buttons=00 00 00[0m
[00:00:18.038,543] [0m<inf> remapper: int_in_ready_cb0: sw2 IN endpoint polled by console: count=2060[0m
[00:00:18.054,077] [0m<inf> remapper: switch_pro_send_input_heartbeat: sw2 heartbeat: writes=2061 fails=0 enabled=1 rep0=09 rep2=20[0m
[00:00:18.233,703] [0m<inf> remapper: switch_pro_log_stats: switch_pro_stats enabled=1 report_q=0/5 response_q=0/2 out_q=0 out_overflows=0 ble=0 ble_drop=0 host=17 host_drop=0 set=0 translated=0 mapped=1/0 heartbeat=2083/0 response=15/0 response_drop=0 rumble=0/0 fail=0 busy=0 buttons=00 00 00[0m
[00:00:19.042,541] [0m<inf> remapper: int_in_ready_cb0: sw2 IN endpoint polled by console: count=2184[0m
[00:00:19.056,182] [0m<inf> remapper: switch_pro_send_input_heartbeat: sw2 heartbeat: writes=2185 fails=0 enabled=1 rep0=09 rep2=20[0m
[00:00:19.233,703] [0m<inf> remapper: switch_pro_log_stats: switch_pro_stats enabled=1 report_q=0/5 response_q=0/2 out_q=0 out_overflows=0 ble=0 ble_drop=0 host=17 host_drop=0 set=0 translated=0 mapped=1/0 heartbeat=2207/0 response=15/0 response_drop=0 rumble=0/0 fail=0 busy=0 buttons=00 00 00[0m
[00:00:20.046,508] [0m<inf> remapper: int_in_ready_cb0: sw2 IN endpoint polled by console: count=2306[0m
[00:00:20.060,180] [0m<inf> remapper: switch_pro_send_input_heartbeat: sw2 heartbeat: writes=2307 fails=0 enabled=1 rep0=09 rep2=20[0m
[00:00:20.233,703] [0m<inf> remapper: switch_pro_log_stats: switch_pro_stats enabled=1 report_q=0/5 response_q=0/2 out_q=0 out_overflows=0 ble=0 ble_drop=0 host=17 host_drop=0 set=0 translated=0 mapped=1/0 heartbeat=2328/0 response=15/0 response_drop=0 rumble=0/0 fail=0 busy=0 buttons=00 00 00[0m
[00:00:21.050,537] [0m<inf> remapper: int_in_ready_cb0: sw2 IN endpoint polled by console: count=2408[0m
[00:00:21.066,101] [0m<inf> remapper: switch_pro_send_input_heartbeat: sw2 heartbeat: writes=2409 fails=0 enabled=1 rep0=09 rep2=20[0m
[00:00:21.233,673] [0m<inf> remapper: switch_pro_log_stats: switch_pro_stats enabled=1 report_q=0/5 response_q=0/2 out_q=0 out_overflows=0 ble=0 ble_drop=0 host=17 host_drop=0 set=0 translated=0 mapped=1/0 heartbeat=2429/0 response=15/0 response_drop=0 rumble=0/0 fail=0 busy=0 buttons=00 00 00[0m
[00:00:22.054,534] [0m<inf> remapper: int_in_ready_cb0: sw2 IN endpoint polled by console: count=2528[0m
[00:00:22.069,061] [0m<inf> remapper: switch_pro_send_input_heartbeat: sw2 heartbeat: writes=2529 fails=0 enabled=1 rep0=09 rep2=20[0m
[00:00:22.233,703] [0m<inf> remapper: switch_pro_log_stats: switch_pro_stats enabled=1 report_q=0/5 response_q=0/2 out_q=0 out_overflows=0 ble=0 ble_drop=0 host=17 host_drop=0 set=0 translated=0 mapped=1/0 heartbeat=2549/0 response=15/0 response_drop=0 rumble=0/0 fail=0 busy=0 buttons=00 00 00[0m
[00:00:23.054,565] [0m<inf> remapper: int_in_ready_cb0: sw2 IN endpoint polled by console: count=2651[0m
[00:00:23.076,171] [0m<inf> remapper: switch_pro_send_input_heartbeat: sw2 heartbeat: writes=2653 fails=0 enabled=1 rep0=09 rep2=20[0m
[00:00:23.233,703] [0m<inf> remapper: switch_pro_log_stats: switch_pro_stats enabled=1 report_q=0/5 response_q=0/2 out_q=0 out_overflows=0 ble=0 ble_drop=0 host=17 host_drop=0 set=0 translated=0 mapped=1/0 heartbeat=2672/0 response=15/0 response_drop=0 rumble=0/0 fail=0 busy=0 buttons=00 00 00[0m
[00:00:24.058,532] [0m<inf> remapper: int_in_ready_cb0: sw2 IN endpoint polled by console: count=2755[0m
[00:00:24.082,092] [0m<inf> remapper: switch_pro_send_input_heartbeat: sw2 heartbeat: writes=2757 fails=0 enabled=1 rep0=09 rep2=20[0m
[00:00:24.233,673] [0m<inf> remapper: switch_pro_log_stats: switch_pro_stats enabled=1 report_q=0/5 response_q=0/2 out_q=0 out_overflows=0 ble=0 ble_drop=0 host=17 host_drop=0 set=0 translated=0 mapped=1/0 heartbeat=2775/0 response=15/0 response_drop=0 rumble=0/0 fail=0 busy=0 buttons=00 00 00[0m
[00:00:25.062,530] [0m<inf> remapper: int_in_ready_cb0: sw2 IN endpoint polled by console: count=2875[0m
[00:00:25.084,075] [0m<inf> remapper: switch_pro_send_input_heartbeat: sw2 heartbeat: writes=2877 fails=0 enabled=1 rep0=09 rep2=20[0m
[00:00:25.233,703] [0m<inf> remapper: switch_pro_log_stats: switch_pro_stats enabled=1 report_q=0/5 response_q=0/2 out_q=0 out_overflows=0 ble=0 ble_drop=0 host=17 host_drop=0 set=0 translated=0 mapped=1/0 heartbeat=2895/0 response=15/0 response_drop=0 rumble=0/0 fail=0 busy=0 buttons=00 00 00[0m
[00:00:26.066,528] [0m<inf> remapper: int_in_ready_cb0: sw2 IN endpoint polled by console: count=2995[0m
[00:00:26.089,080] [0m<inf> remapper: switch_pro_send_input_heartbeat: sw2 heartbeat: writes=2997 fails=0 enabled=1 rep0=09 rep2=20[0m
[00:00:26.233,673] [0m<inf> remapper: switch_pro_log_stats: switch_pro_stats enabled=1 report_q=0/5 response_q=0/2 out_q=0 out_overflows=0 ble=0 ble_drop=0 host=17 host_drop=0 set=0 translated=0 mapped=1/0 heartbeat=3015/0 response=15/0 response_drop=0 rumble=0/0 fail=0 busy=0 buttons=00 00 00[0m
[00:00:27.066,558] [0m<inf> remapper: int_in_ready_cb0: sw2 IN endpoint polled by console: count=3100[0m
[00:00:27.090,118] [0m<inf> remapper: switch_pro_send_input_heartbeat: sw2 heartbeat: writes=3102 fails=0 enabled=1 rep0=09 rep2=20[0m
[00:00:27.233,703] [0m<inf> remapper: switch_pro_log_stats: switch_pro_stats enabled=1 report_q=0/5 response_q=0/2 out_q=0 out_overflows=0 ble=0 ble_drop=0 host=17 host_drop=0 set=0 translated=0 mapped=1/0 heartbeat=3119/0 response=15/0 response_drop=0 rumble=0/0 fail=0 busy=0 buttons=00 00 00[0m
[00:00:28.070,587] [0m<inf> remapper: int_in_ready_cb0: sw2 IN endpoint polled by console: count=3221[0m
[00:00:28.092,132] [0m<inf> remapper: switch_pro_send_input_heartbeat: sw2 heartbeat: writes=3223 fails=0 enabled=1 rep0=09 rep2=20[0m
[00:00:28.233,703] [0m<inf> remapper: switch_pro_log_stats: switch_pro_stats enabled=1 report_q=0/5 response_q=0/2 out_q=0 out_overflows=0 ble=0 ble_drop=0 host=17 host_drop=0 set=0 translated=0 mapped=1/0 heartbeat=3240/0 response=15/0 response_drop=0 rumble=0/0 fail=0 busy=0 buttons=00 00 00[0m
[00:00:29.074,523] [0m<inf> remapper: int_in_ready_cb0: sw2 IN endpoint polled by console: count=3341[0m
[00:00:29.096,069] [0m<inf> remapper: switch_pro_send_input_heartbeat: sw2 heartbeat: writes=3343 fails=0 enabled=1 rep0=09 rep2=20[0m
[00:00:29.233,703] [0m<inf> remapper: switch_pro_log_stats: switch_pro_stats enabled=1 report_q=0/5 response_q=0/2 out_q=0 out_overflows=0 ble=0 ble_drop=0 host=17 host_drop=0 set=0 translated=0 mapped=1/0 heartbeat=3360/0 response=15/0 response_drop=0 rumble=0/0 fail=0 busy=0 buttons=00 00 00[0m
[00:00:30.074,523] [0m<inf> remapper: int_in_ready_cb0: sw2 IN endpoint polled by console: count=3447[0m
[00:00:30.098,083] [0m<inf> remapper: switch_pro_send_input_heartbeat: sw2 heartbeat: writes=3449 fails=0 enabled=1 rep0=09 rep2=20[0m
[00:00:30.233,734] [0m<inf> remapper: switch_pro_log_stats: switch_pro_stats enabled=1 report_q=0/5 response_q=0/2 out_q=0 out_overflows=0 ble=0 ble_drop=0 host=17 host_drop=0 set=0 translated=0 mapped=1/0 heartbeat=3465/0 response=15/0 response_drop=0 rumble=0/0 fail=0 busy=0 buttons=00 00 00[0m
[00:00:31.078,521] [0m<inf> remapper: int_in_ready_cb0: sw2 IN endpoint polled by console: count=3569[0m
[00:00:31.100,097] [0m<inf> remapper: switch_pro_send_input_heartbeat: sw2 heartbeat: writes=3571 fails=0 enabled=1 rep0=09 rep2=20[0m
[00:00:31.233,703] [0m<inf> remapper: switch_pro_log_stats: switch_pro_stats enabled=1 report_q=0/5 response_q=0/2 out_q=0 out_overflows=0 ble=0 ble_drop=0 host=17 host_drop=0 set=0 translated=0 mapped=1/0 heartbeat=3587/0 response=15/0 response_drop=0 rumble=0/0 fail=0 busy=0 buttons=00 00 00[0m
[00:00:32.082,550] [0m<inf> remapper: int_in_ready_cb0: sw2 IN endpoint polled by console: count=3689[0m
[00:00:32.104,064] [0m<inf> remapper: switch_pro_send_input_heartbeat: sw2 heartbeat: writes=3691 fails=0 enabled=1 rep0=09 rep2=20[0m
[00:00:32.233,703] [0m<inf> remapper: switch_pro_log_stats: switch_pro_stats enabled=1 report_q=0/5 response_q=0/2 out_q=0 out_overflows=0 ble=0 ble_drop=0 host=17 host_drop=0 set=0 translated=0 mapped=1/0 heartbeat=3707/0 response=15/0 response_drop=0 rumble=0/0 fail=0 busy=0 buttons=00 00 00[0m
[00:00:33.082,550] [0m<inf> remapper: int_in_ready_cb0: sw2 IN endpoint polled by console: count=3796[0m
[00:00:33.106,079] [0m<inf> remapper: switch_pro_send_input_heartbeat: sw2 heartbeat: writes=3798 fails=0 enabled=1 rep0=09 rep2=20[0m
[00:00:33.233,734] [0m<inf> remapper: switch_pro_log_stats: switch_pro_stats enabled=1 report_q=0/5 response_q=0/2 out_q=0 out_overflows=0 ble=0 ble_drop=0 host=17 host_drop=0 set=0 translated=0 mapped=1/0 heartbeat=3813/0 response=15/0 response_drop=0 rumble=0/0 fail=0 busy=0 buttons=00 00 00[0m
[00:00:34.086,547] [0m<inf> remapper: int_in_ready_cb0: sw2 IN endpoint polled by console: count=3919[0m
[00:00:34.108,093] [0m<inf> remapper: switch_pro_send_input_heartbeat: sw2 heartbeat: writes=3921 fails=0 enabled=1 rep0=09 rep2=20[0m
[00:00:34.233,703] [0m<inf> remapper: switch_pro_log_stats: switch_pro_stats enabled=1 report_q=0/5 response_q=0/2 out_q=0 out_overflows=0 ble=0 ble_drop=0 host=17 host_drop=0 set=0 translated=0 mapped=1/0 heartbeat=3936/0 response=15/0 response_drop=0 rumble=0/0 fail=0 busy=0 buttons=00 00 00[0m
[00:00:35.090,545] [0m<inf> remapper: int_in_ready_cb0: sw2 IN endpoint polled by console: count=4040[0m
[00:00:35.112,091] [0m<inf> remapper: switch_pro_send_input_heartbeat: sw2 heartbeat: writes=4042 fails=0 enabled=1 rep0=09 rep2=20[0m
[00:00:35.233,703] [0m<inf> remapper: switch_pro_log_stats: switch_pro_stats enabled=1 report_q=0/5 response_q=0/2 out_q=0 out_overflows=0 ble=0 ble_drop=0 host=17 host_drop=0 set=0 translated=0 mapped=1/0 heartbeat=4057/0 response=15/0 response_drop=0 rumble=0/0 fail=0 busy=0 buttons=00 00 00[0m
[00:00:36.090,545] [0m<inf> remapper: int_in_ready_cb0: sw2 IN endpoint polled by console: count=4148[0m
[00:00:36.114,074] [0m<inf> remapper: switch_pro_send_input_heartbeat: sw2 heartbeat: writes=4150 fails=0 enabled=1 rep0=09 rep2=20[0m
[00:00:36.233,795] [0m<inf> remapper: switch_pro_log_stats: switch_pro_stats enabled=1 report_q=0/5 response_q=0/2 out_q=0 out_overflows=0 ble=0 ble_drop=0 host=17 host_drop=0 set=0 translated=0 mapped=1/0 heartbeat=4164/0 response=15/0 response_drop=0 rumble=0/0 fail=0 busy=0 buttons=00 00 00[0m
[00:00:37.094,573] [0m<inf> remapper: int_in_ready_cb0: sw2 IN endpoint polled by console: count=4272[0m
[00:00:37.116,088] [0m<inf> remapper: switch_pro_send_input_heartbeat: sw2 heartbeat: writes=4274 fails=0 enabled=1 rep0=09 rep2=20[0m
[00:00:37.233,703] [0m<inf> remapper: switch_pro_log_stats: switch_pro_stats enabled=1 report_q=0/5 response_q=0/2 out_q=0 out_overflows=0 ble=0 ble_drop=0 host=17 host_drop=0 set=0 translated=0 mapped=1/0 heartbeat=4288/0 response=15/0 response_drop=0 rumble=0/0 fail=0 busy=0 buttons=00 00 00[0m
[00:00:38.098,541] [0m<inf> remapper: int_in_ready_cb0: sw2 IN endpoint polled by console: count=4394[0m
[00:00:38.120,086] [0m<inf> remapper: switch_pro_send_input_heartbeat: sw2 heartbeat: writes=4396 fails=0 enabled=1 rep0=09 rep2=20[0m
[00:00:38.233,703] [0m<inf> remapper: switch_pro_log_stats: switch_pro_stats enabled=1 report_q=0/5 response_q=0/2 out_q=0 out_overflows=0 ble=0 ble_drop=0 host=17 host_drop=0 set=0 translated=0 mapped=1/0 heartbeat=4410/0 response=15/0 response_drop=0 rumble=0/0 fail=0 busy=0 buttons=00 00 00[0m
[00:00:39.102,539] [0m<inf> remapper: int_in_ready_cb0: sw2 IN endpoint polled by console: count=4496[0m
[00:00:39.126,098] [0m<inf> remapper: switch_pro_send_input_heartbeat: sw2 heartbeat: writes=4498 fails=0 enabled=1 rep0=09 rep2=20[0m
[00:00:39.233,734] [0m<inf> remapper: switch_pro_log_stats: switch_pro_stats enabled=1 report_q=0/5 response_q=0/2 out_q=0 out_overflows=0 ble=0 ble_drop=0 host=17 host_drop=0 set=0 translated=0 mapped=1/0 heartbeat=4511/0 response=15/0 response_drop=0 rumble=0/0 fail=0 busy=0 buttons=00 00 00[0m
[00:00:40.106,567] [0m<inf> remapper: int_in_ready_cb0: sw2 IN endpoint polled by console: count=4616[0m
[00:00:40.129,089] [0m<inf> remapper: switch_pro_send_input_heartbeat: sw2 heartbeat: writes=4618 fails=0 enabled=1 rep0=09 rep2=20[0m
[00:00:40.233,673] [0m<inf> remapper: switch_pro_log_stats: switch_pro_stats enabled=1 report_q=0/5 response_q=0/2 out_q=0 out_overflows=0 ble=0 ble_drop=0 host=17 host_drop=0 set=0 translated=0 mapped=1/0 heartbeat=4631/0 response=15/0 response_drop=0 rumble=0/0 fail=0 busy=0 buttons=00 00 00[0m
[00:00:41.106,597] [0m<inf> remapper: int_in_ready_cb0: sw2 IN endpoint polled by console: count=4739[0m
[00:00:41.136,077] [0m<inf> remapper: switch_pro_send_input_heartbeat: sw2 heartbeat: writes=4742 fails=0 enabled=1 rep0=09 rep2=20[0m
[00:00:41.233,703] [0m<inf> remapper: switch_pro_log_stats: switch_pro_stats enabled=1 report_q=0/5 response_q=0/2 out_q=0 out_overflows=0 ble=0 ble_drop=0 host=17 host_drop=0 set=0 translated=0 mapped=1/0 heartbeat=4754/0 response=15/0 response_drop=0 rumble=0/0 fail=0 busy=0 buttons=00 00 00[0m
[00:00:42.110,534] [0m<inf> remapper: int_in_ready_cb0: sw2 IN endpoint polled by console: count=4843[0m
[00:00:42.142,089] [0m<inf> remapper: switch_pro_send_input_heartbeat: sw2 heartbeat: writes=4846 fails=0 enabled=1 rep0=09 rep2=20[0m
[00:00:42.233,703] [0m<inf> remapper: switch_pro_log_stats: switch_pro_stats enabled=1 report_q=0/5 response_q=0/2 out_q=0 out_overflows=0 ble=0 ble_drop=0 host=17 host_drop=0 set=0 translated=0 mapped=1/0 heartbeat=4857/0 response=15/0 response_drop=0 rumble=0/0 fail=0 busy=0 buttons=00 00 00[0m
[00:00:43.114,562] [0m<inf> remapper: int_in_ready_cb0: sw2 IN endpoint polled by console: count=4963[0m
[00:00:43.144,104] [0m<inf> remapper: switch_pro_send_input_heartbeat: sw2 heartbeat: writes=4966 fails=0 enabled=1 rep0=09 rep2=20[0m
[00:00:43.233,703] [0m<inf> remapper: switch_pro_log_stats: switch_pro_stats enabled=1 report_q=0/5 response_q=0/2 out_q=0 out_overflows=0 ble=0 ble_drop=0 host=17 host_drop=0 set=0 translated=0 mapped=1/0 heartbeat=4977/0 response=15/0 response_drop=0 rumble=0/0 fail=0 busy=0 buttons=00 00 00[0m
[00:00:44.118,560] [0m<inf> remapper: int_in_ready_cb0: sw2 IN endpoint polled by console: count=5083[0m
[00:00:44.149,078] [0m<inf> remapper: switch_pro_send_input_heartbeat: sw2 heartbeat: writes=5086 fails=0 enabled=1 rep0=09 rep2=20[0m
[00:00:44.233,703] [0m<inf> remapper: switch_pro_log_stats: switch_pro_stats enabled=1 report_q=0/5 response_q=0/2 out_q=0 out_overflows=0 ble=0 ble_drop=0 host=17 host_drop=0 set=0 translated=0 mapped=1/0 heartbeat=5096/0 response=15/0 response_drop=0 rumble=0/0 fail=0 busy=0 buttons=00 00 00[0m
[00:00:45.118,560] [0m<inf> remapper: int_in_ready_cb0: sw2 IN endpoint polled by console: count=5188[0m
[00:00:45.150,085] [0m<inf> remapper: switch_pro_send_input_heartbeat: sw2 heartbeat: writes=5191 fails=0 enabled=1 rep0=09 rep2=20[0m
[00:00:45.233,703] [0m<inf> remapper: switch_pro_log_stats: switch_pro_stats enabled=1 report_q=0/5 response_q=0/2 out_q=0 out_overflows=0 ble=0 ble_drop=0 host=17 host_drop=0 set=0 translated=0 mapped=1/0 heartbeat=5201/0 response=15/0 response_drop=0 rumble=0/0 fail=0 busy=0 buttons=00 00 00[0m
[00:00:46.122,558] [0m<inf> remapper: int_in_ready_cb0: sw2 IN endpoint polled by console: count=5309[0m
[00:00:46.152,099] [0m<inf> remapper: switch_pro_send_input_heartbeat: sw2 heartbeat: writes=5312 fails=0 enabled=1 rep0=09 rep2=20[0m
[00:00:46.233,703] [0m<inf> remapper: switch_pro_log_stats: switch_pro_stats enabled=1 report_q=0/5 response_q=0/2 out_q=0 out_overflows=0 ble=0 ble_drop=0 host=17 host_drop=0 set=0 translated=0 mapped=1/0 heartbeat=5322/0 response=15/0 response_drop=0 rumble=0/0 fail=0 busy=0 buttons=00 00 00[0m
[00:00:47.126,586] [0m<inf> remapper: int_in_ready_cb0: sw2 IN endpoint polled by console: count=5429[0m
[00:00:47.156,097] [0m<inf> remapper: switch_pro_send_input_heartbeat: sw2 heartbeat: writes=5432 fails=0 enabled=1 rep0=09 rep2=20[0m
[00:00:47.233,734] [0m<inf> remapper: switch_pro_log_stats: switch_pro_stats enabled=1 report_q=0/5 response_q=0/2 out_q=0 out_overflows=0 ble=0 ble_drop=0 host=17 host_drop=0 set=0 translated=0 mapped=1/0 heartbeat=5441/0 response=15/0 response_drop=0 rumble=0/0 fail=0 busy=0 buttons=00 00 00[0m
[00:00:48.126,556] [0m<inf> remapper: int_in_ready_cb0: sw2 IN endpoint polled by console: count=5535[0m
[00:00:48.158,111] [0m<inf> remapper: switch_pro_send_input_heartbeat: sw2 heartbeat: writes=5538 fails=0 enabled=1 rep0=09 rep2=20[0m
[00:00:48.233,703] [0m<inf> remapper: switch_pro_log_stats: switch_pro_stats enabled=1 report_q=0/5 response_q=0/2 out_q=0 out_overflows=0 ble=0 ble_drop=0 host=17 host_drop=0 set=0 translated=0 mapped=1/0 heartbeat=5547/0 response=15/0 response_drop=0 rumble=0/0 fail=0 busy=0 buttons=00 00 00[0m
[00:00:49.130,554] [0m<inf> remapper: int_in_ready_cb0: sw2 IN endpoint polled by console: count=5657[0m
[00:00:49.160,125] [0m<inf> remapper: switch_pro_send_input_heartbeat: sw2 heartbeat: writes=5660 fails=0 enabled=1 rep0=09 rep2=20[0m
[00:00:49.233,734] [0m<inf> remapper: switch_pro_log_stats: switch_pro_stats enabled=1 report_q=0/5 response_q=0/2 out_q=0 out_overflows=0 ble=0 ble_drop=0 host=17 host_drop=0 set=0 translated=0 mapped=1/0 heartbeat=5669/0 response=15/0 response_drop=0 rumble=0/0 fail=0 busy=0 buttons=00 00 00[0m
[00:00:50.134,552] [0m<inf> remapper: int_in_ready_cb0: sw2 IN endpoint polled by console: count=5777[0m
[00:00:50.164,093] [0m<inf> remapper: switch_pro_send_input_heartbeat: sw2 heartbeat: writes=5780 fails=0 enabled=1 rep0=09 rep2=20[0m
[00:00:50.233,703] [0m<inf> remapper: switch_pro_log_stats: switch_pro_stats enabled=1 report_q=0/5 response_q=0/2 out_q=0 out_overflows=0 ble=0 ble_drop=0 host=17 host_drop=0 set=0 translated=0 mapped=1/0 heartbeat=5788/0 response=15/0 response_drop=0 rumble=0/0 fail=0 busy=0 buttons=00 00 00[0m
[00:00:51.134,552] [0m<inf> remapper: int_in_ready_cb0: sw2 IN endpoint polled by console: count=5884[0m
[00:00:51.166,107] [0m<inf> remapper: switch_pro_send_input_heartbeat: sw2 heartbeat: writes=5887 fails=0 enabled=1 rep0=09 rep2=20[0m
[00:00:51.233,703] [0m<inf> remapper: switch_pro_log_stats: switch_pro_stats enabled=1 report_q=0/5 response_q=0/2 out_q=0 out_overflows=0 ble=0 ble_drop=0 host=17 host_drop=0 set=0 translated=0 mapped=1/0 heartbeat=5895/0 response=15/0 response_drop=0 rumble=0/0 fail=0 busy=0 buttons=00 00 00[0m
[00:00:52.138,549] [0m<inf> remapper: int_in_ready_cb0: sw2 IN endpoint polled by console: count=6007[0m
[00:00:52.168,090] [0m<inf> remapper: switch_pro_send_input_heartbeat: sw2 heartbeat: writes=6010 fails=0 enabled=1 rep0=09 rep2=20[0m
[00:00:52.233,764] [0m<inf> remapper: switch_pro_log_stats: switch_pro_stats enabled=1 report_q=0/5 response_q=0/2 out_q=0 out_overflows=0 ble=0 ble_drop=0 host=17 host_drop=0 set=0 translated=0 mapped=1/0 heartbeat=6018/0 response=15/0 response_drop=0 rumble=0/0 fail=0 busy=0 buttons=00 00 00[0m
[00:00:53.142,578] [0m<inf> remapper: int_in_ready_cb0: sw2 IN endpoint polled by console: count=6128[0m
[00:00:53.172,119] [0m<inf> remapper: switch_pro_send_input_heartbeat: sw2 heartbeat: writes=6131 fails=0 enabled=1 rep0=09 rep2=20[0m
[00:00:53.233,734] [0m<inf> remapper: switch_pro_log_stats: switch_pro_stats enabled=1 report_q=0/5 response_q=0/2 out_q=0 out_overflows=0 ble=0 ble_drop=0 host=17 host_drop=0 set=0 translated=0 mapped=1/0 heartbeat=6138/0 response=15/0 response_drop=0 rumble=0/0 fail=0 busy=0 buttons=00 00 00[0m
[00:00:54.142,547] [0m<inf> remapper: int_in_ready_cb0: sw2 IN endpoint polled by console: count=6236[0m
[00:00:54.174,102] [0m<inf> remapper: switch_pro_send_input_heartbeat: sw2 heartbeat: writes=6239 fails=0 enabled=1 rep0=09 rep2=20[0m
[00:00:54.233,703] [0m<inf> remapper: switch_pro_log_stats: switch_pro_stats enabled=1 report_q=0/5 response_q=0/2 out_q=0 out_overflows=0 ble=0 ble_drop=0 host=17 host_drop=0 set=0 translated=0 mapped=1/0 heartbeat=6246/0 response=15/0 response_drop=0 rumble=0/0 fail=0 busy=0 buttons=00 00 00[0m
[00:00:55.146,575] [0m<inf> remapper: int_in_ready_cb0: sw2 IN endpoint polled by console: count=6360[0m
[00:00:55.176,086] [0m<inf> remapper: switch_pro_send_input_heartbeat: sw2 heartbeat: writes=6363 fails=0 enabled=1 rep0=09 rep2=20[0m
[00:00:55.233,734] [0m<inf> remapper: switch_pro_log_stats: switch_pro_stats enabled=1 report_q=0/5 response_q=0/2 out_q=0 out_overflows=0 ble=0 ble_drop=0 host=17 host_drop=0 set=0 translated=0 mapped=1/0 heartbeat=6370/0 response=15/0 response_drop=0 rumble=0/0 fail=0 busy=0 buttons=00 00 00[0m
[00:00:56.150,573] [0m<inf> remapper: int_in_ready_cb0: sw2 IN endpoint polled by console: count=6482[0m
[00:00:56.180,114] [0m<inf> remapper: switch_pro_send_input_heartbeat: sw2 heartbeat: writes=6485 fails=0 enabled=1 rep0=09 rep2=20[0m
[00:00:56.233,734] [0m<inf> remapper: switch_pro_log_stats: switch_pro_stats enabled=1 report_q=0/5 response_q=0/2 out_q=0 out_overflows=0 ble=0 ble_drop=0 host=17 host_drop=0 set=0 translated=0 mapped=1/0 heartbeat=6491/0 response=15/0 response_drop=0 rumble=0/0 fail=0 busy=0 buttons=00 00 00[0m
[00:00:57.154,571] [0m<inf> remapper: int_in_ready_cb0: sw2 IN endpoint polled by console: count=6584[0m
[00:00:57.186,126] [0m<inf> remapper: switch_pro_send_input_heartbeat: sw2 heartbeat: writes=6587 fails=0 enabled=1 rep0=09 rep2=20[0m
[00:00:57.233,734] [0m<inf> remapper: switch_pro_log_stats: switch_pro_stats enabled=1 report_q=0/5 response_q=0/2 out_q=0 out_overflows=0 ble=0 ble_drop=0 host=17 host_drop=0 set=0 translated=0 mapped=1/0 heartbeat=6592/0 response=15/0 response_drop=0 rumble=0/0 fail=0 busy=0 buttons=00 00 00[0m
[00:00:58.158,569] [0m<inf> remapper: int_in_ready_cb0: sw2 IN endpoint polled by console: count=6704[0m
[00:00:58.189,117] [0m<inf> remapper: switch_pro_send_input_heartbeat: sw2 heartbeat: writes=6707 fails=0 enabled=1 rep0=09 rep2=20[0m
[00:00:58.233,734] [0m<inf> remapper: switch_pro_log_stats: switch_pro_stats enabled=1 report_q=0/5 response_q=0/2 out_q=0 out_overflows=0 ble=0 ble_drop=0 host=17 host_drop=0 set=0 translated=0 mapped=1/0 heartbeat=6712/0 response=15/0 response_drop=0 rumble=0/0 fail=0 busy=0 buttons=00 00 00[0m
