*** Booting Zephyr OS build c0689b16ff12 ***
[usbdesc 000: 12 01 00 02 ef 02 01 40 7e 05 69 20 01 02 01 02
00usbdesc 010: 03 01 09 02 ba 00 05 01 00 a0 32 08 0b 00 01 03
usbdesc 020: 00 00 00 09 04 00 00 02 03 00 00 00 09 21 10 01
usbdesc 030: 00 01 22 73 00 07 05 81 03 40 00 04 07 05 01 03
usbdesc 040: 40 00 04 08 0b 01 01 ff 00 00 00 09 04 01 00 02
usbdesc 050: ff 00 00 00 07 05 02 02 40 00 00 07 05 82 02 40
:00:00.004,272]usbdesc 060: 00 00 08 0b 02 03 01 01 00 00 09 04 02 00 00 01
 [0m<inf> remapper: main: HID Remapper Bluetooth[0m
usbdesc 070: 01 00 00 0a 24 01 00 01 47 00 02 03 04 0c 24 02
[00:00:00.011,505] [0m<inf> fs_nvs: nvs_mount: 8 Sectorsusbdesc 080: 01 01 01 00 02 03 00 00 00 0a 24 06 02 01 01 03
 of 4096 bytes[0m
[00:00:00.011,505] [0m<inf> fs_nvsusbdesc 090: 00 00 00 09 24 03 03 02 03 00 02 00 0c 24 02 04
: nvs_mount: alloc wra: 0, fe8[0m
[00:00:00.011,535] usbdesc 0a0: 01 02 00 01 00 00 00 00 09 24 06 05 04 01 03 00
[0m<inf> fs_nvs: nvs_mount: data wra: 0, 0[0m
usbdesc 0b0: 00 09 24 03 06 01 01 00 05 00 09 04 03 00 00 01
[00:00:00.011,749] [0m<inf> sdc_hci_driver: hci_dusbdesc 0c0: 02 00 00 09 04 04 00 00 01 02 00 00 04 03 09 04
river_open: SoftDevice Controller build revision: 
     usbdesc 0d0: 12 03 4e 00 69 00 6e 00 74 00 65 00 6e 00 64 00
                                    6d 90 41 2a 38 e8 ad 1usbdesc 0e0: 6f 00 30 03 53 00 77 00 69 00 74 00 63 00 68 00
7  29 a5 03 38 39 27 d7 85 |m.A*8... )..89'..
          usbdesc 0f0: 20 00 32 00 20 00 50 00 72 00 6f 00 20 00 43 00
                               1f 85 d8 e1             usbdesc 100: 6f 00 6e 00 74 00 72 00 6f 00 6c 00 6c 00 65 00
                         |....             [0m
usbdesc 110: 72 00 22 03 31 00 44 00 33 00 46USB_SETUP bm=0xc0 req=0x03 status=identity_ACK
 00 3USB_SETUP bm=0xc0 req=0x02 status=proto_ACK
2 00 3USB_SETUP bm=0x40 req=0x04 val=0x0276 status=set_ACK
0 00
[00:00:00.014,129] [0m<inf> bt_hci_core: hci_vs_initUSB_EP_OUT ep=0x02 len=16 data=0391000d
: HW Platform: Nordic Semiconductor (0x0002)[0m
[00:00:00USB_EP_OUT ep=0x02 len=8 data=07910001
.014,160] [0m<inf> bt_hci_core: hci_vs_init: HW Variant: nRF52x (0x0002)[0m
[00:00:00.014,190] [0m<inf> bt_hci_core: hci_vs_init: Firmware: Standard Bluetooth controllerUSB_EP_OUT ep=0x02 len=8 data=16910001
 (0x00) Version 109.16784 Build 2917677098[0m
[00:00:00.014,709] [0m<inf> bt_hci_core: bt_init: No ID address. App must call settings_load()[0m
[00:00:00.01USB_EP_OUT ep=0x02 len=12 data=0b910007
5,228] [0m<inf> bt_hci_core: bt_dev_show_info: Identity: C6:5F:36:95:D7:F9 (random)[0m
[00:00:00.015,258] [0m<inf> bt_hci_core: bt_dev_show_info: HCI: version 5.3 (0x0c) revision 0x11fa, manufacturer 0x0059[0m
[00:00:00.015,289] [0m<inf> bt_hci_core: bt_dev_show_inUSB_EP_OUT ep=0x02 len=22 data=15910001
USB_INIT bt_mac_resp sub=0x01 mac=12:34:56:78:9a:bc
fo: LMP: version 5.3 (0x0c) subver 0x11fa[0m
[00:00:00.015,350] [0m<inf> remapper: switch2_flight_dump_saved: switch2_flight dump counUSB_EP_OUT ep=0x02 len=12 data=0c910002
t=0 next_seq=0 wrapped=0[0m
[00:00:00.015,350] [0m<inf> remapper: main: Switch 2 console USB build: forcing Switch 2 Pro descriptor[0m
[00:00:00.016,510] [0m<USB_EP_OUT ep=0x02 len=16 data=02910004
inf> usb_hid: hid_do_status_cb: Device connected[0m
[00:00:00.019,622] [0m<inf> usb_hid: hid_do_status_cb: Device suspended[0m
[00:00:00.120,971] [0m<inf> usb_hidUSB_EP_OUT ep=0x02 len=16 data=02910004
: hid_do_status_cb: Device resumed[0m
[00:00:00.121,002] [0m<inf> usb_hid: hid_do_status_cb: from suspend[0m
[00:00:00.121,032] [0m<inf> usb_hid: hid_do_status_USB_EP_OUT ep=0x02 len=16 data=02910004
cb: Device reset detected[0m
[00:00:00.195,739] [0m<inf> usb_hid: hid_do_status_cb: Device configured[0m
[00:00:00.215,057] [0m<inf> remapper: switch_pro_hUSB_EP_OUT ep=0x02 len=16 data=02910004
andle_output_report: pro out_report desc=7 len=64: 00 00 00 00[0m
[00:00:00.215,087] [0m<inf> remapper: switch2_pro_handle_output_report: sw2 host_cmd len=64: 00 00 USB_EP_OUT ep=0x02 len=16 data=02910004
00 00 00 00 00 00[0m
[00:00:00.230,957] [0m<inf> remapper: switch2_pro_handle_output_report: sw2 host_cmd len=16: 03 91 00 0d 00 08 00 00[0m
[00:00:00.2USB_EP_OUT ep=0x02 len=8 data=11910003
31,994] [0m<inf> remapper: switch_pro_handle_output_report: pro out_report desc=7 len=64: 00 00 00 00[0m
[00:00:00.232,025] [0m<inf> remapper: switch2_pro_handle_USB_EP_OUT ep=0x02 len=16 data=02910004
output_report: sw2 host_cmd len=64: 00 00 00 00 00 00 00 00[0m
[00:00:00.232,421] [0m<inf> remapper: switch_pro_log_stats: switch_pro_stats enabled=1USB_EP_OUT ep=0x02 len=28 data=0a910008
 report_q=0/5 response_q=1/1 out_q=0 out_overflows=0 ble=0 ble_drop=0 host=6 host_drop=0 set=0 translated=0 mapped=0/0 heartbeat=0/0 response=0/0 response_drop=0 rumble=0/0 faiUSB_EP_OUT ep=0x02 len=8 data=11910001
l=0 busy=0 buttons=00 00 00[0m
[00:00:00.260,833] [0m<inf> remapper: switch2_pro_handle_output_report: sw2 host_cmd len=8: 07 91 00 01 00 00 00 00[0m
[00:00:00.290,832] [0m<inf> remapper: switch2_pro_handle_output_report: sw2 host_cmd len=8: 16 91 00 01 00 00 00 00[0m
[00:00:00.350,921] [0m<inf> remapper: switch2_pro_handle_output_report: sw2 hUSB_EP_OUT ep=0x02 len=12 data=0c910004
ost_cmd len=12: 0b 91 00 07 00 04 00 00[0m
[00:00:00.410,980] [0m<inf> remapper: switch2_pro_handle_output_report: sw2 host_cmd len=22: 15 91 00 01 00 0e 00 00[0m
[00:00:00.440,979] [0m<inf> remapper: switch2_pro_handle_output_report: sw2 host_cmd len=12: 0c 91 00 02 00 04 00 00[0m
[00:00:00.470,977] [0m<inf> remapper: switch2_pro_handle_ouUSB_EP_OUT ep=0x02 len=12 data=0391000a
tput_report: sw2 host_cmd len=16: 02 91 00 04 00 08 00 00[0m
[00:00:00.500,976] [0m<inf> remapper: switch2_pro_handle_output_report: sw2 host_cmd len=16: 02 91 00 04 00 08 00 00[0m
[00:00:00.530,975] [0m<inf> remapper: switch2_pro_handle_output_report: sw2 host_cmd len=16: 02 91 00 04 00 08 00 00[0m
[00:00:00.560,974] [0m<inf> remappeUSB_EP_OUT ep=0x02 len=8 data=10910001
r: switch2_pro_handle_output_report: sw2 host_cmd len=16: 02 91 00 04 00 08 00 00[0m
[00:00:00.590,972] [0m<inf> remapper: switch2_pro_handle_output_report: sw2 hosUSB_EP_OUT ep=0x02 len=8 data=0191000c
t_cmd len=16: 02 91 00 04 00 08 00 00[0m
[00:00:00.620,910] [0m<inf> remapper: switch2_pro_handle_output_report: sw2 host_cmd len=8: 11 91 00 03 00 00 00 00[0m
USB_EP_OUT ep=0x02 len=8 data=18910001
[00:00:00.650,970] [0m<inf> remapper: switch2_pro_handle_output_report: sw2 host_cmd len=16: 02 91 00 04 00 08 00 00[0m
[00:00:00.681,030] [0m<inf> remapper: switch2_pro_handle_output_report: sw2 host_cmd len=28: 0a 91 00 08 00 14 00 00[0m
[00:00:00.710,937] [0m<inf> remapper: switch2_pro_handle_output_report: sw2 host_cmd len=8: 11 91 00 01 00 00 00 00[0m
[00:00:00.771,026] [0m<inf> remapper: switch2_pro_handle_output_report: sw2 host_cmd len=12: 0c 91 00 04 00 04 00 00[0m
[00:00:00.831,054] [0m<inf> remapper: switch2_pro_handle_output_report: sw2 host_cmd len=12: 03 91 00 0a 00 04 00 00[0m
[00:00:00.863,067] [0m<inf> remapper: switch_pro_handle_output_report: pro out_report desc=7 len=64: 02 50 81 01[0m
[00:00:00.863,098] [0m<inf> remapper: switch2_pro_handle_output_report: sw2 host_cmd len=64: 02 50 81 01 10 1e 00 00[0m
[00:00:00.867,126] [0m<inf> remapper: switch_pro_handle_output_report: pro out_report desc=7 len=64: 02 51 81 01[0m
[00:00:00.867,187] [0m<inf> remapper: switch2_pro_handle_output_report: sw2 host_cmd len=64: 02 51 81 01 10 1e 00 00[0m
[00:00:00.890,991] [0m<inf> remapper: switch2_pro_handle_output_report: sw2 host_cmd len=8: 10 91 00 01 00 00 00 00[0m
[00:00:00.920,959] [0m<inf> remapper: switch2_pro_handle_output_report: sw2 host_cmd len=8: 01 91 00 0c 00 00 00 00[0m
[00:00:00.951,049] [0m<inf> remapper: switch2_pro_handle_output_report: sw2 host_cmd len=8: 18 91 00 01 00 00 00 00[0m
[00:00:01.005,157] [0m<inf> remapper: switch_pro_send_input_heartbeat: sw2 heartbeat: writes=92 fails=0 enabled=1 rep0=09 rep2=20[0m
[00:00:01.006,958] [0m<inf> remapper: int_in_ready_cb0: sw2 IN endpoint polled by console: count=93[0m
[00:00:01.232,025] [0m<inf> remapper: scan_setup_filters: scanning for Switch 2 Pro Controller manufacturer data[0m
[00:00:01.232,727] [0m<inf> remapper: scan_start: Scanning started.[0m
[00:00:01.232,940] [0m<inf> remapper: switch_pro_log_stats: switch_pro_stats enabled=1 report_q=0/5 response_q=0/2 out_q=0 out_overflows=0 ble=0 ble_drop=0 host=31 host_drop=0 set=0 translated=0 mapped=1/0 heartbeat=120/0 response=23/0 response_drop=0 rumble=2/0 fail=0 busy=0 buttons=00 00 00[0m
[00:00:02.007,171] [0m<inf> remapper: switch_pro_send_input_heartbeat: sw2 heartbeat: writes=214 fails=0 enabled=1 rep0=09 rep2=20[0m
[00:00:02.010,986] [0m<inf> remapper: int_in_ready_cb0: sw2 IN endpoint polled by console: count=215[0m
[00:00:02.232,086] [0m<inf> remapper: switch_pro_log_stats: switch_pro_stats enabled=1 report_q=0/5 response_q=0/2 out_q=0 out_overflows=0 ble=0 ble_drop=0 host=31 host_drop=0 set=0 translated=0 mapped=1/0 heartbeat=242/0 response=23/0 response_drop=0 rumble=2/0 fail=0 busy=0 buttons=00 00 00[0m
[00:00:03.010,162] [0m<inf> remapper: switch_pro_send_input_heartbeat: sw2 heartbeat: writes=322 fails=0 enabled=1 rep0=09 rep2=20[0m
[00:00:03.010,986] [0m<inf> remapper: int_in_ready_cb0: sw2 IN endpoint polled by console: count=323[0m
[00:00:03.232,116] [0m<inf> remapper: switch_pro_log_stats: switch_pro_stats enabled=1 report_q=0/5 response_q=0/2 out_q=0 out_overflows=0 ble=0 ble_drop=0 host=31 host_drop=0 set=0 translated=0 mapped=1/0 heartbeat=349/0 response=23/0 response_drop=0 rumble=2/0 fail=0 busy=0 buttons=00 00 00[0m
[00:00:04.010,986] [0m<inf> remapper: int_in_ready_cb0: sw2 IN endpoint polled by console: count=442[0m
[00:00:04.015,167] [0m<inf> remapper: switch_pro_send_input_heartbeat: sw2 heartbeat: writes=442 fails=0 enabled=1 rep0=09 rep2=20[0m
[00:00:04.232,086] [0m<inf> remapper: switch_pro_log_stats: switch_pro_stats enabled=1 report_q=0/5 response_q=0/2 out_q=0 out_overflows=0 ble=0 ble_drop=0 host=31 host_drop=0 set=0 translated=0 mapped=1/0 heartbeat=469/0 response=23/0 response_drop=0 rumble=2/0 fail=0 busy=0 buttons=00 00 00[0m
[00:00:05.010,986] [0m<inf> remapper: int_in_ready_cb0: sw2 IN endpoint polled by console: count=566[0m
[00:00:05.016,174] [0m<inf> remapper: switch_pro_send_input_heartbeat: sw2 heartbeat: writes=566 fails=0 enabled=1 rep0=09 rep2=20[0m
[00:00:05.232,116] [0m<inf> remapper: switch_pro_log_stats: switch_pro_stats enabled=1 report_q=0/5 response_q=0/2 out_q=0 out_overflows=0 ble=0 ble_drop=0 host=31 host_drop=0 set=0 translated=0 mapped=1/0 heartbeat=592/0 response=23/0 response_drop=0 rumble=2/0 fail=0 busy=0 buttons=00 00 00[0m
[00:00:06.014,984] [0m<inf> remapper: int_in_ready_cb0: sw2 IN endpoint polled by console: count=670[0m
[00:00:06.022,155] [0m<inf> remapper: switch_pro_send_input_heartbeat: sw2 heartbeat: writes=670 fails=0 enabled=1 rep0=09 rep2=20[0m
[00:00:06.232,208] [0m<inf> remapper: switch_pro_log_stats: switch_pro_stats enabled=1 report_q=0/5 response_q=0/2 out_q=0 out_overflows=0 ble=0 ble_drop=0 host=31 host_drop=0 set=0 translated=0 mapped=1/0 heartbeat=696/0 response=23/0 response_drop=0 rumble=2/0 fail=0 busy=0 buttons=00 00 00[0m
[00:00:07.019,012] [0m<inf> remapper: int_in_ready_cb0: sw2 IN endpoint polled by console: count=790[0m
[00:00:07.023,162] [0m<inf> remapper: switch_pro_send_input_heartbeat: sw2 heartbeat: writes=790 fails=0 enabled=1 rep0=09 rep2=20[0m
[00:00:07.232,238] [0m<inf> remapper: switch_pro_log_stats: switch_pro_stats enabled=1 report_q=0/5 response_q=0/2 out_q=0 out_overflows=0 ble=0 ble_drop=0 host=31 host_drop=0 set=0 translated=0 mapped=1/0 heartbeat=816/0 response=23/0 response_drop=0 rumble=2/0 fail=0 busy=0 buttons=00 00 00[0m
[00:00:08.022,979] [0m<inf> remapper: int_in_ready_cb0: sw2 IN endpoint polled by console: count=910[0m
[00:00:08.028,167] [0m<inf> remapper: switch_pro_send_input_heartbeat: sw2 heartbeat: writes=910 fails=0 enabled=1 rep0=09 rep2=20[0m
[00:00:08.232,208] [0m<inf> remapper: switch_pro_log_stats: switch_pro_stats enabled=1 report_q=0/5 response_q=0/2 out_q=0 out_overflows=0 ble=0 ble_drop=0 host=31 host_drop=0 set=0 translated=0 mapped=1/0 heartbeat=935/0 response=23/0 response_drop=0 rumble=2/0 fail=0 busy=0 buttons=00 00 00[0m
[00:00:09.023,010] [0m<inf> remapper: int_in_ready_cb0: sw2 IN endpoint polled by console: count=1015[0m
[00:00:09.030,181] [0m<inf> remapper: switch_pro_send_input_heartbeat: sw2 heartbeat: writes=1015 fails=0 enabled=1 rep0=09 rep2=20[0m
[00:00:09.232,147] [0m<inf> remapper: switch_pro_log_stats: switch_pro_stats enabled=1 report_q=0/5 response_q=0/2 out_q=0 out_overflows=0 ble=0 ble_drop=0 host=31 host_drop=0 set=0 translated=0 mapped=1/0 heartbeat=1040/0 response=23/0 response_drop=0 rumble=2/0 fail=0 busy=0 buttons=00 00 00[0m
[00:00:10.027,008] [0m<inf> remapper: int_in_ready_cb0: sw2 IN endpoint polled by console: count=1136[0m
[00:00:10.031,188] [0m<inf> remapper: switch_pro_send_input_heartbeat: sw2 heartbeat: writes=1136 fails=0 enabled=1 rep0=09 rep2=20[0m
[00:00:10.232,116] [0m<inf> remapper: switch_pro_log_stats: switch_pro_stats enabled=1 report_q=0/5 response_q=0/2 out_q=0 out_overflows=0 ble=0 ble_drop=0 host=31 host_drop=0 set=0 translated=0 mapped=1/0 heartbeat=1161/0 response=23/0 response_drop=0 rumble=2/0 fail=0 busy=0 buttons=00 00 00[0m
[00:00:11.031,005] [0m<inf> remapper: int_in_ready_cb0: sw2 IN endpoint polled by console: count=1256[0m
[00:00:11.035,186] [0m<inf> remapper: switch_pro_send_input_heartbeat: sw2 heartbeat: writes=1256 fails=0 enabled=1 rep0=09 rep2=20[0m
[00:00:11.232,208] [0m<inf> remapper: switch_pro_log_stats: switch_pro_stats enabled=1 report_q=0/5 response_q=0/2 out_q=0 out_overflows=0 ble=0 ble_drop=0 host=31 host_drop=0 set=0 translated=0 mapped=1/0 heartbeat=1280/0 response=23/0 response_drop=0 rumble=2/0 fail=0 busy=0 buttons=00 00 00[0m
[00:00:12.030,975] [0m<inf> remapper: int_in_ready_cb0: sw2 IN endpoint polled by console: count=1362[0m
[00:00:12.038,177] [0m<inf> remapper: switch_pro_send_input_heartbeat: sw2 heartbeat: writes=1362 fails=0 enabled=1 rep0=09 rep2=20[0m
[00:00:12.232,147] [0m<inf> remapper: switch_pro_log_stats: switch_pro_stats enabled=1 report_q=0/5 response_q=0/2 out_q=0 out_overflows=0 ble=0 ble_drop=0 host=31 host_drop=0 set=0 translated=0 mapped=1/0 heartbeat=1386/0 response=23/0 response_drop=0 rumble=2/0 fail=0 busy=0 buttons=00 00 00[0m
[00:00:13.035,003] [0m<inf> remapper: int_in_ready_cb0: sw2 IN endpoint polled by console: count=1484[0m
[00:00:13.039,184] [0m<inf> remapper: switch_pro_send_input_heartbeat: sw2 heartbeat: writes=1484 fails=0 enabled=1 rep0=09 rep2=20[0m
[00:00:13.232,116] [0m<inf> remapper: switch_pro_log_stats: switch_pro_stats enabled=1 report_q=0/5 response_q=0/2 out_q=0 out_overflows=0 ble=0 ble_drop=0 host=31 host_drop=0 set=0 translated=0 mapped=1/0 heartbeat=1508/0 response=23/0 response_drop=0 rumble=2/0 fail=0 busy=0 buttons=00 00 00[0m
[00:00:14.039,001] [0m<inf> remapper: int_in_ready_cb0: sw2 IN endpoint polled by console: count=1604[0m
[00:00:14.043,182] [0m<inf> remapper: switch_pro_send_input_heartbeat: sw2 heartbeat: writes=1604 fails=0 enabled=1 rep0=09 rep2=20[0m
[00:00:14.232,116] [0m<inf> remapper: switch_pro_log_stats: switch_pro_stats enabled=1 report_q=0/5 response_q=0/2 out_q=0 out_overflows=0 ble=0 ble_drop=0 host=31 host_drop=0 set=0 translated=0 mapped=1/0 heartbeat=1627/0 response=23/0 response_drop=0 rumble=2/0 fail=0 busy=0 buttons=00 00 00[0m
[00:00:15.039,031] [0m<inf> remapper: int_in_ready_cb0: sw2 IN endpoint polled by console: count=1711[0m
[00:00:15.046,173] [0m<inf> remapper: switch_pro_send_input_heartbeat: sw2 heartbeat: writes=1711 fails=0 enabled=1 rep0=09 rep2=20[0m
[00:00:15.232,147] [0m<inf> remapper: switch_pro_log_stats: switch_pro_stats enabled=1 report_q=0/5 response_q=0/2 out_q=0 out_overflows=0 ble=0 ble_drop=0 host=31 host_drop=0 set=0 translated=0 mapped=1/0 heartbeat=1734/0 response=23/0 response_drop=0 rumble=2/0 fail=0 busy=0 buttons=00 00 00[0m
[00:00:16.043,029] [0m<inf> remapper: int_in_ready_cb0: sw2 IN endpoint polled by console: count=1834[0m
[00:00:16.047,180] [0m<inf> remapper: switch_pro_send_input_heartbeat: sw2 heartbeat: writes=1834 fails=0 enabled=1 rep0=09 rep2=20[0m
[00:00:16.232,116] [0m<inf> remapper: switch_pro_log_stats: switch_pro_stats enabled=1 report_q=0/5 response_q=0/2 out_q=0 out_overflows=0 ble=0 ble_drop=0 host=31 host_drop=0 set=0 translated=0 mapped=1/0 heartbeat=1857/0 response=23/0 response_drop=0 rumble=2/0 fail=0 busy=0 buttons=00 00 00[0m
[00:00:17.047,027] [0m<inf> remapper: int_in_ready_cb0: sw2 IN endpoint polled by console: count=1955[0m
[00:00:17.051,208] [0m<inf> remapper: switch_pro_send_input_heartbeat: sw2 heartbeat: writes=1955 fails=0 enabled=1 rep0=09 rep2=20[0m
[00:00:17.232,116] [0m<inf> remapper: switch_pro_log_stats: switch_pro_stats enabled=1 report_q=0/5 response_q=0/2 out_q=0 out_overflows=0 ble=0 ble_drop=0 host=31 host_drop=0 set=0 translated=0 mapped=1/0 heartbeat=1977/0 response=23/0 response_drop=0 rumble=2/0 fail=0 busy=0 buttons=00 00 00[0m
[00:00:18.046,997] [0m<inf> remapper: int_in_ready_cb0: sw2 IN endpoint polled by console: count=2063[0m
[00:00:18.054,443] [0m<inf> remapper: switch_pro_send_input_heartbeat: sw2 heartbeat: writes=2063 fails=0 enabled=1 rep0=09 rep2=20[0m
[00:00:18.232,147] [0m<inf> remapper: switch_pro_log_stats: switch_pro_stats enabled=1 report_q=0/5 response_q=0/2 out_q=0 out_overflows=0 ble=0 ble_drop=0 host=31 host_drop=0 set=0 translated=0 mapped=1/0 heartbeat=2085/0 response=23/0 response_drop=0 rumble=2/0 fail=0 busy=0 buttons=00 00 00[0m
[00:00:19.051,025] [0m<inf> remapper: int_in_ready_cb0: sw2 IN endpoint polled by console: count=2187[0m
[00:00:19.055,267] [0m<inf> remapper: switch_pro_send_input_heartbeat: sw2 heartbeat: writes=2187 fails=0 enabled=1 rep0=09 rep2=20[0m
[00:00:19.232,116] [0m<inf> remapper: switch_pro_log_stats: switch_pro_stats enabled=1 report_q=0/5 response_q=0/2 out_q=0 out_overflows=0 ble=0 ble_drop=0 host=31 host_drop=0 set=0 translated=0 mapped=1/0 heartbeat=2209/0 response=23/0 response_drop=0 rumble=2/0 fail=0 busy=0 buttons=00 00 00[0m
[00:00:20.055,023] [0m<inf> remapper: int_in_ready_cb0: sw2 IN endpoint polled by console: count=2309[0m
[00:00:20.059,204] [0m<inf> remapper: switch_pro_send_input_heartbeat: sw2 heartbeat: writes=2309 fails=0 enabled=1 rep0=09 rep2=20[0m
[00:00:20.232,116] [0m<inf> remapper: switch_pro_log_stats: switch_pro_stats enabled=1 report_q=0/5 response_q=0/2 out_q=0 out_overflows=0 ble=0 ble_drop=0 host=31 host_drop=0 set=0 translated=0 mapped=1/0 heartbeat=2330/0 response=23/0 response_drop=0 rumble=2/0 fail=0 busy=0 buttons=00 00 00[0m
[00:00:21.058,990] [0m<inf> remapper: int_in_ready_cb0: sw2 IN endpoint polled by console: count=2411[0m
[00:00:21.066,192] [0m<inf> remapper: switch_pro_send_input_heartbeat: sw2 heartbeat: writes=2411 fails=0 enabled=1 rep0=09 rep2=20[0m
[00:00:21.232,147] [0m<inf> remapper: switch_pro_log_stats: switch_pro_stats enabled=1 report_q=0/5 response_q=0/2 out_q=0 out_overflows=0 ble=0 ble_drop=0 host=31 host_drop=0 set=0 translated=0 mapped=1/0 heartbeat=2431/0 response=23/0 response_drop=0 rumble=2/0 fail=0 busy=0 buttons=00 00 00[0m
[00:00:22.063,049] [0m<inf> remapper: int_in_ready_cb0: sw2 IN endpoint polled by console: count=2531[0m
[00:00:22.068,206] [0m<inf> remapper: switch_pro_send_input_heartbeat: sw2 heartbeat: writes=2531 fails=0 enabled=1 rep0=09 rep2=20[0m
[00:00:22.232,116] [0m<inf> remapper: switch_pro_log_stats: switch_pro_stats enabled=1 report_q=0/5 response_q=0/2 out_q=0 out_overflows=0 ble=0 ble_drop=0 host=31 host_drop=0 set=0 translated=0 mapped=1/0 heartbeat=2551/0 response=23/0 response_drop=0 rumble=2/0 fail=0 busy=0 buttons=00 00 00[0m
[00:00:23.063,018] [0m<inf> remapper: int_in_ready_cb0: sw2 IN endpoint polled by console: count=2654[0m
[00:00:23.075,164] [0m<inf> remapper: switch_pro_send_input_heartbeat: sw2 heartbeat: writes=2655 fails=0 enabled=1 rep0=09 rep2=20[0m
[00:00:23.232,116] [0m<inf> remapper: switch_pro_log_stats: switch_pro_stats enabled=1 report_q=0/5 response_q=0/2 out_q=0 out_overflows=0 ble=0 ble_drop=0 host=31 host_drop=0 set=0 translated=0 mapped=1/0 heartbeat=2674/0 response=23/0 response_drop=0 rumble=2/0 fail=0 busy=0 buttons=00 00 00[0m
[00:00:24.067,016] [0m<inf> remapper: int_in_ready_cb0: sw2 IN endpoint polled by console: count=2758[0m
[00:00:24.082,183] [0m<inf> remapper: switch_pro_send_input_heartbeat: sw2 heartbeat: writes=2759 fails=0 enabled=1 rep0=09 rep2=20[0m
[00:00:24.232,147] [0m<inf> remapper: switch_pro_log_stats: switch_pro_stats enabled=1 report_q=0/5 response_q=0/2 out_q=0 out_overflows=0 ble=0 ble_drop=0 host=31 host_drop=0 set=0 translated=0 mapped=1/0 heartbeat=2777/0 response=23/0 response_drop=0 rumble=2/0 fail=0 busy=0 buttons=00 00 00[0m
[00:00:25.071,014] [0m<inf> remapper: int_in_ready_cb0: sw2 IN endpoint polled by console: count=2878[0m
[00:00:25.083,190] [0m<inf> remapper: switch_pro_send_input_heartbeat: sw2 heartbeat: writes=2879 fails=0 enabled=1 rep0=09 rep2=20[0m
[00:00:25.232,269] [0m<inf> remapper: switch_pro_log_stats: switch_pro_stats enabled=1 report_q=0/5 response_q=0/2 out_q=0 out_overflows=0 ble=0 ble_drop=0 host=31 host_drop=0 set=0 translated=0 mapped=1/0 heartbeat=2897/0 response=23/0 response_drop=0 rumble=2/0 fail=0 busy=0 buttons=00 00 00[0m
[00:00:26.075,012] [0m<inf> remapper: int_in_ready_cb0: sw2 IN endpoint polled by console: count=2998[0m
[00:00:26.088,195] [0m<inf> remapper: switch_pro_send_input_heartbeat: sw2 heartbeat: writes=2999 fails=0 enabled=1 rep0=09 rep2=20[0m
[00:00:26.232,147] [0m<inf> remapper: switch_pro_log_stats: switch_pro_stats enabled=1 report_q=0/5 response_q=0/2 out_q=0 out_overflows=0 ble=0 ble_drop=0 host=31 host_drop=0 set=0 translated=0 mapped=1/0 heartbeat=3016/0 response=23/0 response_drop=0 rumble=2/0 fail=0 busy=0 buttons=00 00 00[0m
[00:00:27.075,042] [0m<inf> remapper: int_in_ready_cb0: sw2 IN endpoint polled by console: count=3103[0m
[00:00:27.090,209] [0m<inf> remapper: switch_pro_send_input_heartbeat: sw2 heartbeat: writes=3104 fails=0 enabled=1 rep0=09 rep2=20[0m
[00:00:27.232,177] [0m<inf> remapper: switch_pro_log_stats: switch_pro_stats enabled=1 report_q=0/5 response_q=0/2 out_q=0 out_overflows=0 ble=0 ble_drop=0 host=31 host_drop=0 set=0 translated=0 mapped=1/0 heartbeat=3121/0 response=23/0 response_drop=0 rumble=2/0 fail=0 busy=0 buttons=00 00 00[0m
[00:00:28.079,010] [0m<inf> remapper: int_in_ready_cb0: sw2 IN endpoint polled by console: count=3224[0m
[00:00:28.091,217] [0m<inf> remapper: switch_pro_send_input_heartbeat: sw2 heartbeat: writes=3225 fails=0 enabled=1 rep0=09 rep2=20[0m
[00:00:28.232,269] [0m<inf> remapper: switch_pro_log_stats: switch_pro_stats enabled=1 report_q=0/5 response_q=0/2 out_q=0 out_overflows=0 ble=0 ble_drop=0 host=31 host_drop=0 set=0 translated=0 mapped=1/0 heartbeat=3242/0 response=23/0 response_drop=0 rumble=2/0 fail=0 busy=0 buttons=00 00 00[0m
[00:00:29.083,007] [0m<inf> remapper: int_in_ready_cb0: sw2 IN endpoint polled by console: count=3344[0m
[00:00:29.095,214] [0m<inf> remapper: switch_pro_send_input_heartbeat: sw2 heartbeat: writes=3345 fails=0 enabled=1 rep0=09 rep2=20[0m
[00:00:29.232,147] [0m<inf> remapper: switch_pro_log_stats: switch_pro_stats enabled=1 report_q=0/5 response_q=0/2 out_q=0 out_overflows=0 ble=0 ble_drop=0 host=31 host_drop=0 set=0 translated=0 mapped=1/0 heartbeat=3362/0 response=23/0 response_drop=0 rumble=2/0 fail=0 busy=0 buttons=00 00 00[0m
[00:00:30.083,007] [0m<inf> remapper: int_in_ready_cb0: sw2 IN endpoint polled by console: count=3450[0m
[00:00:30.098,205] [0m<inf> remapper: switch_pro_send_input_heartbeat: sw2 heartbeat: writes=3451 fails=0 enabled=1 rep0=09 rep2=20[0m
[00:00:30.232,177] [0m<inf> remapper: switch_pro_log_stats: switch_pro_stats enabled=1 report_q=0/5 response_q=0/2 out_q=0 out_overflows=0 ble=0 ble_drop=0 host=31 host_drop=0 set=0 translated=0 mapped=1/0 heartbeat=3467/0 response=23/0 response_drop=0 rumble=2/0 fail=0 busy=0 buttons=00 00 00[0m
[00:00:31.087,036] [0m<inf> remapper: int_in_ready_cb0: sw2 IN endpoint polled by console: count=3572[0m
[00:00:31.099,212] [0m<inf> remapper: switch_pro_send_input_heartbeat: sw2 heartbeat: writes=3573 fails=0 enabled=1 rep0=09 rep2=20[0m
[00:00:31.232,269] [0m<inf> remapper: switch_pro_log_stats: switch_pro_stats enabled=1 report_q=0/5 response_q=0/2 out_q=0 out_overflows=0 ble=0 ble_drop=0 host=31 host_drop=0 set=0 translated=0 mapped=1/0 heartbeat=3589/0 response=23/0 response_drop=0 rumble=2/0 fail=0 busy=0 buttons=00 00 00[0m
[00:00:32.091,033] [0m<inf> remapper: int_in_ready_cb0: sw2 IN endpoint polled by console: count=3692[0m
[00:00:32.103,210] [0m<inf> remapper: switch_pro_send_input_heartbeat: sw2 heartbeat: writes=3693 fails=0 enabled=1 rep0=09 rep2=20[0m
[00:00:32.232,147] [0m<inf> remapper: switch_pro_log_stats: switch_pro_stats enabled=1 report_q=0/5 response_q=0/2 out_q=0 out_overflows=0 ble=0 ble_drop=0 host=31 host_drop=0 set=0 translated=0 mapped=1/0 heartbeat=3709/0 response=23/0 response_drop=0 rumble=2/0 fail=0 busy=0 buttons=00 00 00[0m
[00:00:33.091,033] [0m<inf> remapper: int_in_ready_cb0: sw2 IN endpoint polled by console: count=3799[0m
[00:00:33.106,201] [0m<inf> remapper: switch_pro_send_input_heartbeat: sw2 heartbeat: writes=3800 fails=0 enabled=1 rep0=09 rep2=20[0m
[00:00:33.232,177] [0m<inf> remapper: switch_pro_log_stats: switch_pro_stats enabled=1 report_q=0/5 response_q=0/2 out_q=0 out_overflows=0 ble=0 ble_drop=0 host=31 host_drop=0 set=0 translated=0 mapped=1/0 heartbeat=3815/0 response=23/0 response_drop=0 rumble=2/0 fail=0 busy=0 buttons=00 00 00[0m
[00:00:34.095,031] [0m<inf> remapper: int_in_ready_cb0: sw2 IN endpoint polled by console: count=3922[0m
[00:00:34.107,238] [0m<inf> remapper: switch_pro_send_input_heartbeat: sw2 heartbeat: writes=3923 fails=0 enabled=1 rep0=09 rep2=20[0m
[00:00:34.232,147] [0m<inf> remapper: switch_pro_log_stats: switch_pro_stats enabled=1 report_q=0/5 response_q=0/2 out_q=0 out_overflows=0 ble=0 ble_drop=0 host=31 host_drop=0 set=0 translated=0 mapped=1/0 heartbeat=3938/0 response=23/0 response_drop=0 rumble=2/0 fail=0 busy=0 buttons=00 00 00[0m
[00:00:35.099,029] [0m<inf> remapper: int_in_ready_cb0: sw2 IN endpoint polled by console: count=4043[0m
[00:00:35.111,236] [0m<inf> remapper: switch_pro_send_input_heartbeat: sw2 heartbeat: writes=4044 fails=0 enabled=1 rep0=09 rep2=20[0m
[00:00:35.232,147] [0m<inf> remapper: switch_pro_log_stats: switch_pro_stats enabled=1 report_q=0/5 response_q=0/2 out_q=0 out_overflows=0 ble=0 ble_drop=0 host=31 host_drop=0 set=0 translated=0 mapped=1/0 heartbeat=4059/0 response=23/0 response_drop=0 rumble=2/0 fail=0 busy=0 buttons=00 00 00[0m
[00:00:36.099,060] [0m<inf> remapper: int_in_ready_cb0: sw2 IN endpoint polled by console: count=4151[0m
[00:00:36.114,227] [0m<inf> remapper: switch_pro_send_input_heartbeat: sw2 heartbeat: writes=4152 fails=0 enabled=1 rep0=09 rep2=20[0m
[00:00:36.232,177] [0m<inf> remapper: switch_pro_log_stats: switch_pro_stats enabled=1 report_q=0/5 response_q=0/2 out_q=0 out_overflows=0 ble=0 ble_drop=0 host=31 host_drop=0 set=0 translated=0 mapped=1/0 heartbeat=4166/0 response=23/0 response_drop=0 rumble=2/0 fail=0 busy=0 buttons=00 00 00[0m
[00:00:37.103,057] [0m<inf> remapper: int_in_ready_cb0: sw2 IN endpoint polled by console: count=4275[0m
[00:00:37.115,295] [0m<inf> remapper: switch_pro_send_input_heartbeat: sw2 heartbeat: writes=4276 fails=0 enabled=1 rep0=09 rep2=20[0m
[00:00:37.232,147] [0m<inf> remapper: switch_pro_log_stats: switch_pro_stats enabled=1 report_q=0/5 response_q=0/2 out_q=0 out_overflows=0 ble=0 ble_drop=0 host=31 host_drop=0 set=0 translated=0 mapped=1/0 heartbeat=4290/0 response=23/0 response_drop=0 rumble=2/0 fail=0 busy=0 buttons=00 00 00[0m
[00:00:38.107,055] [0m<inf> remapper: int_in_ready_cb0: sw2 IN endpoint polled by console: count=4397[0m
[00:00:38.119,232] [0m<inf> remapper: switch_pro_send_input_heartbeat: sw2 heartbeat: writes=4398 fails=0 enabled=1 rep0=09 rep2=20[0m
[00:00:38.232,147] [0m<inf> remapper: switch_pro_log_stats: switch_pro_stats enabled=1 report_q=0/5 response_q=0/2 out_q=0 out_overflows=0 ble=0 ble_drop=0 host=31 host_drop=0 set=0 translated=0 mapped=1/0 heartbeat=4412/0 response=23/0 response_drop=0 rumble=2/0 fail=0 busy=0 buttons=00 00 00[0m
[00:00:39.111,022] [0m<inf> remapper: int_in_ready_cb0: sw2 IN endpoint polled by console: count=4499[0m
[00:00:39.126,220] [0m<inf> remapper: switch_pro_send_input_heartbeat: sw2 heartbeat: writes=4500 fails=0 enabled=1 rep0=09 rep2=20[0m
[00:00:39.232,177] [0m<inf> remapper: switch_pro_log_stats: switch_pro_stats enabled=1 report_q=0/5 response_q=0/2 out_q=0 out_overflows=0 ble=0 ble_drop=0 host=31 host_drop=0 set=0 translated=0 mapped=1/0 heartbeat=4513/0 response=23/0 response_drop=0 rumble=2/0 fail=0 busy=0 buttons=00 00 00[0m
[00:00:40.115,020] [0m<inf> remapper: int_in_ready_cb0: sw2 IN endpoint polled by console: count=4619[0m
[00:00:40.128,234] [0m<inf> remapper: switch_pro_send_input_heartbeat: sw2 heartbeat: writes=4620 fails=0 enabled=1 rep0=09 rep2=20[0m
[00:00:40.232,208] [0m<inf> remapper: switch_pro_log_stats: switch_pro_stats enabled=1 report_q=0/5 response_q=0/2 out_q=0 out_overflows=0 ble=0 ble_drop=0 host=31 host_drop=0 set=0 translated=0 mapped=1/0 heartbeat=4632/0 response=23/0 response_drop=0 rumble=2/0 fail=0 busy=0 buttons=00 00 00[0m
[00:00:41.115,051] [0m<inf> remapper: int_in_ready_cb0: sw2 IN endpoint polled by console: count=4742[0m
[00:00:41.135,192] [0m<inf> remapper: switch_pro_send_input_heartbeat: sw2 heartbeat: writes=4744 fails=0 enabled=1 rep0=09 rep2=20[0m
[00:00:41.232,147] [0m<inf> remapper: switch_pro_log_stats: switch_pro_stats enabled=1 report_q=0/5 response_q=0/2 out_q=0 out_overflows=0 ble=0 ble_drop=0 host=31 host_drop=0 set=0 translated=0 mapped=1/0 heartbeat=4756/0 response=23/0 response_drop=0 rumble=2/0 fail=0 busy=0 buttons=00 00 00[0m
[00:00:42.119,049] [0m<inf> remapper: int_in_ready_cb0: sw2 IN endpoint polled by console: count=4846[0m
[00:00:42.142,211] [0m<inf> remapper: switch_pro_send_input_heartbeat: sw2 heartbeat: writes=4848 fails=0 enabled=1 rep0=09 rep2=20[0m
[00:00:42.232,177] [0m<inf> remapper: switch_pro_log_stats: switch_pro_stats enabled=1 report_q=0/5 response_q=0/2 out_q=0 out_overflows=0 ble=0 ble_drop=0 host=31 host_drop=0 set=0 translated=0 mapped=1/0 heartbeat=4859/0 response=23/0 response_drop=0 rumble=2/0 fail=0 busy=0 buttons=00 00 00[0m
[00:00:43.123,046] [0m<inf> remapper: int_in_ready_cb0: sw2 IN endpoint polled by console: count=4966[0m
[00:00:43.143,218] [0m<inf> remapper: switch_pro_send_input_heartbeat: sw2 heartbeat: writes=4968 fails=0 enabled=1 rep0=09 rep2=20[0m
[00:00:43.232,269] [0m<inf> remapper: switch_pro_log_stats: switch_pro_stats enabled=1 report_q=0/5 response_q=0/2 out_q=0 out_overflows=0 ble=0 ble_drop=0 host=31 host_drop=0 set=0 translated=0 mapped=1/0 heartbeat=4979/0 response=23/0 response_drop=0 rumble=2/0 fail=0 busy=0 buttons=00 00 00[0m
[00:00:44.127,044] [0m<inf> remapper: int_in_ready_cb0: sw2 IN endpoint polled by console: count=5086[0m
[00:00:44.148,223] [0m<inf> remapper: switch_pro_send_input_heartbeat: sw2 heartbeat: writes=5088 fails=0 enabled=1 rep0=09 rep2=20[0m
[00:00:44.232,269] [0m<inf> remapper: switch_pro_log_stats: switch_pro_stats enabled=1 report_q=0/5 response_q=0/2 out_q=0 out_overflows=0 ble=0 ble_drop=0 host=31 host_drop=0 set=0 translated=0 mapped=1/0 heartbeat=5098/0 response=23/0 response_drop=0 rumble=2/0 fail=0 busy=0 buttons=00 00 00[0m
[00:00:45.127,044] [0m<inf> remapper: int_in_ready_cb0: sw2 IN endpoint polled by console: count=5191[0m
[00:00:45.150,238] [0m<inf> remapper: switch_pro_send_input_heartbeat: sw2 heartbeat: writes=5193 fails=0 enabled=1 rep0=09 rep2=20[0m
[00:00:45.232,269] [0m<inf> remapper: switch_pro_log_stats: switch_pro_stats enabled=1 report_q=0/5 response_q=0/2 out_q=0 out_overflows=0 ble=0 ble_drop=0 host=31 host_drop=0 set=0 translated=0 mapped=1/0 heartbeat=5203/0 response=23/0 response_drop=0 rumble=2/0 fail=0 busy=0 buttons=00 00 00[0m
[00:00:46.131,042] [0m<inf> remapper: int_in_ready_cb0: sw2 IN endpoint polled by console: count=5312[0m
[00:00:46.151,245] [0m<inf> remapper: switch_pro_send_input_heartbeat: sw2 heartbeat: writes=5314 fails=0 enabled=1 rep0=09 rep2=20[0m
[00:00:46.232,177] [0m<inf> remapper: switch_pro_log_stats: switch_pro_stats enabled=1 report_q=0/5 response_q=0/2 out_q=0 out_overflows=0 ble=0 ble_drop=0 host=31 host_drop=0 set=0 translated=0 mapped=1/0 heartbeat=5324/0 response=23/0 response_drop=0 rumble=2/0 fail=0 busy=0 buttons=00 00 00[0m
[00:00:47.135,040] [0m<inf> remapper: int_in_ready_cb0: sw2 IN endpoint polled by console: count=5432[0m
[00:00:47.155,242] [0m<inf> remapper: switch_pro_send_input_heartbeat: sw2 heartbeat: writes=5434 fails=0 enabled=1 rep0=09 rep2=20[0m
[00:00:47.232,269] [0m<inf> remapper: switch_pro_log_stats: switch_pro_stats enabled=1 report_q=0/5 response_q=0/2 out_q=0 out_overflows=0 ble=0 ble_drop=0 host=31 host_drop=0 set=0 translated=0 mapped=1/0 heartbeat=5443/0 response=23/0 response_drop=0 rumble=2/0 fail=0 busy=0 buttons=00 00 00[0m
[00:00:48.135,070] [0m<inf> remapper: int_in_ready_cb0: sw2 IN endpoint polled by console: count=5538[0m
[00:00:48.158,233] [0m<inf> remapper: switch_pro_send_input_heartbeat: sw2 heartbeat: writes=5540 fails=0 enabled=1 rep0=09 rep2=20[0m
[00:00:48.232,208] [0m<inf> remapper: switch_pro_log_stats: switch_pro_stats enabled=1 report_q=0/5 response_q=0/2 out_q=0 out_overflows=0 ble=0 ble_drop=0 host=31 host_drop=0 set=0 translated=0 mapped=1/0 heartbeat=5549/0 response=23/0 response_drop=0 rumble=2/0 fail=0 busy=0 buttons=00 00 00[0m
[00:00:49.139,068] [0m<inf> remapper: int_in_ready_cb0: sw2 IN endpoint polled by console: count=5660[0m
[00:00:49.159,240] [0m<inf> remapper: switch_pro_send_input_heartbeat: sw2 heartbeat: writes=5662 fails=0 enabled=1 rep0=09 rep2=20[0m
[00:00:49.232,177] [0m<inf> remapper: switch_pro_log_stats: switch_pro_stats enabled=1 report_q=0/5 response_q=0/2 out_q=0 out_overflows=0 ble=0 ble_drop=0 host=31 host_drop=0 set=0 translated=0 mapped=1/0 heartbeat=5671/0 response=23/0 response_drop=0 rumble=2/0 fail=0 busy=0 buttons=00 00 00[0m
[00:00:50.143,066] [0m<inf> remapper: int_in_ready_cb0: sw2 IN endpoint polled by console: count=5780[0m
[00:00:50.163,238] [0m<inf> remapper: switch_pro_send_input_heartbeat: sw2 heartbeat: writes=5782 fails=0 enabled=1 rep0=09 rep2=20[0m
[00:00:50.232,208] [0m<inf> remapper: switch_pro_log_stats: switch_pro_stats enabled=1 report_q=0/5 response_q=0/2 out_q=0 out_overflows=0 ble=0 ble_drop=0 host=31 host_drop=0 set=0 translated=0 mapped=1/0 heartbeat=5790/0 response=23/0 response_drop=0 rumble=2/0 fail=0 busy=0 buttons=00 00 00[0m
[00:00:51.143,035] [0m<inf> remapper: int_in_ready_cb0: sw2 IN endpoint polled by console: count=5887[0m
[00:00:51.166,229] [0m<inf> remapper: switch_pro_send_input_heartbeat: sw2 heartbeat: writes=5889 fails=0 enabled=1 rep0=09 rep2=20[0m
[00:00:51.232,208] [0m<inf> remapper: switch_pro_log_stats: switch_pro_stats enabled=1 report_q=0/5 response_q=0/2 out_q=0 out_overflows=0 ble=0 ble_drop=0 host=31 host_drop=0 set=0 translated=0 mapped=1/0 heartbeat=5897/0 response=23/0 response_drop=0 rumble=2/0 fail=0 busy=0 buttons=00 00 00[0m
[00:00:52.147,064] [0m<inf> remapper: int_in_ready_cb0: sw2 IN endpoint polled by console: count=6010[0m
[00:00:52.167,236] [0m<inf> remapper: switch_pro_send_input_heartbeat: sw2 heartbeat: writes=6012 fails=0 enabled=1 rep0=09 rep2=20[0m
[00:00:52.232,208] [0m<inf> remapper: switch_pro_log_stats: switch_pro_stats enabled=1 report_q=0/5 response_q=0/2 out_q=0 out_overflows=0 ble=0 ble_drop=0 host=31 host_drop=0 set=0 translated=0 mapped=1/0 heartbeat=6020/0 response=23/0 response_drop=0 rumble=2/0 fail=0 busy=0 buttons=00 00 00[0m
[00:00:53.151,062] [0m<inf> remapper: int_in_ready_cb0: sw2 IN endpoint polled by console: count=6131[0m
[00:00:53.171,264] [0m<inf> remapper: switch_pro_send_input_heartbeat: sw2 heartbeat: writes=6133 fails=0 enabled=1 rep0=09 rep2=20[0m
[00:00:53.232,177] [0m<inf> remapper: switch_pro_log_stats: switch_pro_stats enabled=1 report_q=0/5 response_q=0/2 out_q=0 out_overflows=0 ble=0 ble_drop=0 host=31 host_drop=0 set=0 translated=0 mapped=1/0 heartbeat=6140/0 response=23/0 response_drop=0 rumble=2/0 fail=0 busy=0 buttons=00 00 00[0m
[00:00:54.151,092] [0m<inf> remapper: int_in_ready_cb0: sw2 IN endpoint polled by console: count=6239[0m
[00:00:54.174,255] [0m<inf> remapper: switch_pro_send_input_heartbeat: sw2 heartbeat: writes=6241 fails=0 enabled=1 rep0=09 rep2=20[0m
[00:00:54.232,208] [0m<inf> remapper: switch_pro_log_stats: switch_pro_stats enabled=1 report_q=0/5 response_q=0/2 out_q=0 out_overflows=0 ble=0 ble_drop=0 host=31 host_drop=0 set=0 translated=0 mapped=1/0 heartbeat=6248/0 response=23/0 response_drop=0 rumble=2/0 fail=0 busy=0 buttons=00 00 00[0m
[00:00:55.155,090] [0m<inf> remapper: int_in_ready_cb0: sw2 IN endpoint polled by console: count=6363[0m
[00:00:55.175,262] [0m<inf> remapper: switch_pro_send_input_heartbeat: sw2 heartbeat: writes=6365 fails=0 enabled=1 rep0=09 rep2=20[0m
[00:00:55.232,177] [0m<inf> remapper: switch_pro_log_stats: switch_pro_stats enabled=1 report_q=0/5 response_q=0/2 out_q=0 out_overflows=0 ble=0 ble_drop=0 host=31 host_drop=0 set=0 translated=0 mapped=1/0 heartbeat=6372/0 response=23/0 response_drop=0 rumble=2/0 fail=0 busy=0 buttons=00 00 00[0m
[00:00:56.159,057] [0m<inf> remapper: int_in_ready_cb0: sw2 IN endpoint polled by console: count=6485[0m
[00:00:56.179,260] [0m<inf> remapper: switch_pro_send_input_heartbeat: sw2 heartbeat: writes=6487 fails=0 enabled=1 rep0=09 rep2=20[0m
[00:00:56.232,208] [0m<inf> remapper: switch_pro_log_stats: switch_pro_stats enabled=1 report_q=0/5 response_q=0/2 out_q=0 out_overflows=0 ble=0 ble_drop=0 host=31 host_drop=0 set=0 translated=0 mapped=1/0 heartbeat=6493/0 response=23/0 response_drop=0 rumble=2/0 fail=0 busy=0 buttons=00 00 00[0m
[00:00:57.163,055] [0m<inf> remapper: int_in_ready_cb0: sw2 IN endpoint polled by console: count=6587[0m
[00:00:57.186,248] [0m<inf> remapper: switch_pro_send_input_heartbeat: sw2 heartbeat: writes=6589 fails=0 enabled=1 rep0=09 rep2=20[0m
[00:00:57.232,208] [0m<inf> remapper: switch_pro_log_stats: switch_pro_stats enabled=1 report_q=0/5 response_q=0/2 out_q=0 out_overflows=0 ble=0 ble_drop=0 host=31 host_drop=0 set=0 translated=0 mapped=1/0 heartbeat=6594/0 response=23/0 response_drop=0 rumble=2/0 fail=0 busy=0 buttons=00 00 00[0m
[00:00:58.167,083] [0m<inf> remapper: int_in_ready_cb0: sw2 IN endpoint polled by console: count=6707[0m
[00:00:58.188,262] [0m<inf> remapper: switch_pro_send_input_heartbeat: sw2 heartbeat: writes=6709 fails=0 enabled=1 rep0=09 rep2=20[0m
[00:00:58.232,208] [0m<inf> remapper: switch_pro_log_stats: switch_pro_stats enabled=1 report_q=0/5 response_q=0/2 out_q=0 out_overflows=0 ble=0 ble_drop=0 host=31 host_drop=0 set=0 translated=0 mapped=1/0 heartbeat=6714/0 response=23/0 response_drop=0 rumble=2/0 fail=0 busy=0 buttons=00 00 00[0m
