[11:49:28.482182] CTRL IN  req=IN STANDARD request GET_DESCRIPTOR (0x06) to DEVICE [value=0x0100, index=0x0000, length=8] len=8 12010002ef020140
[11:49:28.484093] CTRL IN  req=IN STANDARD request GET_DESCRIPTOR (0x06) to DEVICE [value=0x0100, index=0x0000, length=18] len=18 12010002ef0201407e056920010201020301
[11:49:28.486362] CTRL IN  req=IN STANDARD request GET_DESCRIPTOR (0x06) to DEVICE [value=0x0200, index=0x0000, length=9] len=9 09020c01050104c0fa
[11:49:28.488440] CTRL IN  req=IN STANDARD request GET_DESCRIPTOR (0x06) to DEVICE [value=0x0200, index=0x0000, length=268] len=268 09020c01050104c0fa080b0001030000000904000002030000050921110100012261000705810340000407050103400004080b0101ff0000000904010002ff0000060705020240000007058202400000080b0203010100000904020000010100000a2401000147000203040c24020101010002030000000a2406020101030000000924030302030002000c2402040102000100000000092406050401030000092403060101000500090403000001020000090403010101020000072401010001000b2402010202100180bb000705030dc0000107250100000000090404000001020000090404010101020000072401060001000b2402010202100180bb000705830dc0000107250100000000
[11:49:28.492984] EP OUT 0x03 len=0 
[11:49:28.495678] CTRL IN  req=IN STANDARD request GET_DESCRIPTOR (0x06) to DEVICE [value=0x0300, index=0x0000, length=4096] len=8 0803090402040108
[11:49:28.496979] EP OUT 0x03 len=0 
[11:49:28.498941] CTRL IN  req=IN VENDOR request 0x03 to DEVICE [value=0x0000, index=0x0000, length=64] len=64 0100484557373030303631363937383000007e056920010601232323a0a0a0e6e6e6323232ffffffffffffffffffffffffffffffffffffffffffffffffffffff
[11:49:28.500396] EP OUT 0x03 len=0 
[11:49:28.501923] CTRL IN  req=IN STANDARD request GET_DESCRIPTOR (0x06) to DEVICE [value=0x0302, index=0x0409, length=2] len=2 3003
[11:49:28.503187] EP OUT 0x03 len=0 
[11:49:28.539727] CTRL IN  req=IN VENDOR request 0x02 to DEVICE [value=0x0000, index=0x0000, length=16] len=16 0201040000000c0002033d1769aba93c
[11:49:28.541189] EP OUT 0x03 len=0 
[11:49:28.542733] CTRL IN  req=IN STANDARD request GET_DESCRIPTOR (0x06) to DEVICE [value=0x0302, index=0x0409, length=48] len=48 3003530077006900740063006800200032002000500072006f00200043006f006e00740072006f006c006c0065007200
[11:49:28.544011] EP OUT 0x03 len=0 
[11:49:28.546324] EP OUT 0x03 len=0 
[11:49:28.547822] CTRL IN  req=IN STANDARD request GET_DESCRIPTOR (0x06) to DEVICE [value=0x0301, index=0x0409, length=2] len=2 1203
[11:49:28.549413] EP OUT 0x03 len=0 
[11:49:28.550936] CTRL IN  req=IN STANDARD request GET_DESCRIPTOR (0x06) to DEVICE [value=0x0301, index=0x0409, length=18] len=18 12034e0069006e00740065006e0064006f00
[11:49:28.552320] EP OUT 0x02 len=16 0391000d000800000100e139650548c8
[11:49:28.552636] EP OUT 0x03 len=0 
[11:49:28.555678] EP IN  0x81 len=64 09972000000084478367b88230000000000000000000000000000000000000000000000000000000000000000000000000000000000000000000000000000000
[11:49:28.556185] EP IN  0x82 len=12 0301000d00f8000001000000
[11:49:28.557328] CTRL IN  req=IN CLASS request 0x83 to INTERFACE [value=0x0200, index=0x0202, length=2] len=2 0f27
[11:49:28.559064] EP OUT 0x01 len=64 09972000000084478367b88230000000000000000000000000000000000000000000000000000000000000000000000000000000000000000000000000000000
[11:49:28.560723] EP OUT 0x03 len=0 
[11:49:28.563586] EP IN  0x81 len=64 09982000000083478367c88230000000000000000000000000000000000000000000000000000000000000000000000000000000000000000000000000000000
[11:49:29.690170] CTRL IN  req=IN CLASS request 0x82 to INTERFACE [value=0x0200, index=0x0202, length=2] len=2 f0d8
[11:49:29.692536] EP OUT 0x01 len=0 
[11:49:29.692907] EP OUT 0x02 len=8 0791000100000000
[11:49:29.693308] EP OUT 0x03 len=0 
[11:49:29.699703] EP IN  0x81 len=64 09ad2000000084478367b88230000000000000000000000000000000000000000000000000000000000000000000000000000000000000000000000000000000
[11:49:29.700594] EP IN  0x82 len=9 0701000100f8000000
[11:49:29.702193] CTRL IN  req=IN CLASS request 0x81 to INTERFACE [value=0x0200, index=0x0202, length=2] len=2 0000
[11:49:29.704130] EP OUT 0x01 len=0 
[11:49:29.704490] EP OUT 0x02 len=8 1691000100000000
[11:49:29.704956] EP OUT 0x03 len=0 
[11:49:29.711691] EP IN  0x81 len=64 09b02000000084478367b88230000000000000000000000000000000000000000000000000000000000000000000000000000000000000000000000000000000
[11:49:29.712667] EP IN  0x82 len=32 1601000100f80000a5f400000000000093560000885600000000000000000000
[11:49:29.714678] CTRL IN  req=IN STANDARD request GET_DESCRIPTOR (0x06) to DEVICE [value=0x0300, index=0x0000, length=4096] len=8 0803090402040108
[11:49:29.717399] EP OUT 0x01 len=0 
[11:49:29.717753] EP OUT 0x02 len=12 0b9100070004000000000000
[11:49:29.718246] EP OUT 0x03 len=0 
[11:49:29.723744] EP IN  0x81 len=64 09b32000000084478367b88230000000000000000000000000000000000000000000000000000000000000000000000000000000000000000000000000000000
[11:49:29.724632] EP IN  0x82 len=8 0b01000700f80000
[11:49:29.726389] CTRL IN  req=IN STANDARD request GET_DESCRIPTOR (0x06) to DEVICE [value=0x0302, index=0x0409, length=2] len=2 3003
[11:49:29.728861] EP OUT 0x02 len=22 15910001000e00000002e139650548c8e039650548c8
[11:49:29.729856] EP OUT 0x03 len=0 
[11:49:29.735766] EP IN  0x81 len=64 09b62000000083478367b88230000000000000000000000000000000000000000000000000000000000000000000000000000000000000000000000000000000
[11:49:29.736712] EP IN  0x82 len=17 1501000100f800000104013d1769aba93c
[11:49:29.738484] CTRL IN  req=IN STANDARD request GET_DESCRIPTOR (0x06) to DEVICE [value=0x0302, index=0x0409, length=48] len=48 3003530077006900740063006800200032002000500072006f00200043006f006e00740072006f006c006c0065007200
[11:49:29.740502] EP OUT 0x03 len=0 
[11:49:29.743656] EP IN  0x81 len=64 09b92000000084478367b88230000000000000000000000000000000000000000000000000000000000000000000000000000000000000000000000000000000
[11:49:30.756048] CTRL IN  req=IN STANDARD request GET_DESCRIPTOR (0x06) to DEVICE [value=0x0301, index=0x0409, length=2] len=2 1203
[11:49:30.758821] EP OUT 0x02 len=25 1591000200110000009bbe406c24da78e6426e05cceee6350b
[11:49:30.759349] EP OUT 0x03 len=0 
[11:49:30.763796] EP IN  0x81 len=64 09b02000000084478367b88230000000000000000000000000000000000000000000000000000000000000000000000000000000000000000000000000000000
[11:49:30.764756] EP IN  0x82 len=25 1501000200f8000001dc4c631e8b7b53f0224b2a96dc5e5c89
[11:49:30.766359] CTRL IN  req=IN STANDARD request GET_DESCRIPTOR (0x06) to DEVICE [value=0x0301, index=0x0409, length=18] len=18 12034e0069006e00740065006e0064006f00
[11:49:30.768720] EP OUT 0x03 len=0 
[11:49:31.901792] CTRL IN  req=IN CLASS request 0x83 to INTERFACE [value=0x0200, index=0x0502, length=2] len=2 0000
[11:49:31.903984] EP OUT 0x02 len=9 159100030001000000
[11:49:31.905117] EP OUT 0x03 len=0 
[11:49:31.911920] EP IN  0x82 len=9 1501000300f8000001
[11:49:31.913692] CTRL IN  req=IN CLASS request 0x82 to INTERFACE [value=0x0200, index=0x0502, length=2] len=2 40f0
[11:49:31.915460] EP OUT 0x03 len=0 
[11:49:31.919715] EP IN  0x81 len=64 09cd2000000084478367c88230000000000000000000000000000000000000000000000000000000000000000000000000000000000000000000000000000000
[11:49:33.048017] CTRL IN  req=IN CLASS request 0x81 to INTERFACE [value=0x0200, index=0x0502, length=2] len=2 0000
[11:49:33.050372] EP OUT 0x02 len=12 099100070004000000000000
[11:49:33.050892] EP OUT 0x03 len=0 
[11:49:33.055941] EP IN  0x81 len=64 09e22000000084578367c88230000000000000000000000000000000000000000000000000000000000000000000000000000000000000000000000000000000
[11:49:33.056993] EP IN  0x82 len=8 0901000700f80000
[11:49:33.058781] EP OUT 0x02 len=12 0c9100020004000027000000
[11:49:33.059166] EP OUT 0x03 len=0 
[11:49:33.063701] EP IN  0x81 len=64 09e52000000083578367b88230000000000000000000000000000000000000000000000000000000000000000000000000000000000000000000000000000000
[11:49:33.064742] EP IN  0x82 len=12 0c01000200f8000000000000
[11:49:33.067271] EP OUT 0x03 len=0 
[11:49:33.071684] EP IN  0x81 len=64 09e72000000084478367c88230000000000000000000000000000000000000000000000000000000000000000000000000000000000000000000000000000000
[11:49:34.194170] EP OUT 0x02 len=16 0291000400080000407e000080300100
[11:49:34.195210] EP OUT 0x03 len=0 
[11:49:34.199812] EP IN  0x81 len=64 09fc2000000084478367b88230000000000000000000000000000000000000000000000000000000000000000000000000000000000000000000000000000000
[11:49:34.200738] EP IN  0x82 len=64 0201000400f80000400000008030010001add99a555665a0000aa0000ae2200ee2200e9aadd99aadd90aa5500aa5502ff6622ff6620affff82f7815636613886
[11:49:34.202344] EP OUT 0x03 len=0 
[11:49:34.204333] EP IN  0x82 len=16 5fffffffffffffffffffffffffffffff
[11:49:34.206339] EP OUT 0x03 len=0 
[11:49:34.211697] EP IN  0x81 len=64 09fd2000000084478367b88230000000000000000000000000000000000000000000000000000000000000000000000000000000000000000000000000000000
[11:49:35.258264] EP OUT 0x02 len=16 0291000400080000407e0000c0300100
[11:49:35.258955] EP OUT 0x03 len=0 
[11:49:35.263879] EP IN  0x81 len=64 09ff2002000084478366b88230000000000000000000000000000000000000000000000000000000000000000000000000000000000000000000000000000000
[11:49:35.265044] EP IN  0x82 len=64 0201000400f8000040000000c030010001add99a555665a0000aa0000ae2200ee2200e9aadd99aadd90aa5500aa5502ff6622ff6620affff337882c4555f0e46
[11:49:35.266820] EP OUT 0x03 len=0 
[11:49:35.268424] EP IN  0x82 len=16 62ffffffffffffffffffffffffffffff
[11:49:35.269992] EP OUT 0x02 len=12 0391000c0004000001000000
[11:49:35.270347] EP OUT 0x03 len=0 
[11:49:35.275740] EP IN  0x81 len=64 09012002000083478367b88230000000000000000000000000000000000000000000000000000000000000000000000000000000000000000000000000000000
[11:49:35.276725] EP IN  0x82 len=8 0301000c00f80000
[11:49:35.279066] EP OUT 0x02 len=12 0a9100020004000003000000
[11:49:35.279546] EP OUT 0x03 len=0 
[11:49:35.283702] EP IN  0x81 len=64 09042002000083478367b88230000000000000000000000000000000000000000000000000000000000000000000000000000000000000000000000000000000
[11:49:35.284663] EP IN  0x82 len=8 0a01000200f80000
[11:49:35.287010] EP OUT 0x02 len=12 099100070004000001000000
[11:49:35.287490] EP OUT 0x03 len=0 
[11:49:35.291689] EP IN  0x81 len=64 09062002000084378367b88230000000000000000000000000000000000000000000000000000000000000000000000000000000000000000000000000000000
[11:49:35.292615] EP IN  0x82 len=8 0901000700f80000
[11:49:35.294754] EP OUT 0x02 len=16 0291000400080000407e000040c01f00
[11:49:35.295230] EP OUT 0x03 len=0 
[11:49:35.299641] EP IN  0x81 len=64 09082002000085478366b88230000000000000000000000000000000000000000000000000000000000000000000000000000000000000000000000000000000
[11:49:35.300457] EP IN  0x82 len=64 0201000400f800004000000040c01f00ffffffffffffffffffffffffffffffffffffffffffffffffffffffffffffffffffffffffffffffffffffffffffffffff
[11:49:35.302164] EP OUT 0x03 len=0 
[11:49:35.303876] EP IN  0x82 len=16 ffffffffffffffffffffffffffffffff
[11:49:35.305476] EP OUT 0x03 len=0 
[11:49:36.420672] EP OUT 0x02 len=16 0291000400080000107e000040300100
[11:49:36.421421] EP OUT 0x03 len=0 
[11:49:36.427878] EP IN  0x81 len=64 091d2000000070378366b88230000000000000000000000000000000000000000000000000000000000000000000000000000000000000000000000000000000
[11:49:36.428946] EP IN  0x82 len=32 0201000400f800001000000040300100e8c1ca41bffed93a8a6714bb5c1432bb
[11:49:36.430760] EP OUT 0x03 len=0 
[11:49:36.435674] EP IN  0x81 len=64 091e2000000070378367b88230000000000000000000000000000000000000000000000000000000000000000000000000000000000000000000000000000000
[11:49:37.552159] EP OUT 0x02 len=16 0291000400080000187e000000310100
[11:49:37.552702] EP OUT 0x03 len=0 
[11:49:37.560061] EP IN  0x82 len=40 0201000400f8000018000000003101000000000000000000000000004d414e3dc63ae43d31611d41
[11:49:37.561718] EP OUT 0x03 len=0 
[11:49:38.678940] EP OUT 0x02 len=8 1191000300000000
[11:49:38.679694] EP OUT 0x03 len=0 
[11:49:38.683721] EP IN  0x81 len=64 09432000000080378367b88230000000000000000000000000000000000000000000000000000000000000000000000000000000000000000000000000000000
[11:49:38.684476] EP IN  0x82 len=37 1101000300f8000001c0030000e7d01c3b7922a03a0ae89c4258a00b420ae89c4158a00b41
[11:49:38.686076] EP OUT 0x03 len=0 
[11:49:39.799395] EP OUT 0x02 len=16 0291000400080000207e000060300100
[11:49:39.800162] EP OUT 0x03 len=0 
[11:49:39.808350] EP IN  0x82 len=48 0201000400f800002000000060300100ffffffffffffffffffffffffffffffffffffffffffffffffffffffffffffffff
[11:49:39.810465] EP OUT 0x03 len=0 
[11:49:39.815804] EP IN  0x81 len=64 09592000000080378367b88230000000000000000000000000000000000000000000000000000000000000000000000000000000000000000000000000000000
[11:49:40.944020] EP OUT 0x02 len=28 0a9100080014000001ffffffffffffffff3500460000000000000000
[11:49:40.944936] EP OUT 0x03 len=0 
[11:49:40.951748] EP IN  0x81 len=64 096e200000007f378367b88230000000000000000000000000000000000000000000000000000000000000000000000000000000000000000000000000000000
[11:49:40.952499] EP IN  0x82 len=8 0a01000800f80000
[11:49:40.954265] EP OUT 0x03 len=0 
[11:49:40.959861] EP IN  0x81 len=64 0971200000007f378367b88230000000000000000000000000000000000000000000000000000000000000000000000000000000000000000000000000000000
[11:49:42.054565] EP OUT 0x02 len=8 1191000100000000
[11:49:42.055015] EP OUT 0x03 len=0 
[11:49:42.059698] EP IN  0x81 len=64 097c2000000080378367b88230000000000000000000000000000000000000000000000000000000000000000000000000000000000000000000000000000000
[11:49:42.060426] EP IN  0x82 len=12 1101000100f8000003000000
[11:49:42.062121] EP OUT 0x03 len=0 
[11:49:42.067723] EP IN  0x81 len=64 0980200000007f378367c88230000000000000000000000000000000000000000000000000000000000000000000000000000000000000000000000000000000
[11:49:43.112194] EP OUT 0x02 len=12 0c9100040004000027000000
[11:49:43.112639] EP OUT 0x03 len=0 
[11:49:43.115822] EP IN  0x81 len=64 09812000000080478367b88238000028ffb1000de36521a95439018f4d1dd1f73f62bd20f1c3e8ff0bf4ffd3fe7f1e7d7f26d67f173f06010000000000000000
[11:49:43.116750] EP IN  0x82 len=12 0c01000400f8000000000000
[11:49:43.118427] EP OUT 0x03 len=0 
[11:49:44.218964] EP OUT 0x02 len=12 0391000a0004000009000000
[11:49:44.219668] EP OUT 0x03 len=0 
[11:49:44.223862] EP IN  0x81 len=64 0990200000007f378367b8823800001e2646000c00a0c3470261144d00f3ee52f41e2ffe5418fffd30a9fa0f1c01000000000000000000000000000000000000
[11:49:44.224914] EP IN  0x82 len=8 0301000a00f80000
[11:49:44.226961] EP OUT 0x03 len=0 
[11:49:45.323564] EP OUT 0x01 len=128 02508101101e0000000000000000000000508101101e00000000000000000000000000000000000000000000000000000000000000000000000000000000000002518101101e0000000000000000000000518101101e000000000000000000000000000000000000000000000000000000000000000000000000000000000000
[11:49:45.333607] EP OUT 0x02 len=8 1091000100000000
[11:49:45.334366] EP OUT 0x03 len=0 
[11:49:45.339916] EP IN  0x81 len=64 099f200b0000e8e3d44a38843000001e4d4a000c00a0049c0244603200820e5602f490feb82d770120764e102301000000000000000000000000000000000000
[11:49:45.378500] EP IN  0x82 len=20 1001000100f80000020104020c00000000020300
[11:49:45.381831] EP OUT 0x01 len=0 
[11:49:45.382261] EP OUT 0x03 len=0 
[11:49:45.387769] EP IN  0x81 len=64 09ac200a00003322c04b38843800001e7d4a000c00e87a9e0219463200865156aa71fefe94e0e101e07422101f01000000000000000000000000000000000000
[11:49:46.513019] CTRL IN  req=IN STANDARD request GET_DESCRIPTOR (0x06) to DEVICE [value=0x0100, index=0x0000, length=8] len=8 12010002ef020140
[11:49:46.515578] EP OUT 0x01 len=0 
[11:49:46.515983] EP OUT 0x02 len=8 0191000c00000000
[11:49:46.516451] EP OUT 0x03 len=0 
