[11:09:21.702577] CTRL IN  req=IN STANDARD request GET_DESCRIPTOR (0x06) to DEVICE [value=0x0100, index=0x0000, length=8] len=8 12010002ef020140
[11:09:21.704472] CTRL IN  req=IN STANDARD request GET_DESCRIPTOR (0x06) to DEVICE [value=0x0100, index=0x0000, length=18] len=18 12010002ef0201407e056920010201020301
[11:09:21.706969] CTRL IN  req=IN STANDARD request GET_DESCRIPTOR (0x06) to DEVICE [value=0x0200, index=0x0000, length=9] len=9 09020c01050104c0fa
[11:09:21.709161] CTRL IN  req=IN STANDARD request GET_DESCRIPTOR (0x06) to DEVICE [value=0x0200, index=0x0000, length=268] len=268 09020c01050104c0fa080b0001030000000904000002030000050921110100012261000705810340000407050103400004080b0101ff0000000904010002ff0000060705020240000007058202400000080b0203010100000904020000010100000a2401000147000203040c24020101010002030000000a2406020101030000000924030302030002000c2402040102000100000000092406050401030000092403060101000500090403000001020000090403010101020000072401010001000b2402010202100180bb000705030dc0000107250100000000090404000001020000090404010101020000072401060001000b2402010202100180bb000705830dc0000107250100000000
[11:09:21.713349] EP OUT 0x03 len=0 
[11:09:21.716224] CTRL IN  req=IN STANDARD request GET_DESCRIPTOR (0x06) to DEVICE [value=0x0300, index=0x0000, length=4096] len=8 0803090402040108
[11:09:21.717636] EP OUT 0x03 len=0 
[11:09:21.719404] CTRL IN  req=IN VENDOR request 0x03 to DEVICE [value=0x0000, index=0x0000, length=64] len=64 0100484557373030303631363937383000007e056920010601232323a0a0a0e6e6e6323232ffffffffffffffffffffffffffffffffffffffffffffffffffffff
[11:09:21.720723] EP OUT 0x03 len=0 
[11:09:21.722299] CTRL IN  req=IN STANDARD request GET_DESCRIPTOR (0x06) to DEVICE [value=0x0302, index=0x0409, length=2] len=2 3003
[11:09:21.723760] EP OUT 0x03 len=0 
[11:09:21.760245] CTRL IN  req=IN VENDOR request 0x02 to DEVICE [value=0x0000, index=0x0000, length=16] len=16 0201040000000c0002033d1769aba93c
[11:09:21.761628] EP OUT 0x03 len=0 
[11:09:21.763128] CTRL IN  req=IN STANDARD request GET_DESCRIPTOR (0x06) to DEVICE [value=0x0302, index=0x0409, length=48] len=48 3003530077006900740063006800200032002000500072006f00200043006f006e00740072006f006c006c0065007200
[11:09:21.764398] EP OUT 0x03 len=0 
[11:09:21.766641] EP OUT 0x03 len=0 
[11:09:21.768058] CTRL IN  req=IN STANDARD request GET_DESCRIPTOR (0x06) to DEVICE [value=0x0301, index=0x0409, length=2] len=2 1203
[11:09:21.769366] EP OUT 0x03 len=0 
[11:09:21.770921] CTRL IN  req=IN STANDARD request GET_DESCRIPTOR (0x06) to DEVICE [value=0x0301, index=0x0409, length=18] len=18 12034e0069006e00740065006e0064006f00
[11:09:21.772284] EP OUT 0x03 len=0 
[11:09:21.778841] CTRL IN  req=IN CLASS request 0x83 to INTERFACE [value=0x0200, index=0x0202, length=2] len=2 0f27
[11:09:21.780397] EP OUT 0x01 len=64 00000000000000000000000000000000000000000000000000000000000000000000000000000000000000000000000000000000000000000000000000000000
[11:09:21.785415] EP OUT 0x02 len=16 0391000d000800000100e139650548c8
[11:09:21.785667] EP OUT 0x03 len=0 
[11:09:21.788191] EP IN  0x81 len=64 09002300000086f78458488330000000000000000000000000000000000000000000000000000000000000000000000000000000000000000000000000000000
[11:09:21.788678] EP IN  0x82 len=12 0301000d00f8000001000000
[11:09:21.789786] CTRL IN  req=IN CLASS request 0x82 to INTERFACE [value=0x0200, index=0x0202, length=2] len=2 f0d8
[11:09:21.791364] EP OUT 0x01 len=0 
[11:09:21.791565] EP OUT 0x03 len=0 
[11:09:22.910732] CTRL IN  req=IN CLASS request 0x81 to INTERFACE [value=0x0200, index=0x0202, length=2] len=2 0000
[11:09:22.913240] EP OUT 0x01 len=0 
[11:09:22.913730] EP OUT 0x02 len=8 0791000100000000
[11:09:22.914153] EP OUT 0x03 len=0 
[11:09:22.920395] EP IN  0x81 len=64 09142300000086e78457588330000000000000000000000000000000000000000000000000000000000000000000000000000000000000000000000000000000
[11:09:22.921384] EP IN  0x82 len=9 0701000100f8000000
[11:09:22.923351] CTRL IN  req=IN STANDARD request GET_DESCRIPTOR (0x06) to DEVICE [value=0x0300, index=0x0000, length=4096] len=8 0803090402040108
[11:09:22.926626] EP OUT 0x01 len=0 
[11:09:22.927000] EP OUT 0x02 len=8 1691000100000000
[11:09:22.927491] EP OUT 0x03 len=0 
[11:09:22.932371] EP IN  0x81 len=64 09162300000086f78457488330000000000000000000000000000000000000000000000000000000000000000000000000000000000000000000000000000000
[11:09:22.933378] EP IN  0x82 len=32 1601000100f80000000000008073000000000000f07100000000000000000000
[11:09:22.935092] CTRL IN  req=IN STANDARD request GET_DESCRIPTOR (0x06) to DEVICE [value=0x0302, index=0x0409, length=2] len=2 3003
[11:09:22.937526] EP OUT 0x02 len=12 0b9100070004000000000000
[11:09:22.938020] EP OUT 0x03 len=0 
[11:09:22.944274] EP IN  0x81 len=64 09192300000087e78457588330000000000000000000000000000000000000000000000000000000000000000000000000000000000000000000000000000000
[11:09:22.945047] EP IN  0x82 len=8 0b01000700f80000
[11:09:22.946941] CTRL IN  req=IN STANDARD request GET_DESCRIPTOR (0x06) to DEVICE [value=0x0302, index=0x0409, length=48] len=48 3003530077006900740063006800200032002000500072006f00200043006f006e00740072006f006c006c0065007200
[11:09:22.949319] EP OUT 0x02 len=22 15910001000e00000002e139650548c8e039650548c8
[11:09:22.950169] EP OUT 0x03 len=0 
[11:09:22.956359] EP IN  0x81 len=64 091c2300000087f78457488330000000000000000000000000000000000000000000000000000000000000000000000000000000000000000000000000000000
[11:09:22.957375] EP IN  0x82 len=17 1501000100f800000104013d1769aba93c
[11:09:22.958911] CTRL IN  req=IN STANDARD request GET_DESCRIPTOR (0x06) to DEVICE [value=0x0301, index=0x0409, length=2] len=2 1203
[11:09:22.960586] EP OUT 0x03 len=0 
[11:09:22.964268] EP IN  0x81 len=64 091f2300000086e78458488330000000000000000000000000000000000000000000000000000000000000000000000000000000000000000000000000000000
[11:09:24.081750] CTRL IN  req=IN STANDARD request GET_DESCRIPTOR (0x06) to DEVICE [value=0x0301, index=0x0409, length=18] len=18 12034e0069006e00740065006e0064006f00
[11:09:24.084150] EP OUT 0x02 len=25 1591000400110000000d2b3dc0f0f6ecba3c6f73ecb79239db
[11:09:24.084753] EP OUT 0x03 len=0 
[11:09:24.088552] EP IN  0x81 len=64 092f2300000087f78457488330000000000000000000000000000000000000000000000000000000000000000000000000000000000000000000000000000000
[11:09:24.089991] EP IN  0x82 len=25 1501000400f80000015cf6ee792cdf05e1ba2b6325c41a5f10
[11:09:24.092111] CTRL IN  req=IN CLASS request 0x83 to INTERFACE [value=0x0200, index=0x0502, length=2] len=2 0000
[11:09:24.094551] EP OUT 0x03 len=0 
[11:09:24.100328] EP IN  0x81 len=64 09342300000087f78458488330000000000000000000000000000000000000000000000000000000000000000000000000000000000000000000000000000000
[11:09:25.123141] CTRL IN  req=IN CLASS request 0x82 to INTERFACE [value=0x0200, index=0x0502, length=2] len=2 40f0
[11:09:25.125706] EP OUT 0x02 len=25 159100020011000000687b106e4cadda7303196bef27e6956d
[11:09:25.126149] EP OUT 0x03 len=0 
[11:09:25.132536] EP IN  0x81 len=64 09312300000086078557488330000000000000000000000000000000000000000000000000000000000000000000000000000000000000000000000000000000
[11:09:25.133541] EP IN  0x82 len=25 1501000200f8000001fc9f34d48175401843724e41708d0f0a
[11:09:25.135255] CTRL IN  req=IN CLASS request 0x81 to INTERFACE [value=0x0200, index=0x0502, length=2] len=2 0000
[11:09:25.136954] EP OUT 0x03 len=0 
[11:09:26.269567] EP OUT 0x02 len=9 159100030001000000
[11:09:26.270420] EP OUT 0x03 len=0 
[11:09:26.276458] EP IN  0x81 len=64 09462300000086f78458488330000000000000000000000000000000000000000000000000000000000000000000000000000000000000000000000000000000
[11:09:26.305543] EP IN  0x82 len=9 1501000300f8000001
[11:09:26.308648] EP OUT 0x03 len=0 
[11:09:26.312383] EP IN  0x81 len=64 09502300000086f78458588330000000000000000000000000000000000000000000000000000000000000000000000000000000000000000000000000000000
[11:09:27.331591] EP OUT 0x02 len=12 099100070004000000000000
[11:09:27.332460] EP OUT 0x03 len=0 
[11:09:27.336378] EP IN  0x81 len=64 09492300000086f78457488330000000000000000000000000000000000000000000000000000000000000000000000000000000000000000000000000000000
[11:09:27.337263] EP IN  0x82 len=8 0901000700f80000
[11:09:27.339261] EP OUT 0x02 len=12 0c9100020004000027000000
[11:09:27.339840] EP OUT 0x03 len=0 
[11:09:27.344354] EP IN  0x81 len=64 094e2300000086078558488330000000000000000000000000000000000000000000000000000000000000000000000000000000000000000000000000000000
[11:09:27.521733] EP IN  0x82 len=12 0c01000200f8000000000000
[11:09:27.524277] EP OUT 0x03 len=0 
[11:09:27.528372] EP IN  0x81 len=64 09782300000086078557588330000000000000000000000000000000000000000000000000000000000000000000000000000000000000000000000000000000
[11:09:28.655226] EP OUT 0x02 len=16 0291000400080000407e000080300100
[11:09:28.656600] EP OUT 0x03 len=0 
[11:09:28.660361] EP IN  0x81 len=64 09902300000086e78457488330000000000000000000000000000000000000000000000000000000000000000000000000000000000000000000000000000000
[11:09:28.661255] EP IN  0x82 len=64 0201000400f80000400000008030010001add99a555665a0000aa0000ae2200ee2200e9aadd99aadd90aa5500aa5502ff6622ff6620affff82f7815636613886
[11:09:28.663204] EP OUT 0x03 len=0 
[11:09:28.665069] EP IN  0x82 len=16 5fffffffffffffffffffffffffffffff
[11:09:28.667215] EP OUT 0x03 len=0 
[11:09:28.672397] EP IN  0x81 len=64 09922300000087078557588330000000000000000000000000000000000000000000000000000000000000000000000000000000000000000000000000000000
[11:09:29.706736] EP OUT 0x02 len=16 0291000400080000407e0000c0300100
[11:09:29.707364] EP OUT 0x03 len=0 
[11:09:29.712545] EP IN  0x81 len=64 098f2300000086078558488330000000000000000000000000000000000000000000000000000000000000000000000000000000000000000000000000000000
[11:09:29.713953] EP IN  0x82 len=64 0201000400f8000040000000c030010001add99a555665a0000aa0000ae2200ee2200e9aadd99aadd90aa5500aa5502ff6622ff6620affff337882c4555f0e46
[11:09:29.715714] EP OUT 0x03 len=0 
[11:09:29.720366] EP IN  0x81 len=64 09932300000086f78458388330000000000000000000000000000000000000000000000000000000000000000000000000000000000000000000000000000000
